
 num     #instances         #bytes  class name
----------------------------------------------
   1:       4198050      634663976  [C
   2:         28161       80473320  [B
   3:        792481       76078176  java.lang.management.ThreadInfo
   4:         96905       47245360  [I
   5:       1086766       26082384  java.lang.String
   6:        773649       18567576  java.lang.StringBuilder
   7:        764676       18352224  java.lang.management.LockInfo
   8:        266703       12689744  [Ljava.lang.Object;
   9:          7129        7735120  [J
  10:        126282        7071792  java.util.stream.ReferencePipeline$Head
  11:         74868        4804256  [Ljava.util.HashMap$Node;
  12:        132318        4234176  java.util.HashMap$Node
  13:         98353        3934120  io.prometheus.client.Collector$MetricFamilySamples$Sample
  14:        146270        3510480  java.util.ArrayList
  15:        105912        3389184  java.util.concurrent.ConcurrentHashMap$Node
  16:         36501        3212088  java.lang.reflect.Method
  17:          2294        3210912  [Ljava.lang.Thread;
  18:          2293        3210200  [Ljava.lang.management.ThreadInfo;
  19:         52152        2503296  java.util.HashMap
  20:         61121        2444840  java.util.LinkedHashMap$Entry
  21:         90246        2165904  io.micrometer.prometheus.MicrometerCollector$Family
  22:         82214        1973136  java.util.stream.Streams$StreamBuilderImpl
  23:         61470        1967040  com.netflix.hystrix.HystrixCommandMetrics$HealthCounts
  24:         10604        1866304  rx.internal.util.unsafe.SpscUnboundedArrayQueue
  25:         16230        1779856  java.lang.Class
  26:         73770        1770480  rx.internal.util.atomic.LinkedQueueNode
  27:          7015        1601136  [Z
  28:         24471        1566144  java.util.stream.ReferencePipeline$3
  29:         26259        1470504  java.util.LinkedHashMap
  30:          3248        1351168  rx.internal.util.unsafe.SpscLinkedQueue
  31:         82214        1315424  io.micrometer.prometheus.MicrometerCollector$$Lambda$592/1006624255
  32:         26401        1267248  org.aspectj.weaver.reflect.ShadowMatchImpl
  33:         38080        1218560  java.util.LinkedList
  34:         45164        1083936  java.util.LinkedList$Node
  35:         30996         991872  java.util.ArrayList$Itr
  36:          1257         979456  [Ljava.util.concurrent.ConcurrentHashMap$Node;
  37:         23369         934760  java.util.HashMap$ValueSpliterator
  38:         45226         932008  [Ljava.lang.Class;
  39:         14046         898944  java.util.regex.Matcher
  40:         14953         898192  [Lrx.internal.operators.OperatorMerge$InnerSubscriber;
  41:         12247         881784  java.util.regex.Pattern
  42:         26401         844832  org.aspectj.weaver.patterns.ExposedState
  43:         24874         795968  io.prometheus.client.Collector$MetricFamilySamples
  44:         24546         785472  java.util.stream.Collectors$CollectorImpl
  45:         24382         780224  java.util.stream.ReduceOps$3
  46:         24382         780224  java.util.stream.ReduceOps$3ReducingSink
  47:         15443         741264  java.nio.HeapByteBuffer
  48:         45133         722128  java.lang.Object
  49:         16114         699816  [Ljava.lang.String;
  50:         28570         685680  rx.internal.util.SubscriptionList
  51:         12147         680232  [Ljava.util.regex.Pattern$GroupHead;
  52:         10617         594552  rx.internal.operators.OperatorMerge$InnerSubscriber
  53:         24471         587304  java.util.stream.ReferencePipeline$3$1
  54:         10604         508992  rx.subjects.UnicastSubject$State
  55:         10188         489024  org.apache.tomcat.util.buf.ByteChunk
  56:          9968         478464  java.nio.HeapCharBuffer
  57:          6453         464616  java.lang.reflect.Field
  58:          9384         450432  org.apache.tomcat.util.buf.CharChunk
  59:          9184         440832  org.apache.tomcat.util.buf.MessageBytes
  60:         13669         437408  java.util.Collections$UnmodifiableMap
  61:         13622         435904  java.util.concurrent.locks.AbstractQueuedSynchronizer$Node
  62:         27033         432528  java.util.Collections$UnmodifiableMap$UnmodifiableEntrySet$UnmodifiableEntry
  63:          5825         419400  java.util.concurrent.ScheduledThreadPoolExecutor$ScheduledFutureTask
  64:          7372         412832  rx.internal.operators.OnSubscribeReduceSeed$ReduceSeedSubscriber
  65:          6295         402880  org.springframework.util.LinkedCaseInsensitiveMap$1
  66:          5994         383616  java.util.concurrent.ConcurrentHashMap
  67:         11893         380576  java.lang.StackTraceElement
  68:          4745         379600  java.lang.reflect.Constructor
  69:         23653         378448  java.util.HashMap$Values
  70:         23343         373488  io.micrometer.prometheus.MicrometerCollector$$Lambda$594/1367068823
  71:         10600         339200  java.util.regex.Pattern$Curly
  72:         10396         332672  java.util.Spliterators$ArraySpliterator
  73:          6912         331776  java.lang.management.MemoryUsage
  74:          8057         322280  java.util.stream.SpinedBuffer
  75:          8031         321240  java.util.stream.SpinedBuffer$1Splitr
  76:         12820         307680  java.util.regex.Pattern$Slice
  77:          6135         294480  org.springframework.core.ResolvableType
  78:          7178         287120  java.util.HashMap$EntryIterator
  79:         17755         284080  java.util.Optional
  80:            67         275504  [Ljava.nio.ByteBuffer;
  81:         16760         268160  java.util.concurrent.atomic.AtomicReference
  82:          8150         260800  java.util.LinkedHashMap$LinkedEntryIterator
  83:          6438         257520  java.util.HashMap$KeyIterator
  84:         16062         256992  io.micrometer.prometheus.MicrometerCollector$Family$$Lambda$720/2103252547
  85:         10571         253704  rx.subjects.UnicastSubject
  86:          6295         251800  org.springframework.util.LinkedCaseInsensitiveMap
  87:          2843         211280  [S
  88:          8736         209664  java.util.Collections$UnmodifiableMap$UnmodifiableEntrySet$1
  89:          3567         199752  java.lang.Class$ReflectionData
  90:          6236         199552  java.util.AbstractList$Itr
  91:          4942         197680  java.lang.ref.SoftReference
  92:          8031         192744  [Lio.micrometer.prometheus.MicrometerCollector$Family;
  93:          3011         192704  java.util.stream.ReferencePipeline$2
  94:          4111         192456  [Ljava.lang.reflect.Method;
  95:          5763         184416  org.springframework.cloud.sleuth.instrument.rxjava.SleuthRxJavaSchedulersHook$TraceAction
  96:          5750         184000  java.util.regex.Pattern$BnM
  97:          5551         177632  org.springframework.util.LinkedCaseInsensitiveMap$EntrySetIterator
  98:         11068         177088  rx.Observable
  99:          5451         174432  java.lang.ThreadLocal$ThreadLocalMap$Entry
 100:          7265         174360  rx.internal.operators.OnSubscribeReduceSeed
 101:          5304         169728  org.apache.tomcat.util.http.ValuesEnumerator
 102:          3534         169632  com.google.gson.internal.LinkedTreeMap$Node
 103:          5236         167552  org.springframework.http.MediaType
 104:          6598         158352  java.util.regex.Pattern$1
 105:          4920         157440  java.util.concurrent.locks.ReentrantLock$NonfairSync
 106:          6497         155928  rx.internal.operators.OnSubscribeLift
 107:          3248         155904  rx.internal.operators.OperatorScan$3
 108:          3248         155904  rx.internal.operators.OperatorScan$InitialProducer
 109:          3248         155904  rx.internal.operators.OperatorSkip$1
 110:          6330         151920  java.util.regex.Pattern$Dollar
 111:          4593         146976  sun.misc.FloatingDecimal$ASCIIToBinaryBuffer
 112:          4589         146848  java.util.ArrayDeque$DeqIterator
 113:          2293         146752  java.util.stream.ReferencePipeline$5
 114:          8973         143568  java.util.concurrent.atomic.AtomicInteger
 115:          4439         142048  java.util.LinkedHashMap$LinkedKeyIterator
 116:          5830         139920  java.util.regex.Pattern$GroupHead
 117:          5830         139920  java.util.regex.Pattern$GroupTail
 118:          5814         139536  java.util.concurrent.Executors$RunnableAdapter
 119:          5813         139512  rx.internal.operators.OperatorWindowWithTime$State
 120:           758         139472  org.springframework.context.annotation.ConfigurationClassBeanDefinitionReader$ConfigurationClassBeanDefinition
 121:          5781         138744  rx.internal.schedulers.ScheduledAction
 122:          5776         138624  rx.internal.schedulers.ScheduledAction$Remover
 123:          5763         138312  rx.internal.schedulers.EventLoopsScheduler$EventLoopWorker$2
 124:          5758         138192  rx.internal.schedulers.ScheduledAction$FutureCompleter
 125:          2451         137256  java.lang.invoke.MemberName
 126:          2415         135240  java.nio.StringCharBuffer
 127:          3297         131880  com.fasterxml.jackson.databind.introspect.AnnotatedMethod
 128:          5429         130296  java.util.regex.Pattern$BitClass
 129:          1608         128640  java.net.URI
 130:          5388         127280  [Ljava.lang.reflect.Type;
 131:          1135         127120  java.net.SocksSocketImpl
 132:          7887         126192  java.util.Collections$UnmodifiableMap$UnmodifiableEntrySet
 133:          3917         125344  java.lang.ref.WeakReference
 134:          7650         122400  java.util.HashMap$EntrySet
 135:           606         121312  [Ljava.util.WeakHashMap$Entry;
 136:          7483         119728  java.util.HashSet
 137:          7372         117952  rx.internal.operators.DeferredScalarSubscriber$InnerProducer
 138:          3672         117504  com.fasterxml.jackson.databind.introspect.POJOPropertyBuilder$Linked
 139:          2897         115880  java.lang.ref.Finalizer
 140:           300         112800  java.lang.Thread
 141:          2013         112728  org.springframework.core.annotation.TypeMappedAnnotation
 142:           629         110704  org.springframework.beans.factory.support.RootBeanDefinition
 143:          4606         110544  java.util.concurrent.atomic.AtomicLong
 144:          3781         107000  [Ljava.util.regex.Pattern$Node;
 145:          2642         105680  java.util.TreeMap$Entry
 146:          4352         104448  java.lang.Long
 147:          4309         103416  org.springframework.util.MimeType$$Lambda$90/528852669
 148:          4301         103224  sun.reflect.annotation.AnnotationInvocationHandler
 149:           397         102808  [Ljava.lang.StackTraceElement;
 150:          2439          97560  java.util.WeakHashMap$Entry
 151:          5896          94336  java.util.regex.Pattern$Begin
 152:          5850          93600  java.util.regex.Pattern$Dot
 153:          2331          93240  java.lang.invoke.MethodType
 154:          3877          93048  sun.reflect.generics.tree.SimpleClassTypeSignature
 155:          3854          92496  java.util.regex.Pattern$Single
 156:          2875          92000  org.apache.tomcat.util.net.NioBlockingSelector$BlockPoller$RunnableRemove
 157:           612          88128  java.text.DecimalFormat
 158:           972          85536  com.fasterxml.jackson.databind.ser.BeanPropertyWriter
 159:          2526          80832  java.lang.invoke.MethodType$ConcurrentWeakInternSet$WeakEntry
 160:           669          80656  [Ljava.lang.ThreadLocal$ThreadLocalMap$Entry;
 161:          4987          79792  java.util.LinkedHashSet
 162:          3252          78048  rx.internal.operators.OperatorScan
 163:          2329          74528  java.util.regex.Pattern$Branch
 164:          2293          73376  java.util.stream.ReduceOps$8
 165:          2293          73376  java.util.stream.ReduceOps$8ReducingSink
 166:          3895          72856  [Lsun.reflect.generics.tree.TypeArgument;
 167:          3011          72264  java.util.stream.ReferencePipeline$2$1
 168:          3003          72072  java.util.concurrent.CopyOnWriteArrayList
 169:           884          70720  brave.propagation.TraceContext
 170:          1748          69920  org.springframework.core.annotation.TypeMappedAnnotations
 171:          2911          69864  java.util.Collections$UnmodifiableRandomAccessList
 172:          4360          69760  java.lang.Integer
 173:          1729          69160  org.springframework.web.context.request.ServletWebRequest
 174:          1719          68760  java.util.regex.Pattern$Loop
 175:           612          68544  java.util.GregorianCalendar
 176:          1070          68480  java.text.DateFormatSymbols
 177:          2952          67512  [Ljava.lang.reflect.Constructor;
 178:          1196          66976  sun.nio.cs.UTF_8$Encoder
 179:          2081          66592  java.net.InetAddress$InetAddressHolder
 180:             4          65728  [Lcom.alibaba.fastjson.util.IdentityHashMap$Entry;
 181:          2703          64872  java.util.regex.Pattern$5
 182:          2703          64872  java.util.regex.Pattern$Ctype
 183:          2692          64608  org.apache.tomcat.util.http.MimeHeaderField
 184:          3998          63968  java.util.LinkedHashMap$LinkedValues
 185:          1309          62832  java.util.TreeMap
 186:          3880          62080  java.util.LinkedHashMap$LinkedKeySet
 187:           388          62080  org.apache.tomcat.util.net.NioEndpoint$NioSocketWrapper
 188:          1095          61320  java.lang.Package
 189:          2523          60552  org.apache.http.util.CharArrayBuffer
 190:          3762          60192  java.util.concurrent.locks.ReentrantLock
 191:          1863          59616  java.lang.ref.ReferenceQueue
 192:          3723          59568  sun.reflect.generics.tree.ClassTypeSignature
 193:           613          58848  sun.util.calendar.Gregorian$Date
 194:          1837          58784  sun.misc.FDBigInteger
 195:          1173          56304  java.util.zip.Inflater
 196:          3443          55088  com.fasterxml.jackson.databind.introspect.AnnotationMap
 197:          2293          55032  java.util.stream.ReferencePipeline$5$1
 198:          2259          54216  java.util.regex.Pattern$TreeInfo
 199:          1679          53728  java.lang.invoke.DirectMethodHandle
 200:          2235          53640  com.fasterxml.jackson.databind.introspect.MemberKey
 201:           469          52528  org.springframework.boot.loader.jar.JarFile
 202:          3252          52032  rx.internal.operators.OperatorScan$1
 203:          3252          52032  rx.internal.operators.OperatorSkip
 204:          1078          51744  org.springframework.util.ConcurrentReferenceHashMap$SoftEntryReference
 205:          1286          51440  brave.baggage.CorrelationUpdateScope$Multiple
 206:           918          51408  com.fasterxml.jackson.databind.introspect.POJOPropertyBuilder
 207:          1574          50368  java.net.URI$Parser
 208:          1555          49760  java.util.LinkedList$ListItr
 209:          2068          49632  org.apache.http.message.BufferedHeader
 210:           618          49440  springfox.documentation.schema.PropertySpecification
 211:            22          49392  [D
 212:          2048          49152  java.lang.Class$AnnotationData
 213:          2018          48432  java.net.Inet4Address
 214:          1612          47992  [Ljava.lang.CharSequence;
 215:          1490          47680  com.fasterxml.jackson.databind.util.TypeKey
 216:          1982          47568  com.fasterxml.jackson.databind.introspect.AnnotatedMethodCollector$MethodBuilder
 217:          2909          46544  java.util.LinkedHashMap$LinkedEntrySet
 218:          2905          46480  java.util.concurrent.atomic.AtomicBoolean
 219:          1898          45552  com.fasterxml.jackson.databind.PropertyName
 220:           193          44776  sun.net.www.protocol.http.HttpURLConnection
 221:          1202          44752  [Ljava.lang.reflect.Field;
 222:          1377          44064  java.util.ArrayList$ArrayListSpliterator
 223:          1835          44040  org.springframework.util.LinkedCaseInsensitiveMap$EntrySet
 224:          2750          44000  java.util.concurrent.CopyOnWriteArraySet
 225:          1826          43824  java.util.regex.Pattern$Ques
 226:           388          43456  sun.nio.ch.SocketChannelImpl
 227:           675          43200  java.net.URL
 228:          1157          42568  [Lio.micrometer.core.instrument.Tag;
 229:          1749          41976  sun.reflect.NativeConstructorAccessorImpl
 230:          1782          41960  [Ljava.lang.annotation.Annotation;
 231:          1304          41728  org.apache.http.message.BasicListHeaderIterator
 232:          1291          41312  java.util.LinkedHashMap$LinkedValueIterator
 233:          1720          41280  java.util.regex.Pattern$Prolog
 234:          1290          41280  org.springframework.http.server.ServletServerHttpRequest
 235:          1715          41160  io.micrometer.core.instrument.ImmutableTag
 236:          1709          41016  java.lang.Double
 237:          1016          40640  org.springframework.boot.context.properties.source.ConfigurationPropertyName$Elements
 238:          1691          40584  org.springframework.beans.BeanMetadataAttribute
 239:           613          39232  java.text.DecimalFormatSymbols
 240:           611          39104  java.text.SimpleDateFormat
 241:           606          38784  rx.internal.operators.OperatorOnBackpressureBuffer$BufferSubscriber
 242:          1206          38592  java.util.Hashtable$Entry
 243:           453          38272  [Ljava.util.Hashtable$Entry;
 244:          1714          38160  [Lorg.springframework.core.ResolvableType;
 245:           592          37888  org.springframework.core.MethodParameter
 246:           944          37760  org.springframework.util.ConcurrentReferenceHashMap$Segment
 247:          2329          37264  java.util.regex.Pattern$BranchConn
 248:           768          36864  rx.internal.operators.OnSubscribeDoOnEach$DoOnEachSubscriber
 249:           657          36792  java.util.concurrent.ConcurrentHashMap$KeyIterator
 250:          2293          36688  io.micrometer.core.instrument.binder.jvm.JvmThreadMetrics$$Lambda$616/619929778
 251:           655          36680  sun.util.calendar.ZoneInfo
 252:           913          36520  java.math.BigInteger
 253:          1134          36288  java.net.Socket
 254:          1509          36216  java.util.concurrent.ConcurrentLinkedQueue$Node
 255:           892          35680  org.springframework.web.context.request.ServletRequestAttributes
 256:           446          35680  org.springframework.web.servlet.mvc.method.annotation.ServletInvocableHandlerMethod
 257:          1472          35328  io.micrometer.core.instrument.Tags$ArrayIterator
 258:           947          35320  [Lorg.springframework.util.ConcurrentReferenceHashMap$Reference;
 259:           441          35280  org.springframework.web.method.HandlerMethod$ReturnValueMethodParameter
 260:           441          35280  org.springframework.web.servlet.mvc.method.annotation.ExtendedServletRequestDataBinder
 261:           200          35200  org.apache.coyote.Request
 262:          1304          34472  [Lorg.apache.http.Header;
 263:           200          33600  org.apache.catalina.connector.Request
 264:          1043          33376  com.fasterxml.jackson.core.io.SerializedString
 265:           828          33120  io.micrometer.core.instrument.Meter$Id
 266:          1029          32928  com.fasterxml.jackson.databind.introspect.AnnotatedField
 267:          2044          32704  org.springframework.util.MultiValueMapAdapter
 268:          1358          32592  javax.management.ObjectName$Property
 269:          1016          32512  org.springframework.boot.context.properties.source.ConfigurationPropertyName
 270:          2022          32352  org.apache.commons.logging.LogAdapter$Log4jLog
 271:          1346          32304  java.util.Arrays$ArrayList
 272:           998          31936  java.util.Vector
 273:          1281          30744  sun.reflect.generics.factory.CoreReflectionFactory
 274:           106          30528  [Lorg.springframework.http.HttpStatus;
 275:          1272          30528  java.util.Comparator$$Lambda$381/2001115307
 276:           950          30400  org.springframework.core.SerializableTypeWrapper$MethodParameterTypeProvider
 277:           939          30048  sun.security.util.DerInputBuffer
 278:           939          30048  sun.security.util.DerValue
 279:          1867          29872  org.springframework.beans.factory.support.MethodOverrides
 280:          1866          29856  java.lang.ref.ReferenceQueue$Lock
 281:          1126          29792  [Lorg.springframework.core.annotation.AnnotationTypeMappings;
 282:          1855          29680  sun.reflect.DelegatingConstructorAccessorImpl
 283:          1843          29488  org.springframework.core.ResolvableType$DefaultVariableResolver
 284:           918          29376  [Lcom.fasterxml.jackson.annotation.JsonInclude$Value;
 285:           918          29376  [Lcom.fasterxml.jackson.databind.introspect.POJOPropertyBuilder$Linked;
 286:           601          28848  java.util.WeakHashMap
 287:           446          28544  org.springframework.validation.BeanPropertyBindingResult
 288:           446          28544  org.springframework.web.context.request.async.StandardServletAsyncWebRequest
 289:           446          28544  org.springframework.web.servlet.FlashMap
 290:           887          28384  sun.reflect.generics.repository.ClassRepository
 291:           441          28224  org.springframework.web.context.support.ServletRequestHandledEvent
 292:           705          28200  java.lang.reflect.Parameter
 293:          1173          28152  java.util.zip.ZStreamRef
 294:          1170          28080  java.lang.StringBuffer
 295:          1169          28056  org.springframework.context.event.AbstractApplicationEventMulticaster$ListenerCacheKey
 296:           389          28008  sun.reflect.DelegatingClassLoader
 297:          1157          27768  java.util.Collections$SingletonList
 298:            51          27744  rx.internal.util.unsafe.SpscArrayQueue
 299:           385          27720  com.fasterxml.jackson.databind.ser.DefaultSerializerProvider$Impl
 300:           246          27552  org.springframework.beans.factory.annotation.AnnotatedGenericBeanDefinition
 301:          1134          27216  org.springframework.core.convert.converter.GenericConverter$ConvertiblePair
 302:          1133          27192  sun.reflect.generics.reflectiveObjects.ParameterizedTypeImpl
 303:           849          27168  org.apache.tomcat.util.http.NamesEnumerator
 304:           226          27120  org.springframework.boot.loader.jar.JarEntry
 305:           840          26880  java.util.AbstractList$ListItr
 306:            69          26496  org.apache.tomcat.util.threads.TaskThread
 307:           366          26352  com.fasterxml.jackson.databind.deser.DefaultDeserializationContext$Impl
 308:          1075          25800  org.springframework.util.ConcurrentReferenceHashMap$Entry
 309:           764          25464  [Ljavax.management.ObjectName$Property;
 310:           625          25080  [Lorg.springframework.boot.context.properties.source.ConfigurationPropertyName$ElementType;
 311:           446          24976  org.springframework.validation.support.BindingAwareModelMap
 312:           777          24864  java.util.concurrent.Semaphore$NonfairSync
 313:           942          24752  [Lorg.springframework.core.annotation.MergedAnnotation;
 314:           617          24680  rx.subjects.PublishSubject$PublishSubjectProducer
 315:           341          24552  com.netflix.config.DynamicProperty
 316:           612          24480  java.text.DigitList
 317:           510          24480  org.springframework.web.servlet.mvc.method.RequestMappingInfo
 318:           606          24240  rx.internal.util.BackpressureDrainManager
 319:           606          24240  rx.observers.Subscribers$1
 320:           749          23968  java.io.FileDescriptor
 321:          1488          23808  org.springframework.core.annotation.AnnotationTypeMappings$$Lambda$30/12209492
 322:           979          23496  org.springframework.boot.autoconfigure.condition.ConditionEvaluationReport$ConditionAndOutcome
 323:           979          23496  org.springframework.boot.autoconfigure.condition.ConditionOutcome
 324:           225          23400  brave.handler.MutableSpan
 325:           324          23328  org.springframework.core.annotation.AnnotationTypeMapping
 326:           969          23256  sun.reflect.generics.scope.ClassScope
 327:           962          23088  java.net.InetSocketAddress$InetSocketAddressHolder
 328:           954          22896  com.fasterxml.jackson.databind.introspect.AnnotationCollector$OneCollector
 329:           944          22656  org.springframework.util.ConcurrentReferenceHashMap$ReferenceManager
 330:           942          22608  org.springframework.beans.MutablePropertyValues
 331:           942          22608  org.springframework.core.annotation.MergedAnnotationsCollection
 332:           939          22536  sun.security.util.DerInputStream
 333:           469          22512  java.util.concurrent.ConcurrentHashMap$TreeNode
 334:           935          22440  java.util.ArrayDeque
 335:           200          22400  org.apache.coyote.Response
 336:           465          22320  io.micrometer.core.instrument.distribution.DistributionStatisticConfig
 337:           465          22320  java.util.StringTokenizer
 338:           925          22200  [Lsun.security.x509.AVA;
 339:           925          22200  sun.security.x509.AVA
 340:           925          22200  sun.security.x509.RDN
 341:           918          22032  com.fasterxml.jackson.databind.introspect.AnnotatedFieldCollector$FieldBuilder
 342:           549          21960  java.security.ProtectionDomain
 343:           912          21888  java.util.Collections$UnmodifiableCollection$1
 344:           401          21872  [Lorg.apache.tomcat.util.http.MimeHeaderField;
 345:           905          21720  java.util.Date
 346:          1233          21664  [Lsun.reflect.generics.tree.FormalTypeParameter;
 347:           446          21408  org.springframework.web.method.support.ModelAndViewContainer
 348:           887          21288  sun.reflect.generics.tree.ClassSignature
 349:           876          21024  org.apache.http.message.BasicHeader
 350:           525          21000  java.util.HashMap$KeySpliterator
 351:           870          20880  java.util.concurrent.locks.AbstractQueuedSynchronizer$ConditionObject
 352:           868          20832  org.apache.http.message.BasicRequestLine
 353:           200          20800  org.apache.coyote.http11.Http11Processor
 354:           287          20664  com.fasterxml.jackson.databind.introspect.AnnotatedClass
 355:          1291          20656  org.springframework.http.HttpHeaders
 356:           368          20608  org.springframework.core.type.classreading.SimpleAnnotationMetadata
 357:           974          20600  [Lsun.reflect.generics.tree.FieldTypeSignature;
 358:           513          20520  org.apache.logging.log4j.core.Logger
 359:           513          20520  org.apache.logging.log4j.core.Logger$PrivateConfig
 360:           640          20480  java.util.RegularEnumSet
 361:           419          20112  java.util.Hashtable
 362:           417          20016  java.util.concurrent.locks.ReentrantReadWriteLock$NonfairSync
 363:           832          19968  org.apache.http.message.ParserCursor
 364:           414          19872  sun.nio.cs.StreamEncoder
 365:           619          19808  java.lang.invoke.BoundMethodHandle$Species_L
 366:           476          19040  sun.nio.cs.UTF_8$Decoder
 367:           589          18848  sun.net.spi.DefaultProxySelector$3
 368:           273          18696  [Ljava.security.ProtectionDomain;
 369:           575          18400  org.springframework.core.type.classreading.SimpleMethodMetadata
 370:           575          18400  org.springframework.core.type.classreading.SimpleMethodMetadataReadingVisitor$Source
 371:          1147          18352  org.springframework.core.convert.support.GenericConversionService$ConvertersForPair
 372:           381          18288  com.fasterxml.jackson.core.json.JsonWriteContext
 373:           887          18280  [Lsun.reflect.generics.tree.ClassTypeSignature;
 374:           887          18056  [Lorg.springframework.web.servlet.HandlerInterceptor;
 375:           322          18032  java.util.concurrent.ConcurrentHashMap$EntryIterator
 376:           446          17840  org.springframework.web.context.request.async.WebAsyncManager
 377:          1109          17744  java.util.HashMap$KeySet
 378:           441          17640  org.apache.tomcat.util.http.parser.Host$MessageBytesReader
 379:           200          17600  org.apache.coyote.RequestInfo
 380:           200          17600  org.apache.coyote.http11.Http11InputBuffer
 381:           549          17568  java.security.CodeSource
 382:           732          17568  rx.internal.util.ActionObserver
 383:           715          17160  io.micrometer.core.instrument.Tags
 384:           708          16992  com.google.gson.internal.$Gson$Types$ParameterizedTypeImpl
 385:          1047          16752  org.springframework.util.MimeType$$Lambda$665/1411291450
 386:           187          16456  org.apache.logging.log4j.core.impl.Log4jLogEvent
 387:           511          16352  org.springframework.web.servlet.mvc.condition.PatternsRequestCondition
 388:           406          16240  com.alibaba.fastjson.parser.ParseContext
 389:           268          16080  [Ljava.lang.ref.SoftReference;
 390:           669          16056  java.lang.ThreadLocal$ThreadLocalMap
 391:           667          16008  org.hibernate.validator.internal.properties.Signature
 392:           497          15904  sun.security.util.ObjectIdentifier
 393:           198          15840  springfox.documentation.builders.PropertySpecificationBuilder
 394:           198          15840  springfox.documentation.schema.ModelProperty
 395:           328          15744  java.util.concurrent.ThreadPoolExecutor$Worker
 396:           492          15744  org.springframework.core.convert.support.GenericConversionService$ConverterAdapter
 397:           654          15696  java.util.concurrent.atomic.AtomicMarkableReference$Pair
 398:           196          15680  com.google.gson.stream.JsonReader
 399:           979          15664  org.springframework.boot.autoconfigure.condition.ConditionMessage
 400:           177          15576  sun.net.www.http.HttpClient
 401:           389          15560  java.util.concurrent.LinkedBlockingDeque
 402:           216          15552  org.apache.http.client.utils.URIBuilder
 403:           388          15520  sun.nio.ch.SocketAdaptor
 404:           781          15448  [Ljava.lang.reflect.TypeVariable;
 405:           962          15392  java.net.InetSocketAddress
 406:           481          15392  java.util.zip.ZipCoder
 407:           382          15280  javax.management.ObjectName
 408:           136          15232  org.springframework.context.annotation.ScannedGenericBeanDefinition
 409:           633          15192  sun.reflect.NativeMethodAccessorImpl
 410:           629          15096  java.util.concurrent.ConcurrentLinkedQueue
 411:           468          14976  java.lang.invoke.LambdaForm$Name
 412:           620          14880  rx.subjects.PublishSubject
 413:           620          14880  rx.subjects.PublishSubject$PublishSubjectState
 414:           619          14840  [Lrx.subjects.PublishSubject$PublishSubjectProducer;
 415:           618          14832  org.hibernate.validator.internal.engine.constraintvalidation.ClassBasedValidatorDescriptor
 416:           918          14688  com.fasterxml.jackson.databind.introspect.POJOPropertyBuilder$9
 417:           612          14688  java.util.Collections$1
 418:           608          14592  org.springframework.cglib.core.Signature
 419:           905          14480  sun.reflect.DelegatingMethodAccessorImpl
 420:           603          14472  java.util.regex.Pattern$Start
 421:           451          14432  org.springframework.boot.loader.data.RandomAccessDataFile
 422:           200          14400  org.apache.catalina.connector.InputBuffer
 423:           200          14400  org.apache.tomcat.util.http.Parameters
 424:           200          14400  zipkin2.Span
 425:           200          14400  zipkin2.Span$Builder
 426:           224          14336  org.springframework.boot.loader.jar.JarFileEntries$1
 427:           446          14272  io.micrometer.core.instrument.Timer$Sample
 428:           446          14272  org.springframework.web.servlet.HandlerExecutionChain
 429:           355          14200  springfox.documentation.schema.ModelSpecification
 430:           442          14144  io.micrometer.core.instrument.Timer$Builder
 431:           882          14112  brave.servlet.HttpServletRequestWrapper
 432:           294          14112  com.google.gson.internal.LinkedTreeMap
 433:           882          14112  org.springframework.web.servlet.mvc.method.annotation.RequestMappingHandlerAdapter$$Lambda$922/1030457856
 434:           441          14112  org.springframework.web.servlet.mvc.method.annotation.RequestMappingHandlerAdapter$$Lambda$923/702447902
 435:           439          14048  org.apache.http.HttpHost
 436:           438          14016  org.apache.http.auth.AuthState
 437:           581          13944  com.fasterxml.classmate.members.RawMethod
 438:           580          13920  sun.net.www.MessageHeader
 439:           434          13888  org.apache.http.message.BasicTokenIterator
 440:           557          13368  org.apache.http.message.BasicNameValuePair
 441:           546          13104  java.beans.MethodRef
 442:           271          13008  com.fasterxml.jackson.databind.introspect.BasicBeanDescription
 443:           811          12976  org.springframework.boot.autoconfigure.condition.ConditionEvaluationReport$ConditionAndOutcomes
 444:           400          12800  [Lorg.apache.coyote.http11.InputFilter;
 445:           400          12800  [Lorg.apache.coyote.http11.OutputFilter;
 446:           200          12800  org.apache.catalina.connector.OutputBuffer
 447:           200          12800  org.apache.catalina.connector.Response
 448:           200          12800  org.apache.catalina.mapper.MappingData
 449:           200          12800  org.apache.coyote.http11.filters.ChunkedInputFilter
 450:           319          12760  java.io.StringReader
 451:           317          12680  sun.reflect.generics.repository.MethodRepository
 452:           226          12656  java.security.Provider$Service
 453:            68          12512  com.fasterxml.jackson.core.json.UTF8StreamJsonParser
 454:           312          12480  springfox.documentation.schema.ModelRef
 455:           311          12440  java.security.AccessControlContext
 456:           777          12432  java.util.concurrent.Semaphore
 457:           388          12416  [Ljava.nio.channels.SelectionKey;
 458:           515          12360  org.apache.logging.log4j.message.DefaultFlowMessageFactory
 459:           515          12360  org.apache.logging.log4j.spi.AbstractLogger$LocalLogBuilder
 460:           383          12256  io.prometheus.client.CollectorRegistry$MetricFamilySamplesEnumeration
 461:           382          12224  org.springframework.util.LinkedCaseInsensitiveMap$KeySetIterator
 462:           380          12160  java.util.TreeMap$KeyIterator
 463:           375          12000  org.springframework.beans.factory.support.AbstractBeanFactory$$Lambda$908/2076333552
 464:           375          12000  org.springframework.cloud.context.scope.GenericScope$BeanLifecycleWrapper
 465:           250          12000  sun.nio.cs.StreamDecoder
 466:           214          11984  com.fasterxml.jackson.core.io.IOContext
 467:           749          11984  java.util.Collections$UnmodifiableSet
 468:           213          11928  sun.security.ssl.CipherSuite
 469:           206          11536  java.beans.MethodDescriptor
 470:           479          11496  java.security.Provider$ServiceKey
 471:           476          11424  java.io.PushbackInputStream
 472:           476          11424  java.util.stream.MatchOps$$Lambda$13/815033865
 473:           476          11424  java.util.stream.MatchOps$1MatchSink
 474:           476          11424  java.util.stream.MatchOps$MatchOp
 475:           283          11320  java.util.Spliterators$IteratorSpliterator
 476:           235          11280  sun.security.x509.X500Name
 477:           200          11200  [Lorg.apache.catalina.core.ApplicationFilterConfig;
 478:           200          11200  org.apache.catalina.connector.CoyoteReader
 479:           200          11200  org.apache.coyote.http11.Http11OutputBuffer
 480:           346          11072  sun.reflect.generics.tree.MethodTypeSignature
 481:           196          10976  java.util.zip.GZIPInputStream
 482:           171          10944  java.util.stream.ReferencePipeline$7
 483:           171          10944  java.util.stream.SortedOps$OfRef
 484:           342          10944  org.apache.tomcat.util.net.NioChannel
 485:           341          10912  com.netflix.config.DynamicProperty$1
 486:           341          10912  com.netflix.config.DynamicProperty$2
 487:           341          10912  com.netflix.config.DynamicProperty$3
 488:           341          10912  com.netflix.config.DynamicProperty$4
 489:           341          10912  com.netflix.config.DynamicProperty$5
 490:           341          10912  com.netflix.config.DynamicProperty$6
 491:           341          10912  com.netflix.config.DynamicProperty$7
 492:            75          10800  org.aspectj.weaver.ReferenceType
 493:           192          10752  org.hibernate.validator.internal.util.ConcurrentReferenceHashMap$Segment
 494:           224          10752  org.springframework.boot.loader.jar.JarFileEntries
 495:           336          10752  sun.security.x509.AlgorithmId
 496:           447          10728  java.util.concurrent.LinkedBlockingQueue$Node
 497:           335          10720  java.util.Collections$SynchronizedMap
 498:           446          10704  org.springframework.validation.DefaultMessageCodesResolver
 499:           446          10704  org.springframework.web.method.annotation.ModelFactory
 500:           446          10704  org.springframework.web.servlet.DispatcherServlet$$Lambda$919/2060311966
 501:           446          10704  org.springframework.web.servlet.mvc.method.annotation.ServletRequestDataBinderFactory
 502:           444          10656  org.springframework.web.method.support.HandlerMethodArgumentResolverComposite
 503:           442          10608  io.micrometer.core.instrument.MeterRegistry$$Lambda$715/639773516
 504:           441          10584  brave.servlet.HttpServletResponseWrapper
 505:           441          10584  org.springframework.http.server.ServletServerHttpResponse
 506:           441          10584  org.springframework.http.server.ServletServerHttpResponse$ServletResponseHttpHeaders
 507:           441          10584  org.springframework.web.servlet.handler.AbstractHandlerMethodMapping$Match
 508:           441          10584  org.springframework.web.servlet.mvc.method.annotation.AbstractMessageConverterMethodArgumentResolver$EmptyBodyCheckingHttpInputMessage
 509:           441          10584  org.springframework.web.servlet.mvc.method.annotation.RequestMappingHandlerAdapter$$Lambda$921/886955294
 510:           219          10512  org.apache.http.client.methods.HttpRequestWrapper
 511:           219          10512  org.apache.http.impl.execchain.ConnectionHolder
 512:           656          10496  org.apache.http.message.HeaderGroup
 513:           218          10464  org.apache.http.message.BasicHttpResponse
 514:           433          10392  org.apache.http.entity.ContentType
 515:            98          10192  org.springframework.beans.factory.support.GenericBeanDefinition
 516:           421          10104  java.util.jar.Attributes$Name
 517:           421          10104  org.springframework.web.servlet.mvc.condition.ProducesRequestCondition
 518:           210          10080  sun.nio.cs.US_ASCII$Decoder
 519:           419          10056  java.util.concurrent.locks.ReentrantReadWriteLock
 520:           120          10000  [Lcom.fasterxml.jackson.databind.ser.BeanPropertyWriter;
 521:           416           9984  com.fasterxml.jackson.databind.type.ClassKey
 522:           414           9936  java.io.OutputStreamWriter
 523:           375           9872  [Ljava.lang.reflect.Parameter;
 524:           408           9792  java.util.stream.Nodes$FixedNodeBuilder
 525:           408           9792  org.springframework.boot.actuate.endpoint.InvocationContext
 526:           408           9792  org.springframework.boot.actuate.endpoint.invoke.reflect.ReflectiveOperationInvoker$$Lambda$927/1935983256
 527:           408           9792  org.springframework.boot.actuate.endpoint.invoke.reflect.ReflectiveOperationInvoker$$Lambda$928/1152600004
 528:           363           9656  [Lorg.springframework.core.annotation.AnnotationTypeMapping$MirrorSets$MirrorSet;
 529:           400           9600  org.apache.tomcat.util.http.MimeHeaders
 530:           400           9592  [Lorg.apache.http.HeaderElement;
 531:           171           9576  java.util.stream.DistinctOps$1
 532:           399           9576  org.apache.http.message.BasicHeaderElement
 533:           199           9552  java.lang.invoke.LambdaForm
 534:           595           9520  [Lorg.apache.http.NameValuePair;
 535:           297           9504  java.lang.StringCoding$StringDecoder
 536:           168           9408  java.lang.invoke.MethodTypeForm
 537:           587           9392  java.util.concurrent.atomic.AtomicReferenceArray
 538:           388           9312  org.apache.tomcat.util.net.WriteBuffer
 539:            96           9216  com.fasterxml.jackson.core.json.UTF8JsonGenerator
 540:           230           9200  zipkin2.Endpoint
 541:           383           9192  java.io.StringWriter
 542:           191           9168  java.net.SocketInputStream
 543:           191           9168  java.net.SocketOutputStream
 544:           229           9160  zipkin2.Endpoint$Builder
 545:           381           9144  org.springframework.aop.framework.AdvisedSupport$MethodCacheKey
 546:           204           9088  [Ljava.lang.invoke.LambdaForm$Name;
 547:           283           9056  java.lang.invoke.DirectMethodHandle$Special
 548:           188           9024  java.util.logging.LogManager$LoggerWeakRef
 549:           187           8976  org.springframework.aop.framework.CglibAopProxy$CglibMethodInvocation
 550:           112           8960  sun.security.x509.X509CertImpl
 551:           223           8920  brave.internal.recorder.PendingSpan
 552:           185           8880  com.fasterxml.jackson.core.json.JsonReadContext
 553:           277           8864  sun.reflect.generics.reflectiveObjects.TypeVariableImpl
 554:           368           8848  [Lorg.springframework.core.type.MethodMetadata;
 555:           220           8800  org.apache.http.conn.routing.HttpRoute
 556:           549           8784  [Ljava.security.Principal;
 557:           549           8784  java.security.ProtectionDomain$Key
 558:           219           8760  org.apache.http.client.methods.HttpGet
 559:           324           8728  [Lorg.springframework.core.annotation.AnnotationTypeMapping;
 560:           218           8720  org.apache.http.entity.BasicHttpEntity
 561:           545           8720  org.springframework.util.LinkedMultiValueMap
 562:           217           8680  com.ecwid.consul.transport.HttpResponse
 563:           216           8640  org.apache.http.pool.AbstractConnPool$2
 564:            98           8624  com.alibaba.fastjson.parser.DefaultJSONParser
 565:           267           8544  org.springframework.cglib.proxy.MethodProxy
 566:           352           8528  [Lcom.fasterxml.jackson.databind.JavaType;
 567:            59           8496  [Lcom.fasterxml.jackson.core.sym.CharsToNameCanonicalizer$Bucket;
 568:            48           8448  org.HdrHistogram.Histogram
 569:            96           8448  org.HdrHistogram.HistogramIterationValue
 570:            88           8448  org.springframework.beans.GenericTypeAwarePropertyDescriptor
 571:           351           8424  java.util.stream.ForEachOps$ForEachOp$OfRef
 572:           208           8320  java.util.HashMap$ValueIterator
 573:           514           8224  org.apache.logging.log4j.message.ParameterizedMessageFactory
 574:           342           8208  org.apache.tomcat.util.net.NioEndpoint$SocketProcessor
 575:           342           8208  org.apache.tomcat.util.net.SocketBufferHandler
 576:           346           8184  [Lsun.reflect.generics.tree.TypeSignature;
 577:           127           8128  com.fasterxml.jackson.core.sym.ByteQuadsCanonicalizer
 578:           202           8080  com.netflix.hystrix.metric.HystrixThreadEventStream
 579:           202           8080  org.apache.tomcat.util.log.UserDataHelper
 580:           192           8064  [Lorg.hibernate.validator.internal.util.ConcurrentReferenceHashMap$HashEntry;
 581:           235           8056  [Lsun.security.x509.RDN;
 582:           200           8000  org.apache.coyote.AsyncStateMachine
 583:           200           8000  org.apache.coyote.http11.filters.ChunkedOutputFilter
 584:           200           8000  org.apache.coyote.http11.filters.IdentityInputFilter
 585:           200           8000  org.apache.tomcat.util.buf.Utf8Decoder
 586:           329           7896  org.springframework.boot.autoconfigure.condition.OnBeanCondition
 587:            98           7840  com.alibaba.fastjson.parser.JSONScanner
 588:           245           7840  org.aspectj.weaver.Lint$Kind
 589:           324           7776  org.springframework.core.annotation.AnnotationTypeMapping$MirrorSets
 590:           242           7744  java.util.concurrent.SynchronousQueue$TransferStack$SNode
 591:           192           7680  com.ecwid.consul.v1.QueryParams
 592:           317           7608  sun.reflect.generics.scope.MethodScope
 593:           237           7584  org.apache.logging.log4j.core.pattern.DatePatternConverter$CachedTime
 594:           189           7560  org.apache.http.impl.io.ContentLengthInputStream
 595:           105           7560  springfox.documentation.spi.schema.contexts.ModelContext
 596:           469           7504  org.springframework.core.DefaultParameterNameDiscoverer
 597:           469           7504  org.springframework.core.LocalVariableTableParameterNameDiscoverer
 598:           469           7504  org.springframework.core.StandardReflectionParameterNameDiscoverer
 599:           468           7488  java.util.TreeMap$Values
 600:           233           7456  com.ctg.itrdc.cache.monitor.CommandUtil$SupportCommand
 601:           232           7424  com.netflix.hystrix.strategy.properties.HystrixPropertiesChainedProperty$ChainProperty
 602:           231           7392  java.io.ByteArrayInputStream
 603:           231           7392  org.springframework.boot.loader.jar.AsciiBytes
 604:           306           7344  java.util.concurrent.ConcurrentHashMap$KeySetView
 605:           229           7328  sun.net.www.http.KeepAliveKey
 606:           183           7320  rx.observers.Subscribers$5
 607:           304           7296  java.io.ByteArrayOutputStream
 608:           228           7296  java.io.CharArrayWriter
 609:           152           7296  javax.management.MBeanInfo
 610:           292           7200  [Ljava.net.InetAddress;
 611:           223           7136  brave.internal.collect.WeakConcurrentMap$WeakKey
 612:           446           7136  brave.servlet.TracingFilter$SendHandled
 613:           446           7136  org.springframework.boot.actuate.metrics.web.servlet.WebMvcMetricsFilter$TimingContext
 614:           446           7136  org.springframework.context.i18n.SimpleLocaleContext
 615:           446           7136  org.springframework.web.bind.support.SimpleSessionStatus
 616:           446           7136  org.springframework.web.context.request.async.WebAsyncManager$$Lambda$925/1626655217
 617:           446           7136  org.springframework.web.servlet.FrameworkServlet$RequestBindingInterceptor
 618:           178           7120  org.apache.logging.log4j.message.ParameterizedMessage
 619:           442           7072  io.micrometer.core.instrument.distribution.DistributionStatisticConfig$Builder
 620:           441           7056  com.java.yxt.filter.OptLogFilter$$Lambda$918/1275635451
 621:           441           7056  org.springframework.ui.ModelMap$$Lambda$924/1545982783
 622:           441           7056  org.springframework.validation.DefaultBindingErrorProcessor
 623:           441           7056  org.springframework.web.servlet.mvc.method.annotation.AbstractMessageConverterMethodProcessor$$Lambda$930/262677180
 624:           220           7040  org.apache.logging.log4j.core.config.plugins.processor.PluginEntry
 625:           219           7008  org.apache.http.cookie.CookieOrigin
 626:           438           7008  org.apache.http.params.BasicHttpParams
 627:           437           6992  org.springframework.expression.common.LiteralExpression
 628:           436           6976  brave.NoopSpan
 629:           218           6976  org.springframework.cglib.proxy.MethodProxy$CreateInfo
 630:           217           6944  com.ecwid.consul.v1.Response
 631:           216           6912  com.ecwid.consul.transport.HttpRequest
 632:           216           6912  java.util.concurrent.ConcurrentHashMap$ForwardingNode
 633:           285           6840  java.util.BitSet
 634:           142           6816  org.springframework.beans.PropertyValue
 635:           283           6792  sun.reflect.generics.tree.FormalTypeParameter
 636:           212           6784  sun.reflect.UnsafeObjectFieldAccessorImpl
 637:           211           6752  javax.management.MBeanAttributeInfo
 638:           419           6704  java.util.concurrent.locks.ReentrantReadWriteLock$ReadLock
 639:           419           6704  java.util.concurrent.locks.ReentrantReadWriteLock$Sync$ThreadLocalHoldCounter
 640:           419           6704  java.util.concurrent.locks.ReentrantReadWriteLock$WriteLock
 641:           279           6696  com.fasterxml.jackson.core.util.BufferRecycler
 642:           416           6656  java.lang.Short
 643:           207           6624  java.lang.reflect.WeakCache$CacheValue
 644:            92           6624  java.util.logging.Logger
 645:           118           6608  com.fasterxml.jackson.core.util.TextBuffer
 646:           408           6528  org.springframework.boot.actuate.endpoint.web.servlet.AbstractWebMvcEndpointHandlerMapping$ServletSecurityContext
 647:           408           6528  org.springframework.boot.actuate.endpoint.web.servlet.AbstractWebMvcEndpointHandlerMapping$ServletWebOperationAdapter$$Lambda$926/1115595723
 648:           102           6528  org.springframework.web.method.HandlerMethod
 649:           162           6480  sun.misc.Cleaner
 650:           201           6432  [Ljava.text.SimpleDateFormat;
 651:           267           6408  com.google.gson.reflect.TypeToken
 652:           200           6400  [Lorg.apache.tomcat.util.http.ServerCookie;
 653:           200           6400  org.apache.catalina.core.ApplicationFilterChain
 654:           200           6400  org.apache.coyote.http11.Http11InputBuffer$HeaderParseData
 655:           200           6400  org.apache.coyote.http11.filters.BufferedInputFilter
 656:           200           6400  org.apache.coyote.http11.filters.IdentityOutputFilter
 657:           200           6400  org.apache.tomcat.util.buf.B2CConverter
 658:           200           6400  org.apache.tomcat.util.buf.UEncoder
 659:           112           6272  sun.security.util.MemoryCache$SoftCacheEntry
 660:           112           6272  sun.security.x509.X509CertInfo
 661:           260           6232  [Ljava.security.cert.Certificate;
 662:           389           6224  java.nio.channels.spi.AbstractInterruptibleChannel$1
 663:           258           6192  org.springframework.core.convert.TypeDescriptor$AnnotatedElementAdapter
 664:           193           6176  org.springframework.web.client.HttpMessageConverterExtractor
 665:           256           6144  com.ecwid.consul.SingleUrlParameters
 666:            48           6144  org.HdrHistogram.PercentileIterator
 667:           253           6072  java.util.AbstractMap$SimpleImmutableEntry
 668:           189           6048  com.netflix.servo.monitor.MonitorConfig
 669:           189           6048  org.apache.logging.log4j.util.SortedArrayStringMap
 670:           188           6016  java.lang.Throwable
 671:           375           6000  com.sun.proxy.$Proxy35
 672:           250           6000  java.io.InputStreamReader
 673:           374           5984  com.sun.proxy.$Proxy48
 674:           148           5920  org.springframework.beans.factory.annotation.AutowiredAnnotationBeanPostProcessor$AutowiredFieldElement
 675:            82           5904  java.beans.PropertyDescriptor
 676:           184           5888  java.lang.reflect.Proxy$Key1
 677:           184           5888  org.springframework.core.annotation.TypeMappedAnnotations$Aggregate
 678:           105           5880  springfox.documentation.builders.ModelBuilder
 679:           367           5872  org.springframework.core.type.classreading.SimpleAnnotationMetadataReadingVisitor$Source
 680:           115           5792  [Lcom.alibaba.fastjson.parser.ParseContext;
 681:           241           5784  org.springframework.boot.autoconfigure.condition.OnClassCondition
 682:           241           5784  org.springframework.core.convert.TypeDescriptor
 683:           103           5768  com.fasterxml.classmate.types.ResolvedObjectType
 684:           239           5736  javax.management.ImmutableDescriptor
 685:           179           5728  com.fasterxml.jackson.databind.type.TypeBindings
 686:           178           5696  sun.reflect.annotation.AnnotationType
 687:           181           5632  [Lcom.netflix.servo.tag.Tag;
 688:           175           5600  brave.internal.recorder.TickClock
 689:           175           5600  org.springframework.http.client.SimpleBufferingClientHttpRequest
 690:           233           5592  com.ctg.itrdc.cache.vjedis.jedis.Protocol$Command
 691:           153           5544  [Ljavax.management.MBeanAttributeInfo;
 692:            63           5544  org.aspectj.weaver.ResolvedType$Primitive
 693:            63           5544  org.aspectj.weaver.reflect.Java15ReflectionBasedReferenceTypeDelegate
 694:           171           5472  java.util.stream.SortedOps$RefSortingSink
 695:           228           5472  org.apache.catalina.LifecycleEvent
 696:           171           5472  org.springframework.web.client.RestTemplate$HttpEntityRequestCallback
 697:            96           5376  com.ecwid.consul.v1.health.model.Check
 698:           224           5376  java.lang.invoke.LambdaForm$NamedFunction
 699:            42           5376  org.aspectj.weaver.reflect.ReflectionBasedResolvedMemberImpl
 700:           222           5328  org.springframework.boot.loader.jar.Handler
 701:            74           5328  org.springframework.web.method.HandlerMethod$HandlerMethodParameter
 702:           166           5312  com.sun.jmx.mbeanserver.ConvertingMethod
 703:           332           5312  java.util.jar.Attributes
 704:           221           5304  sun.misc.URLClassPath$Loader
 705:           132           5280  [Ljava.util.Formatter$Flags;
 706:            66           5280  com.fasterxml.jackson.databind.introspect.POJOPropertiesCollector
 707:           132           5280  java.util.Formatter$FormatSpecifier
 708:           220           5280  org.apache.logging.log4j.core.config.plugins.util.PluginType
 709:           132           5280  org.hibernate.validator.internal.metadata.aggregated.PropertyMetaData
 710:           219           5256  org.apache.http.protocol.BasicHttpContext
 711:            73           5256  org.springframework.beans.factory.annotation.AutowiredAnnotationBeanPostProcessor$ShortcutDependencyDescriptor
 712:           218           5232  org.apache.http.impl.execchain.HttpResponseProxy
 713:           218           5232  org.apache.http.message.BasicStatusLine
 714:           163           5216  java.util.logging.LogManager$LogNode
 715:           217           5208  org.apache.http.message.BasicHeaderIterator
 716:           217           5192  [Ljava.security.CodeSigner;
 717:            99           5184  [Ljava.util.concurrent.atomic.AtomicLong;
 718:           216           5184  org.apache.http.impl.conn.PoolingHttpClientConnectionManager$1
 719:           162           5184  org.springframework.core.annotation.TypeMappedAnnotations$MergedAnnotationFinder
 720:           216           5184  org.springframework.http.ReadOnlyHttpHeaders
 721:           323           5168  java.util.TreeSet
 722:           161           5152  java.nio.DirectByteBuffer$Deallocator
 723:           161           5152  java.util.TreeMap$EntryIterator
 724:           105           5040  springfox.documentation.builders.ModelSpecificationBuilder
 725:            48           4992  org.HdrHistogram.RecordedValuesIterator
 726:           152           4864  java.security.Permissions
 727:           177           4856  [Ljava.lang.annotation.ElementType;
 728:           151           4832  java.io.FilePermission
 729:           201           4824  org.apache.tomcat.util.http.parser.HttpParser
 730:           200           4800  [Ljava.util.List;
 731:           150           4800  com.ecwid.consul.v1.catalog.CatalogConsulClient$3
 732:           150           4800  com.ecwid.consul.v1.catalog.CatalogServicesRequest
 733:           150           4800  com.ecwid.consul.v1.catalog.CatalogServicesRequest$Builder
 734:            50           4800  com.fasterxml.jackson.core.json.WriterBasedJsonGenerator
 735:           150           4800  java.net.ConnectException
 736:           200           4800  org.apache.catalina.core.ApplicationMapping
 737:           200           4800  org.apache.catalina.util.ParameterMap
 738:           200           4800  org.apache.coyote.http11.filters.GzipOutputFilter
 739:           200           4800  org.apache.coyote.http11.filters.GzipOutputFilter$FakeOutputStream
 740:           200           4800  org.apache.tomcat.util.http.ServerCookies
 741:           150           4800  org.springframework.format.support.FormattingConversionService$PrinterConverter
 742:           199           4776  zipkin2.internal.WriteBuffer
 743:           149           4768  brave.RealScopedSpan
 744:           149           4768  org.springframework.web.client.ResourceAccessException
 745:            59           4720  [Lorg.springframework.util.ConcurrentReferenceHashMap$Segment;
 746:            59           4720  com.fasterxml.jackson.databind.DeserializationConfig
 747:            59           4720  com.fasterxml.jackson.databind.SerializationConfig
 748:           147           4704  io.micrometer.core.instrument.Counter$Builder
 749:           196           4704  java.util.Vector$1
 750:           196           4704  java.util.zip.GZIPInputStream$1
 751:           196           4704  org.apache.http.client.entity.DecompressingEntity
 752:           196           4704  org.apache.http.client.entity.LazyDecompressingInputStream
 753:           196           4704  org.apache.http.conn.EofSensorInputStream
 754:           196           4704  org.apache.http.impl.execchain.ResponseEntityProxy
 755:           147           4704  org.springframework.format.support.FormattingConversionService$AnnotationParserConverter
 756:           147           4704  org.springframework.format.support.FormattingConversionService$AnnotationPrinterConverter
 757:           147           4704  org.springframework.http.RequestEntity
 758:            73           4672  java.nio.DirectByteBuffer
 759:           116           4640  com.fasterxml.jackson.databind.ObjectWriter
 760:            96           4608  org.springframework.web.util.HierarchicalUriComponents
 761:            57           4560  com.fasterxml.jackson.databind.deser.impl.MethodProperty
 762:           187           4488  org.apache.logging.log4j.core.time.MutableInstant
 763:           140           4480  org.springframework.beans.factory.support.DefaultListableBeanFactory$$Lambda$247/1561408618
 764:           186           4464  com.fasterxml.classmate.util.ResolvedTypeKey
 765:            93           4464  com.fasterxml.jackson.databind.type.SimpleType
 766:           180           4424  [Lcom.fasterxml.classmate.ResolvedType;
 767:           183           4392  org.springframework.boot.actuate.health.Health
 768:            91           4368  com.netflix.hystrix.ExecutionResult
 769:           273           4368  java.lang.Byte
 770:           182           4368  org.springframework.boot.actuate.health.Health$Builder
 771:           181           4344  com.netflix.servo.tag.BasicTagList
 772:           181           4344  com.netflix.servo.tag.SmallTagMap
 773:           179           4296  org.springframework.core.io.ClassPathResource
 774:           134           4288  springfox.documentation.schema.ModelKey
 775:           107           4280  org.springframework.core.SerializableTypeWrapper$MethodInvokeTypeProvider
 776:           178           4272  com.fasterxml.jackson.databind.type.TypeBindings$AsKey
 777:           265           4240  com.sun.proxy.$Proxy17
 778:           106           4240  java.lang.invoke.DirectMethodHandle$Interface
 779:           176           4224  org.springframework.boot.web.server.MimeMappings$Mapping
 780:           175           4200  org.springframework.web.client.RestTemplate$ResponseEntityResponseExtractor
 781:            75           4200  sun.nio.cs.ISO_8859_1$Encoder
 782:           172           4128  org.springframework.core.annotation.AnnotationTypeMappings
 783:           171           4104  feign.Request$Body
 784:           171           4104  java.util.stream.DistinctOps$1$2
 785:           171           4104  java.util.stream.ReferencePipeline$7$1
 786:            57           4104  org.hibernate.validator.internal.metadata.descriptor.ConstraintDescriptorImpl
 787:           127           4064  sun.reflect.generics.reflectiveObjects.WildcardTypeImpl
 788:            84           4032  com.fasterxml.jackson.databind.introspect.AnnotatedClassResolver
 789:            63           4032  feign.RequestTemplate
 790:           251           4016  com.netflix.config.PropertyWrapper$1
 791:           251           4016  com.netflix.config.PropertyWrapper$2
 792:           167           4008  org.springframework.beans.factory.config.BeanDefinitionHolder
 793:            71           3976  springfox.documentation.schema.Model
 794:           124           3968  org.springframework.cloud.client.discovery.event.HeartbeatEvent
 795:           190           3952  [Lorg.apache.catalina.Container;
 796:           164           3936  java.util.function.Function$$Lambda$305/1107730949
 797:           164           3936  org.apache.logging.log4j.core.impl.JdkMapAdapterStringMap
 798:           164           3936  redis.clients.jedis.Protocol$Command
 799:            70           3920  java.util.concurrent.ConcurrentHashMap$ValueIterator
 800:            70           3920  org.aspectj.apache.bcel.util.ClassLoaderRepository
 801:            98           3920  sun.security.rsa.RSAPublicKeyImpl
 802:           244           3904  java.util.concurrent.ConcurrentHashMap$EntrySetView
 803:           162           3888  rx.internal.operators.OnSubscribeDoOnEach
 804:           120           3840  com.alibaba.fastjson.util.IdentityHashMap$Entry
 805:           240           3840  org.springframework.core.annotation.AnnotationTypeMappings$$Lambda$188/418304857
 806:            68           3808  com.fasterxml.jackson.databind.cfg.BaseSettings
 807:            59           3776  com.fasterxml.jackson.core.sym.CharsToNameCanonicalizer
 808:            59           3776  com.fasterxml.jackson.databind.MappingJsonFactory
 809:            59           3776  com.fasterxml.jackson.databind.ObjectMapper
 810:            31           3768  [Ljava.util.concurrent.RunnableScheduledFuture;
 811:            94           3760  java.io.ObjectStreamField
 812:            52           3744  org.springframework.beans.factory.support.DefaultListableBeanFactory$DependencyObjectProvider$2
 813:           117           3744  org.springframework.core.annotation.AttributeMethods
 814:           234           3744  sun.reflect.generics.tree.TypeVariableSignature
 815:           231           3696  java.util.Collections$SingletonSet
 816:           154           3696  org.apache.logging.slf4j.Log4jLogger
 817:           153           3672  sun.reflect.generics.tree.Wildcard
 818:           152           3648  com.fasterxml.jackson.databind.introspect.TypeResolutionContext$Basic
 819:            38           3648  springfox.documentation.service.Operation
 820:            38           3648  springfox.documentation.service.Parameter
 821:           151           3624  java.io.FilePermissionCollection
 822:           150           3600  org.springframework.format.support.FormattingConversionService$ParserConverter
 823:           223           3568  org.springframework.boot.loader.jar.JarFile$$Lambda$3/1323165413
 824:            37           3552  com.java.yxt.model.dto.RequestInfo
 825:           222           3552  java.util.concurrent.atomic.AtomicMarkableReference
 826:           147           3528  org.springframework.cloud.sleuth.zipkin2.sender.RestTemplateSender$HttpPostCall
 827:            88           3520  sun.reflect.UnsafeQualifiedStaticObjectFieldAccessorImpl
 828:           219           3504  org.apache.http.client.protocol.HttpClientContext
 829:           219           3504  org.apache.http.impl.conn.CPoolProxy
 830:           108           3456  feign.Request
 831:           212           3392  com.sun.proxy.$Proxy28
 832:            60           3368  [Lcom.fasterxml.classmate.members.RawMethod;
 833:            12           3360  java.util.concurrent.atomic.Striped64$Cell
 834:           139           3336  com.netflix.hystrix.strategy.properties.archaius.HystrixDynamicPropertiesArchaius$IntegerDynamicProperty
 835:            40           3296  [Ljava.lang.invoke.MethodHandle;
 836:           136           3264  org.springframework.core.io.UrlResource
 837:           203           3248  java.lang.Boolean
 838:           202           3232  com.netflix.hystrix.Hystrix$ConcurrentStack
 839:           134           3216  springfox.documentation.schema.QualifiedModelName
 840:           201           3216  springfox.documentation.schema.ScalarModelSpecification
 841:           174           3200  [Lcom.sun.jmx.mbeanserver.MXBeanMapping;
 842:           200           3200  org.apache.catalina.connector.CoyoteInputStream
 843:           200           3200  org.apache.catalina.connector.CoyoteOutputStream
 844:           200           3200  org.apache.catalina.connector.RequestFacade
 845:           200           3200  org.apache.catalina.connector.ResponseFacade
 846:           200           3200  org.apache.coyote.http11.Http11InputBuffer$SocketInputBuffer
 847:           200           3200  org.apache.coyote.http11.Http11OutputBuffer$SocketOutputBuffer
 848:           200           3200  org.apache.coyote.http11.filters.VoidInputFilter
 849:           200           3200  org.apache.coyote.http11.filters.VoidOutputFilter
 850:           200           3200  org.apache.tomcat.util.buf.UDecoder
 851:             6           3168  [Ljava.util.TimerTask;
 852:            33           3168  com.alibaba.fastjson.serializer.JSONSerializer
 853:            99           3168  sun.security.x509.BasicConstraintsExtension
 854:            79           3160  [Lorg.springframework.http.HttpStatus$Series;
 855:           196           3136  java.util.zip.CRC32
 856:            53           3120  [Lcom.fasterxml.jackson.databind.ser.impl.ReadOnlyClassToSerializerMap$Bucket;
 857:            78           3120  org.springframework.beans.factory.support.DisposableBeanAdapter
 858:           130           3120  org.springframework.boot.actuate.health.NamedContributor$1
 859:            65           3120  rx.internal.producers.ProducerArbiter
 860:            97           3104  sun.security.x509.SubjectKeyIdentifierExtension
 861:           129           3096  com.fasterxml.jackson.databind.util.LRUMap
 862:            20           3040  org.aspectj.weaver.ArrayReferenceType
 863:           126           3024  java.security.Provider$UString
 864:           189           3024  sun.net.www.protocol.http.HttpURLConnection$2
 865:           189           3024  sun.net.www.protocol.http.HttpURLConnection$3
 866:           189           3024  sun.net.www.protocol.http.HttpURLConnection$7
 867:           188           3008  com.sun.proxy.$Proxy36
 868:            47           3008  javax.management.openmbean.OpenMBeanAttributeInfoSupport
 869:            25           3000  com.ctg.itrdc.cache.monitor.Response
 870:            62           2976  com.google.gson.internal.bind.ReflectiveTypeAdapterFactory$1
 871:            37           2960  org.springframework.beans.BeanWrapperImpl
 872:           123           2952  com.netflix.client.config.DefaultClientConfigImpl$1
 873:           123           2952  com.netflix.config.DynamicStringProperty
 874:           184           2944  java.net.SocksSocketImpl$3
 875:            52           2912  java.util.ResourceBundle$CacheKey
 876:           121           2904  com.sun.jmx.mbeanserver.NamedObject
 877:           181           2896  java.util.TreeMap$EntrySet
 878:            72           2880  feign.template.HeaderTemplate
 879:            90           2880  java.util.StringJoiner
 880:            90           2880  java.util.concurrent.atomic.DoubleAdder
 881:            72           2880  sun.misc.FloatingDecimal$BinaryToASCIIBuffer
 882:            89           2848  java.lang.StringCoding$StringEncoder
 883:            89           2848  sun.security.x509.KeyUsageExtension
 884:            59           2832  com.fasterxml.jackson.databind.ser.BeanSerializer
 885:            44           2816  org.springframework.beans.factory.config.DependencyDescriptor
 886:           175           2800  com.sun.proxy.$Proxy0
 887:           115           2760  rx.subscriptions.CompositeSubscription
 888:           172           2752  com.sun.proxy.$Proxy9
 889:           171           2736  org.springframework.http.client.support.HttpAccessor$$Lambda$668/863210345
 890:           171           2736  org.springframework.web.client.RestTemplate$AcceptHeaderRequestCallback$$Lambda$669/580141829
 891:           171           2736  org.springframework.web.client.RestTemplate$AcceptHeaderRequestCallback$$Lambda$670/2026761837
 892:            68           2720  com.fasterxml.jackson.core.json.ByteSourceJsonBootstrapper
 893:            68           2720  com.google.common.collect.MapMakerInternalMap$WeakKeyDummyValueEntry
 894:           113           2712  com.alibaba.fastjson.JSONArray
 895:            48           2688  org.springframework.cloud.consul.discovery.ConsulServer
 896:           112           2688  sun.security.util.BitArray
 897:           112           2688  sun.security.util.Cache$EqualByteArray
 898:           112           2688  sun.security.x509.CertificateValidity
 899:            67           2680  sun.nio.cs.ISO_8859_1$Decoder
 900:            83           2656  com.fasterxml.classmate.types.ResolvedInterfaceType
 901:            83           2656  com.fasterxml.jackson.databind.introspect.AnnotatedConstructor
 902:            41           2624  sun.net.www.http.KeepAliveStream
 903:            65           2600  springfox.documentation.service.Response
 904:            65           2600  springfox.documentation.service.ResponseMessage
 905:           161           2576  com.alibaba.fastjson.JSONObject
 906:            64           2560  org.springframework.core.annotation.SynthesizedMergedAnnotationInvocationHandler
 907:           159           2544  com.sun.proxy.$Proxy49
 908:            53           2544  springfox.documentation.schema.ModelFacets
 909:           158           2528  com.sun.proxy.$Proxy198
 910:            78           2496  java.util.ArrayList$ListItr
 911:            52           2496  java.util.ResourceBundle$BundleReference
 912:            31           2480  java.util.concurrent.ScheduledThreadPoolExecutor
 913:           103           2472  [[C
 914:            77           2464  com.alibaba.fastjson.serializer.SerialContext
 915:            77           2464  java.io.IOException
 916:            34           2448  [[B
 917:            61           2440  java.util.IdentityHashMap
 918:            38           2432  springfox.documentation.service.RequestParameter
 919:            43           2416  [[Ljava.lang.String;
 920:           151           2416  java.util.TreeMap$KeySet
 921:            60           2400  com.fasterxml.jackson.core.sym.ByteQuadsCanonicalizer$TableInfo
 922:            50           2400  com.fasterxml.jackson.databind.ser.BeanSerializerBuilder
 923:            60           2400  springfox.documentation.schema.CompoundModelSpecification
 924:           100           2400  sun.security.x509.CertificateExtensions
 925:            27           2376  feign.MethodMetadata
 926:            74           2368  brave.RealSpan
 927:            59           2360  com.fasterxml.jackson.databind.cfg.ConfigOverrides
 928:            59           2360  org.springframework.util.ConcurrentReferenceHashMap
 929:           147           2352  com.sun.proxy.$Proxy8
 930:           147           2352  io.micrometer.core.instrument.MeterRegistry$$Lambda$582/2111882926
 931:           147           2352  io.micrometer.core.instrument.MeterRegistry$$Lambda$596/1457551880
 932:           147           2352  org.springframework.cloud.sleuth.zipkin2.sender.NoOpZipkinLoadBalancer
 933:            73           2336  org.hibernate.validator.internal.metadata.core.MetaConstraint
 934:           121           2328  [Lorg.aspectj.weaver.ResolvedType;
 935:            58           2320  java.io.BufferedInputStream
 936:            48           2304  com.ecwid.consul.v1.health.model.HealthService$Node
 937:            48           2304  com.ecwid.consul.v1.health.model.HealthService$Service
 938:            18           2304  feign.hystrix.HystrixInvocationHandler$1
 939:             6           2304  java.util.TimerThread
 940:            36           2304  rx.internal.operators.OperatorOnErrorResumeNextViaFunction$4
 941:            48           2304  springfox.documentation.builders.ApiDescriptionBuilder
 942:           142           2272  java.util.Formatter$Flags
 943:            71           2272  org.aspectj.apache.bcel.util.ClassLoaderRepository$SoftHashMap
 944:            71           2272  org.springframework.boot.context.properties.bind.Bindable
 945:           141           2256  java.util.Collections$UnmodifiableCollection
 946:           140           2240  brave.SpanCustomizerShield
 947:            70           2240  java.util.RandomAccessSubList
 948:            10           2240  org.springframework.beans.factory.support.DefaultListableBeanFactory
 949:            93           2232  java.util.concurrent.ConcurrentHashMap$MapEntry
 950:           139           2224  com.sun.proxy.$Proxy31
 951:            69           2208  org.springframework.web.servlet.handler.AbstractHandlerMethodMapping$MappingRegistration
 952:            69           2208  springfox.documentation.spring.web.WebMvcRequestHandler
 953:            92           2208  sun.nio.ch.SocketOptionRegistry$RegistryKey
 954:            91           2184  org.springframework.beans.factory.config.ConstructorArgumentValues
 955:            68           2176  org.springframework.http.HttpStatus
 956:            54           2160  com.fasterxml.classmate.members.ResolvedMethod
 957:            90           2160  com.netflix.servo.jmx.MonitorMBean
 958:            90           2160  io.micrometer.prometheus.PrometheusCounter
 959:            90           2160  io.micrometer.prometheus.PrometheusMeterRegistry$$Lambda$599/290096578
 960:            87           2128  [Lorg.springframework.web.bind.annotation.RequestMethod;
 961:            53           2120  sun.security.ec.NamedCurve
 962:            66           2112  [Ljava.util.Formatter$FormatString;
 963:            33           2112  com.alibaba.fastjson.serializer.SerializeWriter
 964:            66           2112  com.fasterxml.jackson.databind.introspect.AnnotatedCreatorCollector
 965:            66           2112  com.fasterxml.jackson.databind.introspect.AnnotatedFieldCollector
 966:            88           2112  io.micrometer.core.instrument.internal.DefaultGauge
 967:            88           2112  io.micrometer.prometheus.PrometheusMeterRegistry$$Lambda$589/697460450
 968:            66           2112  java.util.Formatter
 969:            66           2112  org.springframework.asm.Type
 970:            66           2112  org.springframework.core.annotation.TypeMappedAnnotations$AggregatesSpliterator
 971:            29           2088  rx.internal.operators.OnSubscribeConcatMap$ConcatMapSubscriber
 972:            65           2080  java.time.format.DateTimeFormatterBuilder$NumberPrinterParser
 973:            52           2080  org.hibernate.validator.internal.metadata.aggregated.CascadingMetaDataBuilder
 974:            65           2080  org.springframework.boot.loader.jar.StringSequence
 975:            65           2080  sun.reflect.UnsafeStaticObjectFieldAccessorImpl
 976:           130           2080  sun.security.x509.KeyIdentifier
 977:            86           2064  com.netflix.hystrix.strategy.properties.archaius.HystrixDynamicPropertiesArchaius$BooleanDynamicProperty
 978:           128           2048  java.lang.Character
 979:           128           2048  rx.subscriptions.BooleanSubscription
 980:            51           2040  org.springframework.core.log.CompositeLog
 981:            85           2040  org.springframework.core.type.StandardMethodMetadata
 982:            51           2040  rx.observers.SafeSubscriber
 983:            23           2024  [Lcom.netflix.hystrix.HystrixEventType;
 984:            84           2016  com.fasterxml.classmate.Annotations
 985:            63           2016  java.net.Inet6Address
 986:            63           2016  java.net.Inet6Address$Inet6AddressHolder
 987:            84           2016  org.apache.logging.log4j.core.impl.ExtendedStackTraceElement
 988:            36           2016  org.aspectj.internal.lang.reflect.AjTypeImpl
 989:            28           2016  org.hibernate.validator.internal.metadata.aggregated.ExecutableMetaData
 990:            63           2016  org.springframework.boot.context.properties.ConfigurationPropertiesBean
 991:            50           2000  com.fasterxml.jackson.databind.ser.PropertyBuilder
 992:            50           2000  java.net.SocketTimeoutException
 993:            83           1992  com.fasterxml.jackson.databind.introspect.AnnotatedClass$Creators
 994:            41           1968  rx.internal.operators.OnSubscribeMap$MapSubscriber
 995:            41           1968  sun.util.locale.LocaleObjectCache$CacheEntry
 996:            35           1960  com.fasterxml.jackson.databind.type.CollectionType
 997:            61           1952  io.micrometer.prometheus.MicrometerCollector
 998:           122           1952  sun.security.x509.SerialNumber
 999:            59           1944  [Ljava.time.format.DateTimeFormatterBuilder$DateTimePrinterParser;
1000:            81           1944  rx.internal.operators.OnSubscribeMap
1001:            60           1920  com.fasterxml.classmate.TypeBindings
1002:            80           1920  org.apache.logging.log4j.core.pattern.PatternFormatter
1003:            48           1920  springfox.documentation.spi.service.contexts.RequestMappingContext
1004:             2           1904  [Lcom.ctg.itrdc.cache.monitor.CommandUtil$SupportCommand;
1005:            79           1896  org.springframework.beans.factory.annotation.InjectionMetadata
1006:            59           1888  com.fasterxml.jackson.core.sym.CharsToNameCanonicalizer$TableInfo
1007:           118           1888  feign.template.Literal
1008:            47           1880  java.time.format.DateTimeFormatter
1009:            78           1872  [Lcom.netflix.loadbalancer.Server;
1010:            78           1872  com.netflix.loadbalancer.BaseLoadBalancer$Pinger
1011:            39           1872  sun.net.www.protocol.http.HttpURLConnection$HttpInputStream
1012:            39           1872  sun.net.www.protocol.http.HttpURLConnection$StreamingOutputStream
1013:           116           1856  com.netflix.hystrix.strategy.properties.HystrixPropertiesChainedProperty$ChainHystrixProperty
1014:           116           1856  com.netflix.hystrix.strategy.properties.HystrixPropertiesChainedProperty$ChainProperty$1
1015:            77           1848  com.java.yxt.base.Response
1016:            46           1840  sun.nio.ch.SelectionKeyImpl
1017:           115           1840  sun.reflect.BootstrapConstructorAccessorImpl
1018:            57           1824  org.hibernate.validator.internal.util.annotation.ConstraintAnnotationDescriptor
1019:            19           1824  rx.internal.operators.OperatorMerge$MergeSubscriber
1020:            38           1824  springfox.documentation.builders.ModelFacetsBuilder
1021:            45           1800  springfox.documentation.builders.CompoundModelSpecificationBuilder
1022:            75           1800  springfox.documentation.service.Representation
1023:            75           1800  sun.nio.cs.Surrogate$Parser
1024:           112           1792  sun.security.x509.CertificateAlgorithmId
1025:           112           1792  sun.security.x509.CertificateSerialNumber
1026:           112           1792  sun.security.x509.CertificateVersion
1027:           112           1792  sun.security.x509.CertificateX509Key
1028:            37           1776  java.util.concurrent.ConcurrentHashMap$TreeBin
1029:            37           1776  org.springframework.beans.SimpleTypeConverter
1030:            74           1776  org.springframework.beans.TypeConverterDelegate
1031:            44           1760  org.springframework.beans.factory.config.ConstructorArgumentValues$ValueHolder
1032:            73           1752  org.hibernate.validator.internal.engine.constraintvalidation.SimpleConstraintTree
1033:           109           1744  org.springframework.boot.autoconfigure.condition.OnPropertyCondition
1034:            31           1736  org.apache.tomcat.util.res.StringManager$1
1035:            72           1728  [Lfeign.template.TemplateChunk;
1036:            27           1728  feign.SynchronousMethodHandler
1037:            72           1728  java.util.Collections$SynchronizedRandomAccessList
1038:            36           1728  org.aspectj.weaver.UnresolvedType
1039:            27           1728  org.hibernate.validator.internal.engine.path.NodeImpl
1040:            36           1728  org.hibernate.validator.internal.metadata.raw.ConstrainedExecutable
1041:            36           1728  rx.internal.operators.OperatorSingle$ParentSubscriber
1042:            53           1696  java.security.spec.EllipticCurve
1043:           105           1680  com.sun.proxy.$Proxy41
1044:            70           1680  java.time.LocalDateTime
1045:            70           1680  org.aspectj.weaver.WeakClassLoaderReference
1046:            70           1680  org.aspectj.weaver.bcel.BcelWeakClassLoaderReference
1047:            70           1680  org.aspectj.weaver.reflect.Java15AnnotationFinder
1048:            42           1680  org.springframework.boot.context.properties.source.SpringIterableConfigurationPropertySource$Mappings
1049:           105           1680  springfox.documentation.builders.ModelSpecificationBuilder$$Lambda$975/447320069
1050:            52           1664  java.util.ResourceBundle$LoaderReference
1051:            52           1664  org.springframework.core.type.StandardAnnotationMetadata
1052:            23           1656  org.hibernate.validator.internal.metadata.aggregated.BeanMetaDataImpl
1053:            70           1648  [Lorg.springframework.core.MethodParameter;
1054:            68           1632  com.fasterxml.jackson.databind.util.ArrayIterator
1055:            67           1608  java.util.Collections$SetFromMap
1056:            67           1608  sun.nio.ch.Util$BufferCache
1057:            50           1600  com.fasterxml.jackson.databind.ser.impl.ReadOnlyClassToSerializerMap$Bucket
1058:            50           1600  com.fasterxml.jackson.databind.util.ClassUtil$Ctor
1059:            40           1600  rx.observers.SerializedSubscriber
1060:            40           1600  sun.management.DiagnosticCommandArgumentInfo
1061:            66           1584  com.fasterxml.jackson.databind.introspect.AnnotatedMethodCollector
1062:            33           1584  java.io.BufferedReader
1063:            66           1584  java.util.Formatter$FixedString
1064:            66           1584  org.springframework.core.annotation.TypeMappedAnnotations$AggregatesCollector
1065:            49           1568  org.hibernate.validator.internal.metadata.core.BuiltinConstraint
1066:            49           1568  org.springframework.cglib.proxy.MethodProxy$FastClassInfo
1067:            49           1568  org.springframework.context.event.AbstractApplicationEventMulticaster$ListenerRetriever
1068:            39           1560  com.ecwid.consul.v1.health.HealthServicesRequest
1069:            39           1560  com.ecwid.consul.v1.health.HealthServicesRequest$Builder
1070:            65           1560  java.security.spec.ECPoint
1071:            65           1560  org.springframework.boot.loader.jar.JarURLConnection$JarEntryName
1072:            97           1552  com.sun.proxy.$Proxy20
1073:            64           1536  org.springframework.core.convert.support.GenericConversionService$ConverterCacheKey
1074:            48           1536  org.springframework.expression.spel.standard.TokenKind
1075:            96           1536  org.springframework.util.CollectionUtils$$Lambda$1250/292167944
1076:            38           1520  com.java.yxt.util.qps.CacheNode
1077:            63           1512  java.time.LocalDate
1078:            27           1512  java.util.HashMap$TreeNode
1079:            63           1512  org.aspectj.weaver.reflect.JavaLangTypeToResolvedTypeConverter
1080:            47           1504  rx.internal.operators.OnSubscribeRefCount
1081:            91           1456  java.util.Comparator$$Lambda$26/654845766
1082:            90           1440  feign.RequestTemplate$$Lambda$529/403598020
1083:            36           1440  feign.Response$Builder
1084:            45           1440  feign.template.UriTemplate
1085:            30           1440  java.net.NetworkInterface
1086:            60           1440  java.time.LocalTime
1087:            30           1440  java.time.temporal.ValueRange
1088:            36           1440  org.springframework.cloud.openfeign.ribbon.FeignLoadBalancer$RibbonRequest
1089:            90           1440  rx.internal.operators.OnSubscribeDefer
1090:            59           1416  com.fasterxml.jackson.databind.deser.DeserializerCache
1091:            59           1416  com.fasterxml.jackson.databind.introspect.SimpleMixInResolver
1092:            59           1416  com.fasterxml.jackson.databind.ser.SerializerCache
1093:            59           1416  java.time.format.DateTimeFormatterBuilder$CompositePrinterParser
1094:            44           1408  org.hibernate.validator.internal.properties.javabean.JavaBeanMethod
1095:            88           1408  org.springframework.core.annotation.AnnotatedElementUtils$AnnotatedElementForAnnotations
1096:            22           1408  sun.net.www.http.ChunkedInputStream
1097:            16           1392  [Ljava.lang.Byte;
1098:            87           1392  com.sun.proxy.$Proxy77
1099:            87           1392  java.lang.ThreadLocal
1100:            29           1392  rx.internal.operators.OnSubscribeConcatMap$ConcatMapInnerSubscriber
1101:             1           1376  [Lsun.misc.FDBigInteger;
1102:            34           1360  java.math.BigDecimal
1103:            34           1360  java.util.PropertyResourceBundle
1104:            42           1344  java.lang.RuntimeException
1105:            42           1344  java.util.concurrent.atomic.LongAdder
1106:             7           1344  org.aspectj.weaver.reflect.ReflectionWorld
1107:            28           1344  org.hibernate.validator.internal.metadata.aggregated.ReturnValueMetaData
1108:            42           1344  org.springframework.boot.context.properties.source.SoftReferenceConfigurationPropertyCache
1109:            42           1344  org.springframework.boot.context.properties.source.SpringIterableConfigurationPropertySource
1110:            24           1344  org.springframework.web.util.UriComponentsBuilder
1111:            33           1320  rx.subjects.SubjectSubscriptionManager
1112:            33           1320  sun.security.x509.AuthorityKeyIdentifierExtension
1113:            82           1312  com.fasterxml.jackson.databind.introspect.AnnotatedMethodMap
1114:             9           1296  [Lorg.aspectj.apache.bcel.generic.Type;
1115:            54           1296  feign.template.Template$ChunkTokenizer
1116:            54           1296  java.net.InterfaceAddress
1117:            27           1296  java.util.Properties
1118:            54           1296  rx.internal.util.ScalarSynchronousObservable
1119:            54           1296  rx.observers.SerializedObserver
1120:            23           1288  com.fasterxml.jackson.databind.type.MapType
1121:            39           1280  [Ljava.math.BigInteger;
1122:            16           1280  com.ctg.itrdc.cache.pool.ProxyJedis$ProxyClient
1123:            80           1280  com.sun.proxy.$Proxy45
1124:            40           1280  java.lang.NumberFormatException
1125:            32           1280  org.springframework.cglib.proxy.Enhancer$EnhancerKey$$KeyFactoryByCGLIB$$4ce19e8f
1126:            40           1280  rx.internal.operators.OnSubscribeConcatMap
1127:            53           1272  com.fasterxml.jackson.databind.ser.impl.ReadOnlyClassToSerializerMap
1128:            54           1264  [Lcom.fasterxml.classmate.Annotations;
1129:            52           1248  [[Ljava.lang.annotation.Annotation;
1130:            39           1248  com.ecwid.consul.v1.health.HealthConsulClient$3
1131:            39           1248  java.util.concurrent.CountDownLatch$Sync
1132:            52           1248  java.util.stream.ReduceOps$2
1133:            52           1248  java.util.stream.ReduceOps$2ReducingSink
1134:            26           1248  java.util.stream.StreamSpliterators$WrappingSpliterator
1135:            52           1248  org.apache.logging.log4j.core.impl.ExtendedClassInfo
1136:            52           1248  org.apache.logging.log4j.core.impl.ThrowableProxyHelper$CacheEntry
1137:            39           1248  org.apache.logging.log4j.core.pattern.LiteralPatternConverter
1138:            52           1248  org.jboss.logging.Log4j2Logger
1139:            26           1248  rx.internal.operators.OnSubscribeRefCount$2
1140:            39           1248  sun.net.www.HeaderParser
1141:            52           1248  sun.net.www.protocol.http.HttpURLConnection$10
1142:            22           1232  org.springframework.core.env.PropertySourcesPropertyResolver
1143:            22           1232  rx.internal.operators.OperatorPublish$PublishSubscriber
1144:            51           1216  [Lcom.fasterxml.jackson.databind.util.ClassUtil$Ctor;
1145:            76           1216  rx.internal.subscriptions.SequentialSubscription
1146:            15           1208  [Ljava.beans.PropertyDescriptor;
1147:            50           1200  com.fasterxml.jackson.core.io.SegmentedStringWriter
1148:            30           1200  java.time.temporal.ChronoField
1149:            75           1200  java.util.concurrent.ConcurrentHashMap$ValuesView
1150:            50           1200  java.util.regex.Pattern$7
1151:            48           1192  [Ljavax.management.MBeanOperationInfo;
1152:            37           1184  javax.management.MBeanParameterInfo
1153:            74           1184  org.springframework.web.servlet.mvc.condition.RequestMethodsRequestCondition
1154:            74           1184  springfox.documentation.schema.ReferenceModelSpecification
1155:            33           1176  [Lorg.springframework.asm.Type;
1156:            21           1176  io.micrometer.prometheus.PrometheusTimer
1157:            73           1168  org.apache.juli.logging.DirectJDKLog
1158:            70           1160  [Ljava.util.stream.Collector$Characteristics;
1159:            48           1152  com.ecwid.consul.v1.health.model.HealthService
1160:            48           1152  com.fasterxml.jackson.databind.introspect.AnnotationCollector$OneAnnotation
1161:            36           1152  com.netflix.servo.monitor.StepLong
1162:            36           1152  feign.Response
1163:            24           1152  feign.Retryer$Default
1164:            36           1152  java.io.File
1165:            16           1152  org.apache.commons.pool2.impl.DefaultPooledObject
1166:            36           1152  org.springframework.cloud.sleuth.instrument.async.TraceCallable
1167:             9           1152  org.springframework.context.annotation.AnnotationConfigApplicationContext
1168:            72           1152  org.springframework.web.util.HierarchicalUriComponents$PathSegmentComponent
1169:            72           1152  rx.internal.operators.OperatorDoOnUnsubscribe
1170:            24           1152  springfox.documentation.spi.service.contexts.OperationModelContextsBuilder
1171:            47           1128  rx.internal.operators.OperatorPublish
1172:            47           1128  sun.reflect.generics.repository.FieldRepository
1173:            14           1120  com.sun.org.apache.xalan.internal.xsltc.trax.TransformerFactoryImpl
1174:            70           1120  com.sun.proxy.$Proxy1
1175:             4           1120  java.util.concurrent.ConcurrentHashMap$CounterCell
1176:             7           1120  org.aspectj.weaver.Lint
1177:            28           1120  org.springframework.http.client.InterceptingClientHttpRequest
1178:            14           1120  redis.clients.jedis.Client
1179:             4           1104  [Ljava.lang.Integer;
1180:            46           1104  org.apache.coyote.ActionCode
1181:            69           1104  org.apache.tomcat.util.threads.TaskThread$WrappingRunnable
1182:            23           1104  org.hibernate.validator.internal.util.ConcurrentReferenceHashMap$SoftKeyReference
1183:            23           1104  org.hibernate.validator.internal.util.ConcurrentReferenceHashMap$SoftValueReference
1184:            23           1104  sun.management.DiagnosticCommandInfo
1185:            68           1088  java.net.Socket$2
1186:            34           1088  java.util.Random
1187:            17           1088  org.springframework.beans.factory.support.DefaultListableBeanFactory$NestedDependencyDescriptor
1188:            45           1080  com.netflix.servo.monitor.NumericMonitorWrapper
1189:            27           1080  java.io.BufferedWriter
1190:            45           1080  java.time.Instant
1191:            19           1064  org.apache.logging.log4j.core.util.datetime.FixedDateFormat$FixedFormat
1192:             2           1056  [Ljava.lang.Long;
1193:             2           1056  [Ljava.lang.Short;
1194:            66           1056  com.sun.proxy.$Proxy60
1195:            33           1056  org.springframework.boot.actuate.metrics.web.servlet.LongTaskTimingHandlerInterceptor$$Lambda$1341/551934473
1196:             1           1040  [[Ljava.lang.Class;
1197:             1           1040  [[S
1198:            65           1040  com.sun.proxy.$Proxy30
1199:            65           1040  rx.subscriptions.SerialSubscription
1200:            43           1032  org.springframework.http.ResponseEntity
1201:            32           1024  com.java.yxt.util.prometheus.PrometheusMonitorUtil$Stats
1202:            32           1024  com.java.yxt.util.prometheus.PrometheusMonitorUtil$Stats$StatsBuilder
1203:             8           1024  com.netflix.hystrix.metric.CachedValuesHistogram
1204:            64           1024  com.sun.proxy.$Proxy40
1205:            64           1024  com.sun.proxy.$Proxy53
1206:             7           1008  [Ljava.util.concurrent.locks.ReentrantLock;
1207:            18           1008  com.netflix.loadbalancer.reactive.LoadBalancerCommand$Builder
1208:            21           1008  io.micrometer.core.instrument.distribution.TimeWindowMax
1209:            18           1008  javax.management.openmbean.CompositeType
1210:            63           1008  org.springframework.boot.context.properties.bind.Bindable$$Lambda$65/1720435669
1211:            42           1008  org.springframework.core.convert.support.GenericConversionService$ConverterFactoryAdapter
1212:            42           1008  org.springframework.format.datetime.standard.TemporalAccessorParser
1213:            18           1008  rx.internal.operators.OperatorSubscribeOn$SubscribeOnSubscriber
1214:            25           1000  feign.Request$Options
1215:            25           1000  org.springframework.util.AntPathMatcher
1216:            31            992  java.util.concurrent.ScheduledThreadPoolExecutor$DelayedWorkQueue
1217:            31            992  org.springframework.cglib.core.WeakCacheKey
1218:            31            992  org.springframework.cglib.proxy.Enhancer$EnhancerFactoryData
1219:            38            960  [Lcom.fasterxml.jackson.databind.introspect.AnnotationMap;
1220:            40            960  [Ljava.net.InetSocketAddress;
1221:            12            960  [Lorg.hibernate.validator.internal.util.ConcurrentReferenceHashMap$Segment;
1222:            12            960  com.google.common.cache.LocalCache$Segment
1223:            60            960  com.sun.proxy.$Proxy34
1224:            30            960  java.net.NetworkInterface$1checkedAddresses
1225:            30            960  java.security.Provider$EngineDescription
1226:            40            960  org.springframework.boot.autoconfigure.condition.OnWebApplicationCondition
1227:            40            960  org.springframework.boot.context.properties.source.ConfigurationProperty
1228:            40            960  org.springframework.boot.origin.PropertySourceOrigin
1229:            30            960  org.springframework.core.type.filter.AnnotationTypeFilter
1230:            24            960  springfox.documentation.service.ApiDescription
1231:            40            960  sun.net.www.http.KeepAliveEntry
1232:             1            952  [Lcom.ctg.itrdc.cache.vjedis.jedis.Protocol$Command;
1233:            17            952  sun.misc.URLClassPath$JarLoader
1234:             6            944  [Ljava.beans.MethodDescriptor;
1235:            59            944  com.fasterxml.jackson.databind.introspect.BasicClassIntrospector
1236:            59            944  com.fasterxml.jackson.databind.jsontype.impl.StdSubtypeResolver
1237:            59            944  com.fasterxml.jackson.databind.util.RootNameLookup
1238:            39            936  org.apache.http.pool.AbstractConnPool$4
1239:            39            936  org.springframework.core.ResolvableType$SyntheticParameterizedType
1240:            39            936  org.springframework.core.ResolvableType$TypeVariablesVariableResolver
1241:            29            928  sun.reflect.generics.repository.ConstructorRepository
1242:            23            920  com.ulisesbocchio.jasyptspringboot.caching.CachingDelegateEncryptablePropertySource
1243:            38            912  org.springframework.boot.origin.TextResourceOrigin
1244:            38            912  org.springframework.boot.origin.TextResourceOrigin$Location
1245:            38            912  org.springframework.core.annotation.AnnotationTypeMapping$MirrorSets$MirrorSet
1246:            38            912  springfox.documentation.service.ParameterSpecification
1247:            28            896  [Lcom.ecwid.consul.UrlParameters;
1248:            28            896  com.fasterxml.jackson.databind.DeserializationFeature
1249:            28            896  com.fasterxml.jackson.databind.MapperFeature
1250:            28            896  com.java.yxt.controller.CallbackController$1
1251:            16            896  javax.management.openmbean.ArrayType
1252:            28            896  org.apache.commons.pool2.impl.LinkedBlockingDeque$DescendingItr
1253:            56            896  org.springframework.core.convert.support.ObjectToStringConverter
1254:            28            896  org.springframework.util.MimeType
1255:            28            896  org.springframework.util.PropertyPlaceholderHelper
1256:            37            888  com.java.yxt.filter.RequestWrapper
1257:            37            888  com.java.yxt.filter.ResponseWrapper
1258:            37            888  com.java.yxt.filter.ResponseWrapper$MyServletOutputStream
1259:            37            888  springfox.documentation.service.ContentSpecification
1260:            22            880  com.sun.jmx.mbeanserver.MXBeanSupport
1261:            55            880  com.sun.proxy.$Proxy140
1262:            22            880  java.lang.invoke.DirectMethodHandle$Constructor
1263:            55            880  java.time.format.DateTimeFormatterBuilder$CharLiteralPrinterParser
1264:            22            880  javax.management.MBeanOperationInfo
1265:            22            880  rx.internal.operators.OperatorWindowWithTime
1266:            11            880  rx.internal.schedulers.SchedulePeriodicHelper$1
1267:            18            864  com.netflix.hystrix.AbstractCommand$HystrixObservableTimeoutOperator$3
1268:            27            864  com.netflix.hystrix.HystrixCommand$Setter
1269:            18            864  com.netflix.hystrix.util.HystrixTimer$TimerReference
1270:            27            864  com.netflix.servo.monitor.BasicTimer$FactorMonitor
1271:            54            864  com.sun.proxy.$Proxy42
1272:            27            864  feign.AsyncResponseHandler
1273:            36            864  feign.RequestTemplate$$Lambda$1374/571026321
1274:            27            864  java.util.UUID
1275:            27            864  org.hibernate.validator.internal.engine.path.PathImpl
1276:            54            864  rx.functions.Actions$Action1CallsAction0
1277:            18            864  rx.internal.operators.BlockingOperatorToFuture$1
1278:            36            864  rx.internal.producers.SingleProducer
1279:            54            864  rx.internal.util.ScalarSynchronousObservable$JustOnSubscribe
1280:            36            864  rx.internal.util.ScalarSynchronousObservable$WeakSingleProducer
1281:            18            864  rx.observables.BlockingObservable$3
1282:            35            840  java.time.ZoneRegion
1283:            35            840  org.springframework.web.client.MessageBodyClientHttpResponseWrapper
1284:            25            832  [Ljava.io.ObjectStreamField;
1285:            52            832  [Lorg.springframework.lang.Nullable;
1286:            26            832  com.google.gson.internal.LinkedTreeMap$KeySet$1
1287:            26            832  feign.ReflectiveFeign$BuildEncodedTemplateFromArgs
1288:            52            832  java.util.function.BinaryOperator$$Lambda$1335/440224863
1289:            52            832  org.apache.logging.log4j.message.MessageFormatMessageFactory
1290:            26            832  org.hibernate.validator.internal.engine.valueextraction.ValueExtractorDescriptor
1291:            26            832  org.hibernate.validator.internal.properties.javabean.JavaBeanParameter
1292:            52            832  org.hibernate.validator.internal.util.logging.Log_$logger
1293:            52            832  org.springframework.boot.actuate.health.HealthEndpointSupport$$Lambda$1333/2114257108
1294:            52            832  org.springframework.boot.actuate.health.SimpleStatusAggregator$$Lambda$1334/1330396220
1295:            26            832  org.springframework.boot.actuate.health.SystemHealth
1296:            26            832  rx.internal.operators.OperatorPublish$InnerProducer
1297:            26            832  springfox.documentation.schema.ModelKeyBuilder
1298:            15            824  [Lcom.sun.org.apache.xalan.internal.utils.XMLSecurityManager$State;
1299:            34            816  java.util.stream.Collectors$$Lambda$525/1068445309
1300:            17            816  org.hibernate.validator.internal.properties.javabean.JavaBeanGetter
1301:            34            816  org.springframework.core.SerializableTypeWrapper$FieldTypeProvider
1302:            25            800  com.fasterxml.jackson.databind.SerializationFeature
1303:            25            800  java.io.PrintStream
1304:            10            800  org.springframework.context.support.PropertySourcesPlaceholderConfigurer
1305:            20            800  sun.util.locale.BaseLocale$Key
1306:            33            792  [Lorg.springframework.validation.Validator;
1307:            33            792  com.java.yxt.filter.RequestWrapper$1
1308:            33            792  java.time.format.DateTimePrintContext
1309:            33            792  org.springframework.beans.factory.config.BeanExpressionContext
1310:            33            792  org.springframework.web.servlet.mvc.method.annotation.AbstractMessageConverterMethodArgumentResolver$$Lambda$1342/1282017852
1311:            33            792  rx.subjects.BehaviorSubject
1312:            49            784  com.sun.proxy.$Proxy2
1313:            48            768  com.netflix.loadbalancer.Server$1
1314:            32            768  com.sun.jmx.mbeanserver.DefaultMXBeanMappingFactory$IdentityMapping
1315:            32            768  java.util.regex.Pattern$CharProperty$1
1316:            24            768  org.apache.commons.pool2.impl.EvictionConfig
1317:            48            768  org.springframework.cloud.consul.discovery.ConsulServer$1
1318:            48            768  org.springframework.web.util.UriComponentsBuilder$CompositePathComponentBuilder
1319:            24            768  springfox.documentation.RequestHandlerKey
1320:            24            768  sun.security.x509.OIDMap$OIDInfo
1321:            19            760  org.apache.tomcat.util.collections.ManagedConcurrentWeakHashMap$Key
1322:             5            760  org.aspectj.weaver.TypeVariableReferenceType
1323:            19            760  org.springframework.beans.factory.annotation.InitDestroyAnnotationBeanPostProcessor$LifecycleMetadata
1324:            47            752  rx.internal.operators.OperatorPublish$1
1325:            31            744  java.util.regex.Pattern$SliceI
1326:            31            744  org.apache.tomcat.util.res.StringManager
1327:            31            744  org.springframework.boot.actuate.health.Status
1328:            23            736  com.java.yxt.base.AbilityGatewayExceptionEnum
1329:            23            736  com.sun.jmx.mbeanserver.WeakIdentityHashMap$IdentityWeakReference
1330:            46            736  com.sun.proxy.$Proxy139
1331:            23            736  org.hibernate.validator.internal.properties.javabean.JavaBeanField
1332:            23            736  org.hibernate.validator.internal.util.ConcurrentReferenceHashMap$HashEntry
1333:            23            736  sun.management.DiagnosticCommandImpl$Wrapper
1334:            23            736  sun.management.MappedMXBeanType$BasicMXBeanType
1335:            23            736  sun.net.www.http.ClientVector
1336:            30            720  [Ljava.net.InterfaceAddress;
1337:            36            720  [Ljava.net.NetworkInterface;
1338:            30            720  com.alibaba.fastjson.serializer.SerializerFeature
1339:            30            720  com.fasterxml.jackson.databind.ser.impl.PropertySerializerMap$Single
1340:            18            720  com.netflix.config.ChainedDynamicProperty$IntProperty
1341:            18            720  com.netflix.hystrix.AbstractCommand$7
1342:            18            720  com.netflix.hystrix.AbstractCommand$DeprecatedOnRunHookApplication$1
1343:            18            720  com.netflix.hystrix.AbstractCommand$ExecutionHookApplication$1
1344:            18            720  com.netflix.loadbalancer.reactive.LoadBalancerCommand
1345:            18            720  com.sun.jmx.mbeanserver.PerInterface
1346:            15            720  java.lang.management.PlatformComponent
1347:            15            720  org.aspectj.weaver.TypeVariable
1348:            18            720  org.springframework.cloud.openfeign.ribbon.LoadBalancerFeignClient$FeignOptionsClientConfig
1349:            10            720  org.springframework.context.annotation.ClassPathBeanDefinitionScanner
1350:            29            704  [Ljavax.management.MBeanParameterInfo;
1351:            44            704  com.sun.proxy.$Proxy29
1352:             8            704  rx.internal.operators.OperatorWindowWithSize$WindowOverlap
1353:            11            704  rx.internal.operators.OperatorWindowWithTime$ExactSubscriber
1354:            29            696  java.time.Duration
1355:            29            696  rx.internal.operators.OnSubscribeConcatMap$1
1356:            29            696  sun.reflect.generics.scope.ConstructorScope
1357:            43            688  sun.reflect.generics.tree.ArrayTypeSignature
1358:            17            680  java.util.Collections$SingletonMap
1359:             1            672  [Lredis.clients.jedis.Protocol$Command;
1360:             7            672  com.fasterxml.jackson.databind.deser.BeanDeserializer
1361:            28            672  com.java.yxt.model.vo.request.CallBackParam
1362:            28            672  com.netflix.servo.tag.BasicTag
1363:            42            672  com.sun.proxy.$Proxy19
1364:            21            672  io.micrometer.prometheus.PrometheusMeterRegistry$$Lambda$719/1456620704
1365:            28            672  java.util.concurrent.FutureTask$WaitNode
1366:            28            672  org.apache.commons.pool2.impl.BaseGenericObjectPool$EvictionIterator
1367:            42            672  org.aspectj.weaver.reflect.Java15GenericSignatureInformationProvider
1368:            14            672  org.hibernate.validator.internal.metadata.aggregated.ParameterMetaData
1369:            28            672  org.hibernate.validator.internal.metadata.aggregated.ValidatableParametersMetaData
1370:            42            672  org.springframework.format.datetime.standard.TemporalAccessorPrinter
1371:            12            672  sun.security.ssl.CipherSuite$BulkCipher
1372:            41            656  com.sun.proxy.$Proxy168
1373:            27            648  com.netflix.servo.monitor.BasicCompositeMonitor
1374:             9            648  springfox.documentation.service.ApiListing
1375:            16            640  com.ctg.itrdc.cache.pool.ProxyJedis
1376:             8            640  com.java.yxt.model.vo.request.PositioningVo
1377:            40            640  com.sun.proxy.$Proxy111
1378:            10            640  java.security.SecureRandom
1379:            20            640  java.util.Locale
1380:            20            640  java.util.concurrent.FutureTask
1381:            10            640  java.util.jar.JarFile
1382:            10            640  org.springframework.aop.framework.ProxyFactory
1383:            10            640  org.springframework.context.annotation.CommonAnnotationBeanPostProcessor
1384:            20            640  org.springframework.context.annotation.ConditionEvaluator$ConditionContextImpl
1385:            10            640  org.springframework.context.annotation.ConfigurationClassPostProcessor
1386:            20            640  org.springframework.expression.spel.SpelParserConfiguration
1387:            20            640  sun.util.locale.BaseLocale
1388:            33            632  [Lcom.alibaba.fastjson.parser.Feature;
1389:             3            624  [Ljava.lang.invoke.LambdaForm;
1390:            26            624  com.alibaba.fastjson.parser.Feature
1391:            39            624  com.ecwid.consul.v1.TagsParameters
1392:            13            624  com.fasterxml.jackson.core.JsonToken
1393:            26            624  com.sun.jmx.mbeanserver.PerInterface$MethodAndSig
1394:            26            624  java.lang.ProcessEnvironment$Value
1395:            26            624  java.lang.ProcessEnvironment$Variable
1396:            26            624  java.security.spec.ECFieldF2m
1397:            26            624  java.util.Spliterators$1Adapter
1398:            39            624  java.util.concurrent.CountDownLatch
1399:            39            624  java.util.regex.Pattern$CharPropertyNames$1
1400:            26            624  javax.management.openmbean.CompositeDataSupport
1401:            26            624  org.hibernate.validator.internal.engine.valueextraction.ValueExtractorDescriptor$Key
1402:            26            624  org.springframework.boot.actuate.endpoint.web.WebEndpointResponse
1403:            26            624  org.springframework.boot.actuate.health.CompositeHealth
1404:            26            624  org.springframework.boot.actuate.health.DefaultContributorRegistry$1
1405:            26            624  org.springframework.boot.actuate.health.HealthEndpointSupport$HealthResult
1406:            26            624  org.springframework.cloud.client.discovery.health.DiscoveryCompositeHealthContributor$1
1407:            26            624  rx.internal.operators.OnSubscribeRefCount$3
1408:            26            624  rx.internal.operators.OperatorWindowWithSize
1409:            26            624  springfox.documentation.builders.QualifiedModelNameBuilder
1410:             7            616  org.springframework.aop.aspectj.AspectJAroundAdvice
1411:            19            608  com.netflix.hystrix.ExecutionResult$EventCounts
1412:            38            608  com.sun.proxy.$Proxy32
1413:            38            608  org.apache.catalina.webresources.Cache$EvictionOrder
1414:            19            608  rx.internal.operators.OperatorMerge$MergeProducer
1415:            25            600  java.io.BufferedOutputStream
1416:            15            600  java.util.EnumMap
1417:            25            600  org.springframework.core.NamedThreadLocal
1418:            25            600  org.springframework.http.HttpEntity
1419:            25            600  org.springframework.util.AntPathMatcher$PathSeparatorPatternCache
1420:            37            592  org.springframework.boot.actuate.metrics.web.servlet.LongTaskTimingHandlerInterceptor$LongTaskTimingContext
1421:            37            592  org.springframework.core.SerializableTypeWrapper$TypeProxyInvocationHandler
1422:            18            576  com.google.common.collect.Iterators$5
1423:             8            576  com.java.yxt.feign.vo.request.ContinuePositioningRequest
1424:            18            576  com.netflix.client.RequestSpecificRetryHandler
1425:            18            576  com.netflix.hystrix.metric.HystrixCommandCompletion
1426:            18            576  com.netflix.hystrix.metric.HystrixCommandExecutionStarted
1427:            18            576  com.netflix.hystrix.metric.consumer.BucketedCounterStream$2
1428:            18            576  com.netflix.loadbalancer.reactive.LoadBalancerCommand$3
1429:            18            576  com.netflix.loadbalancer.reactive.LoadBalancerCommand$3$1$1
1430:            18            576  com.netflix.loadbalancer.reactive.LoadBalancerCommand$4
1431:            18            576  com.netflix.loadbalancer.reactive.LoadBalancerCommand$ExecutionInfoContext
1432:            24            576  com.netflix.servo.monitor.AnnotatedStringMonitor
1433:            18            576  com.netflix.servo.monitor.TimedStopwatch
1434:            36            576  com.sun.proxy.$Proxy33
1435:            36            576  feign.RequestTemplate$$Lambda$1371/1448254307
1436:            36            576  feign.RequestTemplate$$Lambda$722/1406004470
1437:            24            576  io.micrometer.core.instrument.StrongReferenceGaugeFunction
1438:            24            576  java.io.ExpiringCache$Entry
1439:            24            576  java.lang.invoke.Invokers
1440:            18            576  java.util.LinkedList$LLSpliterator
1441:            18            576  java.util.TreeMap$ValueIterator
1442:            18            576  java.util.stream.FindOps$FindOp
1443:            24            576  org.aspectj.weaver.tools.PointcutPrimitive
1444:             9            576  org.hibernate.validator.internal.engine.validationcontext.BeanValidationContext
1445:            12            576  org.hibernate.validator.internal.metadata.raw.ConstrainedParameter
1446:            12            576  org.hibernate.validator.internal.util.ConcurrentReferenceHashMap
1447:            24            576  org.springframework.boot.origin.OriginTrackedValue
1448:             9            576  org.springframework.cglib.beans.BeanCopier$Generator
1449:             9            576  org.springframework.core.type.classreading.CachingMetadataReaderFactory$LocalResourceCache
1450:            24            576  org.springframework.http.client.InterceptingClientHttpRequest$InterceptingRequestExecution
1451:            18            576  org.springframework.plugin.core.support.AbstractTypeAwareSupport$BeansOfTypeTargetSource
1452:            18            576  org.springframework.plugin.core.support.PluginRegistryFactoryBean
1453:            24            576  org.springframework.web.util.DefaultUriBuilderFactory$DefaultUriBuilder
1454:            24            576  org.springframework.web.util.HierarchicalUriComponents$$Lambda$1345/1376357746
1455:            24            576  org.springframework.web.util.HierarchicalUriComponents$$Lambda$1347/651618910
1456:            18            576  redis.clients.util.RedisInputStream
1457:            18            576  rx.internal.operators.BlockingOperatorToFuture$2
1458:            36            576  rx.internal.operators.OperatorDoOnSubscribe
1459:            36            576  rx.internal.operators.OperatorOnErrorResumeNextViaFunction
1460:            36            576  rx.observables.BlockingObservable
1461:            24            576  springfox.documentation.spi.service.contexts.PathContext
1462:            24            576  springfox.documentation.spring.web.OperationCachingEquivalence$Wrapper
1463:            24            576  springfox.documentation.spring.web.plugins.DocumentationPluginsManager$$Lambda$1245/1595472338
1464:            18            576  sun.security.util.MemoryCache
1465:            24            560  [Lrx.internal.operators.OperatorPublish$InnerProducer;
1466:             7            560  com.fasterxml.jackson.databind.deser.std.StdValueInstantiator
1467:            14            560  javax.management.openmbean.SimpleType
1468:            14            560  org.springframework.beans.propertyeditors.CustomNumberEditor
1469:            10            560  sun.invoke.util.Wrapper
1470:            23            552  [Lsun.management.DiagnosticCommandArgumentInfo;
1471:            23            552  brave.spring.web.TracingClientHttpRequestInterceptor$ClientHttpResponseWrapper
1472:            23            552  com.fasterxml.classmate.types.ResolvedRecursiveType
1473:            23            552  org.hibernate.validator.internal.metadata.location.FieldConstraintLocation
1474:            23            552  org.springframework.beans.AbstractNestablePropertyAccessor$PropertyTokenHolder
1475:            23            552  org.springframework.core.type.classreading.SimpleMetadataReader
1476:            23            552  org.yaml.snakeyaml.tokens.Token$ID
1477:             2            544  [Ljava.lang.Character;
1478:            34            544  java.net.Socket$3
1479:            17            544  org.springframework.beans.factory.support.DefaultListableBeanFactory$DependencyObjectProvider
1480:             1            544  org.springframework.boot.web.embedded.tomcat.TomcatEmbeddedContext
1481:            17            544  sun.security.x509.DistributionPoint
1482:            17            544  sun.security.x509.URIName
1483:            24            536  [Ljavax.management.MBeanNotificationInfo;
1484:            22            528  com.google.gson.internal.bind.TypeAdapters$32
1485:            22            528  com.netflix.hystrix.HystrixRequestCache$RequestCacheKey
1486:             6            528  com.netflix.stats.distribution.DataBuffer
1487:            33            528  com.sun.proxy.$Proxy39
1488:            22            528  java.util.concurrent.ConcurrentLinkedDeque$Node
1489:            22            528  org.springframework.web.servlet.mvc.condition.ProducesRequestCondition$ProduceMediaTypeExpression
1490:            11            528  rx.internal.operators.OperatorOnBackpressureDrop$2
1491:            33            528  rx.subjects.BehaviorSubject$1
1492:            22            528  sun.security.action.GetPropertyAction
1493:            13            520  java.lang.invoke.MethodHandleImpl$IntrinsicMethodHandle
1494:            13            520  org.springframework.core.convert.Property
1495:             8            512  com.fasterxml.jackson.databind.ser.std.MapSerializer
1496:             8            512  com.fasterxml.jackson.datatype.jsr310.JavaTimeModule
1497:            32            512  com.java.yxt.filter.OptLogFilter$$Lambda$1351/208025581
1498:            32            512  com.sun.proxy.$Proxy14
1499:            32            512  com.sun.proxy.$Proxy144
1500:            16            512  io.micrometer.core.instrument.cumulative.CumulativeFunctionCounter
1501:            16            512  java.time.temporal.ChronoUnit
1502:            16            512  org.apache.logging.log4j.core.pattern.MdcPatternConverter
1503:            32            512  org.springframework.core.$Proxy23
1504:            16            512  sun.security.ssl.CipherSuite$KeyExchange
1505:            21            504  com.fasterxml.jackson.databind.ObjectWriter$Prefetch
1506:             9            504  com.java.yxt.feign.vo.response.ServiceVo
1507:            21            504  com.netflix.hystrix.util.HystrixRollingNumberEvent
1508:            21            504  com.netflix.servo.monitor.AnnotatedNumberMonitor
1509:             9            504  java.lang.invoke.LambdaFormEditor$Transform
1510:            21            504  java.time.format.DateTimeFormatterBuilder$LocalizedPrinterParser
1511:             7            504  org.aspectj.weaver.CrosscuttingMembersSet
1512:             7            504  org.springframework.aop.aspectj.annotation.InstantiationModelAwarePointcutAdvisorImpl
1513:            21            504  org.springframework.context.annotation.AnnotationScopeMetadataResolver
1514:            21            504  org.springframework.http.client.SimpleClientHttpResponse
1515:            21            504  sun.security.x509.AVAKeyword
1516:            22            496  [Lorg.springframework.aop.Advisor;
1517:             5            496  [Lorg.springframework.boot.context.properties.source.ConfigurationPropertyName;
1518:             2            496  org.apache.catalina.core.StandardWrapper
1519:            31            496  sun.security.x509.GeneralName
1520:            10            480  brave.http.HttpClientHandler
1521:            15            480  com.fasterxml.jackson.core.JsonParser$Feature
1522:            30            480  com.netflix.loadbalancer.AbstractServerPredicate$1
1523:             6            480  java.util.concurrent.ThreadPoolExecutor
1524:             5            480  java.util.jar.JarFile$JarFileEntry
1525:            10            480  org.aspectj.apache.bcel.util.ClassLoaderRepository$SoftHashMap$SpecialValue
1526:            10            480  org.springframework.beans.factory.annotation.AutowiredAnnotationBeanPostProcessor
1527:            20            480  org.springframework.beans.factory.config.EmbeddedValueResolver
1528:            20            480  springfox.documentation.service.ObjectVendorExtension
1529:            12            480  sun.security.util.DisabledAlgorithmConstraints$KeySizeConstraint
1530:            30            480  sun.security.x509.GeneralNames
1531:            10            480  sun.util.locale.provider.LocaleResources$ResourceReference
1532:            29            464  com.sun.proxy.$Proxy55
1533:            11            456  [Lorg.hibernate.validator.internal.metadata.core.BuiltinConstraint;
1534:             6            456  [Lsun.invoke.util.Wrapper;
1535:            19            456  com.fasterxml.jackson.databind.cfg.ContextAttributes$Impl
1536:            19            456  com.google.common.collect.RegularImmutableList
1537:            19            456  com.netflix.hystrix.strategy.concurrency.HystrixRequestVariableHolder$RVCacheKey
1538:            19            456  java.util.Locale$LocaleKey
1539:            19            456  org.springframework.beans.factory.annotation.InitDestroyAnnotationBeanPostProcessor$LifecycleElement
1540:            19            456  org.springframework.core.env.PropertiesPropertySource
1541:            19            456  rx.Notification
1542:            19            456  springfox.documentation.schema.AlternateTypeRule
1543:            19            456  springfox.documentation.schema.CollectionSpecification
1544:            19            456  springfox.documentation.schema.ScalarType
1545:            28            448  brave.spring.web.TracingClientHttpRequestInterceptor$HttpRequestWrapper
1546:             4            448  com.netflix.hystrix.strategy.properties.HystrixPropertiesCommandDefault
1547:            14            448  com.sun.org.apache.xalan.internal.utils.XMLSecurityManager
1548:            14            448  java.security.AlgorithmParameters
1549:             8            448  javax.management.openmbean.OpenMBeanParameterInfoSupport
1550:            28            448  org.apache.commons.pool2.impl.BaseGenericObjectPool$IdentityWrapper
1551:            14            448  org.hibernate.validator.internal.metadata.location.ParameterConstraintLocation
1552:            14            448  sun.reflect.UnsafeBooleanFieldAccessorImpl
1553:            14            448  sun.security.x509.CRLDistributionPointsExtension
1554:            11            440  java.lang.reflect.Proxy$Key2
1555:             5            440  org.apache.catalina.webresources.CachedResource
1556:            11            440  rx.internal.operators.OnSubscribeFromArray$FromArrayProducer
1557:            11            440  rx.internal.util.ObserverSubscriber
1558:            11            440  sun.security.ec.ECPublicKeyImpl
1559:            12            432  [Ljava.lang.ref.WeakReference;
1560:             1            432  [[[C
1561:            18            432  brave.propagation.ThreadLocalCurrentTraceContext$RevertToPreviousScope
1562:            18            432  com.fasterxml.jackson.databind.introspect.AnnotationCollector$NCollector
1563:            18            432  com.fasterxml.jackson.databind.ser.impl.PropertySerializerMap$SerializerAndMapResult
1564:            18            432  com.google.common.collect.Iterables$4
1565:            18            432  com.netflix.client.AbstractLoadBalancerAwareClient$1
1566:            18            432  com.netflix.hystrix.AbstractCommand$13
1567:            18            432  com.netflix.hystrix.AbstractCommand$14
1568:            18            432  com.netflix.hystrix.AbstractCommand$15
1569:            18            432  com.netflix.hystrix.AbstractCommand$16
1570:            18            432  com.netflix.hystrix.AbstractCommand$17
1571:            18            432  com.netflix.hystrix.AbstractCommand$2
1572:            18            432  com.netflix.hystrix.AbstractCommand$3
1573:            18            432  com.netflix.hystrix.AbstractCommand$4
1574:            18            432  com.netflix.hystrix.AbstractCommand$5
1575:            18            432  com.netflix.hystrix.AbstractCommand$6
1576:            18            432  com.netflix.hystrix.AbstractCommand$8
1577:            18            432  com.netflix.hystrix.AbstractCommand$DeprecatedOnRunHookApplication
1578:            18            432  com.netflix.hystrix.AbstractCommand$ExecutionHookApplication
1579:            18            432  com.netflix.hystrix.AbstractCommand$HystrixObservableTimeoutOperator$1
1580:            18            432  com.netflix.hystrix.AbstractCommand$HystrixObservableTimeoutOperator$2
1581:            18            432  com.netflix.hystrix.Hystrix$ConcurrentStack$Node
1582:            18            432  com.netflix.hystrix.HystrixCommand$4
1583:            27            432  com.netflix.hystrix.HystrixCommandKey$Factory$HystrixCommandKeyDefault
1584:            18            432  com.netflix.hystrix.HystrixEventType
1585:            18            432  com.netflix.hystrix.metric.consumer.BucketedCounterStream$1
1586:            18            432  com.netflix.hystrix.strategy.concurrency.HystrixContexSchedulerAction
1587:            18            432  com.netflix.hystrix.strategy.concurrency.HystrixContextRunnable
1588:            18            432  com.netflix.hystrix.strategy.concurrency.HystrixContextRunnable$1
1589:            18            432  com.netflix.hystrix.strategy.concurrency.HystrixContextScheduler
1590:            18            432  com.netflix.hystrix.strategy.concurrency.HystrixContextScheduler$FutureCompleterWithConfigurableInterrupt
1591:            18            432  com.netflix.hystrix.strategy.concurrency.HystrixContextScheduler$HystrixContextSchedulerWorker
1592:            18            432  com.netflix.hystrix.strategy.concurrency.HystrixContextScheduler$ThreadPoolScheduler
1593:            18            432  com.netflix.hystrix.strategy.concurrency.HystrixContextScheduler$ThreadPoolWorker
1594:            18            432  com.netflix.hystrix.util.HystrixTimer$1
1595:            18            432  com.netflix.loadbalancer.PredicateKey
1596:            18            432  com.netflix.loadbalancer.reactive.LoadBalancerCommand$3$1
1597:             9            432  com.netflix.servo.monitor.BasicTimer
1598:            18            432  com.netflix.servo.monitor.StepCounter
1599:            18            432  com.netflix.util.Pair
1600:            18            432  feign.Response$InputStreamBody
1601:            27            432  java.security.spec.ECFieldFp
1602:            18            432  java.text.DateFormat$Field
1603:            18            432  java.util.concurrent.CompletableFuture
1604:            18            432  java.util.stream.FindOps$FindSink$OfRef
1605:            18            432  org.apache.commons.pool2.impl.LinkedBlockingDeque$Node
1606:             9            432  org.apache.logging.log4j.core.lookup.StrSubstitutor
1607:             6            432  org.aspectj.weaver.patterns.SignaturePattern
1608:             9            432  org.hibernate.validator.internal.engine.constraintvalidation.ConstraintValidatorContextImpl
1609:             9            432  org.hibernate.validator.internal.engine.valuecontext.BeanValueContext
1610:            18            432  org.hibernate.validator.internal.engine.valuecontext.ValueContext$ValueState
1611:             9            432  org.springframework.aop.framework.AdvisedSupport
1612:            18            432  org.springframework.boot.actuate.endpoint.EndpointId
1613:            18            432  org.springframework.cloud.openfeign.ribbon.FeignLoadBalancer$RibbonResponse
1614:            18            432  org.springframework.cloud.openfeign.support.SpringDecoder$FeignResponseAdapter
1615:            18            432  org.springframework.cloud.openfeign.support.SpringEncoder$FeignOutputMessage
1616:            18            432  org.springframework.cloud.sleuth.instrument.web.client.feign.TracingFeignClient$RequestWrapper
1617:            18            432  org.springframework.cloud.sleuth.instrument.web.client.feign.TracingFeignClient$ResponseWrapper
1618:            18            432  org.springframework.core.type.classreading.CachingMetadataReaderFactory
1619:            18            432  org.springframework.plugin.core.OrderAwarePluginRegistry
1620:            18            432  redis.clients.util.RedisOutputStream
1621:            18            432  rx.internal.operators.OperatorSubscribeOn
1622:            18            432  rx.internal.operators.OperatorSubscribeOn$SubscribeOnSubscriber$1
1623:            18            432  rx.internal.util.ScalarSynchronousObservable$3
1624:            18            432  sun.reflect.generics.parser.SignatureParser
1625:            18            432  sun.reflect.generics.visitor.Reifier
1626:            21            416  [Ljavax.management.MBeanConstructorInfo;
1627:            26            416  com.google.gson.internal.LinkedTreeMap$KeySet
1628:            26            416  com.sun.proxy.$Proxy108
1629:            26            416  com.sun.proxy.$Proxy50
1630:            13            416  java.lang.invoke.SimpleMethodHandle
1631:            26            416  java.util.stream.AbstractPipeline$$Lambda$136/1740035246
1632:            26            416  java.util.stream.StreamSpliterators$WrappingSpliterator$$Lambda$137/1845066581
1633:            26            416  java.util.stream.StreamSpliterators$WrappingSpliterator$$Lambda$138/1915058446
1634:            13            416  javax.management.MBeanNotificationInfo
1635:            13            416  org.hibernate.validator.internal.engine.constraintvalidation.ConstraintValidatorManagerImpl$CacheKey
1636:            26            416  org.springframework.boot.actuate.autoconfigure.endpoint.condition.OnAvailableEndpointCondition
1637:            26            416  org.springframework.cloud.client.discovery.health.DiscoveryCompositeHealthContributor$$Lambda$1331/795067251
1638:            26            416  org.springframework.cloud.client.discovery.health.DiscoveryCompositeHealthContributor$$Lambda$1332/109737415
1639:            26            416  org.springframework.core.io.DescriptiveResource
1640:            17            408  com.netflix.hystrix.strategy.properties.archaius.HystrixDynamicPropertiesArchaius$StringDynamicProperty
1641:            17            408  java.lang.management.ManagementPermission
1642:            17            408  org.springframework.boot.ansi.AnsiColor
1643:            17            408  org.springframework.boot.context.properties.bind.BindConverter$ResolvableTypeDescriptor
1644:            17            408  org.springframework.http.ResponseEntity$DefaultBuilder
1645:            17            408  org.springframework.web.util.UrlPathHelper
1646:            17            408  rx.internal.schedulers.EventLoopsScheduler$PoolWorker
1647:            17            408  springfox.bean.validators.configuration.BeanValidatorPluginsConfiguration$$EnhancerBySpringCGLIB$$b19c57bc$$FastClassBySpringCGLIB$$75d2d970
1648:            17            408  springfox.bean.validators.configuration.BeanValidatorPluginsConfiguration$$FastClassBySpringCGLIB$$3510f0e5
1649:            17            400  [Lcom.fasterxml.jackson.databind.ser.Serializers;
1650:             4            400  [Lorg.apache.logging.log4j.core.impl.ExtendedStackTraceElement;
1651:            25            400  com.sun.proxy.$Proxy21
1652:            10            400  java.lang.invoke.DirectMethodHandle$Accessor
1653:            10            400  org.springframework.beans.factory.annotation.InitDestroyAnnotationBeanPostProcessor$1
1654:            10            400  org.springframework.context.annotation.ConfigurationClassBeanDefinitionReader
1655:            10            400  org.springframework.context.event.EventListenerMethodProcessor
1656:            10            400  org.springframework.context.event.SimpleApplicationEventMulticaster
1657:            10            400  org.springframework.context.expression.StandardBeanExpressionResolver
1658:            10            400  org.springframework.jndi.support.SimpleJndiBeanFactory
1659:             7            392  com.ecwid.consul.v1.kv.model.GetValue
1660:             7            392  org.apache.http.impl.io.ChunkedInputStream
1661:             1            392  org.apache.tomcat.util.net.NioBlockingSelector$BlockPoller
1662:             7            392  org.aspectj.weaver.World$TypeMap
1663:             4            384  [Lorg.apache.logging.log4j.core.pattern.PatternFormatter;
1664:             1            384  com.ctg.itrdc.cache.monitor.MonitorWorker$CollectMonitorTask
1665:            16            384  com.fasterxml.jackson.databind.module.SimpleSerializers
1666:             3            384  com.google.common.cache.LocalCache
1667:             8            384  com.google.common.collect.MapMakerInternalMap$WeakKeyDummyValueSegment
1668:             3            384  com.netflix.loadbalancer.ZoneAwareLoadBalancer
1669:             8            384  com.sun.jmx.mbeanserver.DefaultMXBeanMappingFactory$CompositeMapping
1670:            16            384  io.micrometer.prometheus.PrometheusMeterRegistry$$Lambda$624/1428494531
1671:             1            384  java.lang.ref.Finalizer$FinalizerThread
1672:             1            384  java.util.logging.LogManager$Cleaner
1673:            12            384  org.apache.catalina.LifecycleState
1674:             2            384  org.apache.commons.pool2.impl.GenericObjectPool
1675:             8            384  org.apache.tomcat.util.descriptor.web.FilterDef
1676:             8            384  org.aspectj.weaver.patterns.ExactAnnotationTypePattern
1677:             6            384  org.aspectj.weaver.patterns.KindedPointcut
1678:            12            384  org.aspectj.weaver.patterns.TypePatternList
1679:             1            384  org.springframework.boot.web.embedded.tomcat.TomcatWebServer$1
1680:             1            384  org.springframework.context.support.AbstractApplicationContext$1
1681:            16            384  org.springframework.core.env.MapPropertySource
1682:            24            384  org.springframework.web.util.HierarchicalUriComponents$$Lambda$1346/1075657794
1683:            24            384  org.springframework.web.util.HierarchicalUriComponents$FullPathComponent
1684:            24            384  org.springframework.web.util.HierarchicalUriComponents$QueryUriTemplateVariables
1685:            24            384  org.springframework.web.util.UriComponents$VarArgsTemplateVariables
1686:            24            384  org.springframework.web.util.UriComponentsBuilder$FullPathComponentBuilder
1687:            24            384  org.springframework.web.util.UriComponentsBuilder$PathSegmentComponentBuilder
1688:             8            384  rx.internal.util.atomic.SpscLinkedArrayQueue
1689:            24            384  springfox.documentation.spring.web.OperationCachingEquivalence
1690:            16            384  sun.misc.MetaIndex
1691:            16            384  sun.net.www.http.KeepAliveCache$1
1692:            16            384  sun.nio.ch.OptionKey
1693:            15            376  [Lcom.sun.org.apache.xalan.internal.utils.FeaturePropertyBase$State;
1694:            15            376  [Ljdk.xml.internal.JdkXmlFeatures$State;
1695:             1            376  java.lang.ref.Reference$ReferenceHandler
1696:             1            376  org.apache.logging.log4j.core.util.Log4jThread
1697:            23            368  com.sun.proxy.$Proxy197
1698:            23            368  com.sun.proxy.$Proxy37
1699:            23            368  org.hibernate.validator.internal.properties.javabean.JavaBeanField$FieldAccessor
1700:             9            360  com.fasterxml.jackson.core.util.DefaultPrettyPrinter
1701:             3            360  com.netflix.loadbalancer.ServerStats
1702:             9            360  com.sun.org.apache.xalan.internal.utils.XMLSecurityManager$Limit
1703:             9            360  com.sun.org.apache.xerces.internal.utils.XMLSecurityManager$Limit
1704:             9            360  java.util.ArrayList$SubList
1705:            15            360  javax.management.StandardMBean
1706:            15            360  javax.websocket.CloseReason$CloseCodes
1707:             5            360  org.apache.logging.log4j.core.config.LoggerConfig
1708:             9            360  org.apache.logging.log4j.core.config.Node
1709:             7            352  [Lcom.fasterxml.jackson.databind.deser.SettableBeanProperty;
1710:            22            352  com.fasterxml.jackson.databind.ser.std.ToStringSerializer
1711:            11            352  org.apache.catalina.util.ManifestResource
1712:            22            352  org.apache.logging.log4j.core.lookup.SystemPropertiesLookup
1713:            22            352  org.springframework.context.annotation.ConfigurationClassEnhancer$BeanFactoryAwareGeneratorStrategy
1714:            22            352  org.springframework.core.env.MutablePropertySources
1715:            11            352  org.springframework.core.env.StandardEnvironment
1716:            22            352  rx.internal.operators.OnSubscribeFromArray
1717:            22            352  rx.internal.operators.OnSubscribeFromIterable
1718:            22            352  rx.internal.operators.OperatorPublish$PublishSubscriber$1
1719:            11            352  rx.internal.schedulers.EventLoopsScheduler$EventLoopWorker
1720:             7            336  com.fasterxml.jackson.databind.deser.impl.BeanPropertyMap
1721:            14            336  com.sun.org.apache.xalan.internal.utils.XMLSecurityPropertyManager
1722:            21            336  com.sun.proxy.$Proxy141
1723:            14            336  java.lang.invoke.LambdaFormEditor$Transform$Kind
1724:             6            336  java.nio.DirectLongBufferU
1725:            14            336  jdk.xml.internal.JdkXmlFeatures
1726:            14            336  org.hibernate.validator.internal.metadata.location.GetterConstraintLocation
1727:            14            336  org.hibernate.validator.internal.metadata.location.ReturnValueConstraintLocation
1728:             7            336  org.springframework.aop.aspectj.AspectJExpressionPointcut
1729:            14            336  org.springframework.boot.actuate.autoconfigure.endpoint.expose.IncludeExcludeEndpointFilter$EndpointPatterns
1730:            14            336  org.springframework.boot.origin.OriginTrackedValue$OriginTrackedCharSequence
1731:            21            336  org.springframework.cloud.netflix.ribbon.RibbonProperties
1732:            21            336  org.springframework.format.datetime.joda.ReadablePartialPrinter
1733:            14            336  org.springframework.util.AntPathMatcher$AntPathStringMatcher
1734:            14            336  org.yaml.snakeyaml.nodes.Tag
1735:            14            336  rx.subjects.SerializedSubject
1736:             6            336  sun.management.MemoryPoolImpl
1737:            14            336  sun.security.util.DisabledAlgorithmConstraints$DisabledConstraint
1738:            16            328  [Ljava.lang.management.PlatformComponent;
1739:            10            320  com.fasterxml.jackson.core.JsonGenerator$Feature
1740:             8            320  com.java.yxt.constant.QpsBizEnum
1741:            20            320  com.sun.proxy.$Proxy110
1742:            20            320  com.sun.proxy.$Proxy79
1743:            10            320  com.ulisesbocchio.jasyptspringboot.wrapper.EncryptableMapPropertySourceWrapper
1744:            10            320  java.lang.OutOfMemoryError
1745:            10            320  java.security.cert.PolicyQualifierInfo
1746:            10            320  java.util.Collections$UnmodifiableSortedMap
1747:             4            320  org.apache.http.impl.conn.CPool
1748:             4            320  org.apache.logging.log4j.core.util.datetime.FixedDateFormat
1749:             8            320  org.apache.tomcat.util.descriptor.web.FilterMap
1750:            10            320  org.springframework.beans.factory.support.BeanDefinitionDefaults
1751:             5            320  org.springframework.boot.actuate.endpoint.web.servlet.AbstractWebMvcEndpointHandlerMapping$WebMvcEndpointHandlerMethod
1752:            10            320  org.springframework.boot.autoconfigure.condition.ConditionEvaluationReport
1753:            10            320  org.springframework.context.annotation.AnnotatedBeanDefinitionReader
1754:            20            320  org.springframework.context.annotation.ConditionEvaluator
1755:            10            320  org.springframework.context.annotation.ConfigurationClassParser$ImportStack
1756:            10            320  org.springframework.context.support.DefaultLifecycleProcessor
1757:            10            320  org.springframework.context.support.DelegatingMessageSource
1758:            10            320  org.springframework.context.support.PropertySourcesPlaceholderConfigurer$1
1759:            20            320  org.springframework.expression.spel.standard.SpelExpressionParser
1760:             8            320  org.springframework.http.converter.json.MappingJackson2HttpMessageConverter
1761:            13            312  com.netflix.config.DynamicIntProperty
1762:             3            312  com.netflix.stats.distribution.DataDistribution
1763:            13            312  java.lang.RuntimePermission
1764:            13            312  java.util.Collections$SynchronizedSet
1765:             1            312  java.util.concurrent.ForkJoinPool
1766:            13            312  org.apache.coyote.AsyncStateMachine$AsyncState
1767:            13            312  org.aspectj.apache.bcel.generic.ObjectType
1768:            13            312  org.aspectj.weaver.Shadow$Kind
1769:            13            312  org.springframework.cglib.beans.BeanCopier$BeanCopierKey$$KeyFactoryByCGLIB$$7db7c9a
1770:            13            312  org.springframework.context.support.MessageSourceAccessor
1771:            10            304  [Lcom.netflix.servo.monitor.Monitor;
1772:             8            296  [Lorg.apache.http.HttpRequestInterceptor;
1773:             1            288  [Lcom.fasterxml.jackson.core.SerializableString;
1774:             9            288  com.fasterxml.classmate.types.ResolvedPrimitiveType
1775:             9            288  com.fasterxml.jackson.databind.cfg.DeserializerFactoryConfig
1776:             9            288  com.fasterxml.jackson.databind.type.TypeFactory
1777:            18            288  com.google.common.base.Present
1778:            12            288  com.google.common.cache.LocalCache$AccessQueue$1
1779:             9            288  com.netflix.config.CachedDynamicIntProperty
1780:            12            288  com.netflix.config.DynamicDoubleProperty
1781:            18            288  com.netflix.hystrix.AbstractCommand$10
1782:            18            288  com.netflix.hystrix.AbstractCommand$11
1783:            18            288  com.netflix.hystrix.AbstractCommand$12
1784:            18            288  com.netflix.hystrix.AbstractCommand$9
1785:            18            288  com.netflix.hystrix.AbstractCommand$ExecutionHookDeprecationWrapper
1786:            18            288  com.netflix.hystrix.AbstractCommand$HystrixObservableTimeoutOperator
1787:            18            288  com.netflix.hystrix.Hystrix$2
1788:            18            288  com.netflix.hystrix.HystrixCommand$1
1789:            18            288  com.netflix.hystrix.HystrixCommand$2
1790:            18            288  com.netflix.hystrix.strategy.concurrency.HystrixContexSchedulerAction$1
1791:             3            288  com.netflix.loadbalancer.BaseLoadBalancer
1792:             6            288  com.netflix.loadbalancer.CompositePredicate
1793:             9            288  com.netflix.loadbalancer.ServerStats$Percent
1794:            18            288  com.netflix.loadbalancer.reactive.LoadBalancerCommand$1
1795:            18            288  feign.RequestTemplate$$Lambda$1370/1382880758
1796:            18            288  feign.SynchronousMethodHandler$$Lambda$1377/1633832590
1797:            18            288  feign.SynchronousMethodHandler$$Lambda$1378/182232208
1798:             6            288  java.beans.BeanDescriptor
1799:            12            288  java.beans.PropertyChangeSupport
1800:             9            288  java.lang.NoSuchMethodException
1801:            12            288  java.lang.reflect.Proxy$KeyX
1802:             9            288  java.util.Stack
1803:             9            288  java.util.logging.Level
1804:            18            288  java.util.regex.Pattern$CharPropertyNames$4
1805:             9            288  javax.management.MBeanConstructorInfo
1806:             9            288  jdk.internal.org.objectweb.asm.Type
1807:             4            288  org.apache.http.impl.conn.CPoolEntry
1808:             4            288  org.apache.http.impl.conn.LoggingManagedHttpClientConnection
1809:             2            288  org.apache.logging.log4j.core.config.xml.XmlConfiguration
1810:             4            288  org.apache.logging.log4j.core.layout.PatternLayout
1811:            12            288  org.apache.logging.log4j.message.SimpleMessage
1812:             9            288  org.aspectj.internal.lang.reflect.PointcutImpl
1813:             9            288  org.hibernate.validator.internal.engine.validationcontext.ValidationContextBuilder
1814:             9            288  org.hibernate.validator.resourceloading.PlatformResourceBundleLocator
1815:             3            288  org.springframework.aop.framework.ProxyFactoryBean
1816:            12            288  org.springframework.boot.context.properties.source.SpringConfigurationPropertySource
1817:             6            288  org.springframework.cloud.openfeign.FeignClientFactoryBean
1818:            12            288  org.springframework.context.support.ApplicationListenerDetector
1819:            12            288  org.springframework.core.ReactiveTypeDescriptor
1820:            12            288  org.springframework.expression.TypedValue
1821:             9            288  org.springframework.http.converter.ResourceHttpMessageConverter
1822:             3            288  redis.clients.jedis.JedisPoolConfig
1823:            18            288  rx.internal.util.ActionNotificationObserver
1824:             9            288  springfox.documentation.service.Tag
1825:             9            288  springfox.documentation.spring.web.scanners.DefaultModelNamesRegistryFactory$DefaultModelNamesRegistry
1826:            12            288  sun.management.MemoryUsageCompositeData
1827:             6            288  sun.misc.URLClassPath
1828:             9            288  sun.security.jca.ProviderConfig
1829:             6            280  [Lorg.aspectj.weaver.ResolvedMember;
1830:             7            280  java.lang.invoke.MethodHandleImpl$AsVarargsCollector
1831:             5            280  org.apache.http.client.config.RequestConfig
1832:             5            280  org.springframework.expression.spel.support.StandardEvaluationContext
1833:             7            280  org.springframework.http.converter.xml.Jaxb2RootElementHttpMessageConverter
1834:            17            272  com.sun.proxy.$Proxy54
1835:            17            272  sun.security.x509.DNSName
1836:             9            264  [Ljava.lang.Boolean;
1837:             3            264  com.alibaba.fastjson.util.FieldInfo
1838:            11            264  com.fasterxml.jackson.annotation.JsonFormat$Shape
1839:            11            264  com.google.gson.internal.bind.TypeAdapters$33
1840:            11            264  com.netflix.hystrix.metric.consumer.BucketedRollingCounterStream$1
1841:            11            264  java.net.StandardSocketOptions$StdSocketOption
1842:            11            264  org.apache.logging.log4j.core.lookup.Interpolator
1843:            11            264  org.apache.logging.log4j.core.util.datetime.FastDateParser$StrategyAndWidth
1844:            11            264  rx.internal.operators.OperatorOnBackpressureDrop$1
1845:            11            264  rx.internal.operators.OperatorWindowWithTime$ExactSubscriber$1
1846:            11            264  sun.reflect.annotation.TypeAnnotation$TypeAnnotationTarget
1847:             2            256  [Lcom.fasterxml.jackson.databind.DeserializationFeature;
1848:             2            256  [Lcom.fasterxml.jackson.databind.MapperFeature;
1849:             8            256  [Lspringfox.documentation.service.Response;
1850:             8            256  [Lspringfox.documentation.service.ResponseMessage;
1851:             8            256  com.ctg.itrdc.cache.monitor.MonitorInfo
1852:             4            256  com.fasterxml.classmate.util.LRUTypeCache$CacheMap
1853:             4            256  com.netflix.hystrix.HystrixCommandMetrics
1854:             8            256  java.time.format.DateTimeFormatterBuilder$TextPrinterParser
1855:             8            256  org.apache.catalina.core.ApplicationFilterConfig
1856:            16            256  org.springframework.core.convert.support.CollectionToArrayConverter
1857:            16            256  org.springframework.core.convert.support.CollectionToStringConverter
1858:             8            256  org.springframework.http.converter.StringHttpMessageConverter
1859:             8            256  sun.misc.ProxyGenerator$PrimitiveTypeInfo
1860:             8            256  sun.security.ssl.EphemeralKeyManager$EphemeralKeyPair
1861:             8            256  sun.security.ssl.SSLSessionContextImpl
1862:             8            256  sun.security.x509.CertificatePoliciesExtension
1863:             8            248  [Ljava.lang.invoke.LambdaForm$BasicType;
1864:            12            248  [Lorg.aspectj.weaver.patterns.TypePattern;
1865:             2            240  [Lcom.fasterxml.jackson.databind.SerializationFeature;
1866:             6            240  [Ljava.lang.invoke.BoundMethodHandle$SpeciesData;
1867:            10            240  brave.baggage.CorrelationScopeConfig$SingleCorrelationField
1868:            10            240  brave.internal.propagation.InjectorFactory$RemoteInjector
1869:             3            240  com.ctg.itrdc.cache.vjedis.VersionClient
1870:            10            240  com.fasterxml.classmate.util.ClassKey
1871:            10            240  com.google.gson.stream.JsonToken
1872:             6            240  com.netflix.loadbalancer.AbstractServerPredicate$3
1873:             6            240  com.netflix.loadbalancer.AvailabilityPredicate
1874:             6            240  com.netflix.loadbalancer.ZoneAvoidancePredicate
1875:            10            240  com.netflix.servo.tag.SortedTagList
1876:             6            240  com.netflix.util.MeasuredRate
1877:            10            240  com.sun.org.apache.xerces.internal.impl.XMLScanner$NameType
1878:            10            240  com.ulisesbocchio.jasyptspringboot.util.Singleton
1879:            15            240  feign.form.multipart.SingleParameterWriter
1880:             6            240  java.beans.GenericBeanInfo
1881:            10            240  java.lang.annotation.ElementType
1882:            10            240  java.security.CryptoPrimitive
1883:            10            240  java.util.regex.Pattern$SingleI
1884:            10            240  org.apache.commons.pool2.PooledObjectState
1885:             6            240  org.apache.logging.log4j.status.StatusData
1886:             6            240  org.aspectj.weaver.patterns.NamePattern
1887:             6            240  org.hibernate.validator.internal.metadata.core.AnnotationProcessingOptionsImpl
1888:            15            240  org.springframework.aop.framework.DefaultAdvisorChainFactory
1889:            10            240  org.springframework.aop.target.EmptyTargetSource
1890:             6            240  org.springframework.beans.factory.annotation.AutowiredAnnotationBeanPostProcessor$AutowiredMethodElement
1891:            10            240  org.springframework.beans.support.ResourceEditorRegistrar
1892:             6            240  org.springframework.boot.actuate.endpoint.web.annotation.DiscoveredWebEndpoint
1893:            10            240  org.springframework.boot.autoconfigure.cache.CacheType
1894:             6            240  org.springframework.cloud.sleuth.instrument.web.client.feign.TraceLoadBalancerFeignClient
1895:            10            240  org.springframework.context.annotation.ContextAnnotationAutowireCandidateResolver
1896:            10            240  org.springframework.context.event.EventExpressionEvaluator
1897:            10            240  org.springframework.context.support.ApplicationContextAwareProcessor
1898:            10            240  org.springframework.context.support.PostProcessorRegistrationDelegate$BeanPostProcessorChecker
1899:            10            240  org.springframework.context.support.PropertySourcesPlaceholderConfigurer$$Lambda$244/265119009
1900:            10            240  org.springframework.core.io.DefaultResourceLoader
1901:             6            240  org.springframework.core.io.ResourceEditor
1902:            10            240  org.springframework.core.io.support.PathMatchingResourcePatternResolver
1903:            10            240  org.springframework.jndi.JndiTemplate
1904:             2            240  org.springframework.scheduling.concurrent.ThreadPoolTaskScheduler$$EnhancerBySpringCGLIB$$7a565fa5
1905:            10            240  org.springframework.util.unit.DataSize
1906:            10            240  org.yaml.snakeyaml.events.Event$ID
1907:             6            240  sun.management.MemoryPoolImpl$CollectionSensor
1908:             6            240  sun.management.MemoryPoolImpl$PoolSensor
1909:            10            240  sun.security.x509.Extension
1910:            10            224  [Lcom.fasterxml.jackson.databind.deser.Deserializers;
1911:             7            224  com.ecwid.consul.v1.kv.KeyValueConsulClient$3
1912:             4            224  com.netflix.config.ConcurrentMapConfiguration
1913:            14            224  com.sun.proxy.$Proxy156
1914:             7            224  java.io.FileInputStream
1915:             7            224  java.util.regex.Pattern$3
1916:             4            224  javax.management.openmbean.OpenMBeanOperationInfoSupport
1917:             4            224  org.apache.http.impl.client.InternalHttpClient
1918:             4            224  org.apache.http.impl.execchain.MainClientExec
1919:             4            224  org.apache.http.impl.io.SessionInputBufferImpl
1920:             4            224  org.apache.logging.log4j.core.config.ConfigurationSource
1921:            14            224  org.apache.logging.log4j.core.lookup.MapLookup
1922:             7            224  org.aspectj.weaver.internal.tools.PointcutExpressionImpl
1923:             4            224  org.aspectj.weaver.patterns.WithinAnnotationPointcut
1924:            14            224  org.hibernate.validator.internal.properties.javabean.JavaBeanGetter$GetterAccessor
1925:            14            224  org.springframework.format.datetime.DateFormatterRegistrar$CalendarToDateConverter
1926:            14            224  org.springframework.format.datetime.DateFormatterRegistrar$CalendarToLongConverter
1927:            14            224  org.springframework.format.datetime.DateFormatterRegistrar$DateToCalendarConverter
1928:            14            224  org.springframework.format.datetime.DateFormatterRegistrar$DateToLongConverter
1929:            14            224  org.springframework.format.datetime.DateFormatterRegistrar$LongToCalendarConverter
1930:            14            224  org.springframework.format.datetime.DateFormatterRegistrar$LongToDateConverter
1931:             7            224  org.springframework.http.converter.xml.SourceHttpMessageConverter
1932:             4            224  org.springframework.web.client.HttpClientErrorException$UnsupportedMediaType
1933:             2            224  org.springframework.web.servlet.resource.ResourceHttpRequestHandler
1934:            14            224  rx.subjects.SerializedSubject$1
1935:             7            224  sun.security.x509.NetscapeCertTypeExtension
1936:             9            216  [Lcom.fasterxml.jackson.databind.deser.KeyDeserializers;
1937:             9            216  com.fasterxml.jackson.core.util.DefaultIndenter
1938:             9            216  com.fasterxml.jackson.databind.cfg.SerializerFactoryConfig
1939:             9            216  com.google.gson.internal.bind.TypeAdapterRuntimeTypeWrapper
1940:             9            216  com.java.yxt.feign.vo.request.ServiceRequest
1941:             9            216  com.netflix.servo.monitor.BasicCounter
1942:             9            216  com.netflix.servo.monitor.CompositeMonitorWrapper
1943:             9            216  com.netflix.servo.monitor.DoubleCounter
1944:             9            216  com.netflix.servo.monitor.MaxGauge
1945:             9            216  feign.Request$HttpMethod
1946:             9            216  java.nio.file.attribute.PosixFilePermission
1947:             9            216  java.util.jar.Manifest
1948:             9            216  java.util.logging.Level$KnownLevel
1949:             9            216  org.apache.logging.log4j.MarkerManager$Log4jMarker
1950:             9            216  org.aspectj.apache.bcel.generic.BasicType
1951:             9            216  org.aspectj.weaver.MemberKind
1952:             9            216  org.springframework.aop.framework.CglibAopProxy$ProxyCallbackFilter
1953:             9            216  org.springframework.cloud.consul.ConditionalOnConsulEnabled$OnConsulEnabledCondition
1954:             3            216  org.springframework.cloud.netflix.ribbon.apache.RibbonLoadBalancingHttpClient
1955:             9            216  org.springframework.core.convert.support.GenericConversionService$Converters
1956:             9            216  springfox.documentation.service.ApiListingReference
1957:             9            216  springfox.documentation.spring.web.scanners.ModelSpecificationRegistryBuilder$DefaultModelSpecificationRegistry
1958:             3            216  sun.security.provider.NativePRNG$RandomIO
1959:             9            216  sun.util.logging.PlatformLogger$Level
1960:             9            208  [Lcom.fasterxml.jackson.databind.deser.ValueInstantiators;
1961:             7            208  [Ljava.lang.invoke.LambdaForm$NamedFunction;
1962:             9            208  [Lorg.aspectj.weaver.TypeVariable;
1963:             1            208  [Lorg.springframework.expression.spel.standard.TokenKind;
1964:             1            208  brave.httpclient.TracingHttpClientBuilder
1965:            13            208  com.sun.proxy.$Proxy205
1966:            13            208  com.sun.proxy.$Proxy59
1967:            13            208  java.util.Comparator$$Lambda$756/1896708863
1968:            13            208  org.apache.http.config.Registry
1969:            13            208  org.springframework.aop.framework.DefaultAopProxyFactory
1970:             2            200  [Ljava.text.DateFormat$Field;
1971:             1            200  [Lorg.apache.coyote.ActionCode;
1972:             5            200  java.lang.ClassLoader$NativeLibrary
1973:             5            200  java.lang.invoke.BoundMethodHandle$SpeciesData
1974:             5            200  java.util.stream.StreamOpFlag
1975:             5            200  org.apache.catalina.core.StandardPipeline
1976:             1            200  org.apache.http.impl.client.HttpClientBuilder
1977:             5            200  org.apache.logging.log4j.core.pattern.DatePatternConverter
1978:             5            200  org.springframework.boot.context.properties.ConfigurationPropertiesBinder
1979:             5            200  org.springframework.expression.spel.support.ReflectivePropertyAccessor
1980:             8            192  [Lcom.fasterxml.jackson.databind.type.TypeModifier;
1981:             8            192  com.fasterxml.jackson.annotation.JsonFormat$Feature
1982:             4            192  com.fasterxml.jackson.databind.deser.std.StringCollectionDeserializer
1983:             8            192  com.fasterxml.jackson.databind.module.SimpleDeserializers
1984:            12            192  com.google.common.cache.LocalCache$AccessQueue
1985:             8            192  com.netflix.hystrix.metric.consumer.RollingDistributionStream$5
1986:             6            192  com.netflix.loadbalancer.AbstractServerPredicate$2
1987:             6            192  com.ulisesbocchio.jasyptspringboot.wrapper.EncryptableEnumerablePropertySourceWrapper
1988:             6            192  feign.hystrix.HystrixInvocationHandler
1989:            12            192  java.beans.PropertyChangeSupport$PropertyChangeListenerMap
1990:             6            192  java.lang.invoke.LambdaForm$BasicType
1991:             8            192  java.lang.invoke.MethodHandleImpl$Intrinsic
1992:             8            192  java.math.RoundingMode
1993:             8            192  java.net.InetAddress$CacheEntry
1994:             6            192  java.time.format.TextStyle
1995:             8            192  javax.validation.ElementKind
1996:             8            192  jdk.net.SocketFlow$Status
1997:            12            192  org.apache.commons.logging.impl.NoOpLog
1998:             6            192  org.apache.commons.pool2.impl.BaseGenericObjectPool$StatsStore
1999:             4            192  org.apache.http.impl.conn.DefaultHttpResponseParser
2000:             8            192  org.apache.http.impl.cookie.RFC6265CookieSpecProvider
2001:             8            192  org.apache.http.impl.io.HttpTransportMetricsImpl
2002:             8            192  org.apache.http.protocol.ImmutableHttpProcessor
2003:             8            192  org.apache.http.util.ByteArrayBuffer
2004:             8            192  org.apache.logging.log4j.Level
2005:             8            192  org.apache.logging.log4j.core.appender.rolling.RolloverFrequency
2006:            12            192  org.apache.logging.log4j.core.impl.ThreadContextDataInjector$ForDefaultThreadContextMap
2007:            12            192  org.apache.logging.log4j.core.impl.ThreadContextDataProvider
2008:             4            192  org.apache.logging.log4j.core.impl.ThrowableProxy
2009:            12            192  org.apache.logging.log4j.core.lookup.JmxRuntimeInputArgumentsLookup
2010:             8            192  org.apache.logging.log4j.spi.StandardLevel
2011:             8            192  org.apache.tomcat.util.net.AbstractEndpoint$Handler$SocketState
2012:             1            192  org.apache.tomcat.util.net.NioEndpoint
2013:             8            192  org.aspectj.bridge.IMessage$Kind
2014:             3            192  org.aspectj.weaver.patterns.AndPointcut
2015:             4            192  org.aspectj.weaver.patterns.ExactTypePattern
2016:             3            192  org.aspectj.weaver.patterns.OrPointcut
2017:             6            192  org.springframework.aop.aspectj.annotation.AspectMetadata
2018:             4            192  org.springframework.boot.loader.jar.ZipInflaterInputStream
2019:             3            192  org.springframework.cloud.openfeign.ribbon.FeignLoadBalancer
2020:             6            192  org.springframework.cloud.sleuth.instrument.web.client.feign.LazyTracingFeignClient
2021:             8            192  org.springframework.core.ReactiveAdapterRegistry$ReactorAdapter
2022:             8            192  org.springframework.core.convert.support.ArrayToArrayConverter
2023:             8            192  org.springframework.core.env.SystemEnvironmentPropertySource
2024:             8            192  org.springframework.http.HttpMethod
2025:             8            192  org.springframework.web.bind.annotation.RequestMethod
2026:             8            192  org.yaml.snakeyaml.scanner.Constant
2027:             8            192  rx.internal.operators.OperatorWindowWithSize$WindowOverlap$WindowOverlapProducer
2028:             4            192  rx.internal.util.ActionSubscriber
2029:             8            192  springfox.documentation.service.ParameterStyle
2030:             6            192  sun.reflect.UnsafeIntegerFieldAccessorImpl
2031:             2            192  sun.security.provider.Sun
2032:             8            192  sun.security.x509.PolicyInformation
2033:             8            184  [Lorg.springframework.expression.spel.ast.SpelNodeImpl;
2034:             5            176  [F
2035:            11            176  com.netflix.hystrix.metric.consumer.BucketedRollingCounterStream$2
2036:            11            176  com.netflix.hystrix.metric.consumer.BucketedRollingCounterStream$3
2037:            11            176  com.sun.proxy.$Proxy102
2038:            11            176  com.sun.proxy.$Proxy5
2039:            11            176  com.sun.proxy.$Proxy51
2040:            11            176  java.text.NumberFormat$Field
2041:             2            176  java.util.jar.JarVerifier
2042:             1            176  org.apache.catalina.core.StandardHost
2043:             2            176  org.apache.catalina.core.StandardWrapperValve
2044:             2            176  org.apache.catalina.deploy.NamingResourcesImpl
2045:            11            176  org.apache.logging.log4j.core.lookup.ContextMapLookup
2046:            11            176  org.apache.logging.log4j.core.lookup.DateLookup
2047:            11            176  org.apache.logging.log4j.core.lookup.EnvironmentLookup
2048:            11            176  org.apache.logging.log4j.core.lookup.JavaLookup
2049:            11            176  org.apache.logging.log4j.core.lookup.JndiLookup
2050:            11            176  org.apache.logging.log4j.core.lookup.Log4jLookup
2051:            11            176  org.apache.logging.log4j.core.lookup.LowerLookup
2052:            11            176  org.apache.logging.log4j.core.lookup.MarkerLookup
2053:            11            176  org.apache.logging.log4j.core.lookup.UpperLookup
2054:            11            176  org.apache.logging.log4j.core.util.datetime.FastDateParser$NumberStrategy
2055:             2            176  org.springframework.scheduling.concurrent.ThreadPoolTaskScheduler
2056:            11            176  rx.internal.operators.OperatorWindowWithTime$ExactSubscriber$2
2057:            11            176  sun.security.ec.ECParameters
2058:             2            168  [Ljava.time.LocalDateTime;
2059:             3            168  [[I
2060:             1            168  [[Ljava.math.BigInteger;
2061:             7            168  com.fasterxml.jackson.annotation.JsonInclude$Include
2062:             7            168  com.fasterxml.jackson.annotation.PropertyAccessor
2063:             3            168  com.fasterxml.jackson.datatype.jsr310.deser.InstantDeserializer
2064:             7            168  com.google.gson.internal.ConstructorConstructor$3
2065:             7            168  com.google.gson.internal.bind.ReflectiveTypeAdapterFactory$Adapter
2066:             7            168  com.netflix.config.DeploymentContext$ContextKey
2067:             7            168  com.netflix.loadbalancer.RoundRobinRule
2068:             3            168  com.netflix.stats.distribution.Distribution
2069:             7            168  com.sun.jmx.mbeanserver.StandardMBeanSupport
2070:             7            168  com.sun.management.VMOption$Origin
2071:             7            168  com.sun.org.apache.xerces.internal.util.FeatureState
2072:             7            168  java.net.NetPermission
2073:             7            168  java.time.ZoneOffset
2074:             7            168  java.util.concurrent.locks.ReentrantReadWriteLock$Sync$HoldCounter
2075:             7            168  org.apache.tomcat.util.net.SocketEvent
2076:             7            168  org.aspectj.weaver.World$AspectPrecedenceCalculator
2077:             3            168  org.hibernate.validator.internal.engine.ValidatorFactoryImpl
2078:             7            168  org.hibernate.validator.internal.metadata.location.ConstraintLocation$ConstraintLocationKind
2079:             3            168  org.hibernate.validator.messageinterpolation.ResourceBundleMessageInterpolator
2080:             7            168  org.springframework.aop.support.DefaultPointcutAdvisor
2081:             7            168  org.springframework.boot.actuate.autoconfigure.health.OnEnabledHealthIndicatorCondition
2082:             7            168  org.springframework.boot.logging.LogLevel
2083:             3            168  org.springframework.boot.web.servlet.FilterRegistrationBean
2084:             7            168  org.springframework.cglib.proxy.CallbackInfo
2085:             3            168  org.springframework.cloud.openfeign.FeignClientProperties$FeignClientConfiguration
2086:             7            168  org.springframework.http.converter.ByteArrayHttpMessageConverter
2087:             7            168  org.springframework.web.servlet.mvc.method.annotation.RequestResponseBodyAdviceChain
2088:             7            168  springfox.documentation.service.ParameterType
2089:             3            168  sun.security.provider.SHA
2090:             7            168  sun.security.x509.NetscapeCertTypeExtension$MapEntry
2091:             2            160  [Lcom.fasterxml.jackson.core.JsonParser$Feature;
2092:             2            160  [Ljava.time.temporal.ChronoUnit;
2093:             5            160  [Lspringfox.documentation.service.ParameterStyle;
2094:             4            160  com.fasterxml.jackson.core.Base64Variant
2095:             5            160  com.fasterxml.jackson.core.JsonEncoding
2096:             4            160  com.fasterxml.jackson.core.Version
2097:             5            160  com.fasterxml.jackson.databind.ser.impl.PropertySerializerMap$Double
2098:             2            160  com.google.gson.Gson
2099:            10            160  com.google.gson.TypeAdapter$1
2100:             5            160  com.java.yxt.util.qps.DimensionTimeEnum
2101:             2            160  com.netflix.config.ConcurrentCompositeConfiguration
2102:             4            160  com.netflix.hystrix.metric.consumer.CumulativeCommandEventCounterStream
2103:             4            160  com.netflix.hystrix.metric.consumer.HealthCountsStream
2104:             4            160  com.netflix.hystrix.metric.consumer.RollingCommandEventCounterStream
2105:            10            160  com.sun.proxy.$Proxy107
2106:             5            160  com.ulisesbocchio.jasyptspringboot.wrapper.EncryptablePropertySourceWrapper
2107:            10            160  feign.form.multipart.SingleFileWriter
2108:            10            160  feign.form.spring.SpringSingleMultipartFileWriter
2109:             4            160  io.micrometer.core.instrument.binder.hystrix.MicrometerMetricsPublisherCommand
2110:             5            160  java.io.EOFException
2111:             5            160  java.util.concurrent.atomic.AtomicReferenceFieldUpdater$AtomicReferenceFieldUpdaterImpl
2112:             5            160  javax.management.StandardEmitterMBean
2113:             1            160  org.apache.catalina.session.StandardManager
2114:             4            160  org.apache.http.impl.HttpConnectionMetricsImpl
2115:             4            160  org.apache.http.impl.io.SessionOutputBufferImpl
2116:             4            160  org.apache.logging.log4j.core.jmx.LoggerContextAdmin
2117:             4            160  org.apache.logging.log4j.core.pattern.DatePatternConverter$FixedFormatter
2118:             4            160  org.apache.logging.log4j.core.pattern.ExtendedThrowablePatternConverter
2119:             4            160  org.apache.logging.log4j.core.pattern.MessagePatternConverter
2120:             5            160  org.slf4j.event.Level
2121:            10            160  org.springframework.aop.framework.CglibAopProxy$SerializableNoOp
2122:            10            160  org.springframework.beans.factory.parsing.FailFastProblemReporter
2123:            10            160  org.springframework.beans.factory.parsing.PassThroughSourceExtractor
2124:            10            160  org.springframework.beans.factory.support.CglibSubclassingInstantiationStrategy
2125:             4            160  org.springframework.boot.actuate.endpoint.web.WebOperationRequestPredicate
2126:            10            160  org.springframework.boot.autoconfigure.context.PropertyPlaceholderAutoConfiguration
2127:             2            160  org.springframework.boot.loader.jar.JarURLConnection
2128:             4            160  org.springframework.cloud.consul.config.ConsulPropertySource
2129:             1            160  org.springframework.cloud.consul.discovery.ConsulDiscoveryProperties
2130:             5            160  org.springframework.cloud.openfeign.FeignClientsConfiguration
2131:             5            160  org.springframework.cloud.openfeign.support.SpringMvcContract
2132:            10            160  org.springframework.context.annotation.ConfigurationClassPostProcessor$ImportAwareBeanPostProcessor
2133:            10            160  org.springframework.context.event.DefaultEventListenerFactory
2134:            10            160  org.springframework.context.expression.StandardBeanExpressionResolver$1
2135:             4            160  org.springframework.expression.spel.ast.StringLiteral
2136:             4            160  org.springframework.expression.spel.standard.SpelExpression
2137:             5            160  org.springframework.format.support.DefaultFormattingConversionService
2138:            10            160  org.springframework.util.DefaultPropertiesPersister
2139:             1            160  org.springframework.web.servlet.mvc.method.annotation.RequestMappingHandlerAdapter
2140:             2            160  sun.net.www.protocol.jar.URLJarFile
2141:             5            160  sun.reflect.UnsafeQualifiedObjectFieldAccessorImpl
2142:             4            160  sun.reflect.UnsafeQualifiedStaticIntegerFieldAccessorImpl
2143:            10            160  sun.reflect.generics.reflectiveObjects.GenericArrayTypeImpl
2144:             5            160  sun.security.ssl.CipherSuite$MacAlg
2145:             4            160  sun.security.ssl.SSLContextImpl$TLSContext
2146:            10            160  sun.security.x509.CertificatePolicyId
2147:             5            160  sun.util.locale.provider.LocaleProviderAdapter$Type
2148:             2            152  [Lcom.alibaba.fastjson.serializer.SerializerFeature;
2149:             4            152  [Lorg.springframework.http.HttpMethod;
2150:             1            152  org.springframework.boot.web.embedded.tomcat.TomcatServletWebServerFactory
2151:             1            152  org.springframework.boot.web.servlet.context.AnnotationConfigServletWebServerApplicationContext
2152:             2            144  [Ljava.math.BigDecimal;
2153:             6            144  [Ljava.util.concurrent.atomic.Striped64$Cell;
2154:             2            144  com.alibaba.fastjson.util.ASMClassLoader
2155:             2            144  com.ctg.itrdc.cache.pool.CtgJedisPoolConfig
2156:             6            144  com.fasterxml.jackson.annotation.JsonAutoDetect$Visibility
2157:             6            144  com.fasterxml.jackson.core.JsonParser$NumberType
2158:             9            144  com.fasterxml.jackson.databind.deser.BeanDeserializerFactory
2159:             2            144  com.fasterxml.jackson.databind.deser.std.MapDeserializer
2160:             9            144  com.fasterxml.jackson.databind.ser.BeanSerializerFactory
2161:             3            144  com.fasterxml.jackson.databind.ser.impl.IndexedListSerializer
2162:             9            144  com.fasterxml.jackson.databind.type.TypeParser
2163:             3            144  com.google.common.cache.LocalCache$StrongAccessEntry
2164:             9            144  com.netflix.config.ChainedDynamicProperty$IntProperty$1
2165:             3            144  com.netflix.hystrix.HystrixThreadPoolMetrics
2166:             3            144  com.netflix.hystrix.strategy.properties.HystrixPropertiesThreadPoolDefault
2167:             3            144  com.netflix.loadbalancer.PollingServerListUpdater
2168:             6            144  com.netflix.loadbalancer.ZoneAvoidanceRule
2169:             6            144  com.sun.org.apache.xerces.internal.util.Status
2170:             9            144  com.sun.proxy.$Proxy115
2171:             9            144  com.sun.proxy.$Proxy116
2172:             9            144  com.sun.proxy.$Proxy133
2173:             9            144  com.sun.proxy.$Proxy135
2174:             9            144  com.sun.proxy.$Proxy44
2175:             9            144  com.sun.proxy.$Proxy56
2176:             6            144  com.ulisesbocchio.jasyptspringboot.configuration.EncryptablePropertyResolverConfiguration$$EnhancerBySpringCGLIB$$2c147910$$FastClassBySpringCGLIB$$ae93b675
2177:             6            144  com.ulisesbocchio.jasyptspringboot.configuration.EncryptablePropertyResolverConfiguration$$FastClassBySpringCGLIB$$5802bbb9
2178:             6            144  feign.Target$HardCodedTarget
2179:             6            144  io.micrometer.core.instrument.Meter$Type
2180:             6            144  java.lang.Thread$State
2181:             6            144  java.net.NetworkInterface$2
2182:             6            144  java.security.SecurityPermission
2183:             6            144  java.util.TaskQueue
2184:             6            144  java.util.concurrent.Executors$DefaultThreadFactory
2185:             6            144  java.util.concurrent.LinkedBlockingDeque$Node
2186:             3            144  java.util.concurrent.LinkedBlockingQueue
2187:             6            144  java.util.regex.Pattern$CharPropertyNames$2
2188:             3            144  javax.management.openmbean.TabularType
2189:             6            144  javax.validation.executable.ExecutableType
2190:             1            144  org.apache.catalina.core.StandardServer
2191:             3            144  org.apache.catalina.util.Extension
2192:             6            144  org.apache.coyote.http11.Http11InputBuffer$HeaderParsePosition
2193:             1            144  org.apache.coyote.http11.Http11NioProtocol
2194:             6            144  org.apache.logging.log4j.core.LifeCycle$State
2195:             9            144  org.aspectj.internal.lang.reflect.PointcutExpressionImpl
2196:             6            144  org.aspectj.lang.reflect.PerClauseKind
2197:             3            144  org.hibernate.validator.internal.engine.ValidatorFactoryScopedContext
2198:             3            144  org.hibernate.validator.internal.engine.ValidatorImpl
2199:             9            144  org.hibernate.validator.internal.engine.valueextraction.ArrayElement
2200:             3            144  org.hibernate.validator.internal.metadata.BeanMetaDataManagerImpl
2201:             6            144  org.hibernate.validator.internal.metadata.raw.ConstrainedElement$ConstrainedElementKind
2202:             6            144  org.jboss.logging.Logger$Level
2203:             3            144  org.joda.time.format.DateTimeFormatter
2204:             6            144  org.springframework.aop.aspectj.annotation.AbstractAspectJAdvisorFactory$AspectJAnnotationType
2205:             6            144  org.springframework.aop.aspectj.annotation.BeanFactoryAspectInstanceFactory
2206:             6            144  org.springframework.aop.aspectj.annotation.LazySingletonAspectInstanceFactoryDecorator
2207:             9            144  org.springframework.aop.framework.CglibAopProxy$AdvisedDispatcher
2208:             9            144  org.springframework.aop.framework.CglibAopProxy$DynamicAdvisedInterceptor
2209:             9            144  org.springframework.aop.framework.CglibAopProxy$EqualsInterceptor
2210:             9            144  org.springframework.aop.framework.CglibAopProxy$HashCodeInterceptor
2211:             6            144  org.springframework.beans.CachedIntrospectionResults
2212:             6            144  org.springframework.boot.actuate.metrics.http.Outcome
2213:             6            144  org.springframework.boot.context.properties.source.ConfigurationPropertyName$ElementType
2214:             1            144  org.springframework.boot.web.embedded.tomcat.TomcatEmbeddedWebappClassLoader
2215:             9            144  org.springframework.cglib.core.ClassLoaderAwareGeneratorStrategy
2216:             3            144  org.springframework.cloud.netflix.ribbon.RibbonLoadBalancerContext
2217:             3            144  org.springframework.cloud.netflix.ribbon.apache.HttpClientRibbonConfiguration$ApacheHttpClientConfiguration$1
2218:             6            144  org.springframework.cloud.openfeign.FeignClientSpecification
2219:             9            144  org.springframework.objenesis.instantiator.sun.SunReflectionFactoryInstantiator
2220:             9            144  org.springframework.web.context.request.RequestScope
2221:             6            144  org.springframework.web.servlet.mvc.condition.ConsumesRequestCondition
2222:             6            144  springfox.documentation.spring.web.SpringfoxWebConfiguration$$EnhancerBySpringCGLIB$$26b5a740$$FastClassBySpringCGLIB$$fbba1839
2223:             6            144  springfox.documentation.spring.web.SpringfoxWebConfiguration$$FastClassBySpringCGLIB$$ed6a53e9
2224:             6            144  sun.misc.PerfCounter
2225:             2            144  sun.nio.ch.EPollArrayWrapper
2226:             2            144  sun.nio.ch.EPollSelectorImpl
2227:             6            144  sun.security.ssl.ProtocolVersion
2228:             6            144  sun.security.util.DisabledAlgorithmConstraints$Constraint$Operator
2229:             3            136  [Ljava.time.ZoneOffset;
2230:             1            136  [Ljava.time.temporal.ChronoField;
2231:             8            136  [Lorg.apache.http.HttpResponseInterceptor;
2232:             1            136  org.apache.catalina.core.StandardEngine
2233:             1            136  org.springframework.scheduling.concurrent.ThreadPoolTaskExecutor$$EnhancerBySpringCGLIB$$e03096a7
2234:             8            128  brave.propagation.SamplingFlags
2235:             8            128  com.fasterxml.jackson.databind.module.SimpleKeyDeserializers
2236:             8            128  com.fasterxml.jackson.datatype.jdk8.Jdk8Deserializers
2237:             8            128  com.fasterxml.jackson.datatype.jdk8.Jdk8Serializers
2238:             8            128  com.fasterxml.jackson.datatype.jdk8.Jdk8TypeModifier
2239:             8            128  com.fasterxml.jackson.datatype.jsr310.JavaTimeModule$1
2240:             8            128  com.fasterxml.jackson.datatype.jsr310.ser.ZoneIdSerializer
2241:             4            128  com.netflix.client.DefaultLoadBalancerRetryHandler
2242:             4            128  com.netflix.hystrix.HystrixCircuitBreaker$HystrixCircuitBreakerImpl
2243:             2            128  com.sun.crypto.provider.CipherCore
2244:             4            128  com.sun.jmx.mbeanserver.DefaultMXBeanMappingFactory$ArrayMapping
2245:             8            128  com.sun.proxy.$Proxy11
2246:             8            128  com.sun.proxy.$Proxy199
2247:             8            128  com.sun.proxy.$Proxy46
2248:             4            128  io.micrometer.core.instrument.binder.hystrix.MicrometerMetricsPublisherCommand$$Lambda$1367/1949983031
2249:             2            128  java.io.ExpiringCache$1
2250:             4            128  java.io.RandomAccessFile
2251:             8            128  java.util.regex.Pattern$CharPropertyNames$3
2252:             2            128  javax.crypto.Cipher
2253:             4            128  org.apache.coyote.ErrorState
2254:             4            128  org.apache.http.conn.ssl.SSLConnectionSocketFactory
2255:             4            128  org.apache.http.impl.conn.DefaultHttpClientConnectionOperator
2256:             4            128  org.apache.http.impl.conn.PoolingHttpClientConnectionManager
2257:             4            128  org.apache.http.impl.conn.PoolingHttpClientConnectionManager$ConfigData
2258:             4            128  org.apache.http.impl.cookie.DefaultCookieSpecProvider
2259:             4            128  org.apache.http.impl.execchain.RedirectExec
2260:             8            128  org.apache.http.protocol.RequestTargetHost
2261:             8            128  org.apache.http.protocol.RequestUserAgent
2262:             4            128  org.apache.logging.log4j.core.appender.DefaultErrorHandler
2263:             2            128  org.apache.logging.log4j.core.appender.RollingRandomAccessFileAppender
2264:             4            128  org.apache.logging.log4j.core.config.AwaitCompletionReliabilityStrategy
2265:             1            128  org.apache.logging.log4j.core.config.NullConfiguration
2266:             4            128  org.apache.logging.log4j.core.layout.StringBuilderEncoder
2267:             4            128  org.apache.tomcat.util.collections.SynchronizedStack
2268:             4            128  org.aspectj.weaver.patterns.ModifiersPattern
2269:             8            128  org.springframework.aop.framework.CglibAopProxy$StaticDispatcher
2270:             8            128  org.springframework.aop.framework.CglibAopProxy$StaticUnadvisedInterceptor
2271:             8            128  org.springframework.aop.target.SingletonTargetSource
2272:             4            128  org.springframework.beans.propertyeditors.CustomCollectionEditor
2273:             4            128  org.springframework.boot.actuate.endpoint.annotation.DiscoveredOperationMethod
2274:             4            128  org.springframework.boot.actuate.endpoint.web.annotation.DiscoveredWebOperation
2275:             4            128  org.springframework.boot.jdbc.EmbeddedDatabaseConnection
2276:             8            128  org.springframework.cglib.empty.Object$$BeanCopierByCGLIB$$3e8b8ddd
2277:             4            128  org.springframework.cloud.bootstrap.config.BootstrapPropertySource
2278:             8            128  org.springframework.core.convert.support.ArrayToCollectionConverter
2279:             8            128  org.springframework.core.convert.support.ArrayToObjectConverter
2280:             8            128  org.springframework.core.convert.support.ArrayToStringConverter
2281:             8            128  org.springframework.core.convert.support.ByteBufferConverter
2282:             8            128  org.springframework.core.convert.support.CharacterToNumberFactory
2283:             8            128  org.springframework.core.convert.support.CollectionToCollectionConverter
2284:             8            128  org.springframework.core.convert.support.CollectionToObjectConverter
2285:             8            128  org.springframework.core.convert.support.EnumToIntegerConverter
2286:             8            128  org.springframework.core.convert.support.EnumToStringConverter
2287:             8            128  org.springframework.core.convert.support.FallbackObjectToStringConverter
2288:             8            128  org.springframework.core.convert.support.IdToEntityConverter
2289:             8            128  org.springframework.core.convert.support.IntegerToEnumConverterFactory
2290:             8            128  org.springframework.core.convert.support.MapToMapConverter
2291:             8            128  org.springframework.core.convert.support.NumberToCharacterConverter
2292:             8            128  org.springframework.core.convert.support.NumberToNumberConverterFactory
2293:             8            128  org.springframework.core.convert.support.ObjectToArrayConverter
2294:             8            128  org.springframework.core.convert.support.ObjectToCollectionConverter
2295:             8            128  org.springframework.core.convert.support.ObjectToObjectConverter
2296:             8            128  org.springframework.core.convert.support.ObjectToOptionalConverter
2297:             8            128  org.springframework.core.convert.support.PropertiesToStringConverter
2298:             8            128  org.springframework.core.convert.support.StreamConverter
2299:             8            128  org.springframework.core.convert.support.StringToArrayConverter
2300:             8            128  org.springframework.core.convert.support.StringToBooleanConverter
2301:             8            128  org.springframework.core.convert.support.StringToCharacterConverter
2302:             8            128  org.springframework.core.convert.support.StringToCharsetConverter
2303:             8            128  org.springframework.core.convert.support.StringToCollectionConverter
2304:             8            128  org.springframework.core.convert.support.StringToCurrencyConverter
2305:             8            128  org.springframework.core.convert.support.StringToEnumConverterFactory
2306:             8            128  org.springframework.core.convert.support.StringToLocaleConverter
2307:             8            128  org.springframework.core.convert.support.StringToNumberConverterFactory
2308:             8            128  org.springframework.core.convert.support.StringToPropertiesConverter
2309:             8            128  org.springframework.core.convert.support.StringToTimeZoneConverter
2310:             8            128  org.springframework.core.convert.support.StringToUUIDConverter
2311:             8            128  org.springframework.core.convert.support.ZoneIdToTimeZoneConverter
2312:             8            128  org.springframework.core.convert.support.ZonedDateTimeToCalendarConverter
2313:             4            128  org.springframework.http.converter.support.AllEncompassingFormHttpMessageConverter
2314:             4            128  org.springframework.web.method.annotation.RequestParamMethodArgumentResolver
2315:             4            128  org.springframework.web.method.annotation.SessionAttributesHandler
2316:             1            128  springfox.documentation.spi.service.contexts.DocumentationContext
2317:             8            128  sun.security.provider.NativePRNG
2318:             4            128  sun.security.ssl.CipherSuite$PRF
2319:             4            128  sun.security.ssl.X509TrustManagerImpl
2320:             4            128  sun.security.x509.ExtendedKeyUsageExtension
2321:             3            120  [Lspringfox.documentation.service.ParameterType;
2322:             5            120  com.fasterxml.jackson.annotation.Nulls
2323:             3            120  com.fasterxml.jackson.databind.PropertyMetadata
2324:             5            120  com.google.gson.internal.bind.CollectionTypeAdapterFactory$Adapter
2325:             3            120  com.netflix.client.config.DefaultClientConfigImpl
2326:             5            120  com.netflix.hystrix.AbstractCommand$CommandState
2327:             3            120  com.netflix.hystrix.metric.consumer.CumulativeThreadPoolEventCounterStream
2328:             3            120  com.netflix.hystrix.metric.consumer.RollingThreadPoolEventCounterStream
2329:             3            120  com.netflix.loadbalancer.BaseLoadBalancer$PingTask
2330:             3            120  com.netflix.loadbalancer.LoadBalancerStats
2331:             5            120  com.netflix.servo.annotations.DataSourceType
2332:             5            120  com.sun.org.apache.xalan.internal.utils.FeaturePropertyBase$State
2333:             5            120  com.sun.org.apache.xalan.internal.utils.XMLSecurityManager$State
2334:             5            120  com.sun.org.apache.xerces.internal.util.PropertyState
2335:             5            120  com.sun.org.apache.xerces.internal.utils.XMLSecurityManager$State
2336:             5            120  com.sun.org.apache.xerces.internal.utils.XMLSecurityPropertyManager$State
2337:             5            120  feign.CollectionFormat
2338:             5            120  feign.form.MultipartFormContentProcessor
2339:             5            120  feign.form.multipart.DelegateWriter
2340:             5            120  feign.form.spring.SpringFormEncoder
2341:             5            120  io.prometheus.client.Collector$Type
2342:             3            120  java.lang.invoke.BoundMethodHandle$Species_LL
2343:             5            120  java.time.format.SignStyle
2344:             3            120  java.util.TreeMap$KeySpliterator
2345:             5            120  java.util.stream.StreamOpFlag$Type
2346:             5            120  javax.servlet.DispatcherType
2347:             5            120  javax.servlet.http.MappingMatch
2348:             5            120  jdk.xml.internal.JdkXmlFeatures$State
2349:             1            120  org.apache.catalina.connector.Connector
2350:             5            120  org.apache.catalina.webresources.EmptyResource
2351:             5            120  org.apache.http.auth.AuthProtocolState
2352:             1            120  org.apache.logging.log4j.core.appender.rolling.RollingRandomAccessFileManager
2353:             5            120  org.apache.logging.log4j.core.pattern.PatternParser$ParserState
2354:             3            120  org.apache.logging.log4j.core.util.WatchManager
2355:             5            120  org.apache.tomcat.util.threads.InlineExecutorService
2356:             1            120  org.aspectj.weaver.ResolvedPointcutDefinition
2357:             3            120  org.hibernate.validator.internal.cfg.context.DefaultConstraintMapping
2358:             3            120  org.hibernate.validator.internal.engine.constraintvalidation.ConstraintValidatorManagerImpl
2359:             3            120  org.hibernate.validator.internal.engine.validationcontext.ValidatorScopedContext
2360:             3            120  org.hibernate.validator.internal.metadata.core.ConstraintHelper
2361:             3            120  org.springframework.boot.actuate.endpoint.annotation.EndpointDiscoverer$EndpointBean
2362:             5            120  org.springframework.boot.actuate.endpoint.invoke.reflect.OperationMethodParameter
2363:             5            120  org.springframework.boot.ansi.AnsiStyle
2364:             5            120  org.springframework.boot.context.properties.ConfigurationPropertiesBindingPostProcessor
2365:             5            120  org.springframework.cloud.client.actuator.HasFeatures
2366:             5            120  org.springframework.cloud.openfeign.support.SpringEncoder
2367:             5            120  org.springframework.context.annotation.FilterType
2368:             5            120  org.springframework.core.annotation.MergedAnnotations$SearchStrategy
2369:             3            120  org.springframework.expression.spel.ast.BooleanLiteral
2370:             5            120  org.springframework.expression.spel.support.StandardTypeLocator
2371:             5            120  org.springframework.http.HttpStatus$Series
2372:             5            120  org.springframework.web.accept.ContentNegotiationManager
2373:             1            120  org.springframework.web.servlet.DispatcherServlet
2374:             3            120  org.springframework.web.servlet.handler.AbstractHandlerMethodMapping$MappingRegistry
2375:             3            120  org.springframework.web.servlet.mvc.method.annotation.HttpEntityMethodProcessor
2376:             3            120  org.springframework.web.servlet.mvc.method.annotation.RequestResponseBodyMethodProcessor
2377:             5            120  org.yaml.snakeyaml.DumperOptions$ScalarStyle
2378:             1            120  springfox.documentation.spring.web.plugins.Docket
2379:             5            120  sun.misc.FloatingDecimal$PreparedASCIIToBinaryBuffer
2380:             5            120  sun.security.jca.ServiceId
2381:             3            120  sun.security.provider.DSAPublicKeyImpl
2382:             5            120  sun.security.util.DisabledAlgorithmConstraints
2383:             2            112  [Lcom.fasterxml.jackson.core.JsonGenerator$Feature;
2384:             1            112  [Lcom.java.yxt.base.AbilityGatewayExceptionEnum;
2385:             2            112  [Lfeign.Request$HttpMethod;
2386:             2            112  [Ljava.lang.invoke.MethodType;
2387:             2            112  [Ljava.security.CryptoPrimitive;
2388:             1            112  [Ljava.time.LocalTime;
2389:             2            112  [Ljavax.management.openmbean.OpenType;
2390:             7            112  [Lorg.aspectj.weaver.tools.PointcutParameter;
2391:             2            112  [Lorg.springframework.boot.autoconfigure.cache.CacheType;
2392:             1            112  [Lorg.yaml.snakeyaml.tokens.Token$ID;
2393:             2            112  [[Z
2394:             2            112  com.fasterxml.jackson.databind.deser.std.CollectionDeserializer
2395:             2            112  com.fasterxml.jackson.databind.type.ArrayType
2396:             2            112  com.google.common.collect.MapMakerInternalMap
2397:             7            112  com.netflix.hystrix.metric.consumer.BucketedCumulativeCounterStream$1
2398:             7            112  com.netflix.hystrix.metric.consumer.BucketedCumulativeCounterStream$2
2399:             2            112  com.sun.management.GcInfo
2400:             7            112  com.sun.proxy.$Proxy100
2401:             7            112  com.sun.proxy.$Proxy134
2402:             7            112  com.sun.proxy.$Proxy86
2403:             7            112  com.ulisesbocchio.jasyptspringboot.util.Singleton$$Lambda$287/366590980
2404:             7            112  java.util.EnumMap$EntrySet
2405:             2            112  org.apache.logging.log4j.core.appender.ConsoleAppender
2406:             7            112  org.aspectj.weaver.UnresolvedType$TypeKind
2407:             2            112  org.aspectj.weaver.patterns.AnnotationPointcut
2408:             7            112  org.aspectj.weaver.reflect.ReflectionWorld$ExceptionBasedMessageHandler
2409:             7            112  org.aspectj.weaver.tools.DefaultMatchingContext
2410:             7            112  org.springframework.aop.aspectj.AspectJExpressionPointcut$BeanPointcutDesignatorHandler
2411:             1            112  org.springframework.boot.actuate.endpoint.web.servlet.ControllerEndpointHandlerMapping
2412:             2            112  org.springframework.boot.context.properties.ConfigurationPropertiesJsr303Validator$Delegate
2413:             2            112  org.springframework.boot.context.properties.source.ConfigurationPropertySourcesPropertySource$$EnhancerBySpringCGLIB$$dc1b1f64
2414:             7            112  org.springframework.format.datetime.joda.DateTimeParser
2415:             7            112  org.springframework.format.datetime.joda.DurationFormatter
2416:             7            112  org.springframework.format.datetime.joda.JodaDateTimeFormatAnnotationFormatterFactory
2417:             7            112  org.springframework.format.datetime.joda.JodaTimeConverters$CalendarToReadableInstantConverter
2418:             7            112  org.springframework.format.datetime.joda.JodaTimeConverters$DateTimeToCalendarConverter
2419:             7            112  org.springframework.format.datetime.joda.JodaTimeConverters$DateTimeToDateConverter
2420:             7            112  org.springframework.format.datetime.joda.JodaTimeConverters$DateTimeToDateMidnightConverter
2421:             7            112  org.springframework.format.datetime.joda.JodaTimeConverters$DateTimeToInstantConverter
2422:             7            112  org.springframework.format.datetime.joda.JodaTimeConverters$DateTimeToLocalDateConverter
2423:             7            112  org.springframework.format.datetime.joda.JodaTimeConverters$DateTimeToLocalDateTimeConverter
2424:             7            112  org.springframework.format.datetime.joda.JodaTimeConverters$DateTimeToLocalTimeConverter
2425:             7            112  org.springframework.format.datetime.joda.JodaTimeConverters$DateTimeToLongConverter
2426:             7            112  org.springframework.format.datetime.joda.JodaTimeConverters$DateTimeToMutableDateTimeConverter
2427:             7            112  org.springframework.format.datetime.joda.JodaTimeConverters$DateToReadableInstantConverter
2428:             7            112  org.springframework.format.datetime.joda.JodaTimeConverters$LocalDateTimeToLocalDateConverter
2429:             7            112  org.springframework.format.datetime.joda.JodaTimeConverters$LocalDateTimeToLocalTimeConverter
2430:             7            112  org.springframework.format.datetime.joda.JodaTimeConverters$LongToReadableInstantConverter
2431:             7            112  org.springframework.format.datetime.joda.LocalDateParser
2432:             7            112  org.springframework.format.datetime.joda.LocalDateTimeParser
2433:             7            112  org.springframework.format.datetime.joda.LocalTimeParser
2434:             7            112  org.springframework.format.datetime.joda.MonthDayFormatter
2435:             7            112  org.springframework.format.datetime.joda.PeriodFormatter
2436:             7            112  org.springframework.format.datetime.joda.ReadableInstantPrinter
2437:             7            112  org.springframework.format.datetime.joda.YearMonthFormatter
2438:             7            112  org.springframework.format.datetime.standard.DateTimeConverters$CalendarToInstantConverter
2439:             7            112  org.springframework.format.datetime.standard.DateTimeConverters$CalendarToLocalDateConverter
2440:             7            112  org.springframework.format.datetime.standard.DateTimeConverters$CalendarToLocalDateTimeConverter
2441:             7            112  org.springframework.format.datetime.standard.DateTimeConverters$CalendarToLocalTimeConverter
2442:             7            112  org.springframework.format.datetime.standard.DateTimeConverters$CalendarToOffsetDateTimeConverter
2443:             7            112  org.springframework.format.datetime.standard.DateTimeConverters$CalendarToZonedDateTimeConverter
2444:             7            112  org.springframework.format.datetime.standard.DateTimeConverters$InstantToLongConverter
2445:             7            112  org.springframework.format.datetime.standard.DateTimeConverters$LocalDateTimeToLocalDateConverter
2446:             7            112  org.springframework.format.datetime.standard.DateTimeConverters$LocalDateTimeToLocalTimeConverter
2447:             7            112  org.springframework.format.datetime.standard.DateTimeConverters$LongToInstantConverter
2448:             7            112  org.springframework.format.datetime.standard.DateTimeConverters$OffsetDateTimeToInstantConverter
2449:             7            112  org.springframework.format.datetime.standard.DateTimeConverters$OffsetDateTimeToLocalDateConverter
2450:             7            112  org.springframework.format.datetime.standard.DateTimeConverters$OffsetDateTimeToLocalDateTimeConverter
2451:             7            112  org.springframework.format.datetime.standard.DateTimeConverters$OffsetDateTimeToLocalTimeConverter
2452:             7            112  org.springframework.format.datetime.standard.DateTimeConverters$OffsetDateTimeToZonedDateTimeConverter
2453:             7            112  org.springframework.format.datetime.standard.DateTimeConverters$ZonedDateTimeToInstantConverter
2454:             7            112  org.springframework.format.datetime.standard.DateTimeConverters$ZonedDateTimeToLocalDateConverter
2455:             7            112  org.springframework.format.datetime.standard.DateTimeConverters$ZonedDateTimeToLocalDateTimeConverter
2456:             7            112  org.springframework.format.datetime.standard.DateTimeConverters$ZonedDateTimeToLocalTimeConverter
2457:             7            112  org.springframework.format.datetime.standard.DateTimeConverters$ZonedDateTimeToOffsetDateTimeConverter
2458:             7            112  org.springframework.format.datetime.standard.DurationFormatter
2459:             7            112  org.springframework.format.datetime.standard.InstantFormatter
2460:             7            112  org.springframework.format.datetime.standard.Jsr310DateTimeFormatAnnotationFormatterFactory
2461:             7            112  org.springframework.format.datetime.standard.MonthDayFormatter
2462:             7            112  org.springframework.format.datetime.standard.MonthFormatter
2463:             7            112  org.springframework.format.datetime.standard.PeriodFormatter
2464:             7            112  org.springframework.format.datetime.standard.YearFormatter
2465:             7            112  org.springframework.format.datetime.standard.YearMonthFormatter
2466:             7            112  org.springframework.format.number.NumberFormatAnnotationFormatterFactory
2467:             7            112  org.springframework.web.cors.DefaultCorsProcessor
2468:             2            112  springfox.documentation.swagger.web.SecurityConfiguration
2469:             1            104  [Lcom.netflix.hystrix.util.HystrixRollingNumberEvent;
2470:             1            104  org.apache.catalina.authenticator.NonLoginAuthenticator
2471:             1            104  org.apache.tomcat.util.net.SocketProperties
2472:             1            104  org.springframework.boot.actuate.endpoint.web.servlet.WebMvcEndpointHandlerMapping
2473:             1            104  org.springframework.boot.autoconfigure.jdbc.DataSourceProperties
2474:             1            104  org.springframework.boot.loader.LaunchedURLClassLoader
2475:             1            104  org.springframework.scheduling.concurrent.ThreadPoolTaskExecutor
2476:             1            104  org.springframework.web.servlet.view.InternalResourceViewResolver
2477:             2             96  [Lcom.fasterxml.jackson.annotation.JsonInclude$Include;
2478:             2             96  [Lcom.fasterxml.jackson.annotation.PropertyAccessor;
2479:             2             96  [Lcom.google.common.cache.LocalCache$EntryFactory;
2480:             3             96  [Lcom.google.common.cache.LocalCache$Segment;
2481:             6             96  [Lorg.apache.catalina.Session;
2482:             4             96  [Lorg.apache.logging.log4j.Marker;
2483:             1             96  [Lorg.apache.logging.log4j.core.util.datetime.FixedDateFormat$FixedFormat;
2484:             2             96  [Lorg.apache.logging.log4j.spi.StandardLevel;
2485:             4             96  [Lorg.springframework.beans.factory.config.DependencyDescriptor;
2486:             2             96  [Lorg.springframework.boot.logging.LogLevel;
2487:             2             96  [Lrx.internal.schedulers.EventLoopsScheduler$PoolWorker;
2488:             1             96  [Lspringfox.documentation.schema.ScalarType;
2489:             4             96  [Lsun.security.ssl.EphemeralKeyManager$EphemeralKeyPair;
2490:             1             96  [[J
2491:             4             96  brave.Span$Kind
2492:             4             96  brave.baggage.BaggageField
2493:             4             96  brave.handler.SpanHandler$Cause
2494:             3             96  brave.httpclient.TracingMainExec
2495:             3             96  brave.httpclient.TracingProtocolExec
2496:             4             96  brave.internal.codec.IpLiteral$IpFamily
2497:             4             96  brave.propagation.TraceContextOrSamplingFlags
2498:             3             96  com.alibaba.fastjson.parser.deserializer.DefaultFieldDeserializer
2499:             4             96  com.alibaba.fastjson.util.IdentityHashMap
2500:             3             96  com.ctg.itrdc.cache.vjedis.VProxyJedis
2501:             1             96  com.ctg.itrdc.cache.vjedis.jedis.JedisPoolConfig
2502:             3             96  com.ctg.itrdc.cache.vjedis.util.RedisInputStream
2503:             4             96  com.ecwid.consul.v1.health.model.Check$CheckStatus
2504:             4             96  com.fasterxml.classmate.AnnotationInclusion
2505:             4             96  com.fasterxml.classmate.util.LRUTypeCache
2506:             4             96  com.fasterxml.jackson.annotation.JsonCreator$Mode
2507:             3             96  com.fasterxml.jackson.annotation.JsonInclude$Value
2508:             4             96  com.fasterxml.jackson.annotation.JsonProperty$Access
2509:             4             96  com.fasterxml.jackson.core.JsonFactory$Feature
2510:             2             96  com.fasterxml.jackson.databind.deser.std.UntypedObjectDeserializer
2511:             1             96  com.fasterxml.jackson.databind.ser.impl.UnwrappingBeanPropertyWriter
2512:             4             96  com.fasterxml.jackson.databind.ser.std.StdKeySerializers$Dynamic
2513:             3             96  com.fasterxml.jackson.datatype.jsr310.deser.JSR310StringParsableDeserializer
2514:             6             96  com.google.common.base.Predicates$AndPredicate
2515:             4             96  com.google.common.collect.AbstractIterator$State
2516:             4             96  com.netflix.hystrix.AbstractCommand$ThreadState
2517:             4             96  com.netflix.hystrix.HystrixCommandProperties$ExecutionIsolationStrategyHystrixProperty
2518:             4             96  com.netflix.hystrix.HystrixRequestCache
2519:             3             96  com.netflix.hystrix.HystrixThreadPool$HystrixThreadPoolDefault
2520:             4             96  com.netflix.hystrix.metric.HystrixCommandCompletionStream
2521:             4             96  com.netflix.hystrix.metric.HystrixCommandStartStream
2522:             4             96  com.netflix.hystrix.metric.consumer.RollingCommandLatencyDistributionStream
2523:             4             96  com.netflix.hystrix.metric.consumer.RollingCommandMaxConcurrencyStream
2524:             4             96  com.netflix.hystrix.metric.consumer.RollingCommandUserLatencyDistributionStream
2525:             6             96  com.netflix.loadbalancer.ServerComparator
2526:             3             96  com.netflix.loadbalancer.ZoneStats
2527:             3             96  com.netflix.stats.distribution.DataPublisher
2528:             3             96  com.netflix.util.concurrent.ShutdownEnabledTimer
2529:             2             96  com.sun.crypto.provider.PBES2Core$HmacSHA512AndAES_256
2530:             1             96  com.sun.crypto.provider.SunJCE
2531:             4             96  com.sun.jmx.interceptor.DefaultMBeanServerInterceptor$ListenerWrapper
2532:             3             96  com.sun.jmx.mbeanserver.DefaultMXBeanMappingFactory$CollectionMapping
2533:             3             96  com.sun.jmx.mbeanserver.DefaultMXBeanMappingFactory$EnumMapping
2534:             2             96  com.sun.jmx.mbeanserver.MBeanIntrospector$MBeanInfoMap
2535:             2             96  com.sun.jmx.mbeanserver.MBeanIntrospector$PerInterfaceMap
2536:             1             96  com.sun.net.ssl.internal.ssl.Provider
2537:             3             96  com.sun.org.apache.xalan.internal.utils.XMLSecurityManager$NameMap
2538:             3             96  com.sun.org.apache.xerces.internal.utils.XMLSecurityManager$NameMap
2539:             3             96  com.sun.org.apache.xerces.internal.xni.QName
2540:             6             96  com.sun.proxy.$Proxy109
2541:             6             96  com.sun.proxy.$Proxy132
2542:             6             96  com.sun.proxy.$Proxy160
2543:             6             96  com.sun.proxy.$Proxy164
2544:             6             96  com.sun.proxy.$Proxy165
2545:             6             96  com.sun.proxy.$Proxy166
2546:             6             96  com.sun.proxy.$Proxy181
2547:             6             96  com.sun.proxy.$Proxy196
2548:             6             96  com.sun.proxy.$Proxy52
2549:             6             96  com.sun.proxy.$Proxy67
2550:             6             96  com.sun.proxy.$Proxy85
2551:             6             96  com.sun.proxy.$Proxy87
2552:             6             96  com.sun.proxy.$Proxy88
2553:             6             96  com.sun.proxy.$Proxy96
2554:             6             96  com.sun.proxy.$Proxy99
2555:             4             96  feign.Logger$Level
2556:             6             96  feign.codec.ErrorDecoder$Default
2557:             6             96  feign.codec.ErrorDecoder$RetryAfterDecoder
2558:             6             96  feign.querymap.FieldQueryMapEncoder
2559:             6             96  feign.slf4j.Slf4jLogger
2560:             3             96  io.micrometer.core.instrument.binder.hystrix.MicrometerMetricsPublisherThreadPool
2561:             6             96  io.micrometer.core.instrument.binder.jvm.JvmThreadMetrics$$Lambda$615/802255644
2562:             4             96  io.micrometer.core.instrument.binder.tomcat.TomcatMetrics$$Lambda$1321/532297836
2563:             4             96  io.micrometer.core.instrument.binder.tomcat.TomcatMetrics$1
2564:             2             96  java.lang.ThreadGroup
2565:             6             96  java.lang.invoke.$Proxy157
2566:             4             96  java.math.MathContext
2567:             4             96  java.security.CodeSigner
2568:             3             96  java.security.MessageDigest$Delegate
2569:             4             96  java.text.Normalizer$Form
2570:             4             96  java.time.format.DateTimeFormatterBuilder$OffsetIdPrinterParser
2571:             4             96  java.time.format.DateTimeFormatterBuilder$SettingsParser
2572:             6             96  java.time.format.DateTimeTextProvider
2573:             4             96  java.time.format.FormatStyle
2574:             6             96  java.util.Timer$1
2575:             3             96  java.util.concurrent.SynchronousQueue
2576:             2             96  java.util.concurrent.locks.ReentrantReadWriteLock$FairSync
2577:             4             96  java.util.function.BiPredicate$$Lambda$55/885951223
2578:             4             96  java.util.function.Predicate$$Lambda$436/235370598
2579:             4             96  java.util.stream.StreamShape
2580:             4             96  javax.annotation.meta.When
2581:             4             96  javax.management.NotificationBroadcasterSupport
2582:             4             96  javax.management.NotificationBroadcasterSupport$ListenerInfo
2583:             4             96  org.apache.catalina.WebResourceRoot$ResourceSetType
2584:             2             96  org.apache.commons.configuration.EnvironmentConfiguration
2585:             4             96  org.apache.commons.logging.LogAdapter$LogApi
2586:             4             96  org.apache.http.conn.ssl.DefaultHostnameVerifier
2587:             4             96  org.apache.http.impl.client.BasicCookieStore
2588:             4             96  org.apache.http.impl.client.HttpClientBuilder$2
2589:             4             96  org.apache.http.impl.conn.PoolingHttpClientConnectionManager$InternalConnectionFactory
2590:             4             96  org.apache.http.impl.conn.SystemDefaultRoutePlanner
2591:             4             96  org.apache.http.impl.conn.Wire
2592:             4             96  org.apache.http.impl.cookie.NetscapeDraftSpecProvider
2593:             4             96  org.apache.http.impl.execchain.ProtocolExec
2594:             4             96  org.apache.http.impl.execchain.RetryExec
2595:             4             96  org.apache.http.impl.io.DefaultHttpRequestWriter
2596:             3             96  org.apache.http.message.BasicHeaderElementIterator
2597:             2             96  org.apache.logging.log4j.core.config.AppenderControl
2598:             4             96  org.apache.logging.log4j.core.config.AppenderRef
2599:             3             96  org.apache.logging.log4j.core.config.ConfigurationScheduler
2600:             4             96  org.apache.logging.log4j.core.layout.PatternLayout$PatternSerializer
2601:             3             96  org.apache.logging.log4j.core.util.Log4jThreadFactory
2602:             3             96  org.apache.logging.log4j.core.util.datetime.FixedDateFormat$FixedTimeZoneFormat
2603:             3             96  org.apache.tomcat.util.buf.UDecoder$DecodeException
2604:             3             96  org.apache.tomcat.util.http.ConcurrentDateFormat
2605:             4             96  org.apache.tomcat.util.http.SameSiteCookies
2606:             4             96  org.apache.tomcat.util.log.UserDataHelper$Config
2607:             4             96  org.apache.tomcat.util.net.AbstractEndpoint$BindState
2608:             4             96  org.apache.tomcat.util.net.Acceptor$AcceptorState
2609:             1             96  org.apache.tomcat.util.threads.ThreadPoolExecutor
2610:             1             96  org.apache.tomcat.websocket.server.WsServerContainer
2611:             3             96  org.aspectj.apache.bcel.generic.ArrayType
2612:             4             96  org.aspectj.weaver.RuntimeVersion
2613:             6             96  org.hibernate.validator.internal.constraintvalidators.bv.NotNullValidator
2614:             3             96  org.hibernate.validator.internal.engine.ConstraintCreationContext
2615:             3             96  org.hibernate.validator.internal.engine.ValidatorFactoryImpl$BeanMetaDataManagerKey
2616:             3             96  org.hibernate.validator.internal.engine.constraintvalidation.HibernateConstraintValidatorInitializationContextImpl
2617:             3             96  org.hibernate.validator.internal.engine.scripting.DefaultScriptEvaluatorFactory
2618:             3             96  org.hibernate.validator.internal.engine.valueextraction.ValueExtractorResolver
2619:             3             96  org.hibernate.validator.internal.metadata.provider.AnnotationMetaDataProvider
2620:             3             96  org.hibernate.validator.internal.metadata.raw.BeanConfiguration
2621:             3             96  org.hibernate.validator.internal.properties.javabean.JavaBeanConstructor
2622:             4             96  org.springframework.aop.framework.JdkDynamicAopProxy
2623:             3             96  org.springframework.boot.actuate.autoconfigure.endpoint.expose.IncludeExcludeEndpointFilter
2624:             4             96  org.springframework.boot.actuate.endpoint.invoke.reflect.ReflectiveOperationInvoker
2625:             4             96  org.springframework.boot.autoconfigure.web.ErrorProperties$IncludeStacktrace
2626:             3             96  org.springframework.boot.context.properties.bind.JavaBeanBinder$BeanProperty
2627:             4             96  org.springframework.boot.context.properties.source.SpringConfigurationPropertySources
2628:             4             96  org.springframework.boot.loader.data.RandomAccessDataFile$DataInputStream
2629:             4             96  org.springframework.boot.logging.LoggerGroup
2630:             4             96  org.springframework.cloud.client.actuator.NamedFeature
2631:             4             96  org.springframework.cloud.consul.config.ConsulConfigProperties$Format
2632:             4             96  org.springframework.cloud.netflix.ribbon.RibbonAutoConfiguration$$EnhancerBySpringCGLIB$$4e27cbac$$FastClassBySpringCGLIB$$1369fe7b
2633:             4             96  org.springframework.cloud.netflix.ribbon.RibbonAutoConfiguration$$FastClassBySpringCGLIB$$1a77d6d5
2634:             4             96  org.springframework.cloud.netflix.ribbon.RibbonAutoConfiguration$OnRibbonRestClientCondition
2635:             3             96  org.springframework.cloud.sleuth.instrument.async.ExecutorBeanPostProcessor$1
2636:             4             96  org.springframework.context.annotation.ScopedProxyMode
2637:             4             96  org.springframework.core.ReactiveAdapter
2638:             4             96  org.springframework.core.annotation.TypeMappedAnnotations$IsPresent
2639:             2             96  org.springframework.expression.spel.ast.MethodReference
2640:             2             96  org.springframework.expression.spel.ast.OpAnd
2641:             4             96  org.springframework.util.ConcurrentReferenceHashMap$TaskOption
2642:             4             96  org.springframework.web.method.annotation.ModelAttributeMethodProcessor
2643:             3             96  org.springframework.web.servlet.mvc.method.RequestMappingInfo$BuilderConfiguration
2644:             1             96  org.springframework.web.servlet.mvc.method.annotation.RequestMappingHandlerMapping
2645:             4             96  org.springframework.web.servlet.resource.DefaultResourceResolverChain
2646:             4             96  org.springframework.web.util.DefaultUriBuilderFactory$EncodingMode
2647:             4             96  org.yaml.snakeyaml.nodes.NodeId
2648:             3             96  rx.internal.util.RxThreadFactory
2649:             2             96  springfox.documentation.service.ApiInfo
2650:             4             96  springfox.documentation.spi.DocumentationType
2651:             2             96  sun.management.GarbageCollectorImpl
2652:             2             96  sun.management.GcInfoBuilder
2653:             1             96  sun.misc.Launcher$AppClassLoader
2654:             3             96  sun.net.spi.DefaultProxySelector$NonProxyInfo
2655:             1             96  sun.nio.ch.ServerSocketChannelImpl
2656:             3             96  sun.reflect.UnsafeLongFieldAccessorImpl
2657:             1             96  sun.security.ec.SunEC
2658:             1             96  sun.security.jca.ProviderList$1
2659:             3             96  sun.security.provider.SecureRandom
2660:             4             96  sun.security.provider.certpath.X509CertPath
2661:             1             96  sun.security.rsa.SunRsaSign
2662:             3             96  sun.security.ssl.ProtocolList
2663:             3             96  sun.util.locale.provider.LocaleResources
2664:             3             96  sun.util.locale.provider.LocaleServiceProviderPool
2665:             4             96  zipkin2.Endpoint$IpFamily
2666:             4             96  zipkin2.Span$Kind
2667:             3             88  [Lbrave.baggage.CorrelationScopeConfig$SingleCorrelationField;
2668:             2             88  [Ljava.nio.file.attribute.PosixFilePermission;
2669:             1             88  [Ljava.util.concurrent.ConcurrentMap;
2670:             5             88  [Lorg.apache.logging.log4j.core.config.AppenderControl;
2671:             3             88  [Lorg.aspectj.lang.reflect.Pointcut;
2672:             1             88  [Lorg.springframework.boot.ansi.AnsiColor;
2673:             1             88  [Lsun.security.util.ObjectIdentifier;
2674:             1             88  [[Ljava.lang.Byte;
2675:             1             88  com.alibaba.fastjson.util.JavaBeanInfo
2676:             1             88  io.micrometer.core.instrument.composite.CompositeMeterRegistry
2677:             1             88  java.net.URLClassLoader
2678:             1             88  org.apache.catalina.webresources.StandardRoot
2679:             1             88  org.springframework.aop.aspectj.annotation.AnnotationAwareAspectJAutoProxyCreator
2680:             1             88  org.springframework.boot.autoconfigure.web.ServerProperties$Tomcat
2681:             1             88  sun.misc.Launcher$ExtClassLoader
2682:             2             80  [Lcom.fasterxml.jackson.core.JsonEncoding;
2683:             2             80  [Lcom.netflix.servo.annotations.DataSourceType;
2684:             2             80  [Ljava.lang.management.MemoryUsage;
2685:             2             80  [Ljava.util.stream.StreamOpFlag$Type;
2686:             2             80  [Ljavax.servlet.DispatcherType;
2687:             2             80  [Ljavax.validation.executable.ExecutableType;
2688:             1             80  [Ljavax.websocket.CloseReason$CloseCodes;
2689:             4             80  [Lorg.apache.logging.log4j.core.config.AppenderRef;
2690:             5             80  [Lorg.apache.logging.log4j.core.config.Property;
2691:             2             80  [Lorg.apache.logging.log4j.core.util.datetime.FastDatePrinter$Rule;
2692:             2             80  [Lorg.hibernate.validator.internal.metadata.raw.ConstrainedElement$ConstrainedElementKind;
2693:             2             80  [Lorg.springframework.boot.cloud.CloudPlatform;
2694:             2             80  [Lorg.springframework.context.annotation.FilterType;
2695:             3             80  [Lorg.springframework.core.io.Resource;
2696:             1             80  [Lsun.security.ssl.CipherSuite$KeyExchange;
2697:             2             80  com.ctg.itrdc.cache.pool.CtgJedisFactory
2698:             5             80  com.ecwid.consul.transport.AbstractHttpTransport$$Lambda$333/1128096251
2699:             2             80  com.google.common.collect.RegularImmutableMap
2700:             5             80  com.google.gson.internal.ConstructorConstructor$8
2701:             1             80  com.java.yxt.config.RedisConfig$$EnhancerBySpringCGLIB$$7bda52e0
2702:             5             80  com.netflix.hystrix.HystrixCommandGroupKey$Factory$HystrixCommandGroupDefault
2703:             2             80  com.sun.crypto.provider.CipherBlockChaining
2704:             2             80  com.sun.jmx.mbeanserver.DefaultMXBeanMappingFactory$TabularMapping
2705:             5             80  com.sun.proxy.$Proxy10
2706:             5             80  com.sun.proxy.$Proxy103
2707:             5             80  com.sun.proxy.$Proxy13
2708:             5             80  com.sun.proxy.$Proxy167
2709:             5             80  com.sun.proxy.$Proxy176
2710:             5             80  com.sun.proxy.$Proxy18
2711:             5             80  com.sun.proxy.$Proxy202
2712:             5             80  com.sun.proxy.$Proxy3
2713:             5             80  com.sun.proxy.$Proxy38
2714:             5             80  com.sun.proxy.$Proxy58
2715:             2             80  com.ulisesbocchio.jasyptspringboot.aop.EncryptablePropertySourceMethodInterceptor
2716:             5             80  feign.codec.Encoder$Default
2717:             5             80  feign.form.UrlencodedFormContentProcessor
2718:             5             80  feign.form.multipart.ByteArrayWriter
2719:             5             80  feign.form.multipart.FormDataWriter
2720:             5             80  feign.form.multipart.ManyFilesWriter
2721:             5             80  feign.form.multipart.ManyParametersWriter
2722:             5             80  feign.form.multipart.PojoWriter
2723:             5             80  feign.form.spring.SpringManyMultipartFilesWriter
2724:             5             80  feign.optionals.OptionalDecoder
2725:             2             80  io.micrometer.core.instrument.binder.jvm.JvmGcMetrics$$Lambda$600/938405008
2726:             2             80  java.io.ExpiringCache
2727:             2             80  java.io.PrintWriter
2728:             2             80  java.lang.ClassNotFoundException
2729:             2             80  java.time.format.DateTimeFormatterBuilder$ZoneTextPrinterParser
2730:             2             80  java.time.zone.ZoneRules
2731:             2             80  java.util.Locale$Category
2732:             5             80  javax.security.auth.x500.X500Principal
2733:             2             80  jdk.xml.internal.JdkXmlFeatures$XmlFeature
2734:             2             80  jodd.util.concurrent.ThreadFactoryBuilder$$Lambda$1343/1509351899
2735:             1             80  org.apache.catalina.core.StandardService
2736:             1             80  org.apache.catalina.servlets.DefaultServlet
2737:             1             80  org.apache.catalina.startup.Tomcat$SimpleRealm
2738:             1             80  org.apache.catalina.webresources.JarWarResourceSet
2739:             5             80  org.apache.commons.lang.text.StrMatcher$CharMatcher
2740:             2             80  org.apache.commons.pool2.impl.LinkedBlockingDeque
2741:             1             80  org.apache.coyote.RequestGroupInfo
2742:             5             80  org.apache.logging.log4j.core.config.AppenderControlArraySet
2743:             5             80  org.apache.logging.log4j.core.lookup.StrMatcher$CharMatcher
2744:             2             80  org.apache.logging.log4j.core.util.datetime.FastDateParser
2745:             5             80  org.apache.logging.log4j.core.util.datetime.FastDateParser$CopyQuotedStrategy
2746:             5             80  org.apache.logging.log4j.core.util.datetime.FastDatePrinter$CharacterLiteral
2747:             1             80  org.aspectj.weaver.ResolvedType$Missing
2748:             2             80  org.aspectj.weaver.patterns.EllipsisTypePattern
2749:             1             80  org.jasypt.encryption.pbe.StandardPBEByteEncryptor
2750:             2             80  org.springframework.beans.propertyeditors.CustomBooleanEditor
2751:             1             80  org.springframework.boot.SpringApplication
2752:             5             80  org.springframework.boot.actuate.health.AbstractHealthIndicator$$Lambda$322/671467883
2753:             5             80  org.springframework.boot.actuate.health.HealthIndicatorReactiveAdapter
2754:             5             80  org.springframework.boot.autoconfigure.condition.OnExpressionCondition
2755:             1             80  org.springframework.boot.autoconfigure.web.servlet.WelcomePageHandlerMapping
2756:             5             80  org.springframework.boot.context.config.ConfigFileApplicationListener$PropertySourceOrderingPostProcessor
2757:             2             80  org.springframework.boot.context.logging.LoggingApplicationListener
2758:             5             80  org.springframework.boot.context.properties.BoundConfigurationProperties
2759:             5             80  org.springframework.boot.context.properties.ConfigurationBeanFactoryMetadata
2760:             5             80  org.springframework.boot.context.properties.ConfigurationPropertiesBeanDefinitionValidator
2761:             5             80  org.springframework.boot.context.properties.ConfigurationPropertiesBinder$Factory
2762:             2             80  org.springframework.boot.context.properties.bind.Binder
2763:             2             80  org.springframework.cloud.context.properties.ConfigurationPropertiesBeans
2764:             5             80  org.springframework.cloud.openfeign.DefaultFeignLoggerFactory
2765:             5             80  org.springframework.cloud.openfeign.FeignClientsConfiguration$1
2766:             5             80  org.springframework.cloud.openfeign.FeignClientsConfiguration$HystrixFeignConfiguration
2767:             5             80  org.springframework.cloud.openfeign.annotation.MatrixVariableParameterProcessor
2768:             5             80  org.springframework.cloud.openfeign.annotation.PathVariableParameterProcessor
2769:             5             80  org.springframework.cloud.openfeign.annotation.QueryMapParameterProcessor
2770:             5             80  org.springframework.cloud.openfeign.annotation.RequestHeaderParameterProcessor
2771:             5             80  org.springframework.cloud.openfeign.annotation.RequestParamParameterProcessor
2772:             5             80  org.springframework.cloud.openfeign.annotation.RequestPartParameterProcessor
2773:             5             80  org.springframework.cloud.openfeign.support.ResponseEntityDecoder
2774:             5             80  org.springframework.cloud.openfeign.support.SpringDecoder
2775:             5             80  org.springframework.cloud.openfeign.support.SpringMvcContract$ConvertingExpanderFactory
2776:             5             80  org.springframework.context.expression.BeanExpressionContextAccessor
2777:             5             80  org.springframework.context.expression.BeanFactoryAccessor
2778:             5             80  org.springframework.context.expression.BeanFactoryResolver
2779:             5             80  org.springframework.context.expression.EnvironmentAccessor
2780:             5             80  org.springframework.context.expression.MapAccessor
2781:             2             80  org.springframework.expression.spel.ast.IntLiteral
2782:             5             80  org.springframework.expression.spel.support.StandardOperatorOverloader
2783:             5             80  org.springframework.expression.spel.support.StandardTypeComparator
2784:             2             80  org.springframework.http.client.SimpleClientHttpRequestFactory
2785:             5             80  org.springframework.web.accept.HeaderContentNegotiationStrategy
2786:             1             80  org.springframework.web.servlet.function.support.RouterFunctionMapping
2787:             1             80  org.springframework.web.servlet.handler.BeanNameUrlHandlerMapping
2788:             1             80  org.springframework.web.servlet.handler.SimpleUrlHandlerMapping
2789:             1             80  org.springframework.web.servlet.mvc.method.annotation.ExceptionHandlerExceptionResolver
2790:             2             80  rx.internal.schedulers.CachedThreadScheduler$CachedWorkerPool
2791:             1             80  springfox.documentation.swagger.web.UiConfiguration
2792:             2             80  sun.management.MemoryManagerImpl
2793:             5             80  sun.security.util.DisabledAlgorithmConstraints$Constraints
2794:             1             72  [Lcom.fasterxml.jackson.core.JsonToken;
2795:             1             72  [Ljava.lang.invoke.LambdaFormEditor$Transform$Kind;
2796:             1             72  [Ljavax.management.openmbean.SimpleType;
2797:             3             72  [Ljavax.validation.constraintvalidation.ValidationTarget;
2798:             1             72  [Lorg.apache.coyote.AsyncStateMachine$AsyncState;
2799:             1             72  [Lorg.aspectj.weaver.Shadow$Kind;
2800:             2             72  [Lsun.security.jca.ProviderConfig;
2801:             3             72  brave.baggage.CorrelationScopeDecorator$Multiple
2802:             1             72  com.alibaba.fastjson.parser.ParserConfig
2803:             1             72  com.ctg.itrdc.cache.vjedis.pool.CtgVJedisPoolConfig
2804:             3             72  com.ctg.itrdc.cache.vjedis.util.RedisOutputStream
2805:             3             72  com.ecwid.consul.v1.ConsistencyMode
2806:             1             72  com.ecwid.consul.v1.agent.model.NewService$Check
2807:             1             72  com.fasterxml.jackson.core.util.InternCache
2808:             3             72  com.fasterxml.jackson.databind.ser.std.NumberSerializer
2809:             3             72  com.fasterxml.jackson.databind.util.AccessPattern
2810:             1             72  com.fasterxml.jackson.module.paramnames.ParameterNamesModule
2811:             3             72  com.google.common.cache.LocalCache$Values
2812:             3             72  com.java.yxt.YxtCloudGatewayApplication$$EnhancerBySpringCGLIB$$104a4a1b$$FastClassBySpringCGLIB$$6bae471f
2813:             3             72  com.java.yxt.YxtCloudGatewayApplication$$FastClassBySpringCGLIB$$87145664
2814:             3             72  com.netflix.config.DynamicBooleanProperty
2815:             3             72  com.netflix.hystrix.AbstractCommand$TimedOutStatus
2816:             3             72  com.netflix.hystrix.metric.HystrixThreadPoolCompletionStream
2817:             3             72  com.netflix.hystrix.metric.HystrixThreadPoolStartStream
2818:             3             72  com.netflix.hystrix.metric.consumer.RollingThreadPoolMaxConcurrencyStream
2819:             3             72  com.netflix.hystrix.strategy.concurrency.HystrixConcurrencyStrategy$1
2820:             3             72  com.netflix.hystrix.util.InternMap
2821:             3             72  com.netflix.hystrix.util.PlatformSpecific$Platform
2822:             3             72  com.netflix.loadbalancer.PollingServerListUpdater$1
2823:             3             72  com.netflix.servo.annotations.DataSourceLevel
2824:             3             72  com.ulisesbocchio.jasyptspringboot.util.Singleton$$Lambda$258/1151593579
2825:             3             72  feign.form.ContentType
2826:             3             72  io.micrometer.core.instrument.MeterRegistry$$Lambda$630/696739588
2827:             3             72  io.micrometer.core.instrument.MeterRegistry$1
2828:             3             72  io.micrometer.core.instrument.binder.jvm.JvmGcMetrics$GcGenerationAge
2829:             3             72  io.micrometer.core.instrument.config.MeterFilterReply
2830:             3             72  io.micrometer.core.util.internal.logging.LocationAwareSlf4JLogger
2831:             1             72  io.micrometer.prometheus.PrometheusMeterRegistry
2832:             3             72  io.swagger.annotations.ApiModelProperty$AccessMode
2833:             3             72  java.lang.annotation.RetentionPolicy
2834:             3             72  java.net.Proxy$Type
2835:             3             72  java.net.URLClassLoader$1
2836:             3             72  java.time.format.ResolverStyle
2837:             3             72  java.util.Base64$Encoder
2838:             3             72  java.util.OptionalInt
2839:             1             72  java.util.ResourceBundle$RBClassLoader
2840:             3             72  java.util.Timer
2841:             1             72  java.util.logging.LogManager$RootLogger
2842:             3             72  java.util.stream.Collector$Characteristics
2843:             3             72  java.util.stream.MatchOps$MatchKind
2844:             3             72  javax.servlet.SessionTrackingMode
2845:             3             72  javax.validation.ConstraintTarget
2846:             3             72  javax.validation.metadata.ValidateUnwrappedValue
2847:             3             72  org.apache.catalina.authenticator.AuthenticatorBase$AllowCorsPreflight
2848:             3             72  org.apache.coyote.http11.Http11InputBuffer$HeaderParseStatus
2849:             3             72  org.apache.http.HttpVersion
2850:             3             72  org.apache.http.conn.util.DomainType
2851:             3             72  org.apache.http.impl.cookie.PublicSuffixDomainFilter
2852:             3             72  org.apache.http.impl.cookie.RFC6265CookieSpecProvider$CompatibilityLevel
2853:             3             72  org.apache.logging.log4j.core.Filter$Result
2854:             3             72  org.apache.logging.log4j.core.config.plugins.util.PluginManager
2855:             3             72  org.apache.logging.log4j.core.util.DummyNanoClock
2856:             3             72  org.apache.logging.log4j.message.ParameterizedNoReferenceMessageFactory$StatusMessage
2857:             3             72  org.apache.tomcat.util.buf.EncodedSolidusHandling
2858:             3             72  org.apache.tomcat.util.http.parser.SkipResult
2859:             3             72  org.apache.tomcat.util.log.UserDataHelper$Mode
2860:             3             72  org.apache.tomcat.util.net.SendfileState
2861:             3             72  org.aspectj.weaver.patterns.Pointcut$State
2862:             3             72  org.hibernate.validator.constraints.CompositionType
2863:             3             72  org.hibernate.validator.internal.engine.MethodValidationConfiguration
2864:             3             72  org.hibernate.validator.internal.engine.messageinterpolation.DefaultLocaleResolverContext
2865:             3             72  org.hibernate.validator.internal.engine.valueextraction.ValueExtractorManager
2866:             3             72  org.hibernate.validator.internal.metadata.provider.ProgrammaticMetaDataProvider
2867:             3             72  org.hibernate.validator.internal.metadata.raw.ConfigurationSource
2868:             3             72  org.hibernate.validator.internal.properties.javabean.JavaBeanHelper
2869:             3             72  org.hibernate.validator.internal.util.ConcurrentReferenceHashMap$ReferenceType
2870:             3             72  org.joda.time.format.DateTimeFormat$StyleFormatter
2871:             3             72  org.springframework.beans.factory.annotation.Autowire
2872:             3             72  org.springframework.beans.factory.config.YamlProcessor$ResolutionMethod
2873:             3             72  org.springframework.boot.Banner$Mode
2874:             3             72  org.springframework.boot.WebApplicationType
2875:             3             72  org.springframework.boot.actuate.autoconfigure.health.HealthProperties$Show
2876:             3             72  org.springframework.boot.actuate.autoconfigure.info.OnEnabledInfoContributorCondition
2877:             3             72  org.springframework.boot.actuate.autoconfigure.web.ManagementContextType
2878:             3             72  org.springframework.boot.actuate.autoconfigure.web.server.ManagementPortType
2879:             3             72  org.springframework.boot.actuate.endpoint.OperationType
2880:             3             72  org.springframework.boot.actuate.endpoint.annotation.EndpointDiscoverer$$Lambda$647/598325842
2881:             3             72  org.springframework.boot.actuate.endpoint.annotation.EndpointDiscoverer$1
2882:             3             72  org.springframework.boot.actuate.endpoint.web.WebEndpointHttpMethod
2883:             3             72  org.springframework.boot.actuate.metrics.export.prometheus.PrometheusPushGatewayManager$ShutdownOperation
2884:             3             72  org.springframework.boot.ansi.AnsiOutput$Enabled
2885:             3             72  org.springframework.boot.autoconfigure.condition.ConditionalOnWebApplication$Type
2886:             3             72  org.springframework.boot.autoconfigure.condition.SearchStrategy
2887:             3             72  org.springframework.boot.autoconfigure.web.ErrorProperties$IncludeAttribute
2888:             1             72  org.springframework.boot.autoconfigure.web.ServerProperties
2889:             1             72  org.springframework.boot.autoconfigure.web.servlet.WebMvcAutoConfiguration$EnableWebMvcConfiguration
2890:             3             72  org.springframework.boot.context.properties.source.ConfigurationPropertyName$Form
2891:             3             72  org.springframework.boot.context.properties.source.ConfigurationPropertyState
2892:             1             72  org.springframework.boot.jackson.JsonComponentModule
2893:             3             72  org.springframework.boot.jdbc.DataSourceInitializationMode
2894:             3             72  org.springframework.boot.loader.data.RandomAccessDataFile$FileAccess
2895:             3             72  org.springframework.boot.loader.jar.JarFile$JarFileType
2896:             3             72  org.springframework.boot.logging.DeferredLog
2897:             3             72  org.springframework.cloud.consul.discovery.ConsulRibbonClientConfiguration
2898:             3             72  org.springframework.cloud.consul.discovery.ConsulServerList
2899:             3             72  org.springframework.cloud.netflix.ribbon.RibbonClientConfiguration
2900:             3             72  org.springframework.cloud.netflix.ribbon.apache.HttpClientRibbonConfiguration$ApacheHttpClientConfiguration
2901:             3             72  org.springframework.cloud.sleuth.instrument.web.client.feign.TracingFeignClient
2902:             3             72  org.springframework.core.annotation.PackagesAnnotationFilter
2903:             3             72  org.springframework.core.env.CommandLineArgs
2904:             3             72  org.springframework.expression.spel.SpelCompilerMode
2905:             3             72  org.springframework.expression.spel.support.ReflectionHelper$ArgumentsMatchKind
2906:             3             72  org.springframework.format.datetime.joda.JodaTimeFormatterRegistrar$Type
2907:             3             72  org.springframework.format.datetime.standard.DateTimeFormatterRegistrar$Type
2908:             3             72  org.springframework.http.converter.ResourceRegionHttpMessageConverter
2909:             3             72  org.springframework.jdbc.datasource.embedded.EmbeddedDatabaseType
2910:             3             72  org.springframework.validation.beanvalidation.LocalValidatorFactoryBean$1
2911:             3             72  org.springframework.web.method.annotation.ExceptionHandlerMethodResolver
2912:             3             72  org.springframework.web.servlet.mvc.method.annotation.RequestAttributeMethodArgumentResolver
2913:             3             72  org.springframework.web.servlet.mvc.method.annotation.SessionAttributeMethodArgumentResolver
2914:             3             72  org.springframework.web.util.HierarchicalUriComponents$EncodeState
2915:             3             72  org.springframework.web.util.UriComponentsBuilder$EncodingHint
2916:             3             72  org.yaml.snakeyaml.DumperOptions$FlowStyle
2917:             3             72  org.yaml.snakeyaml.DumperOptions$LineBreak
2918:             3             72  org.yaml.snakeyaml.introspector.BeanAccess
2919:             3             72  rx.Notification$Kind
2920:             3             72  springfox.documentation.schema.CollectionType
2921:             3             72  springfox.documentation.swagger.web.DocExpansion
2922:             3             72  sun.management.LazyCompositeData$$Lambda$714/2112344691
2923:             3             72  sun.misc.FloatingDecimal$ExceptionalBinaryToASCIIBuffer
2924:             3             72  sun.misc.Signal
2925:             3             72  sun.net.www.protocol.http.HttpURLConnection$TunnelState
2926:             3             72  sun.security.provider.DSAParameters
2927:             3             72  sun.security.provider.NativePRNG$Variant
2928:             3             72  sun.security.ssl.CipherSuite$CipherType
2929:             3             72  sun.security.ssl.CipherSuiteList
2930:             1             72  sun.util.locale.provider.JRELocaleProviderAdapter
2931:             3             72  sun.util.resources.ParallelListResourceBundle$KeySet
2932:             1             72  zipkin2.reporter.AsyncReporter$BoundedAsyncReporter
2933:             2             64  [Lcom.alibaba.fastjson.parser.deserializer.FieldDeserializer;
2934:             2             64  [Lcom.alibaba.fastjson.util.FieldInfo;
2935:             2             64  [Lcom.ecwid.consul.v1.health.model.Check$CheckStatus;
2936:             1             64  [Lcom.fasterxml.jackson.annotation.JsonFormat$Shape;
2937:             2             64  [Lcom.fasterxml.jackson.annotation.JsonProperty$Access;
2938:             2             64  [Lcom.google.common.collect.MapMakerInternalMap$Segment;
2939:             2             64  [Lcom.netflix.servo.annotations.DataSourceLevel;
2940:             2             64  [Lio.swagger.annotations.ApiModelProperty$AccessMode;
2941:             2             64  [Ljava.lang.annotation.RetentionPolicy;
2942:             2             64  [Ljava.lang.invoke.LambdaFormEditor$Transform;
2943:             2             64  [Ljavax.annotation.meta.When;
2944:             2             64  [Ljavax.servlet.SessionTrackingMode;
2945:             1             64  [Lorg.apache.catalina.LifecycleState;
2946:             2             64  [Lorg.apache.logging.log4j.core.Filter$Result;
2947:             3             64  [Lorg.apache.logging.log4j.core.Filter;
2948:             2             64  [Lorg.springframework.beans.factory.annotation.Autowire;
2949:             2             64  [Lorg.springframework.boot.WebApplicationType;
2950:             2             64  [Lorg.springframework.boot.actuate.autoconfigure.web.ManagementContextType;
2951:             2             64  [Lorg.springframework.boot.actuate.autoconfigure.web.server.ManagementPortType;
2952:             2             64  [Lorg.springframework.boot.actuate.endpoint.OperationType;
2953:             2             64  [Lorg.springframework.boot.autoconfigure.condition.ConditionalOnWebApplication$Type;
2954:             2             64  [Lorg.springframework.boot.autoconfigure.condition.SearchStrategy;
2955:             2             64  [Lorg.springframework.cloud.consul.config.ConsulConfigProperties$Format;
2956:             2             64  [Lorg.springframework.context.annotation.ScopedProxyMode;
2957:             2             64  [Lorg.springframework.format.datetime.joda.JodaTimeFormatterRegistrar$Type;
2958:             2             64  [Lorg.springframework.format.datetime.standard.DateTimeFormatterRegistrar$Type;
2959:             2             64  [Lorg.springframework.util.ConcurrentReferenceHashMap$TaskOption;
2960:             1             64  [Lorg.springframework.web.util.HierarchicalUriComponents$Type;
2961:             2             64  [Lorg.yaml.snakeyaml.nodes.NodeId;
2962:             1             64  [Lsun.reflect.annotation.TypeAnnotation$TypeAnnotationTarget;
2963:             2             64  [Lzipkin2.Span$Kind;
2964:             2             64  brave.internal.propagation.InjectorFactory
2965:             1             64  com.alibaba.fastjson.parser.deserializer.JavaBeanDeserializer
2966:             2             64  com.ecwid.consul.transport.HttpRequest$Builder
2967:             4             64  com.fasterxml.classmate.TypeResolver
2968:             2             64  com.fasterxml.jackson.databind.deser.std.NumberDeserializers$IntegerDeserializer
2969:             2             64  com.fasterxml.jackson.databind.deser.std.NumberDeserializers$LongDeserializer
2970:             2             64  com.fasterxml.jackson.databind.deser.std.NumberDeserializers$ShortDeserializer
2971:             2             64  com.fasterxml.jackson.databind.ser.std.NumberSerializers$DoubleSerializer
2972:             2             64  com.fasterxml.jackson.databind.ser.std.NumberSerializers$IntegerSerializer
2973:             2             64  com.fasterxml.jackson.databind.ser.std.NumberSerializers$LongSerializer
2974:             1             64  com.google.common.cache.CacheStats
2975:             2             64  com.google.gson.internal.bind.MapTypeAdapterFactory$Adapter
2976:             2             64  com.google.gson.internal.bind.ReflectiveTypeAdapterFactory
2977:             1             64  com.java.yxt.model.vo.request.CancelVo
2978:             1             64  com.netflix.config.DynamicURLConfiguration
2979:             4             64  com.netflix.hystrix.HystrixCommandProperties$ExecutionIsolationStrategyHystrixProperty$1
2980:             4             64  com.netflix.hystrix.strategy.metrics.HystrixMetricsPublisherCommandDefault
2981:             2             64  com.sun.crypto.provider.AESCrypt
2982:             2             64  com.sun.management.GarbageCollectionNotificationInfo
2983:             2             64  com.sun.org.apache.xalan.internal.utils.XMLSecurityPropertyManager$Property
2984:             2             64  com.sun.org.apache.xerces.internal.utils.XMLSecurityPropertyManager$Property
2985:             4             64  com.sun.proxy.$Proxy117
2986:             4             64  com.sun.proxy.$Proxy128
2987:             4             64  com.sun.proxy.$Proxy178
2988:             4             64  com.sun.proxy.$Proxy24
2989:             4             64  com.sun.proxy.$Proxy81
2990:             4             64  com.sun.proxy.$Proxy82
2991:             4             64  com.sun.proxy.$Proxy97
2992:             2             64  com.ulisesbocchio.jasyptspringboot.configuration.CachingConfiguration$$EnhancerBySpringCGLIB$$2c8d96ab
2993:             2             64  com.ulisesbocchio.jasyptspringboot.configuration.EnableEncryptablePropertiesConfiguration$$EnhancerBySpringCGLIB$$b0a5a3db
2994:             2             64  com.ulisesbocchio.jasyptspringboot.configuration.EncryptablePropertyResolverConfiguration$$EnhancerBySpringCGLIB$$2c147910
2995:             2             64  com.ulisesbocchio.jasyptspringboot.filter.DefaultPropertyFilter
2996:             2             64  com.ulisesbocchio.jasyptspringboot.wrapper.EncryptableSystemEnvironmentPropertySourceWrapper
2997:             2             64  feign.template.Template
2998:             2             64  io.micrometer.core.instrument.config.MeterFilter$9
2999:             2             64  io.prometheus.client.CollectorRegistry
3000:             2             64  java.io.FileOutputStream
3001:             2             64  java.lang.ClassValue$Entry
3002:             2             64  java.lang.VirtualMachineError
3003:             2             64  java.lang.ref.ReferenceQueue$Null
3004:             2             64  java.nio.file.attribute.FileTime
3005:             2             64  java.time.format.DateTimeFormatterBuilder$FractionPrinterParser
3006:             2             64  java.time.temporal.IsoFields$Unit
3007:             4             64  java.util.Hashtable$EntrySet
3008:             4             64  java.util.Hashtable$KeySet
3009:             2             64  java.util.PropertyPermission
3010:             4             64  java.util.concurrent.ThreadPoolExecutor$AbortPolicy
3011:             2             64  java.util.concurrent.atomic.AtomicLongFieldUpdater$CASUpdater
3012:             2             64  java.util.regex.Pattern$NotBehind
3013:             2             64  javax.script.ScriptEngineManager
3014:             1             64  org.apache.catalina.core.ApplicationContext
3015:             1             64  org.apache.catalina.loader.WebappLoader
3016:             1             64  org.apache.catalina.mapper.Mapper$ContextVersion
3017:             1             64  org.apache.catalina.valves.ErrorReportValve
3018:             1             64  org.apache.catalina.webresources.DirResourceSet
3019:             4             64  org.apache.http.client.protocol.RequestAuthCache
3020:             4             64  org.apache.http.client.protocol.RequestClientConnControl
3021:             4             64  org.apache.http.client.protocol.RequestDefaultHeaders
3022:             4             64  org.apache.http.client.protocol.RequestExpectContinue
3023:             4             64  org.apache.http.conn.routing.BasicRouteDirector
3024:             4             64  org.apache.http.cookie.CookieIdentityComparator
3025:             4             64  org.apache.http.impl.auth.BasicSchemeFactory
3026:             4             64  org.apache.http.impl.auth.DigestSchemeFactory
3027:             4             64  org.apache.http.impl.auth.HttpAuthenticator
3028:             4             64  org.apache.http.impl.auth.KerberosSchemeFactory
3029:             4             64  org.apache.http.impl.auth.NTLMSchemeFactory
3030:             4             64  org.apache.http.impl.auth.SPNegoSchemeFactory
3031:             4             64  org.apache.http.impl.client.BasicCredentialsProvider
3032:             4             64  org.apache.http.impl.client.SystemDefaultCredentialsProvider
3033:             4             64  org.apache.http.impl.cookie.IgnoreSpecProvider
3034:             4             64  org.apache.http.protocol.HttpRequestExecutor
3035:             4             64  org.apache.http.protocol.RequestContent
3036:             1             64  org.apache.logging.log4j.core.appender.rolling.PatternProcessor
3037:             2             64  org.apache.logging.log4j.core.filter.ThresholdFilter
3038:             4             64  org.apache.logging.log4j.core.lookup.StrMatcher$StringMatcher
3039:             2             64  org.apache.logging.log4j.core.script.ScriptManager
3040:             2             64  org.apache.logging.log4j.core.util.datetime.FastDatePrinter
3041:             2             64  org.apache.logging.log4j.util.PropertiesUtil$Environment
3042:             2             64  org.apache.tomcat.util.collections.SynchronizedQueue
3043:             2             64  org.apache.tomcat.util.threads.TaskThreadFactory
3044:             2             64  org.springframework.beans.factory.config.RuntimeBeanReference
3045:             2             64  org.springframework.beans.propertyeditors.CharacterEditor
3046:             2             64  org.springframework.boot.DefaultApplicationArguments$Source
3047:             2             64  org.springframework.boot.actuate.autoconfigure.endpoint.condition.OnAvailableEndpointCondition$Exposure
3048:             4             64  org.springframework.boot.actuate.autoconfigure.web.server.OnManagementPortCondition
3049:             4             64  org.springframework.boot.actuate.endpoint.invoke.reflect.OperationMethodParameters
3050:             4             64  org.springframework.boot.actuate.endpoint.web.servlet.AbstractWebMvcEndpointHandlerMapping$OperationHandler
3051:             4             64  org.springframework.boot.actuate.endpoint.web.servlet.AbstractWebMvcEndpointHandlerMapping$ServletWebOperationAdapter
3052:             4             64  org.springframework.boot.autoconfigure.cache.CacheCondition
3053:             2             64  org.springframework.boot.autoconfigure.logging.ConditionEvaluationReportLoggingListener
3054:             1             64  org.springframework.boot.autoconfigure.template.TemplateAvailabilityProviders$1
3055:             1             64  org.springframework.boot.autoconfigure.web.ServerProperties$Tomcat$Accesslog
3056:             1             64  org.springframework.boot.autoconfigure.web.ServerProperties$Undertow
3057:             1             64  org.springframework.boot.autoconfigure.web.servlet.WebMvcProperties
3058:             2             64  org.springframework.boot.availability.AvailabilityChangeEvent
3059:             2             64  org.springframework.boot.context.config.ConfigFileApplicationListener
3060:             4             64  org.springframework.boot.context.properties.source.SystemEnvironmentPropertyMapper$$Lambda$54/1854778591
3061:             4             64  org.springframework.boot.convert.CollectionToDelimitedStringConverter
3062:             2             64  org.springframework.boot.env.OriginTrackedMapPropertySource
3063:             4             64  org.springframework.cglib.core.AbstractClassGenerator$Source
3064:             4             64  org.springframework.cloud.commons.httpclient.HttpClientConfiguration
3065:             4             64  org.springframework.cloud.commons.httpclient.HttpClientConfiguration$ApacheHttpClientConfiguration
3066:             1             64  org.springframework.cloud.consul.discovery.HeartbeatProperties$$EnhancerBySpringCGLIB$$eb429931
3067:             2             64  org.springframework.cloud.sleuth.instrument.async.TraceRunnable
3068:             2             64  org.springframework.cloud.sleuth.instrument.web.client.feign.TraceFeignObjectWrapper
3069:             2             64  org.springframework.expression.spel.ast.CompoundExpression
3070:             2             64  org.springframework.expression.spel.ast.MethodReference$CachedMethodExecutor
3071:             2             64  org.springframework.expression.spel.support.ReflectiveMethodExecutor
3072:             4             64  org.springframework.web.method.annotation.ModelMethodProcessor
3073:             2             64  org.springframework.web.servlet.resource.PathResourceResolver
3074:             1             64  org.springframework.web.servlet.view.AbstractCachingViewResolver$2
3075:             2             64  org.springframework.web.util.DefaultUriBuilderFactory
3076:             2             64  redis.clients.jedis.Jedis
3077:             2             64  rx.internal.schedulers.EventLoopsScheduler$FixedSchedulerPool
3078:             1             64  springfox.documentation.oas.configuration.OpenApiJacksonModule
3079:             1             64  springfox.documentation.service.Documentation
3080:             1             64  springfox.documentation.swagger2.configuration.Swagger2JacksonModule
3081:             2             64  sun.management.GcInfoCompositeData
3082:             2             64  sun.management.NotificationEmitterSupport$ListenerInfo
3083:             2             64  sun.nio.ch.AllocatedNativeObject
3084:             4             64  sun.security.ssl.EphemeralKeyManager
3085:             4             64  sun.security.ssl.SSLSocketFactoryImpl
3086:             2             64  sun.security.x509.PrivateKeyUsageExtension
3087:             2             64  sun.security.x509.SubjectAlternativeNameExtension
3088:             2             64  sun.util.locale.UnicodeLocaleExtension
3089:             1             56  [Lcom.google.gson.stream.JsonToken;
3090:             1             56  [Lcom.netflix.loadbalancer.ServerStats$Percent;
3091:             1             56  [Lcom.sun.org.apache.xalan.internal.utils.XMLSecurityManager$Limit;
3092:             1             56  [Lcom.sun.org.apache.xerces.internal.impl.XMLScanner$NameType;
3093:             1             56  [Lcom.sun.org.apache.xerces.internal.utils.XMLSecurityManager$Limit;
3094:             1             56  [Ljava.lang.Runnable;
3095:             1             56  [Ljava.text.Format;
3096:             1             56  [Lorg.apache.commons.pool2.PooledObjectState;
3097:             3             56  [Lorg.springframework.context.annotation.ComponentScan$Filter;
3098:             1             56  [Lorg.yaml.snakeyaml.events.Event$ID;
3099:             1             56  [Lsun.util.logging.PlatformLogger$Level;
3100:             1             56  com.ctg.itrdc.cache.monitor.MonitorWorker
3101:             1             56  com.ecwid.consul.v1.ConsulClient
3102:             1             56  com.fasterxml.jackson.databind.ser.impl.UnwrappingBeanSerializer
3103:             1             56  com.fasterxml.jackson.datatype.jsr310.ser.InstantSerializer
3104:             1             56  com.fasterxml.jackson.datatype.jsr310.ser.OffsetDateTimeSerializer
3105:             1             56  com.fasterxml.jackson.datatype.jsr310.ser.ZonedDateTimeSerializer
3106:             1             56  com.google.gson.GsonBuilder
3107:             1             56  com.java.yxt.feign.vo.request.CancelPositioningRequest
3108:             1             56  io.micrometer.core.instrument.binder.logging.Log4j2Metrics$MetricsFilter
3109:             1             56  java.net.SocketPermission
3110:             1             56  java.util.logging.LogManager
3111:             1             56  org.apache.catalina.core.StandardContextValve
3112:             1             56  org.apache.catalina.core.StandardEngineValve
3113:             1             56  org.apache.catalina.core.StandardHostValve
3114:             1             56  org.apache.catalina.util.StandardSessionIdGenerator
3115:             1             56  org.apache.catalina.webresources.Cache
3116:             1             56  org.apache.logging.log4j.core.LoggerContext
3117:             1             56  org.apache.logging.log4j.status.StatusLogger
3118:             1             56  org.apache.tomcat.util.modeler.NoDescriptorRegistry
3119:             1             56  org.apache.tomcat.util.modeler.NoDescriptorRegistry$PassthroughMBean
3120:             1             56  org.apache.tomcat.util.net.NioSelectorPool
3121:             1             56  org.apache.tomcat.util.scan.StandardJarScanFilter
3122:             1             56  org.apache.tomcat.util.threads.TaskQueue
3123:             1             56  org.aspectj.weaver.patterns.NotPointcut
3124:             1             56  org.aspectj.weaver.patterns.WithinPointcut
3125:             1             56  org.hibernate.validator.internal.xml.config.BootstrapConfigurationImpl
3126:             1             56  org.jasypt.encryption.pbe.config.SimpleStringPBEConfig
3127:             1             56  org.springframework.asm.Label
3128:             1             56  org.springframework.boot.actuate.metrics.web.servlet.WebMvcMetricsFilter
3129:             1             56  org.springframework.boot.autoconfigure.gson.GsonProperties
3130:             1             56  org.springframework.boot.autoconfigure.jackson.JacksonProperties
3131:             1             56  org.springframework.boot.autoconfigure.web.ResourceProperties$Cache$Cachecontrol
3132:             1             56  org.springframework.boot.autoconfigure.web.servlet.DispatcherServletRegistrationBean
3133:             1             56  org.springframework.boot.task.TaskExecutorBuilder
3134:             1             56  org.springframework.boot.web.embedded.tomcat.LazySessionIdGenerator
3135:             1             56  org.springframework.cloud.consul.serviceregistry.ConsulAutoServiceRegistration
3136:             1             56  org.springframework.cloud.context.scope.refresh.RefreshScope
3137:             1             56  org.springframework.cloud.netflix.hystrix.HystrixCircuitBreakerFactory$$EnhancerBySpringCGLIB$$62c0ba0
3138:             1             56  org.springframework.cloud.openfeign.ribbon.LoadBalancerFeignClient$$EnhancerBySpringCGLIB$$d6e023b4
3139:             1             56  org.springframework.cloud.sleuth.zipkin2.sender.ZipkinRestTemplateWrapper
3140:             1             56  org.springframework.dao.annotation.PersistenceExceptionTranslationPostProcessor
3141:             1             56  org.springframework.validation.beanvalidation.LocalValidatorFactoryBean
3142:             1             56  org.springframework.validation.beanvalidation.MethodValidationPostProcessor
3143:             1             56  org.springframework.web.servlet.view.ContentNegotiatingViewResolver
3144:             1             56  springfox.documentation.schema.property.OptimizedModelPropertiesProvider
3145:             1             56  springfox.documentation.spring.web.plugins.DocumentationPluginsManager
3146:             1             56  zipkin2.reporter.BufferNextMessage$BufferNextJsonMessage
3147:             1             56  zipkin2.reporter.ByteBoundedQueue
3148:             1             48  [Lcom.fasterxml.jackson.annotation.JsonFormat$Feature;
3149:             1             48  [Lcom.java.yxt.constant.QpsBizEnum;
3150:             1             48  [Lcom.netflix.config.DeploymentContext$ContextKey;
3151:             2             48  [Lcom.netflix.hystrix.HystrixCommandProperties$ExecutionIsolationStrategy;
3152:             2             48  [Lcom.netflix.hystrix.HystrixEventType$ThreadPool;
3153:             1             48  [Lcom.sun.beans.util.Cache$CacheEntry;
3154:             1             48  [Lcom.sun.management.VMOption$Origin;
3155:             2             48  [Lio.micrometer.core.instrument.config.MeterFilter;
3156:             2             48  [Lio.swagger.annotations.Authorization;
3157:             2             48  [Lio.swagger.annotations.Extension;
3158:             2             48  [Lio.swagger.annotations.ExtensionProperty;
3159:             1             48  [Ljava.beans.WeakIdentityMap$Entry;
3160:             1             48  [Ljava.lang.invoke.MethodHandleImpl$Intrinsic;
3161:             1             48  [Ljava.math.RoundingMode;
3162:             2             48  [Ljava.security.cert.X509Certificate;
3163:             2             48  [Ljava.util.concurrent.ConcurrentHashMap$CounterCell;
3164:             1             48  [Ljava.util.concurrent.TimeUnit;
3165:             1             48  [Ljavax.validation.ElementKind;
3166:             1             48  [Ljdk.net.SocketFlow$Status;
3167:             2             48  [Lorg.apache.catalina.WebResource;
3168:             3             48  [Lorg.apache.catalina.mapper.Mapper$MappedWrapper;
3169:             2             48  [Lorg.apache.http.client.utils.URIUtils$UriFlag;
3170:             2             48  [Lorg.apache.logging.log4j.core.appender.ConsoleAppender$Target;
3171:             1             48  [Lorg.apache.logging.log4j.core.appender.rolling.RolloverFrequency;
3172:             1             48  [Lorg.apache.tomcat.util.descriptor.web.FilterMap;
3173:             1             48  [Lorg.apache.tomcat.util.net.AbstractEndpoint$Handler$SocketState;
3174:             1             48  [Lorg.apache.tomcat.util.net.SocketEvent;
3175:             1             48  [Lorg.aspectj.bridge.IMessage$Kind;
3176:             1             48  [Lorg.hibernate.validator.internal.metadata.location.ConstraintLocation$ConstraintLocationKind;
3177:             2             48  [Lorg.hibernate.validator.internal.util.ConcurrentReferenceHashMap$Option;
3178:             2             48  [Lorg.springframework.boot.actuate.endpoint.annotation.Selector$Match;
3179:             2             48  [Lorg.springframework.boot.context.ConfigurationWarningsApplicationContextInitializer$Check;
3180:             2             48  [Lorg.springframework.boot.context.properties.bind.DataObjectBinder;
3181:             2             48  [Lorg.springframework.boot.context.properties.source.PropertyMapper;
3182:             1             48  [Lorg.springframework.cglib.proxy.CallbackInfo;
3183:             2             48  [Lorg.springframework.context.annotation.AdviceMode;
3184:             2             48  [Lorg.springframework.core.annotation.MergedAnnotation$Adapt;
3185:             1             48  [Lsun.security.x509.NetscapeCertTypeExtension$MapEntry;
3186:             1             48  [[Ljava.lang.Object;
3187:             2             48  brave.NoopScopedSpan
3188:             1             48  brave.Tracer
3189:             1             48  brave.Tracing$Default
3190:             1             48  brave.http.HttpTracing
3191:             1             48  brave.internal.recorder.PendingSpans
3192:             1             48  brave.sampler.Sampler$$EnhancerBySpringCGLIB$$39692172
3193:             1             48  com.alibaba.fastjson.serializer.MapSerializer
3194:             1             48  com.alibaba.fastjson.serializer.SerializeConfig
3195:             2             48  com.ctg.itrdc.cache.monitor.DateFormatUtil$1
3196:             1             48  com.ctg.itrdc.cache.pool.CtgJedisPool
3197:             2             48  com.ctg.itrdc.cache.pool.NodePool
3198:             1             48  com.ecwid.consul.v1.agent.model.NewService
3199:             2             48  com.fasterxml.classmate.types.ResolvedArrayType
3200:             2             48  com.fasterxml.jackson.databind.AnnotationIntrospector$ReferenceProperty$Type
3201:             1             48  com.fasterxml.jackson.databind.cfg.ConfigOverride$Empty
3202:             2             48  com.fasterxml.jackson.databind.deser.impl.NullsConstantProvider
3203:             2             48  com.fasterxml.jackson.databind.introspect.AnnotationIntrospectorPair
3204:             2             48  com.fasterxml.jackson.databind.introspect.JacksonAnnotationIntrospector
3205:             2             48  com.fasterxml.jackson.databind.ser.std.BooleanSerializer
3206:             1             48  com.fasterxml.jackson.databind.util.StdDateFormat
3207:             3             48  com.google.common.cache.LocalCache$LocalLoadingCache
3208:             3             48  com.google.common.cache.LocalCache$StrongValueReference
3209:             2             48  com.google.gson.internal.ConstructorConstructor
3210:             2             48  com.google.gson.internal.bind.MapTypeAdapterFactory
3211:             2             48  com.google.gson.internal.bind.TypeAdapters$35
3212:             3             48  com.netflix.client.SimpleVipAddressResolver
3213:             2             48  com.netflix.hystrix.HystrixCommandProperties$ExecutionIsolationStrategy
3214:             2             48  com.netflix.hystrix.HystrixEventType$ThreadPool
3215:             3             48  com.netflix.hystrix.HystrixThreadPoolKey$Factory$HystrixThreadPoolKeyDefault
3216:             2             48  com.netflix.hystrix.contrib.javanica.aop.aspectj.HystrixCommandAspect$HystrixPointcutType
3217:             3             48  com.netflix.hystrix.strategy.metrics.HystrixMetricsPublisherThreadPoolDefault
3218:             3             48  com.netflix.loadbalancer.DynamicServerListLoadBalancer$1
3219:             3             48  com.netflix.loadbalancer.LoadBalancerStats$1
3220:             3             48  com.netflix.loadbalancer.LoadBalancerStats$2
3221:             3             48  com.netflix.stats.distribution.DataPublisher$1
3222:             3             48  com.netflix.util.concurrent.ShutdownEnabledTimer$1
3223:             2             48  com.sun.jmx.mbeanserver.ClassLoaderRepositorySupport$LoaderEntry
3224:             1             48  com.sun.jmx.mbeanserver.DefaultMXBeanMappingFactory$Mappings
3225:             2             48  com.sun.jmx.mbeanserver.WeakIdentityHashMap
3226:             3             48  com.sun.org.apache.xerces.internal.impl.dv.dtd.ListDatatypeValidator
3227:             3             48  com.sun.proxy.$Proxy106
3228:             3             48  com.sun.proxy.$Proxy12
3229:             3             48  com.sun.proxy.$Proxy121
3230:             3             48  com.sun.proxy.$Proxy143
3231:             3             48  com.sun.proxy.$Proxy162
3232:             3             48  com.sun.proxy.$Proxy179
3233:             3             48  com.sun.proxy.$Proxy43
3234:             3             48  com.sun.proxy.$Proxy47
3235:             3             48  com.sun.proxy.$Proxy78
3236:             3             48  com.sun.proxy.$Proxy83
3237:             3             48  com.sun.proxy.$Proxy90
3238:             3             48  com.sun.proxy.$Proxy94
3239:             3             48  com.sun.proxy.$Proxy98
3240:             2             48  com.ulisesbocchio.jasyptspringboot.InterceptionMode
3241:             2             48  com.ulisesbocchio.jasyptspringboot.configuration.EnableEncryptablePropertiesBeanFactoryPostProcessor
3242:             2             48  com.ulisesbocchio.jasyptspringboot.detector.DefaultPropertyDetector
3243:             2             48  com.ulisesbocchio.jasyptspringboot.resolver.DefaultPropertyResolver
3244:             2             48  com.ulisesbocchio.jasyptspringboot.util.AsymmetricCryptography$KeyFormat
3245:             2             48  feign.ExceptionPropagationPolicy
3246:             2             48  feign.template.Template$EncodingOptions
3247:             2             48  feign.template.Template$ExpansionOptions
3248:             3             48  io.micrometer.core.instrument.binder.hystrix.MicrometerMetricsPublisherThreadPool$$Lambda$1352/1325397183
3249:             3             48  io.micrometer.core.instrument.binder.hystrix.MicrometerMetricsPublisherThreadPool$$Lambda$1356/646828816
3250:             3             48  io.micrometer.core.instrument.binder.hystrix.MicrometerMetricsPublisherThreadPool$$Lambda$1357/316945618
3251:             3             48  io.micrometer.core.instrument.binder.hystrix.MicrometerMetricsPublisherThreadPool$$Lambda$1358/1871001985
3252:             3             48  io.micrometer.core.instrument.binder.hystrix.MicrometerMetricsPublisherThreadPool$$Lambda$1359/584528171
3253:             3             48  io.micrometer.core.instrument.binder.hystrix.MicrometerMetricsPublisherThreadPool$$Lambda$1362/31658675
3254:             3             48  io.micrometer.core.instrument.binder.hystrix.MicrometerMetricsPublisherThreadPool$$Lambda$1363/864676406
3255:             3             48  io.micrometer.core.instrument.binder.hystrix.MicrometerMetricsPublisherThreadPool$$Lambda$1364/146933050
3256:             2             48  io.micrometer.core.instrument.binder.jvm.JvmGcMetrics$$Lambda$601/211031000
3257:             1             48  io.micrometer.core.instrument.binder.jvm.JvmGcMetrics$GcGenerationAge$1
3258:             2             48  io.micrometer.core.instrument.config.validate.InvalidReason
3259:             2             48  io.micrometer.prometheus.HistogramFlavor
3260:             2             48  java.io.File$PathStatus
3261:             1             48  java.lang.invoke.BoundMethodHandle$Species_L4
3262:             2             48  java.lang.invoke.MethodHandles$Lookup
3263:             2             48  java.lang.management.MemoryType
3264:             2             48  java.lang.reflect.ReflectPermission
3265:             2             48  java.net.InetAddress$Cache
3266:             2             48  java.net.InetAddress$Cache$Type
3267:             2             48  java.net.StandardProtocolFamily
3268:             2             48  java.nio.charset.CoderResult
3269:             3             48  java.nio.charset.CodingErrorAction
3270:             3             48  java.text.AttributedCharacterIterator$Attribute
3271:             2             48  java.time.format.DateTimeFormatterBuilder$1
3272:             3             48  java.time.format.DateTimeFormatterBuilder$StringLiteralPrinterParser
3273:             2             48  java.time.format.DateTimeFormatterBuilder$ZoneIdPrinterParser
3274:             2             48  java.time.format.DateTimeTextProvider$LocaleStore
3275:             3             48  java.util.Base64$Decoder
3276:             2             48  java.util.Currency
3277:             3             48  java.util.IdentityHashMap$KeySet
3278:             2             48  java.util.concurrent.ConcurrentLinkedDeque
3279:             1             48  java.util.concurrent.ConcurrentSkipListMap
3280:             3             48  java.util.concurrent.SynchronousQueue$TransferStack
3281:             2             48  java.util.logging.Logger$LoggerBundle
3282:             2             48  java.util.regex.Pattern$Category
3283:             2             48  javax.crypto.CryptoPermissions
3284:             1             48  javax.management.Notification
3285:             2             48  javax.management.openmbean.TabularDataSupport
3286:             2             48  javax.validation.constraintvalidation.ValidationTarget
3287:             1             48  org.apache.catalina.core.DefaultInstanceManager
3288:             2             48  org.apache.catalina.core.StandardWrapperFacade
3289:             1             48  org.apache.catalina.mapper.MapperListener
3290:             3             48  org.apache.catalina.realm.RealmBase$AllRolesMode
3291:             1             48  org.apache.catalina.startup.Tomcat
3292:             2             48  org.apache.catalina.util.ErrorPageSupport
3293:             2             48  org.apache.catalina.util.URLEncoder
3294:             1             48  org.apache.commons.configuration.SystemConfiguration
3295:             2             48  org.apache.commons.pool2.impl.BaseGenericObjectPool$Evictor
3296:             2             48  org.apache.http.client.utils.URIUtils$UriFlag
3297:             2             48  org.apache.http.conn.routing.RouteInfo$LayerType
3298:             2             48  org.apache.http.conn.routing.RouteInfo$TunnelType
3299:             3             48  org.apache.http.impl.cookie.BasicCommentHandler
3300:             3             48  org.apache.http.impl.cookie.BasicPathHandler
3301:             3             48  org.apache.http.impl.cookie.BasicSecureHandler
3302:             2             48  org.apache.http.impl.cookie.DefaultCookieSpecProvider$CompatibilityLevel
3303:             1             48  org.apache.logging.log4j.core.appender.rolling.RollingFileManager$EmptyQueue
3304:             1             48  org.apache.logging.log4j.core.appender.rolling.TimeBasedTriggeringPolicy
3305:             3             48  org.apache.logging.log4j.core.config.DefaultAdvertiser
3306:             2             48  org.apache.logging.log4j.core.config.Loggers
3307:             2             48  org.apache.logging.log4j.core.config.status.StatusConfiguration$Verbosity
3308:             2             48  org.apache.logging.log4j.core.filter.CompositeFilter
3309:             1             48  org.apache.logging.log4j.core.impl.Log4jProvider
3310:             2             48  org.apache.logging.log4j.core.jmx.AppenderAdmin
3311:             2             48  org.apache.logging.log4j.core.jmx.LoggerConfigAdmin
3312:             2             48  org.apache.logging.log4j.core.pattern.PatternParser
3313:             2             48  org.apache.logging.log4j.core.util.datetime.FastDateFormat
3314:             2             48  org.apache.logging.log4j.core.util.datetime.FastDatePrinter$PaddedNumberField
3315:             2             48  org.apache.logging.log4j.core.util.datetime.FormatCache$MultipartKey
3316:             1             48  org.apache.logging.log4j.simple.SimpleLogger
3317:             2             48  org.apache.tomcat.util.buf.UEncoder$SafeCharsSet
3318:             1             48  org.apache.tomcat.util.modeler.AttributeInfo
3319:             1             48  org.apache.tomcat.util.net.NioEndpoint$Poller
3320:             2             48  org.apache.tomcat.util.net.NioEndpoint$PollerEvent
3321:             2             48  org.aspectj.bridge.MessageWriter
3322:             1             48  org.aspectj.weaver.patterns.Pointcut$MatchesNothingPointcut
3323:             1             48  org.aspectj.weaver.patterns.TypeCategoryTypePattern
3324:             2             48  org.aspectj.weaver.tools.Jdk14Trace
3325:             3             48  org.hibernate.validator.internal.constraintvalidators.bv.notempty.NotEmptyValidatorForCharSequence
3326:             3             48  org.hibernate.validator.internal.engine.DefaultParameterNameProvider
3327:             3             48  org.hibernate.validator.internal.engine.DefaultPropertyNodeNameProvider
3328:             3             48  org.hibernate.validator.internal.engine.groups.ValidationOrderGenerator
3329:             3             48  org.hibernate.validator.internal.engine.messageinterpolation.DefaultLocaleResolver
3330:             3             48  org.hibernate.validator.internal.engine.resolver.TraverseAllTraversableResolver
3331:             3             48  org.hibernate.validator.internal.metadata.DefaultBeanMetaDataClassNormalizer
3332:             2             48  org.hibernate.validator.internal.metadata.aggregated.NonContainerCascadingMetaData
3333:             3             48  org.hibernate.validator.internal.metadata.aggregated.rule.OverridingMethodMustNotAlterParameterConstraints
3334:             3             48  org.hibernate.validator.internal.metadata.aggregated.rule.ParallelMethodsMustNotDefineGroupConversionForCascadedReturnValue
3335:             3             48  org.hibernate.validator.internal.metadata.aggregated.rule.ParallelMethodsMustNotDefineParameterConstraints
3336:             3             48  org.hibernate.validator.internal.metadata.aggregated.rule.ReturnValueMayOnlyBeMarkedOnceAsCascadedPerHierarchyLine
3337:             3             48  org.hibernate.validator.internal.metadata.aggregated.rule.VoidMethodsMustNotBeReturnValueConstrained
3338:             3             48  org.hibernate.validator.internal.metadata.core.ConstraintHelper$ValidatorDescriptorMap
3339:             2             48  org.hibernate.validator.internal.metadata.core.ConstraintOrigin
3340:             2             48  org.hibernate.validator.internal.metadata.descriptor.ConstraintDescriptorImpl$ConstraintType
3341:             3             48  org.hibernate.validator.internal.properties.DefaultGetterPropertySelectionStrategy
3342:             3             48  org.hibernate.validator.internal.util.ExecutableHelper
3343:             3             48  org.hibernate.validator.internal.util.ExecutableParameterNameProvider
3344:             3             48  org.hibernate.validator.internal.util.TypeResolutionHelper
3345:             2             48  org.springframework.aop.support.annotation.AnnotationClassFilter
3346:             2             48  org.springframework.aop.support.annotation.AnnotationMatchingPointcut
3347:             2             48  org.springframework.boot.DefaultApplicationArguments
3348:             2             48  org.springframework.boot.actuate.autoconfigure.endpoint.expose.IncludeExcludeEndpointFilter$DefaultIncludes
3349:             2             48  org.springframework.boot.actuate.autoconfigure.metrics.AutoTimeProperties
3350:             2             48  org.springframework.boot.actuate.autoconfigure.metrics.OnlyOnceLoggingDenyMeterFilter
3351:             2             48  org.springframework.boot.actuate.endpoint.annotation.Selector$Match
3352:             2             48  org.springframework.boot.actuate.endpoint.http.ApiVersion
3353:             2             48  org.springframework.boot.actuate.health.SimpleStatusAggregator
3354:             2             48  org.springframework.boot.actuate.info.InfoPropertiesInfoContributor$Mode
3355:             2             48  org.springframework.boot.autoconfigure.web.ServerProperties$Jetty$Accesslog$FORMAT
3356:             2             48  org.springframework.boot.autoconfigure.web.servlet.WebMvcProperties$LocaleResolver
3357:             2             48  org.springframework.boot.availability.LivenessState
3358:             2             48  org.springframework.boot.availability.ReadinessState
3359:             2             48  org.springframework.boot.builder.ParentContextCloserApplicationListener
3360:             2             48  org.springframework.boot.context.ContextIdApplicationContextInitializer$ContextId
3361:             2             48  org.springframework.boot.context.config.DelegatingApplicationListener
3362:             2             48  org.springframework.boot.context.properties.ConfigurationPropertiesBean$BindMethod
3363:             2             48  org.springframework.boot.context.properties.bind.PropertySourcesPlaceholdersResolver
3364:             2             48  org.springframework.boot.context.properties.source.ConfigurationPropertySourcesPropertySource
3365:             3             48  org.springframework.boot.context.properties.source.ConfigurationPropertySourcesPropertySource$$EnhancerBySpringCGLIB$$dc1b1f64$$FastClassBySpringCGLIB$$381990b3
3366:             2             48  org.springframework.boot.context.properties.source.DefaultPropertyMapper$LastMapping
3367:             2             48  org.springframework.boot.env.RandomValuePropertySource
3368:             2             48  org.springframework.boot.env.SystemEnvironmentPropertySourceEnvironmentPostProcessor$OriginAwareSystemEnvironmentPropertySource
3369:             2             48  org.springframework.boot.type.classreading.ConcurrentReferenceCachingMetadataReaderFactory
3370:             2             48  org.springframework.boot.web.server.Shutdown
3371:             1             48  org.springframework.boot.web.servlet.filter.OrderedCharacterEncodingFilter
3372:             1             48  org.springframework.boot.web.servlet.filter.OrderedFormContentFilter
3373:             1             48  org.springframework.boot.web.servlet.filter.OrderedRequestContextFilter
3374:             2             48  org.springframework.boot.web.servlet.server.Encoding$Type
3375:             2             48  org.springframework.cloud.client.loadbalancer.reactive.OnNoRibbonDefaultCondition
3376:             1             48  org.springframework.cloud.configuration.SpringBootVersionVerifier$1
3377:             1             48  org.springframework.cloud.consul.config.ConfigWatch
3378:             1             48  org.springframework.cloud.consul.config.ConsulConfigProperties
3379:             3             48  org.springframework.cloud.consul.discovery.ConsulPing
3380:             3             48  org.springframework.cloud.consul.discovery.ConsulServerIntrospector
3381:             3             48  org.springframework.cloud.consul.discovery.HealthServiceServerListFilter
3382:             2             48  org.springframework.cloud.context.properties.ConfigurationPropertiesRebinder
3383:             2             48  org.springframework.cloud.context.restart.RestartListener
3384:             2             48  org.springframework.cloud.loadbalancer.annotation.LoadBalancerClientSpecification
3385:             1             48  org.springframework.cloud.netflix.archaius.ConfigurableEnvironmentConfiguration
3386:             2             48  org.springframework.cloud.netflix.ribbon.RibbonClientSpecification
3387:             3             48  org.springframework.cloud.netflix.ribbon.apache.HttpClientRibbonConfiguration
3388:             1             48  org.springframework.cloud.openfeign.support.FeignHttpClientProperties
3389:             2             48  org.springframework.cloud.sleuth.instrument.async.ExecutorBeanPostProcessor$$Lambda$900/1459035867
3390:             2             48  org.springframework.cloud.sleuth.instrument.web.client.LazyTracingClientHttpRequestInterceptor
3391:             1             48  org.springframework.cloud.sleuth.instrument.web.client.feign.TraceFeignContext
3392:             2             48  org.springframework.cloud.sleuth.sampler.SamplerCondition
3393:             1             48  org.springframework.cloud.sleuth.zipkin2.ZipkinProperties
3394:             2             48  org.springframework.context.annotation.AdviceMode
3395:             2             48  org.springframework.context.annotation.ConfigurationCondition$ConfigurationPhase
3396:             3             48  org.springframework.core.$Proxy184
3397:             2             48  org.springframework.core.NamedInheritableThreadLocal
3398:             2             48  org.springframework.core.ResolvableType$WildcardBounds$Kind
3399:             2             48  org.springframework.core.annotation.AnnotationTypeMappings$Cache
3400:             2             48  org.springframework.core.annotation.MergedAnnotation$Adapt
3401:             2             48  org.springframework.core.convert.converter.ConvertingComparator
3402:             3             48  org.springframework.core.env.PropertySource$$FastClassBySpringCGLIB$$199da2d9
3403:             2             48  org.springframework.core.env.PropertySource$StubPropertySource
3404:             1             48  org.springframework.core.task.SimpleAsyncTaskExecutor
3405:             1             48  org.springframework.expression.spel.ast.OpEQ
3406:             2             48  org.springframework.expression.spel.support.BooleanTypedValue
3407:             2             48  org.springframework.objenesis.SpringObjenesis
3408:             2             48  org.springframework.scheduling.support.DelegatingErrorHandlingRunnable
3409:             2             48  org.springframework.util.ConcurrentReferenceHashMap$ReferenceType
3410:             2             48  org.springframework.util.ConcurrentReferenceHashMap$Restructure
3411:             3             48  org.springframework.validation.beanvalidation.LocaleContextMessageInterpolator
3412:             3             48  org.springframework.validation.beanvalidation.SpringConstraintValidatorFactory
3413:             1             48  org.springframework.web.accept.ContentNegotiationManagerFactoryBean
3414:             1             48  org.springframework.web.client.RestTemplate
3415:             2             48  org.springframework.web.method.annotation.ExpressionValueMethodArgumentResolver
3416:             3             48  org.springframework.web.method.annotation.MapMethodProcessor
3417:             2             48  org.springframework.web.method.support.HandlerMethodReturnValueHandlerComposite
3418:             3             48  org.springframework.web.servlet.mvc.method.RequestMappingInfoHandlerMethodMappingNamingStrategy
3419:             2             48  org.springframework.web.servlet.mvc.method.annotation.MatrixVariableMethodArgumentResolver
3420:             2             48  org.springframework.web.servlet.mvc.method.annotation.PathVariableMethodArgumentResolver
3421:             2             48  org.springframework.web.servlet.mvc.method.annotation.ServletModelAttributeMethodProcessor
3422:             3             48  org.springframework.web.servlet.mvc.method.annotation.ServletRequestMethodArgumentResolver
3423:             3             48  org.springframework.web.servlet.mvc.method.annotation.ServletResponseMethodArgumentResolver
3424:             2             48  org.springframework.web.servlet.resource.DefaultResourceTransformerChain
3425:             2             48  org.yaml.snakeyaml.DumperOptions$NonPrintableStyle
3426:             3             48  reactor.util.Loggers$Slf4JLogger
3427:             2             48  redis.clients.jedis.HostAndPort
3428:             2             48  rx.subjects.SubjectSubscriptionManager$State
3429:             2             48  springfox.documentation.service.Contact
3430:             1             48  springfox.documentation.service.SimpleParameterSpecification
3431:             2             48  springfox.documentation.spi.service.contexts.ApiSelector
3432:             1             48  springfox.documentation.spring.web.plugins.DocumentationPluginsBootstrapper
3433:             2             48  springfox.documentation.swagger.web.ApiKeyVehicle
3434:             2             48  springfox.documentation.swagger.web.ModelRendering
3435:             2             48  springfox.documentation.swagger.web.OperationsSorter
3436:             2             48  sun.management.GarbageCollectionNotifInfoCompositeData
3437:             2             48  sun.management.ManagementFactoryHelper$1
3438:             2             48  sun.misc.NativeSignalHandler
3439:             1             48  sun.net.www.http.KeepAliveCache
3440:             3             48  sun.net.www.protocol.file.Handler
3441:             2             48  sun.net.www.protocol.http.Handler
3442:             3             48  sun.net.www.protocol.jar.Handler
3443:             2             48  sun.security.jca.ProviderList
3444:             2             48  sun.security.jca.ProviderList$3
3445:             2             48  sun.security.ssl.SSLAlgorithmConstraints
3446:             3             48  sun.security.util.AlgorithmDecomposer
3447:             2             48  sun.security.util.DisabledAlgorithmConstraints$UsageConstraint
3448:             2             48  sun.security.util.DisabledAlgorithmConstraints$jdkCAConstraint
3449:             3             48  sun.security.x509.RFC822Name
3450:             3             48  sun.text.normalizer.NormalizerBase$QuickCheckResult
3451:             1             48  sun.text.resources.FormatData
3452:             1             48  sun.text.resources.en.FormatData_en
3453:             1             48  sun.text.resources.en.FormatData_en_US
3454:             2             48  sun.util.locale.LocaleExtensions
3455:             1             48  sun.util.resources.CalendarData
3456:             1             48  sun.util.resources.CurrencyNames
3457:             1             48  sun.util.resources.TimeZoneNames
3458:             1             48  sun.util.resources.en.CalendarData_en
3459:             1             48  sun.util.resources.en.CurrencyNames_en_US
3460:             1             48  sun.util.resources.en.TimeZoneNames_en
3461:             1             48  zipkin2.reporter.metrics.micrometer.MicrometerReporterMetrics
3462:             1             40  [Lcom.fasterxml.jackson.annotation.JsonAutoDetect$Visibility;
3463:             1             40  [Lcom.fasterxml.jackson.annotation.Nulls;
3464:             1             40  [Lcom.fasterxml.jackson.core.JsonParser$NumberType;
3465:             1             40  [Lcom.google.gson.FieldNamingPolicy;
3466:             1             40  [Lcom.java.yxt.util.qps.DimensionTimeEnum;
3467:             1             40  [Lcom.netflix.hystrix.AbstractCommand$CommandState;
3468:             2             40  [Lcom.sun.jmx.mbeanserver.ClassLoaderRepositorySupport$LoaderEntry;
3469:             1             40  [Lcom.sun.org.apache.xerces.internal.util.Status;
3470:             1             40  [Lcom.sun.org.apache.xerces.internal.utils.XMLSecurityManager$State;
3471:             1             40  [Lcom.sun.org.apache.xerces.internal.utils.XMLSecurityPropertyManager$State;
3472:             1             40  [Lfeign.CollectionFormat;
3473:             1             40  [Lio.micrometer.core.instrument.Meter$Type;
3474:             1             40  [Lio.prometheus.client.Collector$Type;
3475:             2             40  [Ljava.beans.PropertyChangeListener;
3476:             1             40  [Ljava.lang.Thread$State;
3477:             1             40  [Ljava.lang.management.MemoryPoolMXBean;
3478:             1             40  [Ljava.time.format.SignStyle;
3479:             1             40  [Ljava.time.format.TextStyle;
3480:             1             40  [Ljava.util.stream.StreamOpFlag;
3481:             1             40  [Ljavax.servlet.http.MappingMatch;
3482:             1             40  [Lorg.apache.coyote.http11.Http11InputBuffer$HeaderParsePosition;
3483:             1             40  [Lorg.apache.http.auth.AuthProtocolState;
3484:             1             40  [Lorg.apache.logging.log4j.core.LifeCycle$State;
3485:             1             40  [Lorg.apache.logging.log4j.core.appender.rolling.FileExtension;
3486:             1             40  [Lorg.apache.logging.log4j.core.pattern.ArrayPatternConverter;
3487:             1             40  [Lorg.apache.logging.log4j.core.pattern.FormattingInfo;
3488:             1             40  [Lorg.apache.logging.log4j.core.pattern.PatternParser$ParserState;
3489:             1             40  [Lorg.aspectj.lang.reflect.PerClauseKind;
3490:             2             40  [Lorg.aspectj.weaver.UnresolvedType;
3491:             1             40  [Lorg.jboss.logging.Logger$Level;
3492:             1             40  [Lorg.slf4j.event.Level;
3493:             1             40  [Lorg.springframework.aop.aspectj.annotation.AbstractAspectJAdvisorFactory$AspectJAnnotationType;
3494:             1             40  [Lorg.springframework.boot.actuate.metrics.http.Outcome;
3495:             1             40  [Lorg.springframework.boot.ansi.AnsiStyle;
3496:             1             40  [Lorg.springframework.core.annotation.MergedAnnotations$SearchStrategy;
3497:             1             40  [Lorg.yaml.snakeyaml.DumperOptions$ScalarStyle;
3498:             1             40  [Lsun.security.jca.ServiceId;
3499:             1             40  [Lsun.security.util.DisabledAlgorithmConstraints$Constraint$Operator;
3500:             1             40  [Lsun.util.locale.provider.LocaleProviderAdapter$Type;
3501:             1             40  [[Ljava.lang.invoke.LambdaForm$Name;
3502:             1             40  brave.http.HttpServerHandler
3503:             1             40  brave.rpc.RpcTracing
3504:             1             40  com.ctg.itrdc.cache.pool.CtgJedisPool$MonitorTask
3505:             1             40  com.fasterxml.jackson.annotation.JsonFormat$Value
3506:             1             40  com.fasterxml.jackson.core.JsonLocation
3507:             1             40  com.fasterxml.jackson.datatype.jsr310.ser.DurationSerializer
3508:             1             40  com.fasterxml.jackson.datatype.jsr310.ser.LocalDateSerializer
3509:             1             40  com.fasterxml.jackson.datatype.jsr310.ser.LocalDateTimeSerializer
3510:             1             40  com.fasterxml.jackson.datatype.jsr310.ser.LocalTimeSerializer
3511:             1             40  com.fasterxml.jackson.datatype.jsr310.ser.MonthDaySerializer
3512:             1             40  com.fasterxml.jackson.datatype.jsr310.ser.OffsetTimeSerializer
3513:             1             40  com.fasterxml.jackson.datatype.jsr310.ser.YearMonthSerializer
3514:             1             40  com.fasterxml.jackson.datatype.jsr310.ser.YearSerializer
3515:             1             40  com.google.common.util.concurrent.ThreadFactoryBuilder$1
3516:             1             40  com.google.gson.internal.Excluder
3517:             1             40  com.java.yxt.YxtCloudGatewayApplication$$EnhancerBySpringCGLIB$$104a4a1b
3518:             1             40  com.netflix.hystrix.strategy.HystrixPlugins
3519:             1             40  com.netflix.servo.jmx.JmxMonitorRegistry
3520:             1             40  com.sun.beans.finder.MethodFinder$1
3521:             1             40  com.sun.jmx.interceptor.DefaultMBeanServerInterceptor
3522:             1             40  com.sun.jmx.mbeanserver.JmxMBeanServer
3523:             1             40  com.sun.jmx.mbeanserver.MBeanServerDelegateImpl
3524:             1             40  java.beans.WeakIdentityMap$Entry
3525:             1             40  java.text.MessageFormat
3526:             1             40  java.time.format.DateTimeFormatterBuilder
3527:             1             40  java.time.format.DateTimeFormatterBuilder$ReducedPrinterParser
3528:             1             40  java.util.ResourceBundle$1
3529:             1             40  java.util.regex.Pattern$LazyLoop
3530:             1             40  javax.crypto.CryptoAllPermission
3531:             1             40  javax.servlet.MultipartConfigElement
3532:             1             40  org.apache.catalina.core.ApplicationSessionCookieConfig
3533:             1             40  org.apache.catalina.realm.MessageDigestCredentialHandler
3534:             1             40  org.apache.catalina.servlets.DefaultServlet$Range
3535:             1             40  org.apache.coyote.AbstractProtocol$RecycledProcessors
3536:             1             40  org.apache.coyote.CompressionConfig
3537:             1             40  org.apache.http.config.ConnectionConfig
3538:             1             40  org.apache.http.config.SocketConfig
3539:             1             40  org.apache.http.impl.conn.ManagedHttpClientConnectionFactory
3540:             1             40  org.apache.http.pool.AbstractConnPool$1
3541:             1             40  org.apache.logging.log4j.core.appender.OutputStreamManager
3542:             1             40  org.apache.logging.log4j.core.appender.rolling.DefaultRolloverStrategy
3543:             1             40  org.apache.logging.log4j.core.jmx.StatusLoggerAdmin
3544:             1             40  org.aspectj.weaver.patterns.AnyTypePattern
3545:             1             40  org.aspectj.weaver.patterns.NoTypePattern
3546:             1             40  org.jasypt.encryption.pbe.PooledPBEStringEncryptor
3547:             1             40  org.slf4j.bridge.SLF4JBridgeHandler
3548:             1             40  org.springframework.aop.aspectj.annotation.AnnotationAwareAspectJAutoProxyCreator$BeanFactoryAspectJAdvisorsBuilderAdapter
3549:             1             40  org.springframework.boot.actuate.autoconfigure.endpoint.web.CorsEndpointProperties
3550:             1             40  org.springframework.boot.actuate.autoconfigure.health.AutoConfiguredHealthEndpointGroup
3551:             1             40  org.springframework.boot.actuate.autoconfigure.metrics.MeterRegistryPostProcessor
3552:             1             40  org.springframework.boot.actuate.autoconfigure.metrics.export.prometheus.PrometheusProperties$Pushgateway
3553:             1             40  org.springframework.boot.actuate.endpoint.web.annotation.ControllerEndpointDiscoverer
3554:             1             40  org.springframework.boot.actuate.endpoint.web.annotation.ServletEndpointDiscoverer
3555:             1             40  org.springframework.boot.actuate.endpoint.web.annotation.WebEndpointDiscoverer
3556:             1             40  org.springframework.boot.autoconfigure.web.ErrorProperties
3557:             1             40  org.springframework.boot.autoconfigure.web.ServerProperties$Jetty$Accesslog
3558:             1             40  org.springframework.boot.autoconfigure.web.ServerProperties$Jetty$Threads
3559:             1             40  org.springframework.boot.autoconfigure.web.ServerProperties$Servlet
3560:             1             40  org.springframework.boot.autoconfigure.web.ServerProperties$Tomcat$Remoteip
3561:             1             40  org.springframework.boot.autoconfigure.web.servlet.WebMvcAutoConfiguration$WebMvcAutoConfigurationAdapter
3562:             1             40  org.springframework.boot.loader.jar.CentralDirectoryFileHeader
3563:             1             40  org.springframework.boot.web.servlet.server.Session
3564:             1             40  org.springframework.boot.web.servlet.server.Session$Cookie
3565:             1             40  org.springframework.cloud.client.discovery.simple.SimpleDiscoveryProperties$SimpleServiceInstance
3566:             1             40  org.springframework.cloud.commons.util.InetUtilsProperties
3567:             1             40  org.springframework.cloud.consul.discovery.ConsulCatalogWatch
3568:             1             40  org.springframework.cloud.consul.serviceregistry.ConsulAutoRegistration
3569:             1             40  org.springframework.cloud.context.scope.GenericScope$LockedScopedProxyFactoryBean
3570:             1             40  org.springframework.cloud.loadbalancer.support.LoadBalancerClientFactory
3571:             1             40  org.springframework.cloud.netflix.ribbon.RibbonAutoConfiguration$$EnhancerBySpringCGLIB$$4e27cbac
3572:             1             40  org.springframework.cloud.netflix.ribbon.SpringClientFactory
3573:             1             40  org.springframework.cloud.openfeign.FeignContext
3574:             1             40  org.springframework.cloud.sleuth.annotation.ReactorSleuthMethodInvocationProcessor
3575:             1             40  org.springframework.cloud.sleuth.zipkin2.DefaultEndpointLocator
3576:             1             40  org.springframework.cloud.sleuth.zipkin2.sender.RestTemplateSender
3577:             1             40  org.springframework.core.io.support.ResourceArrayPropertyEditor
3578:             1             40  org.springframework.ui.context.support.ResourceBundleThemeSource
3579:             1             40  org.springframework.util.MimeTypeUtils$ConcurrentLruCache
3580:             1             40  org.springframework.web.bind.support.ConfigurableWebBindingInitializer
3581:             1             40  org.springframework.web.cors.CorsConfiguration
3582:             1             40  org.springframework.web.method.ControllerAdviceBean
3583:             1             40  org.springframework.web.servlet.config.annotation.PathMatchConfigurer
3584:             1             40  org.springframework.web.servlet.mvc.annotation.ResponseStatusExceptionResolver
3585:             1             40  org.springframework.web.servlet.mvc.support.DefaultHandlerExceptionResolver
3586:             1             40  springfox.documentation.oas.mappers.ServiceModelToOpenApiMapperImpl
3587:             1             40  springfox.documentation.schema.CachingModelProvider
3588:             1             40  springfox.documentation.schema.DefaultModelSpecificationProvider
3589:             1             40  springfox.documentation.spi.service.contexts.Defaults
3590:             1             40  springfox.documentation.swagger.web.InMemorySwaggerResourcesProvider
3591:             1             40  sun.management.DiagnosticCommandImpl
3592:             1             40  sun.management.MappedMXBeanType$CompositeDataMXBeanType
3593:             1             40  sun.management.MappedMXBeanType$MapMXBeanType
3594:             1             40  sun.nio.cs.StandardCharsets$Aliases
3595:             1             40  sun.nio.cs.StandardCharsets$Cache
3596:             1             40  sun.nio.cs.StandardCharsets$Classes
3597:             1             40  sun.security.validator.SimpleValidator
3598:             1             40  sun.util.logging.resources.logging
3599:             1             32  [Lbrave.Span$Kind;
3600:             1             32  [Lbrave.handler.SpanHandler$Cause;
3601:             1             32  [Lbrave.internal.codec.IpLiteral$IpFamily;
3602:             1             32  [Lbrave.propagation.B3Propagation$Format;
3603:             1             32  [Lcom.ecwid.consul.v1.ConsistencyMode;
3604:             1             32  [Lcom.fasterxml.classmate.AnnotationInclusion;
3605:             1             32  [Lcom.fasterxml.jackson.annotation.JsonCreator$Mode;
3606:             1             32  [Lcom.fasterxml.jackson.core.JsonFactory$Feature;
3607:             1             32  [Lcom.fasterxml.jackson.databind.util.AccessPattern;
3608:             1             32  [Lcom.google.common.cache.LocalCache$Strength;
3609:             1             32  [Lcom.google.common.collect.AbstractIterator$State;
3610:             1             32  [Lcom.netflix.hystrix.AbstractCommand$ThreadState;
3611:             1             32  [Lcom.netflix.hystrix.AbstractCommand$TimedOutStatus;
3612:             2             32  [Lcom.netflix.hystrix.contrib.javanica.annotation.HystrixProperty;
3613:             1             32  [Lcom.netflix.hystrix.util.PlatformSpecific$Platform;
3614:             1             32  [Lcom.sun.beans.util.Cache$Kind;
3615:             1             32  [Lcom.sun.org.apache.xalan.internal.utils.XMLSecurityManager$NameMap;
3616:             1             32  [Lcom.sun.org.apache.xerces.internal.utils.XMLSecurityManager$NameMap;
3617:             1             32  [Lfeign.Logger$Level;
3618:             1             32  [Lfeign.form.ContentType;
3619:             1             32  [Lio.micrometer.core.instrument.binder.jvm.JvmGcMetrics$GcGenerationAge;
3620:             1             32  [Lio.micrometer.core.instrument.config.MeterFilterReply;
3621:             2             32  [Lio.micrometer.core.instrument.distribution.CountAtBucket;
3622:             2             32  [Lio.swagger.v3.oas.annotations.extensions.Extension;
3623:             2             32  [Ljava.lang.Enum;
3624:             1             32  [Ljava.lang.OutOfMemoryError;
3625:             1             32  [Ljava.lang.ThreadGroup;
3626:             1             32  [Ljava.lang.management.MemoryManagerMXBean;
3627:             1             32  [Ljava.net.Proxy$Type;
3628:             1             32  [Ljava.text.Normalizer$Form;
3629:             1             32  [Ljava.time.format.DateTimeFormatter;
3630:             1             32  [Ljava.time.format.DateTimeFormatterBuilder$SettingsParser;
3631:             1             32  [Ljava.time.format.FormatStyle;
3632:             1             32  [Ljava.time.format.ResolverStyle;
3633:             1             32  [Ljava.time.temporal.IsoFields$Field;
3634:             1             32  [Ljava.util.stream.MatchOps$MatchKind;
3635:             1             32  [Ljava.util.stream.StreamShape;
3636:             1             32  [Ljavax.validation.ConstraintTarget;
3637:             1             32  [Ljavax.validation.metadata.ValidateUnwrappedValue;
3638:             1             32  [Lorg.apache.catalina.WebResourceRoot$ResourceSetType;
3639:             1             32  [Lorg.apache.catalina.authenticator.AuthenticatorBase$AllowCorsPreflight;
3640:             1             32  [Lorg.apache.commons.logging.LogAdapter$LogApi;
3641:             1             32  [Lorg.apache.coyote.ErrorState;
3642:             1             32  [Lorg.apache.coyote.http11.Http11InputBuffer$HeaderParseStatus;
3643:             1             32  [Lorg.apache.http.conn.util.DomainType;
3644:             1             32  [Lorg.apache.http.impl.cookie.RFC6265CookieSpecProvider$CompatibilityLevel;
3645:             1             32  [Lorg.apache.logging.log4j.core.config.LoggerConfig$LoggerConfigPredicate;
3646:             1             32  [Lorg.apache.logging.log4j.core.util.datetime.FixedDateFormat$FixedTimeZoneFormat;
3647:             1             32  [Lorg.apache.tomcat.util.buf.EncodedSolidusHandling;
3648:             1             32  [Lorg.apache.tomcat.util.http.ConcurrentDateFormat;
3649:             1             32  [Lorg.apache.tomcat.util.http.SameSiteCookies;
3650:             1             32  [Lorg.apache.tomcat.util.http.parser.SkipResult;
3651:             1             32  [Lorg.apache.tomcat.util.log.UserDataHelper$Config;
3652:             1             32  [Lorg.apache.tomcat.util.log.UserDataHelper$Mode;
3653:             1             32  [Lorg.apache.tomcat.util.net.AbstractEndpoint$BindState;
3654:             1             32  [Lorg.apache.tomcat.util.net.Acceptor$AcceptorState;
3655:             1             32  [Lorg.apache.tomcat.util.net.SendfileState;
3656:             2             32  [Lorg.aspectj.apache.bcel.classfile.Attribute;
3657:             2             32  [Lorg.aspectj.apache.bcel.classfile.Field;
3658:             2             32  [Lorg.aspectj.apache.bcel.classfile.Method;
3659:             1             32  [Lorg.aspectj.weaver.RuntimeVersion;
3660:             1             32  [Lorg.hibernate.validator.constraints.CompositionType;
3661:             1             32  [Lorg.hibernate.validator.internal.metadata.raw.ConfigurationSource;
3662:             1             32  [Lorg.hibernate.validator.internal.util.ConcurrentReferenceHashMap$ReferenceType;
3663:             1             32  [Lorg.springframework.beans.factory.config.YamlProcessor$ResolutionMethod;
3664:             1             32  [Lorg.springframework.boot.Banner$Mode;
3665:             1             32  [Lorg.springframework.boot.actuate.autoconfigure.health.HealthProperties$Show;
3666:             1             32  [Lorg.springframework.boot.actuate.endpoint.web.WebEndpointHttpMethod;
3667:             1             32  [Lorg.springframework.boot.actuate.metrics.export.prometheus.PrometheusPushGatewayManager$ShutdownOperation;
3668:             1             32  [Lorg.springframework.boot.ansi.AnsiOutput$Enabled;
3669:             1             32  [Lorg.springframework.boot.autoconfigure.web.ErrorProperties$IncludeAttribute;
3670:             1             32  [Lorg.springframework.boot.autoconfigure.web.ErrorProperties$IncludeStacktrace;
3671:             1             32  [Lorg.springframework.boot.context.properties.source.ConfigurationPropertyName$Form;
3672:             1             32  [Lorg.springframework.boot.context.properties.source.ConfigurationPropertyState;
3673:             1             32  [Lorg.springframework.boot.jdbc.DataSourceInitializationMode;
3674:             1             32  [Lorg.springframework.boot.jdbc.EmbeddedDatabaseConnection;
3675:             1             32  [Lorg.springframework.boot.loader.jar.JarFile$JarFileType;
3676:             1             32  [Lorg.springframework.boot.web.servlet.ServletContextInitializer;
3677:             1             32  [Lorg.springframework.cglib.proxy.Callback;
3678:             1             32  [Lorg.springframework.core.annotation.TypeMappedAnnotations$IsPresent;
3679:             1             32  [Lorg.springframework.expression.spel.SpelCompilerMode;
3680:             1             32  [Lorg.springframework.expression.spel.support.ReflectionHelper$ArgumentsMatchKind;
3681:             1             32  [Lorg.springframework.jdbc.datasource.embedded.EmbeddedDatabaseType;
3682:             1             32  [Lorg.springframework.web.util.DefaultUriBuilderFactory$EncodingMode;
3683:             1             32  [Lorg.springframework.web.util.HierarchicalUriComponents$EncodeState;
3684:             1             32  [Lorg.springframework.web.util.UriComponentsBuilder$EncodingHint;
3685:             1             32  [Lorg.yaml.snakeyaml.DumperOptions$FlowStyle;
3686:             1             32  [Lorg.yaml.snakeyaml.DumperOptions$LineBreak;
3687:             1             32  [Lorg.yaml.snakeyaml.introspector.BeanAccess;
3688:             1             32  [Lrx.Notification$Kind;
3689:             1             32  [Lspringfox.documentation.schema.CollectionType;
3690:             1             32  [Lspringfox.documentation.swagger.web.DocExpansion;
3691:             1             32  [Lsun.net.www.protocol.http.HttpURLConnection$TunnelState;
3692:             2             32  [Lsun.reflect.annotation.TypeAnnotation;
3693:             1             32  [Lsun.security.provider.NativePRNG$Variant;
3694:             1             32  [Lsun.security.ssl.CipherSuite$CipherType;
3695:             1             32  [Lsun.security.ssl.CipherSuite$PRF;
3696:             1             32  [Lzipkin2.Endpoint$IpFamily;
3697:             1             32  [Lzipkin2.codec.Encoding;
3698:             1             32  [Lzipkin2.codec.SpanBytesEncoder;
3699:             1             32  [Lzipkin2.reporter.BytesMessageEncoder;
3700:             2             32  [[Lorg.aspectj.weaver.ResolvedType;
3701:             2             32  brave.propagation.B3Propagation$Factory
3702:             2             32  com.alibaba.fastjson.parser.deserializer.JSONPDeserializer
3703:             2             32  com.alibaba.fastjson.parser.deserializer.SqlDateDeserializer
3704:             2             32  com.alibaba.fastjson.serializer.MiscCodec
3705:             1             32  com.baomidou.mybatisplus.autoconfigure.MybatisPlusLanguageDriverAutoConfiguration$$EnhancerBySpringCGLIB$$57569e2c
3706:             1             32  com.fasterxml.classmate.MemberResolver
3707:             1             32  com.fasterxml.jackson.databind.ObjectWriter$GeneratorSettings
3708:             1             32  com.fasterxml.jackson.databind.introspect.VisibilityChecker$Std
3709:             2             32  com.fasterxml.jackson.databind.node.JsonNodeFactory
3710:             2             32  com.fasterxml.jackson.databind.ser.impl.PropertySerializerMap$Empty
3711:             1             32  com.fasterxml.jackson.databind.ser.std.CalendarSerializer
3712:             1             32  com.fasterxml.jackson.databind.ser.std.DateSerializer
3713:             1             32  com.fasterxml.jackson.databind.ser.std.NumberSerializers$FloatSerializer
3714:             1             32  com.fasterxml.jackson.databind.ser.std.NumberSerializers$IntLikeSerializer
3715:             1             32  com.fasterxml.jackson.databind.ser.std.NumberSerializers$ShortSerializer
3716:             1             32  com.fasterxml.jackson.databind.util.EnumValues
3717:             1             32  com.fasterxml.jackson.datatype.jsr310.deser.LocalDateDeserializer
3718:             1             32  com.fasterxml.jackson.datatype.jsr310.deser.LocalDateTimeDeserializer
3719:             1             32  com.fasterxml.jackson.datatype.jsr310.deser.LocalTimeDeserializer
3720:             1             32  com.fasterxml.jackson.datatype.jsr310.deser.MonthDayDeserializer
3721:             1             32  com.fasterxml.jackson.datatype.jsr310.deser.OffsetTimeDeserializer
3722:             1             32  com.fasterxml.jackson.datatype.jsr310.deser.YearDeserializer
3723:             1             32  com.fasterxml.jackson.datatype.jsr310.deser.YearMonthDeserializer
3724:             2             32  com.google.common.collect.Interners$InternerImpl
3725:             2             32  com.google.gson.Gson$1
3726:             2             32  com.google.gson.Gson$2
3727:             2             32  com.google.gson.Gson$4
3728:             2             32  com.google.gson.Gson$5
3729:             2             32  com.google.gson.internal.ConstructorConstructor$13
3730:             2             32  com.google.gson.internal.bind.CollectionTypeAdapterFactory
3731:             2             32  com.google.gson.internal.bind.JsonAdapterAnnotationTypeAdapterFactory
3732:             1             32  com.java.yxt.YxtCloudCommonApplication$$EnhancerBySpringCGLIB$$e656e144
3733:             1             32  com.java.yxt.filter.OptLogFilter
3734:             2             32  com.netflix.config.ConcurrentCompositeConfiguration$1
3735:             2             32  com.netflix.hystrix.strategy.concurrency.HystrixRequestVariableHolder
3736:             1             32  com.netflix.servo.util.ClockWithOffset
3737:             2             32  com.sun.beans.WeakCache
3738:             1             32  com.sun.beans.finder.BeanInfoFinder
3739:             2             32  com.sun.crypto.provider.PBKDF2Core$HmacSHA512
3740:             2             32  com.sun.crypto.provider.PKCS5Padding
3741:             2             32  com.sun.jmx.mbeanserver.GetPropertyAction
3742:             1             32  com.sun.jmx.mbeanserver.Repository
3743:             1             32  com.sun.org.apache.xerces.internal.impl.XMLEntityScanner$1
3744:             2             32  com.sun.org.apache.xerces.internal.impl.dv.dtd.ENTITYDatatypeValidator
3745:             1             32  com.sun.org.apache.xerces.internal.jaxp.SAXParserFactoryImpl
3746:             2             32  com.sun.proxy.$Proxy104
3747:             2             32  com.sun.proxy.$Proxy112
3748:             2             32  com.sun.proxy.$Proxy118
3749:             2             32  com.sun.proxy.$Proxy122
3750:             2             32  com.sun.proxy.$Proxy124
3751:             2             32  com.sun.proxy.$Proxy125
3752:             2             32  com.sun.proxy.$Proxy129
3753:             2             32  com.sun.proxy.$Proxy15
3754:             2             32  com.sun.proxy.$Proxy161
3755:             2             32  com.sun.proxy.$Proxy177
3756:             2             32  com.sun.proxy.$Proxy189
3757:             2             32  com.sun.proxy.$Proxy191
3758:             2             32  com.sun.proxy.$Proxy200
3759:             2             32  com.sun.proxy.$Proxy204
3760:             2             32  com.sun.proxy.$Proxy57
3761:             2             32  com.sun.proxy.$Proxy61
3762:             2             32  com.sun.proxy.$Proxy62
3763:             2             32  com.sun.proxy.$Proxy66
3764:             2             32  com.sun.proxy.$Proxy73
3765:             2             32  com.sun.proxy.$Proxy74
3766:             2             32  com.sun.proxy.$Proxy75
3767:             2             32  com.sun.proxy.$Proxy84
3768:             2             32  com.sun.proxy.$Proxy89
3769:             1             32  com.ulisesbocchio.jasyptspringboot.JasyptSpringBootAutoConfiguration$$EnhancerBySpringCGLIB$$beb7f699
3770:             1             32  com.ulisesbocchio.jasyptspringboot.JasyptSpringCloudBootstrapConfiguration$$EnhancerBySpringCGLIB$$1d176ce1
3771:             2             32  com.ulisesbocchio.jasyptspringboot.caching.RefreshScopeRefreshedEventListener
3772:             2             32  com.ulisesbocchio.jasyptspringboot.configuration.EncryptablePropertyResolverConfiguration$$Lambda$321/707976812
3773:             2             32  com.ulisesbocchio.jasyptspringboot.configuration.EnvCopy
3774:             2             32  com.ulisesbocchio.jasyptspringboot.detector.DefaultLazyPropertyDetector
3775:             2             32  com.ulisesbocchio.jasyptspringboot.encryptor.DefaultLazyEncryptor
3776:             1             32  com.ulisesbocchio.jasyptspringboot.encryptor.DefaultLazyEncryptor$$Lambda$259/1263793464
3777:             2             32  com.ulisesbocchio.jasyptspringboot.filter.DefaultLazyPropertyFilter
3778:             2             32  com.ulisesbocchio.jasyptspringboot.resolver.DefaultLazyPropertyResolver
3779:             1             32  feign.ReflectiveFeign$BuildTemplateByResolvingArgs
3780:             1             32  feign.template.QueryTemplate
3781:             2             32  io.micrometer.core.instrument.MeterRegistry$Config
3782:             2             32  io.micrometer.core.instrument.MeterRegistry$More
3783:             1             32  io.micrometer.core.instrument.binder.jvm.JvmGcMetrics
3784:             1             32  io.micrometer.core.instrument.binder.system.FileDescriptorMetrics
3785:             1             32  io.micrometer.core.instrument.binder.system.ProcessorMetrics
3786:             1             32  io.micrometer.core.instrument.binder.tomcat.TomcatMetrics
3787:             2             32  io.micrometer.core.instrument.distribution.pause.NoPauseDetector
3788:             1             32  java.beans.ThreadGroupContext
3789:             1             32  java.beans.ThreadGroupContext$1
3790:             1             32  java.io.FileNotFoundException
3791:             1             32  java.io.UnixFileSystem
3792:             1             32  java.lang.ArithmeticException
3793:             1             32  java.lang.ArrayIndexOutOfBoundsException
3794:             1             32  java.lang.ArrayStoreException
3795:             1             32  java.lang.ClassCastException
3796:             2             32  java.lang.Float
3797:             1             32  java.lang.IllegalStateException
3798:             2             32  java.lang.InheritableThreadLocal
3799:             1             32  java.lang.NullPointerException
3800:             2             32  java.lang.Shutdown$Lock
3801:             1             32  java.lang.reflect.WeakCache
3802:             1             32  java.lang.reflect.WeakCache$CacheKey
3803:             2             32  java.nio.ByteOrder
3804:             2             32  java.nio.channels.spi.AbstractSelector$1
3805:             1             32  java.security.BasicPermissionCollection
3806:             1             32  java.text.DontCareFieldPosition
3807:             2             32  java.util.AbstractMap$1
3808:             1             32  java.util.JumboEnumSet
3809:             1             32  java.util.PriorityQueue
3810:             1             32  java.util.concurrent.ConcurrentSkipListMap$HeadIndex
3811:             1             32  java.util.concurrent.ThreadLocalRandom
3812:             1             32  java.util.concurrent.atomic.AtomicIntegerFieldUpdater$AtomicIntegerFieldUpdaterImpl
3813:             2             32  java.util.function.Predicate$$Lambda$764/1743553655
3814:             2             32  java.util.jar.JarVerifier$3
3815:             1             32  java.util.logging.LogManager$SystemLoggerContext
3816:             1             32  java.util.regex.Pattern$Behind
3817:             2             32  javax.script.SimpleBindings
3818:             2             32  jdk.nashorn.api.scripting.NashornScriptEngineFactory
3819:             1             32  org.apache.catalina.authenticator.jaspic.AuthConfigFactoryImpl
3820:             1             32  org.apache.catalina.mapper.Mapper
3821:             1             32  org.apache.catalina.mapper.Mapper$MappedHost
3822:             2             32  org.apache.commons.lang.text.StrLookup$MapStrLookup
3823:             2             32  org.apache.commons.lang.text.StrMatcher$CharSetMatcher
3824:             2             32  org.apache.commons.lang.text.StrMatcher$StringMatcher
3825:             1             32  org.apache.commons.lang.text.StrSubstitutor
3826:             2             32  org.apache.commons.pool2.impl.DefaultEvictionPolicy
3827:             2             32  org.apache.commons.pool2.impl.InterruptibleReentrantLock
3828:             1             32  org.apache.coyote.AbstractProtocol$ConnectionHandler
3829:             2             32  org.apache.http.impl.cookie.BasicMaxAgeHandler
3830:             2             32  org.apache.http.message.BasicHeaderValueParser
3831:             2             32  org.apache.http.message.BasicLineFormatter
3832:             2             32  org.apache.http.message.BasicLineParser
3833:             1             32  org.apache.logging.log4j.core.appender.rolling.SizeBasedTriggeringPolicy
3834:             2             32  org.apache.logging.log4j.core.config.plugins.convert.EnumConverter
3835:             2             32  org.apache.logging.log4j.core.impl.DefaultLogEventFactory
3836:             1             32  org.apache.logging.log4j.core.impl.ThrowableFormatOptions
3837:             2             32  org.apache.logging.log4j.core.lookup.EventLookup
3838:             2             32  org.apache.logging.log4j.core.lookup.MainMapLookup
3839:             2             32  org.apache.logging.log4j.core.lookup.ResourceBundleLookup
3840:             2             32  org.apache.logging.log4j.core.lookup.StrMatcher$CharSetMatcher
3841:             2             32  org.apache.logging.log4j.core.lookup.StructuredDataLookup
3842:             1             32  org.apache.logging.log4j.core.pattern.DatePatternConverter$PatternFormatter
3843:             1             32  org.apache.logging.log4j.core.util.DefaultShutdownCallbackRegistry
3844:             2             32  org.apache.logging.log4j.core.util.SystemClock
3845:             2             32  org.apache.logging.log4j.core.util.datetime.FastDatePrinter$TwoDigitNumberField
3846:             1             32  org.apache.logging.log4j.status.StatusLogger$BoundedQueue
3847:             2             32  org.apache.logging.log4j.util.EnvironmentPropertySource
3848:             2             32  org.apache.logging.log4j.util.PropertiesUtil
3849:             2             32  org.apache.logging.log4j.util.PropertyFilePropertySource
3850:             2             32  org.apache.logging.log4j.util.PropertySource$Comparator
3851:             2             32  org.apache.logging.log4j.util.SystemPropertiesPropertySource
3852:             1             32  org.apache.tomcat.util.collections.ManagedConcurrentWeakHashMap
3853:             1             32  org.apache.tomcat.util.descriptor.web.ErrorPage
3854:             1             32  org.apache.tomcat.util.descriptor.web.LoginConfig
3855:             2             32  org.apache.tomcat.util.net.NioBlockingSelector$KeyReference
3856:             1             32  org.apache.tomcat.util.net.NioChannel$1
3857:             1             32  org.apache.tomcat.util.scan.StandardJarScanner
3858:             1             32  org.apache.tomcat.util.threads.LimitLatch
3859:             1             32  org.apache.tomcat.util.threads.LimitLatch$Sync
3860:             1             32  org.apache.tomcat.websocket.server.WsWriteTimeout
3861:             2             32  org.aspectj.weaver.ast.Literal
3862:             1             32  org.aspectj.weaver.patterns.AnyAnnotationTypePattern
3863:             1             32  org.aspectj.weaver.patterns.BasicToken
3864:             1             32  org.aspectj.weaver.patterns.EllipsisAnnotationTypePattern
3865:             1             32  org.aspectj.weaver.patterns.ThrowsPattern
3866:             2             32  org.aspectj.weaver.patterns.TypePattern$MatchKind
3867:             1             32  org.jasypt.encryption.pbe.StandardPBEStringEncryptor
3868:             1             32  org.springframework.aop.target.SimpleBeanTargetSource
3869:             2             32  org.springframework.beans.factory.support.NullBean
3870:             1             32  org.springframework.beans.propertyeditors.ClassArrayEditor
3871:             1             32  org.springframework.beans.propertyeditors.ClassEditor
3872:             1             32  org.springframework.beans.propertyeditors.CustomMapEditor
3873:             1             32  org.springframework.beans.propertyeditors.FileEditor
3874:             1             32  org.springframework.beans.propertyeditors.InputSourceEditor
3875:             1             32  org.springframework.beans.propertyeditors.InputStreamEditor
3876:             1             32  org.springframework.beans.propertyeditors.PathEditor
3877:             1             32  org.springframework.beans.propertyeditors.PatternEditor
3878:             1             32  org.springframework.beans.propertyeditors.ReaderEditor
3879:             1             32  org.springframework.beans.propertyeditors.URIEditor
3880:             1             32  org.springframework.beans.propertyeditors.URLEditor
3881:             2             32  org.springframework.boot.ClearCachesApplicationListener
3882:             1             32  org.springframework.boot.actuate.autoconfigure.health.AutoConfiguredHealthContributorRegistry
3883:             1             32  org.springframework.boot.actuate.autoconfigure.health.AutoConfiguredReactiveHealthContributorRegistry
3884:             1             32  org.springframework.boot.actuate.autoconfigure.health.HealthEndpointProperties
3885:             1             32  org.springframework.boot.actuate.autoconfigure.metrics.MeterRegistryConfigurer
3886:             1             32  org.springframework.boot.actuate.autoconfigure.metrics.MetricsProperties
3887:             1             32  org.springframework.boot.actuate.autoconfigure.metrics.MetricsProperties$Distribution
3888:             1             32  org.springframework.boot.actuate.autoconfigure.metrics.export.prometheus.PrometheusProperties
3889:             1             32  org.springframework.boot.actuate.autoconfigure.web.server.ManagementContextAutoConfiguration$SameManagementContextConfiguration$1
3890:             1             32  org.springframework.boot.actuate.autoconfigure.web.server.ManagementServerProperties
3891:             1             32  org.springframework.boot.actuate.endpoint.annotation.EndpointDiscoverer$ExtensionBean
3892:             2             32  org.springframework.boot.actuate.endpoint.web.EndpointMapping
3893:             2             32  org.springframework.boot.actuate.endpoint.web.servlet.SkipPathExtensionContentNegotiation
3894:             2             32  org.springframework.boot.actuate.health.SimpleStatusAggregator$StatusComparator
3895:             1             32  org.springframework.boot.actuate.metrics.web.client.MetricsClientHttpRequestInterceptor
3896:             1             32  org.springframework.boot.actuate.system.DiskSpaceHealthIndicator
3897:             2             32  org.springframework.boot.autoconfigure.BackgroundPreinitializer
3898:             2             32  org.springframework.boot.autoconfigure.SharedMetadataReaderFactoryContextInitializer$CachingMetadataReaderFactoryPostProcessor
3899:             2             32  org.springframework.boot.autoconfigure.SharedMetadataReaderFactoryContextInitializer$SharedMetadataReaderFactoryBean
3900:             2             32  org.springframework.boot.autoconfigure.condition.OnResourceCondition
3901:             2             32  org.springframework.boot.autoconfigure.logging.ConditionEvaluationReportLoggingListener$ConditionEvaluationReportListener
3902:             1             32  org.springframework.boot.autoconfigure.security.oauth2.resource.OAuth2ResourceServerProperties$Jwt
3903:             1             32  org.springframework.boot.autoconfigure.task.TaskExecutionProperties$Pool
3904:             1             32  org.springframework.boot.autoconfigure.web.ResourceProperties
3905:             1             32  org.springframework.boot.autoconfigure.web.ServerProperties$Jetty
3906:             1             32  org.springframework.boot.autoconfigure.web.ServerProperties$Undertow$Accesslog
3907:             1             32  org.springframework.boot.autoconfigure.web.format.WebConversionService
3908:             1             32  org.springframework.boot.autoconfigure.web.servlet.MultipartProperties
3909:             1             32  org.springframework.boot.autoconfigure.web.servlet.error.DefaultErrorViewResolver
3910:             2             32  org.springframework.boot.cloud.CloudFoundryVcapEnvironmentPostProcessor
3911:             2             32  org.springframework.boot.context.ConfigurationWarningsApplicationContextInitializer$ComponentScanPackageCheck
3912:             2             32  org.springframework.boot.context.ConfigurationWarningsApplicationContextInitializer$ConfigurationWarningsPostProcessor
3913:             2             32  org.springframework.boot.context.FileEncodingApplicationListener
3914:             2             32  org.springframework.boot.context.config.AnsiOutputApplicationListener
3915:             1             32  org.springframework.boot.context.event.ApplicationPreparedEvent
3916:             2             32  org.springframework.boot.context.logging.ClasspathLoggingApplicationListener
3917:             2             32  org.springframework.boot.context.properties.ConfigurationPropertiesBinder$$Lambda$280/1795960102
3918:             2             32  org.springframework.boot.context.properties.ConfigurationPropertiesJsr303Validator
3919:             2             32  org.springframework.boot.context.properties.bind.ValueObjectBinder
3920:             1             32  org.springframework.boot.convert.ApplicationConversionService
3921:             2             32  org.springframework.boot.convert.ArrayToDelimitedStringConverter
3922:             2             32  org.springframework.boot.convert.DelimitedStringToArrayConverter
3923:             2             32  org.springframework.boot.convert.DelimitedStringToCollectionConverter
3924:             2             32  org.springframework.boot.convert.StringToDataSizeConverter
3925:             2             32  org.springframework.boot.convert.StringToDurationConverter
3926:             2             32  org.springframework.boot.convert.StringToPeriodConverter
3927:             2             32  org.springframework.boot.liquibase.LiquibaseServiceLocatorApplicationListener
3928:             2             32  org.springframework.boot.logging.LoggerGroups
3929:             2             32  org.springframework.boot.logging.log4j2.Log4J2LoggingSystem
3930:             2             32  org.springframework.boot.rsocket.context.RSocketPortInfoApplicationContextInitializer$Listener
3931:             1             32  org.springframework.boot.task.TaskSchedulerBuilder
3932:             2             32  org.springframework.boot.web.context.ServerPortInfoApplicationContextInitializer
3933:             1             32  org.springframework.boot.web.embedded.tomcat.TomcatWebServer
3934:             1             32  org.springframework.boot.web.server.Compression
3935:             2             32  org.springframework.boot.web.server.MimeMappings
3936:             1             32  org.springframework.boot.web.servlet.server.Encoding
3937:             1             32  org.springframework.cglib.core.AbstractClassGenerator$ClassLoaderData
3938:             1             32  org.springframework.cglib.core.ClassNameReader$EarlyExitException
3939:             2             32  org.springframework.cglib.proxy.DispatcherGenerator
3940:             2             32  org.springframework.cloud.autoconfigure.ConfigurationPropertiesRebinderAutoConfiguration
3941:             2             32  org.springframework.cloud.bootstrap.BootstrapApplicationListener
3942:             1             32  org.springframework.cloud.bootstrap.BootstrapApplicationListener$ExtendedDefaultPropertySource
3943:             2             32  org.springframework.cloud.bootstrap.LoggingSystemShutdownListener
3944:             1             32  org.springframework.cloud.bootstrap.encrypt.KeyProperties
3945:             1             32  org.springframework.cloud.bootstrap.encrypt.KeyProperties$KeyStore
3946:             1             32  org.springframework.cloud.bootstrap.support.OriginTrackedCompositePropertySource
3947:             1             32  org.springframework.cloud.client.discovery.health.DiscoveryClientHealthIndicator
3948:             1             32  org.springframework.cloud.client.discovery.simple.SimpleDiscoveryClientAutoConfiguration
3949:             2             32  org.springframework.cloud.consul.ConsulAutoConfiguration
3950:             2             32  org.springframework.cloud.consul.ConsulAutoConfiguration$ConsulHealthConfig
3951:             1             32  org.springframework.cloud.consul.ConsulProperties
3952:             1             32  org.springframework.cloud.consul.config.ConsulPropertySourceLocator
3953:             1             32  org.springframework.cloud.consul.discovery.HeartbeatProperties
3954:             1             32  org.springframework.cloud.consul.serviceregistry.ConsulServiceRegistry
3955:             1             32  org.springframework.cloud.health.RefreshScopeHealthIndicator
3956:             1             32  org.springframework.cloud.sleuth.annotation.SleuthAdvisorConfig
3957:             1             32  org.springframework.cloud.sleuth.autoconfig.SleuthProperties
3958:             1             32  org.springframework.cloud.sleuth.instrument.hystrix.SleuthHystrixConcurrencyStrategy
3959:             1             32  org.springframework.cloud.sleuth.instrument.messaging.SleuthMessagingProperties$Messaging
3960:             1             32  org.springframework.cloud.sleuth.instrument.reactor.TraceReactorAutoConfiguration$TraceReactorConfiguration$HooksRefresherConfiguration$$EnhancerBySpringCGLIB$$8fd82f6e
3961:             1             32  org.springframework.cloud.sleuth.instrument.web.SleuthWebProperties
3962:             2             32  org.springframework.cloud.sleuth.instrument.web.client.$Proxy126
3963:             1             32  org.springframework.cloud.sleuth.zipkin2.ZipkinAutoConfiguration$DefaultEndpointLocatorConfiguration
3964:             1             32  org.springframework.context.annotation.ContextAnnotationAutowireCandidateResolver$1
3965:             2             32  org.springframework.core.annotation.AnnotationAwareOrderComparator
3966:             2             32  org.springframework.core.convert.support.GenericConversionService$NoOpConverter
3967:             1             32  org.springframework.core.env.SimpleCommandLinePropertySource
3968:             1             32  org.springframework.core.task.SimpleAsyncTaskExecutor$ConcurrencyThrottleAdapter
3969:             2             32  org.springframework.expression.spel.support.StandardTypeConverter
3970:             2             32  org.springframework.objenesis.strategy.StdInstantiatorStrategy
3971:             2             32  org.springframework.web.client.DefaultResponseErrorHandler
3972:             2             32  org.springframework.web.client.RestTemplate$HeadersExtractor
3973:             1             32  org.springframework.web.context.support.StandardServletEnvironment
3974:             2             32  org.springframework.web.method.annotation.RequestParamMapMethodArgumentResolver
3975:             2             32  org.springframework.web.servlet.mvc.condition.HeadersRequestCondition
3976:             2             32  org.springframework.web.servlet.mvc.method.annotation.JsonViewResponseBodyAdvice
3977:             2             32  org.springframework.web.servlet.mvc.method.annotation.MatrixVariableMapMethodArgumentResolver
3978:             2             32  org.springframework.web.servlet.mvc.method.annotation.ModelAndViewMethodReturnValueHandler
3979:             2             32  org.springframework.web.servlet.mvc.method.annotation.PathVariableMapMethodArgumentResolver
3980:             1             32  org.springframework.web.servlet.mvc.method.annotation.ReactiveTypeHandler
3981:             2             32  org.springframework.web.servlet.mvc.method.annotation.RedirectAttributesMethodArgumentResolver
3982:             1             32  org.springframework.web.servlet.mvc.method.annotation.RequestPartMethodArgumentResolver
3983:             1             32  org.springframework.web.servlet.mvc.method.annotation.ServletCookieValueMethodArgumentResolver
3984:             2             32  org.springframework.web.servlet.mvc.method.annotation.ViewMethodReturnValueHandler
3985:             2             32  org.springframework.web.servlet.mvc.method.annotation.ViewNameMethodReturnValueHandler
3986:             1             32  org.springframework.web.servlet.resource.ResourceUrlProvider
3987:             1             32  org.springframework.web.servlet.view.BeanNameViewResolver
3988:             1             32  org.springframework.web.servlet.view.DefaultRequestToViewNameTranslator
3989:             1             32  rx.internal.schedulers.CachedThreadScheduler$ThreadWorker
3990:             1             32  rx.plugins.RxJavaPlugins
3991:             1             32  springfox.bean.validators.configuration.BeanValidatorPluginsConfiguration$$EnhancerBySpringCGLIB$$b19c57bc
3992:             1             32  springfox.boot.starter.autoconfigure.OpenApiAutoConfiguration$$EnhancerBySpringCGLIB$$8f6b8c54
3993:             1             32  springfox.boot.starter.autoconfigure.SpringfoxConfigurationProperties
3994:             1             32  springfox.documentation.oas.configuration.OpenApiDocumentationConfiguration$$EnhancerBySpringCGLIB$$ca69aa5e
3995:             1             32  springfox.documentation.oas.configuration.OpenApiMappingConfiguration$$EnhancerBySpringCGLIB$$a6bf1a8a
3996:             1             32  springfox.documentation.oas.configuration.OpenApiWebMvcConfiguration$$EnhancerBySpringCGLIB$$fd3c16fc
3997:             1             32  springfox.documentation.oas.web.OpenApiControllerWebMvc
3998:             1             32  springfox.documentation.schema.DefaultModelDependencyProvider
3999:             1             32  springfox.documentation.schema.DefaultModelProvider
4000:             1             32  springfox.documentation.schema.configuration.ModelsConfiguration$$EnhancerBySpringCGLIB$$ed9cde1e
4001:             1             32  springfox.documentation.schema.plugins.PropertyDiscriminatorBasedInheritancePlugin
4002:             1             32  springfox.documentation.schema.plugins.SchemaPluginsManager
4003:             1             32  springfox.documentation.schema.property.CachingModelPropertiesProvider
4004:             1             32  springfox.documentation.service.ResourceListing
4005:             1             32  springfox.documentation.spring.web.SpringfoxWebConfiguration$$EnhancerBySpringCGLIB$$26b5a740
4006:             1             32  springfox.documentation.spring.web.SpringfoxWebMvcConfiguration$$EnhancerBySpringCGLIB$$5b412ac0
4007:             1             32  springfox.documentation.spring.web.readers.operation.OperationParameterReader
4008:             1             32  springfox.documentation.spring.web.readers.operation.ResponseMessagesReader
4009:             1             32  springfox.documentation.spring.web.readers.parameter.ModelAttributeParameterExpander
4010:             1             32  springfox.documentation.spring.web.readers.parameter.ParameterDataTypeReader
4011:             1             32  springfox.documentation.spring.web.scanners.ApiListingScanner
4012:             1             32  springfox.documentation.spring.web.scanners.ApiModelReader
4013:             1             32  springfox.documentation.swagger.configuration.SwaggerCommonConfiguration$$EnhancerBySpringCGLIB$$23fd7134
4014:             1             32  springfox.documentation.swagger.readers.operation.SwaggerResponseMessageReader
4015:             1             32  springfox.documentation.swagger.schema.ApiModelBuilder
4016:             1             32  springfox.documentation.swagger2.configuration.Swagger2DocumentationConfiguration$$EnhancerBySpringCGLIB$$4e8ae4b9
4017:             1             32  springfox.documentation.swagger2.configuration.Swagger2WebMvcConfiguration$$EnhancerBySpringCGLIB$$6131fd01
4018:             2             32  springfox.documentation.swagger2.mappers.PropertyMapperImpl
4019:             1             32  springfox.documentation.swagger2.mappers.ServiceModelToSwagger2MapperImpl
4020:             2             32  springfox.documentation.swagger2.mappers.VendorExtensionsMapper
4021:             1             32  springfox.documentation.swagger2.web.Swagger2ControllerWebMvc
4022:             1             32  sun.management.MappedMXBeanType$InProgress
4023:             1             32  sun.misc.URLClassPath$Loader$1
4024:             1             32  sun.net.www.http.KeepAliveStreamCleaner
4025:             1             32  sun.nio.ch.ServerSocketAdaptor
4026:             2             32  sun.nio.ch.SocketDispatcher
4027:             2             32  sun.nio.ch.Util$3
4028:             1             32  sun.nio.cs.StandardCharsets
4029:             1             32  sun.nio.fs.LinuxFileSystem
4030:             1             32  sun.nio.fs.UnixPath
4031:             1             32  sun.reflect.UnsafeDoubleFieldAccessorImpl
4032:             1             32  sun.reflect.annotation.AnnotatedTypeFactory$AnnotatedTypeBaseImpl
4033:             2             32  sun.security.ssl.SSLAlgorithmDecomposer
4034:             1             32  sun.security.x509.AuthorityInfoAccessExtension
4035:             1             32  sun.security.x509.IssuerAlternativeNameExtension
4036:             1             32  sun.security.x509.PolicyMappingsExtension
4037:             1             24  [Lbrave.NoopSpanCustomizer;
4038:             1             24  [Lbrave.context.slf4j.MDCScopeDecorator$MDCContext;
4039:             1             24  [Lbrave.handler.SpanHandler;
4040:             1             24  [Lbrave.propagation.CurrentTraceContext$ScopeDecorator;
4041:             1             24  [Lbrave.sampler.SamplerFunctions$Constants;
4042:             1             24  [Lcom.fasterxml.jackson.databind.AnnotationIntrospector$ReferenceProperty$Type;
4043:             1             24  [Lcom.google.common.cache.CacheBuilder$NullListener;
4044:             1             24  [Lcom.google.common.cache.CacheBuilder$OneWeigher;
4045:             1             24  [Lcom.google.common.cache.LocalCache$NullEntry;
4046:             1             24  [Lcom.google.common.collect.MapMaker$Dummy;
4047:             1             24  [Lcom.google.common.collect.MapMakerInternalMap$Strength;
4048:             1             24  [Lcom.google.gson.LongSerializationPolicy;
4049:             1             24  [Lcom.netflix.hystrix.contrib.javanica.aop.aspectj.HystrixCommandAspect$HystrixPointcutType;
4050:             1             24  [Lcom.netflix.servo.util.ClockWithOffset;
4051:             1             24  [Lcom.sun.org.apache.xalan.internal.utils.XMLSecurityPropertyManager$Property;
4052:             1             24  [Lcom.sun.org.apache.xerces.internal.utils.XMLSecurityPropertyManager$Property;
4053:             1             24  [Lcom.ulisesbocchio.jasyptspringboot.InterceptionMode;
4054:             1             24  [Lcom.ulisesbocchio.jasyptspringboot.util.AsymmetricCryptography$KeyFormat;
4055:             1             24  [Lfeign.ExceptionPropagationPolicy;
4056:             1             24  [Lfeign.template.Template$EncodingOptions;
4057:             1             24  [Lfeign.template.Template$ExpansionOptions;
4058:             1             24  [Lio.micrometer.core.instrument.config.validate.InvalidReason;
4059:             1             24  [Lio.micrometer.prometheus.HistogramFlavor;
4060:             1             24  [Lio.swagger.annotations.AuthorizationScope;
4061:             1             24  [Lio.swagger.annotations.ResponseHeader;
4062:             1             24  [Ljava.io.File$PathStatus;
4063:             1             24  [Ljava.lang.ClassValue$Entry;
4064:             1             24  [Ljava.lang.management.MemoryType;
4065:             1             24  [Ljava.net.InetAddress$Cache$Type;
4066:             1             24  [Ljava.net.StandardProtocolFamily;
4067:             1             24  [Ljava.time.temporal.IsoFields$Unit;
4068:             1             24  [Ljava.util.Comparators$NaturalOrderComparator;
4069:             1             24  [Ljava.util.Locale$Category;
4070:             1             24  [Ljava.util.regex.Pattern;
4071:             1             24  [Ljdk.xml.internal.JdkXmlFeatures$XmlFeature;
4072:             1             24  [Lorg.apache.catalina.Service;
4073:             1             24  [Lorg.apache.catalina.connector.Connector;
4074:             1             24  [Lorg.apache.catalina.mapper.Mapper$ContextVersion;
4075:             1             24  [Lorg.apache.catalina.mapper.Mapper$MappedContext;
4076:             1             24  [Lorg.apache.catalina.mapper.Mapper$MappedHost;
4077:             1             24  [Lorg.apache.http.conn.routing.RouteInfo$LayerType;
4078:             1             24  [Lorg.apache.http.conn.routing.RouteInfo$TunnelType;
4079:             1             24  [Lorg.apache.http.impl.cookie.DefaultCookieSpecProvider$CompatibilityLevel;
4080:             1             24  [Lorg.apache.logging.log4j.core.appender.rolling.TriggeringPolicy;
4081:             1             24  [Lorg.apache.logging.log4j.core.async.ThreadNameCachingStrategy;
4082:             1             24  [Lorg.apache.logging.log4j.core.config.status.StatusConfiguration$Verbosity;
4083:             1             24  [Lorg.apache.logging.log4j.core.pattern.NameAbbreviator$MaxElementAbbreviator$Strategy;
4084:             1             24  [Lorg.apache.tomcat.util.buf.UEncoder$SafeCharsSet;
4085:             1             24  [Lorg.hibernate.validator.internal.metadata.core.ConstraintOrigin;
4086:             1             24  [Lorg.hibernate.validator.internal.metadata.descriptor.ConstraintDescriptorImpl$ConstraintType;
4087:             1             24  [Lorg.jasypt.encryption.pbe.StandardPBEStringEncryptor;
4088:             1             24  [Lorg.springframework.boot.actuate.autoconfigure.endpoint.expose.IncludeExcludeEndpointFilter$DefaultIncludes;
4089:             1             24  [Lorg.springframework.boot.actuate.endpoint.http.ApiVersion;
4090:             1             24  [Lorg.springframework.boot.actuate.info.InfoPropertiesInfoContributor$Mode;
4091:             1             24  [Lorg.springframework.boot.autoconfigure.condition.ConditionMessage$Style;
4092:             1             24  [Lorg.springframework.boot.autoconfigure.condition.FilteringSpringBootCondition$ClassNameFilter;
4093:             1             24  [Lorg.springframework.boot.autoconfigure.web.ServerProperties$Jetty$Accesslog$FORMAT;
4094:             1             24  [Lorg.springframework.boot.autoconfigure.web.servlet.WebMvcProperties$LocaleResolver;
4095:             1             24  [Lorg.springframework.boot.availability.LivenessState;
4096:             1             24  [Lorg.springframework.boot.availability.ReadinessState;
4097:             1             24  [Lorg.springframework.boot.context.properties.ConfigurationPropertiesBean$BindMethod;
4098:             1             24  [Lorg.springframework.boot.web.server.Shutdown;
4099:             1             24  [Lorg.springframework.boot.web.servlet.server.Encoding$Type;
4100:             1             24  [Lorg.springframework.context.annotation.ConfigurationCondition$ConfigurationPhase;
4101:             1             24  [Lorg.springframework.core.ResolvableType$WildcardBounds$Kind;
4102:             1             24  [Lorg.springframework.core.annotation.IntrospectionFailureLogger;
4103:             1             24  [Lorg.springframework.http.MediaType;
4104:             1             24  [Lorg.springframework.util.ConcurrentReferenceHashMap$ReferenceType;
4105:             1             24  [Lorg.springframework.util.ConcurrentReferenceHashMap$Restructure;
4106:             1             24  [Lorg.springframework.validation.DefaultMessageCodesResolver$Format;
4107:             1             24  [Lorg.yaml.snakeyaml.DumperOptions$NonPrintableStyle;
4108:             1             24  [Lrx.internal.operators.EmptyObservableHolder;
4109:             1             24  [Lrx.internal.subscriptions.Unsubscribed;
4110:             1             24  [Lrx.internal.util.UtilityFunctions$AlwaysTrue;
4111:             1             24  [Lrx.internal.util.UtilityFunctions$Identity;
4112:             1             24  [Lspringfox.documentation.swagger.web.ApiKeyVehicle;
4113:             1             24  [Lspringfox.documentation.swagger.web.ModelRendering;
4114:             1             24  [Lspringfox.documentation.swagger.web.OperationsSorter;
4115:             1             24  [Lspringfox.documentation.swagger.web.TagsSorter;
4116:             1             24  [Lsun.launcher.LauncherHelper;
4117:             1             24  [Lzipkin2.reporter.brave.ConvertingSpanReporter$Consumer;
4118:             1             24  brave.NoopSpanCustomizer
4119:             1             24  brave.baggage.BaggagePropagation$FactoryBuilder
4120:             1             24  brave.context.slf4j.MDCScopeDecorator$MDCContext
4121:             1             24  brave.internal.handler.NoopAwareSpanHandler
4122:             1             24  brave.internal.handler.NoopAwareSpanHandler$CompositeSpanHandler
4123:             1             24  brave.messaging.MessagingTracing
4124:             1             24  brave.propagation.B3Propagation$B3Extractor
4125:             1             24  brave.propagation.B3Propagation$Format$1
4126:             1             24  brave.propagation.B3Propagation$Format$2
4127:             1             24  brave.propagation.B3Propagation$Format$3
4128:             1             24  brave.propagation.ThreadLocalCurrentTraceContext
4129:             1             24  brave.propagation.ThreadLocalCurrentTraceContext$Builder
4130:             1             24  brave.sampler.RateLimitingSampler
4131:             1             24  brave.sampler.SamplerFunctions$Constants$1
4132:             1             24  brave.sampler.SamplerFunctions$Constants$2
4133:             1             24  brave.servlet.TracingFilter
4134:             1             24  brave.spring.web.TracingClientHttpRequestInterceptor
4135:             1             24  com.alibaba.fastjson.parser.SymbolTable
4136:             1             24  com.alibaba.fastjson.parser.deserializer.ASMDeserializerFactory
4137:             1             24  com.alibaba.fastjson.serializer.ASMSerializerFactory
4138:             1             24  com.ctg.itrdc.cache.vjedis.jedis.HostAndPort
4139:             1             24  com.ecwid.consul.v1.ConsulRawClient
4140:             1             24  com.fasterxml.classmate.AnnotationConfiguration$StdConfiguration
4141:             1             24  com.fasterxml.jackson.annotation.JsonFormat$Features
4142:             1             24  com.fasterxml.jackson.annotation.JsonIgnoreProperties$Value
4143:             1             24  com.fasterxml.jackson.annotation.JsonSetter$Value
4144:             1             24  com.fasterxml.jackson.core.util.MinimalPrettyPrinter
4145:             1             24  com.fasterxml.jackson.core.util.Separators
4146:             1             24  com.fasterxml.jackson.databind.AnnotationIntrospector$ReferenceProperty
4147:             1             24  com.fasterxml.jackson.databind.deser.impl.FailingDeserializer
4148:             1             24  com.fasterxml.jackson.databind.deser.std.NumberDeserializers$NumberDeserializer
4149:             1             24  com.fasterxml.jackson.databind.deser.std.StringDeserializer
4150:             1             24  com.fasterxml.jackson.databind.deser.std.UntypedObjectDeserializer$Vanilla
4151:             1             24  com.fasterxml.jackson.databind.ser.impl.FailingSerializer
4152:             1             24  com.fasterxml.jackson.databind.ser.impl.IndexedStringListSerializer
4153:             1             24  com.fasterxml.jackson.databind.ser.impl.StringCollectionSerializer
4154:             1             24  com.fasterxml.jackson.databind.ser.std.EnumSerializer
4155:             1             24  com.fasterxml.jackson.datatype.jsr310.deser.DurationDeserializer
4156:             1             24  com.fasterxml.jackson.module.paramnames.ParameterNamesAnnotationIntrospector
4157:             1             24  com.google.common.cache.CacheBuilder$NullListener
4158:             1             24  com.google.common.cache.CacheBuilder$OneWeigher
4159:             1             24  com.google.common.cache.LocalCache$EntryFactory$1
4160:             1             24  com.google.common.cache.LocalCache$EntryFactory$2
4161:             1             24  com.google.common.cache.LocalCache$EntryFactory$3
4162:             1             24  com.google.common.cache.LocalCache$EntryFactory$4
4163:             1             24  com.google.common.cache.LocalCache$EntryFactory$5
4164:             1             24  com.google.common.cache.LocalCache$EntryFactory$6
4165:             1             24  com.google.common.cache.LocalCache$EntryFactory$7
4166:             1             24  com.google.common.cache.LocalCache$EntryFactory$8
4167:             1             24  com.google.common.cache.LocalCache$NullEntry
4168:             1             24  com.google.common.cache.LocalCache$Strength$1
4169:             1             24  com.google.common.cache.LocalCache$Strength$2
4170:             1             24  com.google.common.cache.LocalCache$Strength$3
4171:             1             24  com.google.common.collect.ImmutableList$Itr
4172:             1             24  com.google.common.collect.MapMaker$Dummy
4173:             1             24  com.google.common.collect.MapMakerInternalMap$Strength$1
4174:             1             24  com.google.common.collect.MapMakerInternalMap$Strength$2
4175:             1             24  com.google.common.util.concurrent.AbstractFuture$Listener
4176:             1             24  com.google.common.util.concurrent.AbstractFuture$Waiter
4177:             1             24  com.google.gson.FieldNamingPolicy$1
4178:             1             24  com.google.gson.FieldNamingPolicy$2
4179:             1             24  com.google.gson.FieldNamingPolicy$3
4180:             1             24  com.google.gson.FieldNamingPolicy$4
4181:             1             24  com.google.gson.FieldNamingPolicy$5
4182:             1             24  com.google.gson.FieldNamingPolicy$6
4183:             1             24  com.google.gson.LongSerializationPolicy$1
4184:             1             24  com.google.gson.LongSerializationPolicy$2
4185:             1             24  com.google.gson.internal.bind.TypeAdapters$34
4186:             1             24  com.google.gson.internal.bind.TypeAdapters$EnumTypeAdapter
4187:             1             24  com.java.yxt.config.DistributedRedisLock
4188:             1             24  com.java.yxt.config.ProducerManager
4189:             1             24  com.java.yxt.config.RedisConfig$$EnhancerBySpringCGLIB$$7bda52e0$$FastClassBySpringCGLIB$$e3067260
4190:             1             24  com.java.yxt.config.RedisConfig$$FastClassBySpringCGLIB$$5c292b89
4191:             1             24  com.java.yxt.config.RedisManager
4192:             1             24  com.java.yxt.interceptor.RateInterceptor
4193:             1             24  com.java.yxt.util.qps.ExpiredCache
4194:             1             24  com.netflix.client.config.CommonClientConfigKey$1
4195:             1             24  com.netflix.client.config.CommonClientConfigKey$10
4196:             1             24  com.netflix.client.config.CommonClientConfigKey$11
4197:             1             24  com.netflix.client.config.CommonClientConfigKey$12
4198:             1             24  com.netflix.client.config.CommonClientConfigKey$13
4199:             1             24  com.netflix.client.config.CommonClientConfigKey$14
4200:             1             24  com.netflix.client.config.CommonClientConfigKey$15
4201:             1             24  com.netflix.client.config.CommonClientConfigKey$16
4202:             1             24  com.netflix.client.config.CommonClientConfigKey$17
4203:             1             24  com.netflix.client.config.CommonClientConfigKey$18
4204:             1             24  com.netflix.client.config.CommonClientConfigKey$19
4205:             1             24  com.netflix.client.config.CommonClientConfigKey$2
4206:             1             24  com.netflix.client.config.CommonClientConfigKey$20
4207:             1             24  com.netflix.client.config.CommonClientConfigKey$21
4208:             1             24  com.netflix.client.config.CommonClientConfigKey$22
4209:             1             24  com.netflix.client.config.CommonClientConfigKey$23
4210:             1             24  com.netflix.client.config.CommonClientConfigKey$24
4211:             1             24  com.netflix.client.config.CommonClientConfigKey$25
4212:             1             24  com.netflix.client.config.CommonClientConfigKey$26
4213:             1             24  com.netflix.client.config.CommonClientConfigKey$27
4214:             1             24  com.netflix.client.config.CommonClientConfigKey$28
4215:             1             24  com.netflix.client.config.CommonClientConfigKey$29
4216:             1             24  com.netflix.client.config.CommonClientConfigKey$3
4217:             1             24  com.netflix.client.config.CommonClientConfigKey$30
4218:             1             24  com.netflix.client.config.CommonClientConfigKey$31
4219:             1             24  com.netflix.client.config.CommonClientConfigKey$32
4220:             1             24  com.netflix.client.config.CommonClientConfigKey$33
4221:             1             24  com.netflix.client.config.CommonClientConfigKey$34
4222:             1             24  com.netflix.client.config.CommonClientConfigKey$35
4223:             1             24  com.netflix.client.config.CommonClientConfigKey$36
4224:             1             24  com.netflix.client.config.CommonClientConfigKey$37
4225:             1             24  com.netflix.client.config.CommonClientConfigKey$38
4226:             1             24  com.netflix.client.config.CommonClientConfigKey$39
4227:             1             24  com.netflix.client.config.CommonClientConfigKey$4
4228:             1             24  com.netflix.client.config.CommonClientConfigKey$40
4229:             1             24  com.netflix.client.config.CommonClientConfigKey$41
4230:             1             24  com.netflix.client.config.CommonClientConfigKey$42
4231:             1             24  com.netflix.client.config.CommonClientConfigKey$43
4232:             1             24  com.netflix.client.config.CommonClientConfigKey$44
4233:             1             24  com.netflix.client.config.CommonClientConfigKey$45
4234:             1             24  com.netflix.client.config.CommonClientConfigKey$46
4235:             1             24  com.netflix.client.config.CommonClientConfigKey$47
4236:             1             24  com.netflix.client.config.CommonClientConfigKey$48
4237:             1             24  com.netflix.client.config.CommonClientConfigKey$49
4238:             1             24  com.netflix.client.config.CommonClientConfigKey$5
4239:             1             24  com.netflix.client.config.CommonClientConfigKey$50
4240:             1             24  com.netflix.client.config.CommonClientConfigKey$51
4241:             1             24  com.netflix.client.config.CommonClientConfigKey$52
4242:             1             24  com.netflix.client.config.CommonClientConfigKey$53
4243:             1             24  com.netflix.client.config.CommonClientConfigKey$54
4244:             1             24  com.netflix.client.config.CommonClientConfigKey$55
4245:             1             24  com.netflix.client.config.CommonClientConfigKey$56
4246:             1             24  com.netflix.client.config.CommonClientConfigKey$57
4247:             1             24  com.netflix.client.config.CommonClientConfigKey$58
4248:             1             24  com.netflix.client.config.CommonClientConfigKey$59
4249:             1             24  com.netflix.client.config.CommonClientConfigKey$6
4250:             1             24  com.netflix.client.config.CommonClientConfigKey$60
4251:             1             24  com.netflix.client.config.CommonClientConfigKey$61
4252:             1             24  com.netflix.client.config.CommonClientConfigKey$62
4253:             1             24  com.netflix.client.config.CommonClientConfigKey$63
4254:             1             24  com.netflix.client.config.CommonClientConfigKey$64
4255:             1             24  com.netflix.client.config.CommonClientConfigKey$65
4256:             1             24  com.netflix.client.config.CommonClientConfigKey$66
4257:             1             24  com.netflix.client.config.CommonClientConfigKey$67
4258:             1             24  com.netflix.client.config.CommonClientConfigKey$68
4259:             1             24  com.netflix.client.config.CommonClientConfigKey$69
4260:             1             24  com.netflix.client.config.CommonClientConfigKey$7
4261:             1             24  com.netflix.client.config.CommonClientConfigKey$70
4262:             1             24  com.netflix.client.config.CommonClientConfigKey$71
4263:             1             24  com.netflix.client.config.CommonClientConfigKey$72
4264:             1             24  com.netflix.client.config.CommonClientConfigKey$73
4265:             1             24  com.netflix.client.config.CommonClientConfigKey$74
4266:             1             24  com.netflix.client.config.CommonClientConfigKey$75
4267:             1             24  com.netflix.client.config.CommonClientConfigKey$8
4268:             1             24  com.netflix.client.config.CommonClientConfigKey$9
4269:             1             24  com.netflix.config.ConfigurationBasedDeploymentContext
4270:             1             24  com.netflix.hystrix.strategy.metrics.HystrixMetricsPublisherFactory
4271:             1             24  com.netflix.hystrix.util.HystrixTimer$ScheduledExecutor
4272:             1             24  com.netflix.hystrix.util.HystrixTimer$ScheduledExecutor$1
4273:             1             24  com.sun.beans.util.Cache$Kind$1
4274:             1             24  com.sun.beans.util.Cache$Kind$2
4275:             1             24  com.sun.beans.util.Cache$Kind$3
4276:             1             24  com.sun.crypto.provider.PBEKey
4277:             1             24  com.sun.el.ExpressionFactoryImpl
4278:             1             24  com.sun.jmx.mbeanserver.ClassLoaderRepositorySupport
4279:             1             24  com.sun.jmx.mbeanserver.MXBeanLookup
4280:             1             24  com.sun.jmx.remote.util.ClassLogger
4281:             1             24  com.sun.org.apache.xerces.internal.impl.Constants$ArrayEnumeration
4282:             1             24  com.ulisesbocchio.jasyptspringboot.configuration.CachingConfiguration$$EnhancerBySpringCGLIB$$2c8d96ab$$FastClassBySpringCGLIB$$db5bdca0
4283:             1             24  com.ulisesbocchio.jasyptspringboot.configuration.CachingConfiguration$$FastClassBySpringCGLIB$$d4b4a0f4
4284:             1             24  feign.Client$Default
4285:             1             24  feign.Types$ParameterizedTypeImpl
4286:             1             24  feign.Types$WildcardTypeImpl
4287:             1             24  feign.template.Expressions$SimpleExpression
4288:             1             24  io.micrometer.core.instrument.binder.hystrix.MicrometerMetricsPublisher
4289:             1             24  io.micrometer.core.instrument.binder.logging.Log4j2Metrics
4290:             1             24  io.micrometer.core.instrument.binder.system.UptimeMetrics
4291:             1             24  io.micrometer.core.instrument.binder.tomcat.TomcatMetrics$$Lambda$1320/208513211
4292:             1             24  io.micrometer.core.instrument.binder.tomcat.TomcatMetrics$$Lambda$1322/917704874
4293:             1             24  io.micrometer.core.instrument.binder.tomcat.TomcatMetrics$$Lambda$1323/947173397
4294:             1             24  io.micrometer.core.instrument.binder.tomcat.TomcatMetrics$$Lambda$1324/1935689965
4295:             1             24  io.micrometer.core.util.internal.logging.WarnThenDebugLogger
4296:             1             24  java.lang.ClassValue$Version
4297:             1             24  java.lang.ProcessEnvironment$StringEnvironment
4298:             1             24  java.lang.invoke.MethodHandleImpl$4
4299:             1             24  java.lang.invoke.MethodType$ConcurrentWeakInternSet
4300:             1             24  java.math.MutableBigInteger
4301:             1             24  java.net.Inet6AddressImpl
4302:             1             24  java.net.Proxy
4303:             1             24  java.security.AllPermissionCollection
4304:             1             24  java.time.format.DecimalStyle
4305:             1             24  java.time.temporal.IsoFields$Field$1
4306:             1             24  java.time.temporal.IsoFields$Field$2
4307:             1             24  java.time.temporal.IsoFields$Field$3
4308:             1             24  java.time.temporal.IsoFields$Field$4
4309:             1             24  java.time.zone.TzdbZoneRulesProvider
4310:             1             24  java.util.Collections$EmptyMap
4311:             1             24  java.util.Comparators$NaturalOrderComparator
4312:             1             24  java.util.Locale$Cache
4313:             1             24  java.util.ResourceBundle$Control$CandidateListCache
4314:             1             24  java.util.concurrent.ConcurrentSkipListMap$Node
4315:             1             24  java.util.concurrent.Executors$DelegatedScheduledExecutorService
4316:             1             24  java.util.concurrent.TimeUnit$1
4317:             1             24  java.util.concurrent.TimeUnit$2
4318:             1             24  java.util.concurrent.TimeUnit$3
4319:             1             24  java.util.concurrent.TimeUnit$4
4320:             1             24  java.util.concurrent.TimeUnit$5
4321:             1             24  java.util.concurrent.TimeUnit$6
4322:             1             24  java.util.concurrent.TimeUnit$7
4323:             1             24  java.util.logging.LogManager$LoggerContext
4324:             1             24  java.util.logging.LoggingPermission
4325:             1             24  javax.crypto.CryptoAllPermissionCollection
4326:             1             24  javax.websocket.CloseReason
4327:             1             24  org.apache.catalina.core.ApplicationContextFacade
4328:             1             24  org.apache.catalina.core.StandardContext$ContextFilterMaps
4329:             1             24  org.apache.catalina.mapper.Mapper$ContextList
4330:             1             24  org.apache.catalina.mapper.Mapper$MappedContext
4331:             1             24  org.apache.catalina.mapper.Mapper$MappedWrapper
4332:             1             24  org.apache.catalina.startup.CatalinaBaseConfigurationSource
4333:             1             24  org.apache.catalina.webresources.TomcatURLStreamHandlerFactory
4334:             1             24  org.apache.commons.configuration.interpol.ConfigurationInterpolator
4335:             1             24  org.apache.http.client.protocol.ResponseContentEncoding
4336:             1             24  org.apache.http.config.MessageConstraints
4337:             1             24  org.apache.http.conn.util.PublicSuffixMatcher
4338:             1             24  org.apache.http.impl.client.DefaultHttpRequestRetryHandler
4339:             1             24  org.apache.http.impl.client.DefaultRedirectStrategy
4340:             1             24  org.apache.http.impl.client.ProxyAuthenticationStrategy
4341:             1             24  org.apache.http.impl.client.TargetAuthenticationStrategy
4342:             1             24  org.apache.http.impl.conn.DefaultHttpResponseParserFactory
4343:             1             24  org.apache.http.impl.cookie.DefaultCookieSpec
4344:             1             24  org.apache.http.impl.cookie.RFC2109Spec
4345:             1             24  org.apache.http.impl.cookie.RFC2965Spec
4346:             1             24  org.apache.logging.log4j.core.appender.ConsoleAppender$Target$1
4347:             1             24  org.apache.logging.log4j.core.appender.ConsoleAppender$Target$2
4348:             1             24  org.apache.logging.log4j.core.appender.rolling.CompositeTriggeringPolicy
4349:             1             24  org.apache.logging.log4j.core.appender.rolling.FileExtension$1
4350:             1             24  org.apache.logging.log4j.core.appender.rolling.FileExtension$2
4351:             1             24  org.apache.logging.log4j.core.appender.rolling.FileExtension$3
4352:             1             24  org.apache.logging.log4j.core.appender.rolling.FileExtension$4
4353:             1             24  org.apache.logging.log4j.core.appender.rolling.FileExtension$5
4354:             1             24  org.apache.logging.log4j.core.appender.rolling.FileExtension$6
4355:             1             24  org.apache.logging.log4j.core.async.ThreadNameCachingStrategy$1
4356:             1             24  org.apache.logging.log4j.core.async.ThreadNameCachingStrategy$2
4357:             1             24  org.apache.logging.log4j.core.config.LoggerConfig$LoggerConfigPredicate$1
4358:             1             24  org.apache.logging.log4j.core.config.LoggerConfig$LoggerConfigPredicate$2
4359:             1             24  org.apache.logging.log4j.core.config.LoggerConfig$LoggerConfigPredicate$3
4360:             1             24  org.apache.logging.log4j.core.config.json.JsonConfigurationFactory
4361:             1             24  org.apache.logging.log4j.core.config.plugins.util.PluginRegistry
4362:             1             24  org.apache.logging.log4j.core.config.yaml.YamlConfigurationFactory
4363:             1             24  org.apache.logging.log4j.core.impl.Log4jContextFactory
4364:             1             24  org.apache.logging.log4j.core.jmx.ContextSelectorAdmin
4365:             1             24  org.apache.logging.log4j.core.pattern.FormattingInfo
4366:             1             24  org.apache.logging.log4j.core.pattern.FullLocationPatternConverter
4367:             1             24  org.apache.logging.log4j.core.pattern.IntegerPatternConverter
4368:             1             24  org.apache.logging.log4j.core.pattern.LevelPatternConverter
4369:             1             24  org.apache.logging.log4j.core.pattern.LineSeparatorPatternConverter
4370:             1             24  org.apache.logging.log4j.core.pattern.LoggerPatternConverter
4371:             1             24  org.apache.logging.log4j.core.pattern.NameAbbreviator$MaxElementAbbreviator$Strategy$1
4372:             1             24  org.apache.logging.log4j.core.pattern.NameAbbreviator$MaxElementAbbreviator$Strategy$2
4373:             1             24  org.apache.logging.log4j.core.pattern.ThreadNamePatternConverter
4374:             1             24  org.apache.logging.log4j.core.util.WatchManager$WatchRunnable
4375:             1             24  org.apache.logging.log4j.spi.DefaultThreadContextMap
4376:             1             24  org.apache.logging.log4j.spi.LoggerRegistry
4377:             1             24  org.apache.logging.log4j.status.StatusConsoleListener
4378:             1             24  org.apache.logging.slf4j.Log4jLoggerFactory
4379:             1             24  org.apache.logging.slf4j.Log4jMarker
4380:             1             24  org.apache.naming.StringManager
4381:             1             24  org.apache.tomcat.util.buf.CharsetCache$DummyCharset
4382:             1             24  org.apache.tomcat.util.collections.ConcurrentCache
4383:             1             24  org.apache.tomcat.util.file.ConfigurationSource$1
4384:             1             24  org.apache.tomcat.util.net.Acceptor
4385:             1             24  org.apache.tomcat.util.net.NioBlockingSelector
4386:             1             24  org.apache.tomcat.util.net.SocketBufferHandler$1
4387:             1             24  org.apache.tomcat.websocket.WsExtension
4388:             1             24  org.apache.tomcat.websocket.server.WsFilter
4389:             1             24  org.aspectj.apache.bcel.generic.Type$1
4390:             1             24  org.aspectj.apache.bcel.generic.Type$2
4391:             1             24  org.hibernate.validator.internal.constraintvalidators.bv.number.bound.MinValidatorForInteger
4392:             1             24  org.hibernate.validator.internal.constraintvalidators.bv.number.bound.decimal.DecimalMaxValidatorForDouble
4393:             1             24  org.hibernate.validator.internal.constraintvalidators.bv.number.bound.decimal.DecimalMinValidatorForDouble
4394:             1             24  org.hibernate.validator.internal.engine.groups.Sequence
4395:             1             24  org.hibernate.validator.internal.util.ConcurrentReferenceHashMap$Option
4396:             1             24  org.slf4j.helpers.SubstituteLoggerFactory
4397:             1             24  org.springframework.aop.aspectj.annotation.ReflectiveAspectJAdvisorFactory
4398:             1             24  org.springframework.aop.framework.autoproxy.AbstractAdvisorAutoProxyCreator$BeanFactoryAdvisorRetrievalHelperAdapter
4399:             1             24  org.springframework.aop.interceptor.ExposeInvocationInterceptor$1
4400:             1             24  org.springframework.aop.scope.DefaultScopedObject
4401:             1             24  org.springframework.aop.support.DefaultIntroductionAdvisor
4402:             1             24  org.springframework.aop.support.DelegatingIntroductionInterceptor
4403:             1             24  org.springframework.beans.factory.annotation.InjectionMetadata$1
4404:             1             24  org.springframework.beans.propertyeditors.ByteArrayPropertyEditor
4405:             1             24  org.springframework.beans.propertyeditors.CharArrayPropertyEditor
4406:             1             24  org.springframework.beans.propertyeditors.CharsetEditor
4407:             1             24  org.springframework.beans.propertyeditors.CurrencyEditor
4408:             1             24  org.springframework.beans.propertyeditors.LocaleEditor
4409:             1             24  org.springframework.beans.propertyeditors.PropertiesEditor
4410:             1             24  org.springframework.beans.propertyeditors.TimeZoneEditor
4411:             1             24  org.springframework.beans.propertyeditors.UUIDEditor
4412:             1             24  org.springframework.beans.propertyeditors.ZoneIdEditor
4413:             1             24  org.springframework.boot.SpringApplicationBannerPrinter$PrintedBanner
4414:             1             24  org.springframework.boot.actuate.autoconfigure.endpoint.web.WebEndpointAutoConfiguration
4415:             1             24  org.springframework.boot.actuate.autoconfigure.endpoint.web.WebEndpointProperties
4416:             1             24  org.springframework.boot.actuate.autoconfigure.endpoint.web.WebEndpointProperties$Exposure
4417:             1             24  org.springframework.boot.actuate.autoconfigure.health.AutoConfiguredHealthEndpointGroups
4418:             1             24  org.springframework.boot.actuate.autoconfigure.health.HealthIndicatorProperties
4419:             1             24  org.springframework.boot.actuate.autoconfigure.health.HealthProperties$Status
4420:             1             24  org.springframework.boot.actuate.autoconfigure.metrics.CompositeMeterRegistryConfiguration$MultipleNonPrimaryMeterRegistriesCondition
4421:             1             24  org.springframework.boot.actuate.autoconfigure.metrics.MetricsProperties$Web
4422:             1             24  org.springframework.boot.actuate.autoconfigure.metrics.MetricsProperties$Web$Client
4423:             1             24  org.springframework.boot.actuate.autoconfigure.metrics.MetricsProperties$Web$Client$ClientRequest
4424:             1             24  org.springframework.boot.actuate.autoconfigure.metrics.MetricsProperties$Web$Server
4425:             1             24  org.springframework.boot.actuate.autoconfigure.metrics.MetricsProperties$Web$Server$ServerRequest
4426:             1             24  org.springframework.boot.actuate.autoconfigure.metrics.PropertiesMeterFilter
4427:             1             24  org.springframework.boot.actuate.autoconfigure.metrics.web.servlet.WebMvcMetricsAutoConfiguration$MetricsWebMvcConfigurer
4428:             1             24  org.springframework.boot.actuate.autoconfigure.system.DiskSpaceHealthIndicatorProperties
4429:             1             24  org.springframework.boot.actuate.endpoint.annotation.EndpointDiscoverer$$Lambda$651/2017860548
4430:             1             24  org.springframework.boot.actuate.endpoint.web.EndpointMediaTypes
4431:             1             24  org.springframework.boot.actuate.endpoint.web.PathMappedEndpoints
4432:             1             24  org.springframework.boot.actuate.endpoint.web.ServletEndpointRegistrar
4433:             1             24  org.springframework.boot.actuate.health.HealthEndpoint
4434:             1             24  org.springframework.boot.actuate.health.HealthEndpointWebExtension
4435:             1             24  org.springframework.boot.actuate.health.PingHealthIndicator
4436:             1             24  org.springframework.boot.actuate.metrics.web.client.MetricsClientHttpRequestInterceptor$UrlTemplateThreadLocal
4437:             1             24  org.springframework.boot.actuate.metrics.web.servlet.DefaultWebMvcTagsProvider
4438:             1             24  org.springframework.boot.actuate.metrics.web.servlet.LongTaskTimingHandlerInterceptor
4439:             1             24  org.springframework.boot.actuate.metrics.web.tomcat.TomcatMetricsBinder
4440:             1             24  org.springframework.boot.autoconfigure.AutoConfigurationImportSelector$AutoConfigurationEntry
4441:             1             24  org.springframework.boot.autoconfigure.AutoConfigurationPackages$BasePackages
4442:             1             24  org.springframework.boot.autoconfigure.condition.ConditionMessage$Style$1
4443:             1             24  org.springframework.boot.autoconfigure.condition.ConditionMessage$Style$2
4444:             1             24  org.springframework.boot.autoconfigure.condition.FilteringSpringBootCondition$ClassNameFilter$1
4445:             1             24  org.springframework.boot.autoconfigure.condition.FilteringSpringBootCondition$ClassNameFilter$2
4446:             1             24  org.springframework.boot.autoconfigure.freemarker.FreeMarkerTemplateAvailabilityProvider
4447:             1             24  org.springframework.boot.autoconfigure.groovy.template.GroovyTemplateAvailabilityProvider
4448:             1             24  org.springframework.boot.autoconfigure.http.GsonHttpMessageConvertersConfiguration$PreferGsonOrJacksonAndJsonbUnavailableCondition
4449:             1             24  org.springframework.boot.autoconfigure.http.HttpMessageConvertersAutoConfiguration$NotReactiveWebApplicationCondition
4450:             1             24  org.springframework.boot.autoconfigure.info.ProjectInfoProperties
4451:             1             24  org.springframework.boot.autoconfigure.info.ProjectInfoProperties$Build
4452:             1             24  org.springframework.boot.autoconfigure.info.ProjectInfoProperties$Git
4453:             1             24  org.springframework.boot.autoconfigure.jackson.JacksonAutoConfiguration$Jackson2ObjectMapperBuilderCustomizerConfiguration$StandardJackson2ObjectMapperBuilderCustomizer
4454:             1             24  org.springframework.boot.autoconfigure.jdbc.DataSourceProperties$Xa
4455:             1             24  org.springframework.boot.autoconfigure.security.oauth2.resource.OAuth2ResourceServerProperties
4456:             1             24  org.springframework.boot.autoconfigure.security.oauth2.resource.OAuth2ResourceServerProperties$Opaquetoken
4457:             1             24  org.springframework.boot.autoconfigure.task.TaskExecutionProperties
4458:             1             24  org.springframework.boot.autoconfigure.task.TaskExecutionProperties$Shutdown
4459:             1             24  org.springframework.boot.autoconfigure.task.TaskSchedulingProperties
4460:             1             24  org.springframework.boot.autoconfigure.task.TaskSchedulingProperties$Shutdown
4461:             1             24  org.springframework.boot.autoconfigure.template.TemplateAvailabilityProviders
4462:             1             24  org.springframework.boot.autoconfigure.transaction.TransactionProperties
4463:             1             24  org.springframework.boot.autoconfigure.validation.ValidatorAdapter
4464:             1             24  org.springframework.boot.autoconfigure.web.ResourceProperties$Cache
4465:             1             24  org.springframework.boot.autoconfigure.web.ResourceProperties$Chain
4466:             1             24  org.springframework.boot.autoconfigure.web.ResourceProperties$Content
4467:             1             24  org.springframework.boot.autoconfigure.web.ResourceProperties$Fixed
4468:             1             24  org.springframework.boot.autoconfigure.web.ResourceProperties$Strategy
4469:             1             24  org.springframework.boot.autoconfigure.web.ServerProperties$Tomcat$Resource
4470:             1             24  org.springframework.boot.autoconfigure.web.ServerProperties$Tomcat$Threads
4471:             1             24  org.springframework.boot.autoconfigure.web.ServerProperties$Undertow$Options
4472:             1             24  org.springframework.boot.autoconfigure.web.ServerProperties$Undertow$Threads
4473:             1             24  org.springframework.boot.autoconfigure.web.client.RestTemplateAutoConfiguration$NotReactiveWebApplicationCondition
4474:             1             24  org.springframework.boot.autoconfigure.web.embedded.TomcatWebServerFactoryCustomizer
4475:             1             24  org.springframework.boot.autoconfigure.web.embedded.TomcatWebServerFactoryCustomizer$$Lambda$499/1113895488
4476:             1             24  org.springframework.boot.autoconfigure.web.servlet.WebMvcProperties$Contentnegotiation
4477:             1             24  org.springframework.boot.autoconfigure.web.servlet.WebMvcProperties$Format
4478:             1             24  org.springframework.boot.autoconfigure.web.servlet.WebMvcProperties$Servlet
4479:             1             24  org.springframework.boot.autoconfigure.web.servlet.WebMvcProperties$View
4480:             1             24  org.springframework.boot.autoconfigure.web.servlet.error.BasicErrorController
4481:             1             24  org.springframework.boot.autoconfigure.web.servlet.error.ErrorMvcAutoConfiguration$DefaultErrorViewResolverConfiguration
4482:             1             24  org.springframework.boot.autoconfigure.web.servlet.error.ErrorMvcAutoConfiguration$ErrorPageCustomizer
4483:             1             24  org.springframework.boot.cloud.CloudPlatform$1
4484:             1             24  org.springframework.boot.cloud.CloudPlatform$2
4485:             1             24  org.springframework.boot.cloud.CloudPlatform$3
4486:             1             24  org.springframework.boot.cloud.CloudPlatform$4
4487:             1             24  org.springframework.boot.cloud.CloudPlatform$5
4488:             1             24  org.springframework.boot.context.properties.PropertyMapper
4489:             1             24  org.springframework.boot.context.properties.bind.BindConverter$TypeConverterConversionService
4490:             1             24  org.springframework.boot.context.properties.bind.JavaBeanBinder$Bean
4491:             1             24  org.springframework.boot.context.properties.source.DefaultPropertyMapper
4492:             1             24  org.springframework.boot.loader.archive.JarFileArchive
4493:             1             24  org.springframework.boot.logging.AbstractLoggingSystem$LogLevels
4494:             1             24  org.springframework.boot.logging.log4j2.Log4J2LoggingSystem$1
4495:             1             24  org.springframework.boot.web.embedded.tomcat.TomcatServletWebServerFactory$StaticResourceConfigurer
4496:             1             24  org.springframework.boot.web.embedded.tomcat.TomcatStarter
4497:             1             24  org.springframework.boot.web.embedded.tomcat.TomcatWebServer$$Lambda$500/1527007086
4498:             1             24  org.springframework.boot.web.server.ErrorPage
4499:             1             24  org.springframework.boot.web.server.ErrorPageRegistrarBeanPostProcessor
4500:             1             24  org.springframework.boot.web.server.WebServerFactoryCustomizerBeanPostProcessor
4501:             1             24  org.springframework.boot.web.servlet.context.WebApplicationContextServletContextAwareProcessor
4502:             1             24  org.springframework.boot.web.servlet.context.WebServerGracefulShutdownLifecycle
4503:             1             24  org.springframework.boot.web.servlet.context.WebServerStartStopLifecycle
4504:             1             24  org.springframework.boot.web.servlet.server.DocumentRoot
4505:             1             24  org.springframework.boot.web.servlet.server.Jsp
4506:             1             24  org.springframework.cglib.core.EmitUtils$ArrayDelimiters
4507:             1             24  org.springframework.cglib.core.MethodWrapper$MethodWrapperKey$$KeyFactoryByCGLIB$$552be97a
4508:             1             24  org.springframework.cglib.core.internal.LoadingCache
4509:             1             24  org.springframework.cloud.autoconfigure.RefreshAutoConfiguration$RefreshScopeBeanDefinitionEnhancer
4510:             1             24  org.springframework.cloud.bootstrap.config.PropertySourceBootstrapConfiguration
4511:             1             24  org.springframework.cloud.bootstrap.encrypt.EncryptionBootstrapConfiguration
4512:             1             24  org.springframework.cloud.bootstrap.encrypt.EnvironmentDecryptApplicationInitializer
4513:             1             24  org.springframework.cloud.client.discovery.simple.SimpleDiscoveryProperties
4514:             1             24  org.springframework.cloud.client.loadbalancer.AsyncLoadBalancerAutoConfiguration$AsyncRestTemplateCustomizerConfig$1
4515:             1             24  org.springframework.cloud.client.loadbalancer.AsyncLoadBalancerAutoConfiguration$LoadBalancerInterceptorConfig$1
4516:             1             24  org.springframework.cloud.client.loadbalancer.LoadBalancerAutoConfiguration
4517:             1             24  org.springframework.cloud.client.loadbalancer.LoadBalancerAutoConfiguration$$Lambda$899/1232703108
4518:             1             24  org.springframework.cloud.client.loadbalancer.LoadBalancerInterceptor
4519:             1             24  org.springframework.cloud.client.loadbalancer.LoadBalancerRequestFactory
4520:             1             24  org.springframework.cloud.client.loadbalancer.reactive.LoadBalancerProperties$HealthCheck
4521:             1             24  org.springframework.cloud.client.serviceregistry.AutoServiceRegistrationAutoConfiguration
4522:             1             24  org.springframework.cloud.client.serviceregistry.ServiceRegistryAutoConfiguration$ServiceRegistryEndpointConfiguration
4523:             1             24  org.springframework.cloud.commons.util.InetUtils
4524:             1             24  org.springframework.cloud.commons.util.InetUtils$HostInfo
4525:             1             24  org.springframework.cloud.configuration.CompatibilityVerifierProperties
4526:             1             24  org.springframework.cloud.configuration.SpringBootVersionVerifier
4527:             1             24  org.springframework.cloud.consul.ConsulHealthIndicator
4528:             1             24  org.springframework.cloud.consul.config.ConsulConfigProperties$Watch
4529:             1             24  org.springframework.cloud.consul.discovery.ConsulDiscoveryClient
4530:             1             24  org.springframework.cloud.consul.serviceregistry.ConsulAutoServiceRegistrationAutoConfiguration$OnConsulRegistrationEnabledCondition
4531:             1             24  org.springframework.cloud.consul.serviceregistry.ConsulServiceRegistryAutoConfiguration$OnConsulRegistrationEnabledCondition
4532:             1             24  org.springframework.cloud.context.environment.EnvironmentManager
4533:             1             24  org.springframework.cloud.context.refresh.ContextRefresher
4534:             1             24  org.springframework.cloud.endpoint.event.RefreshEventListener
4535:             1             24  org.springframework.cloud.logging.LoggingRebinder
4536:             1             24  org.springframework.cloud.netflix.archaius.ArchaiusAutoConfiguration
4537:             1             24  org.springframework.cloud.netflix.hystrix.HystrixCircuitBreakerFactory
4538:             1             24  org.springframework.cloud.netflix.hystrix.HystrixHealthIndicator
4539:             1             24  org.springframework.cloud.netflix.hystrix.ReactiveHystrixCircuitBreakerFactory
4540:             1             24  org.springframework.cloud.netflix.ribbon.PropertiesFactory
4541:             1             24  org.springframework.cloud.netflix.ribbon.RibbonAutoConfiguration$RibbonClassesConditions
4542:             1             24  org.springframework.cloud.netflix.ribbon.RibbonEagerLoadProperties
4543:             1             24  org.springframework.cloud.openfeign.FeignClientProperties
4544:             1             24  org.springframework.cloud.openfeign.ribbon.CachingSpringLoadBalancerFactory
4545:             1             24  org.springframework.cloud.openfeign.ribbon.LoadBalancerFeignClient
4546:             1             24  org.springframework.cloud.openfeign.support.SpringMvcContract$ConvertingExpanderFactory$$Lambda$728/1298557761
4547:             1             24  org.springframework.cloud.sleuth.annotation.SleuthInterceptor
4548:             1             24  org.springframework.cloud.sleuth.autoconfig.TraceAutoConfiguration$CompositeReporter
4549:             1             24  org.springframework.cloud.sleuth.instrument.async.ExecutorBeanPostProcessor
4550:             1             24  org.springframework.cloud.sleuth.instrument.async.ExecutorBeanPostProcessor$$Lambda$833/1438178266
4551:             1             24  org.springframework.cloud.sleuth.instrument.async.SleuthContextListener
4552:             1             24  org.springframework.cloud.sleuth.instrument.async.TraceAsyncAspect
4553:             1             24  org.springframework.cloud.sleuth.instrument.messaging.SleuthMessagingProperties
4554:             1             24  org.springframework.cloud.sleuth.instrument.messaging.SleuthMessagingProperties$Integration
4555:             1             24  org.springframework.cloud.sleuth.instrument.messaging.SleuthMessagingProperties$Jms
4556:             1             24  org.springframework.cloud.sleuth.instrument.messaging.SleuthMessagingProperties$Kafka
4557:             1             24  org.springframework.cloud.sleuth.instrument.messaging.SleuthMessagingProperties$Rabbit
4558:             1             24  org.springframework.cloud.sleuth.instrument.reactor.HooksRefresher
4559:             1             24  org.springframework.cloud.sleuth.instrument.reactor.ReactorSleuth$$Lambda$368/631673932
4560:             1             24  org.springframework.cloud.sleuth.instrument.reactor.TraceReactorAutoConfiguration$TraceReactorConfiguration$HooksRefresherConfiguration$$EnhancerBySpringCGLIB$$8fd82f6e$$FastClassBySpringCGLIB$$723d6227
4561:             1             24  org.springframework.cloud.sleuth.instrument.reactor.TraceReactorAutoConfiguration$TraceReactorConfiguration$HooksRefresherConfiguration$$FastClassBySpringCGLIB$$aa8cc457
4562:             1             24  org.springframework.cloud.sleuth.instrument.rxjava.SleuthRxJavaSchedulersHook
4563:             1             24  org.springframework.cloud.sleuth.instrument.rxjava.SleuthRxJavaSchedulersProperties
4564:             1             24  org.springframework.cloud.sleuth.instrument.scheduling.SleuthSchedulingProperties
4565:             1             24  org.springframework.cloud.sleuth.instrument.scheduling.TraceSchedulingAspect
4566:             1             24  org.springframework.cloud.sleuth.instrument.web.LazyTracingFilter
4567:             1             24  org.springframework.cloud.sleuth.instrument.web.SkipPatternHttpServerSampler
4568:             1             24  org.springframework.cloud.sleuth.instrument.web.SleuthWebProperties$Client
4569:             1             24  org.springframework.cloud.sleuth.instrument.web.TraceKeys$Http
4570:             1             24  org.springframework.cloud.sleuth.instrument.web.TraceWebAspect
4571:             1             24  org.springframework.cloud.sleuth.instrument.web.TraceWebAutoConfiguration$ActuatorSkipPatternProviderConfig$$Lambda$679/1234905692
4572:             1             24  org.springframework.cloud.sleuth.internal.LazyBean
4573:             1             24  org.springframework.cloud.sleuth.log.SleuthSlf4jProperties
4574:             1             24  org.springframework.cloud.sleuth.propagation.SleuthTagPropagationProperties
4575:             1             24  org.springframework.cloud.sleuth.propagation.TagPropagationFinishedSpanHandler
4576:             1             24  org.springframework.cloud.sleuth.sampler.SamplerProperties
4577:             1             24  org.springframework.cloud.sleuth.zipkin2.sender.LoadBalancerClientZipkinLoadBalancer
4578:             1             24  org.springframework.cloud.sleuth.zipkin2.sender.ZipkinRestTemplateSenderConfiguration$CachingZipkinUrlExtractor
4579:             1             24  org.springframework.cloud.util.random.CachedRandomPropertySource
4580:             1             24  org.springframework.context.annotation.ConfigurationClassEnhancer$ConditionalCallbackFilter
4581:             1             24  org.springframework.core.Constants
4582:             1             24  org.springframework.core.OrderComparator$$Lambda$388/1278839936
4583:             1             24  org.springframework.core.ReactiveAdapterRegistry
4584:             1             24  org.springframework.core.annotation.IntrospectionFailureLogger$1
4585:             1             24  org.springframework.core.annotation.IntrospectionFailureLogger$2
4586:             1             24  org.springframework.core.convert.support.DefaultConversionService
4587:             1             24  org.springframework.dao.annotation.PersistenceExceptionTranslationAdvisor
4588:             1             24  org.springframework.dao.support.PersistenceExceptionTranslationInterceptor
4589:             1             24  org.springframework.expression.spel.support.ReflectiveMethodResolver
4590:             1             24  org.springframework.http.client.InterceptingClientHttpRequestFactory
4591:             1             24  org.springframework.util.LinkedCaseInsensitiveMap$KeySet
4592:             1             24  org.springframework.validation.DefaultMessageCodesResolver$Format$1
4593:             1             24  org.springframework.validation.DefaultMessageCodesResolver$Format$2
4594:             1             24  org.springframework.web.accept.MappingMediaTypeFileExtensionResolver
4595:             1             24  org.springframework.web.context.support.ServletContextResource
4596:             1             24  org.springframework.web.context.support.ServletContextResourcePatternResolver
4597:             1             24  org.springframework.web.context.support.ServletContextScope
4598:             1             24  org.springframework.web.method.HandlerTypePredicate
4599:             1             24  org.springframework.web.method.annotation.RequestHeaderMethodArgumentResolver
4600:             1             24  org.springframework.web.method.support.CompositeUriComponentsContributor
4601:             1             24  org.springframework.web.servlet.handler.HandlerExceptionResolverComposite
4602:             1             24  org.springframework.web.servlet.i18n.AcceptHeaderLocaleResolver
4603:             1             24  org.springframework.web.servlet.mvc.method.annotation.ResponseBodyEmitterReturnValueHandler
4604:             1             24  org.springframework.web.servlet.support.SessionFlashMapManager
4605:             1             24  org.springframework.web.servlet.view.ViewResolverComposite
4606:             1             24  org.springframework.web.util.HierarchicalUriComponents$Type$1
4607:             1             24  org.springframework.web.util.HierarchicalUriComponents$Type$10
4608:             1             24  org.springframework.web.util.HierarchicalUriComponents$Type$11
4609:             1             24  org.springframework.web.util.HierarchicalUriComponents$Type$12
4610:             1             24  org.springframework.web.util.HierarchicalUriComponents$Type$2
4611:             1             24  org.springframework.web.util.HierarchicalUriComponents$Type$3
4612:             1             24  org.springframework.web.util.HierarchicalUriComponents$Type$4
4613:             1             24  org.springframework.web.util.HierarchicalUriComponents$Type$5
4614:             1             24  org.springframework.web.util.HierarchicalUriComponents$Type$6
4615:             1             24  org.springframework.web.util.HierarchicalUriComponents$Type$7
4616:             1             24  org.springframework.web.util.HierarchicalUriComponents$Type$8
4617:             1             24  org.springframework.web.util.HierarchicalUriComponents$Type$9
4618:             1             24  org.yaml.snakeyaml.external.com.google.gdata.util.common.base.PercentEscaper
4619:             1             24  reactor.core.publisher.Operators$LiftFunction
4620:             1             24  rx.internal.operators.EmptyObservableHolder
4621:             1             24  rx.internal.operators.OperatorAny
4622:             1             24  rx.internal.operators.OperatorMerge
4623:             1             24  rx.internal.operators.OperatorOnBackpressureBuffer
4624:             1             24  rx.internal.operators.OperatorSingle
4625:             1             24  rx.internal.schedulers.CachedThreadScheduler
4626:             1             24  rx.internal.schedulers.CachedThreadScheduler$CachedWorkerPool$1
4627:             1             24  rx.internal.schedulers.EventLoopsScheduler
4628:             1             24  rx.internal.subscriptions.Unsubscribed
4629:             1             24  rx.internal.util.UtilityFunctions$AlwaysTrue
4630:             1             24  rx.internal.util.UtilityFunctions$Identity
4631:             1             24  rx.schedulers.Schedulers
4632:             1             24  springfox.boot.starter.autoconfigure.SpringfoxConfigurationProperties$SwaggerUiConfigurationProperties
4633:             1             24  springfox.documentation.oas.configuration.OpenApiMappingConfiguration$$EnhancerBySpringCGLIB$$a6bf1a8a$$FastClassBySpringCGLIB$$236e3698
4634:             1             24  springfox.documentation.oas.configuration.OpenApiMappingConfiguration$$FastClassBySpringCGLIB$$574ae7f3
4635:             1             24  springfox.documentation.oas.configuration.OpenApiWebMvcConfiguration$$EnhancerBySpringCGLIB$$fd3c16fc$$FastClassBySpringCGLIB$$e5f74324
4636:             1             24  springfox.documentation.oas.configuration.OpenApiWebMvcConfiguration$$FastClassBySpringCGLIB$$70800825
4637:             1             24  springfox.documentation.schema.CachingModelDependencyProvider
4638:             1             24  springfox.documentation.schema.MapSpecification
4639:             1             24  springfox.documentation.schema.TypeNameExtractor
4640:             1             24  springfox.documentation.schema.configuration.ModelsConfiguration$$EnhancerBySpringCGLIB$$ed9cde1e$$FastClassBySpringCGLIB$$7e966250
4641:             1             24  springfox.documentation.schema.configuration.ModelsConfiguration$$FastClassBySpringCGLIB$$9f784d07
4642:             1             24  springfox.documentation.schema.property.CachingModelPropertiesProvider$$Lambda$730/2026371507
4643:             1             24  springfox.documentation.schema.property.CachingModelPropertiesProvider$$Lambda$731/1871542036
4644:             1             24  springfox.documentation.schema.property.ModelSpecificationFactory
4645:             1             24  springfox.documentation.spring.web.DescriptionResolver
4646:             1             24  springfox.documentation.spring.web.plugins.DefaultConfiguration
4647:             1             24  springfox.documentation.spring.web.plugins.WebMvcRequestHandlerProvider
4648:             1             24  springfox.documentation.spring.web.readers.operation.ApiOperationReader
4649:             1             24  springfox.documentation.spring.web.readers.operation.HandlerMethodResolver
4650:             1             24  springfox.documentation.spring.web.readers.operation.OperationResponseClassReader
4651:             1             24  springfox.documentation.spring.web.readers.parameter.ExpandedParameterBuilder
4652:             1             24  springfox.documentation.spring.web.scanners.ApiDescriptionReader
4653:             1             24  springfox.documentation.spring.web.scanners.ApiDocumentationScanner
4654:             1             24  springfox.documentation.spring.web.scanners.ApiModelSpecificationReader
4655:             1             24  springfox.documentation.spring.web.scanners.CachingOperationReader
4656:             1             24  springfox.documentation.swagger.readers.operation.OpenApiResponseReader
4657:             1             24  springfox.documentation.swagger.readers.operation.SwaggerOperationResponseClassReader
4658:             1             24  springfox.documentation.swagger.readers.parameter.ApiParamParameterBuilder
4659:             1             24  springfox.documentation.swagger.readers.parameter.SwaggerExpandedParameterBuilder
4660:             1             24  springfox.documentation.swagger.schema.ApiModelPropertyPropertyBuilder
4661:             1             24  springfox.documentation.swagger.schema.OpenApiSchemaPropertyBuilder
4662:             1             24  springfox.documentation.swagger.web.ApiResourceController
4663:             1             24  springfox.documentation.swagger.web.TagsSorter
4664:             1             24  springfox.documentation.swagger2.configuration.Swagger2DocumentationConfiguration$$EnhancerBySpringCGLIB$$4e8ae4b9$$FastClassBySpringCGLIB$$285f0697
4665:             1             24  springfox.documentation.swagger2.configuration.Swagger2DocumentationConfiguration$$FastClassBySpringCGLIB$$9e8afb42
4666:             1             24  springfox.documentation.swagger2.configuration.Swagger2WebMvcConfiguration$$EnhancerBySpringCGLIB$$6131fd01$$FastClassBySpringCGLIB$$1e8e8807
4667:             1             24  springfox.documentation.swagger2.configuration.Swagger2WebMvcConfiguration$$FastClassBySpringCGLIB$$39e4528a
4668:             1             24  sun.launcher.LauncherHelper
4669:             1             24  sun.management.CompilationImpl
4670:             1             24  sun.management.MemoryImpl
4671:             1             24  sun.management.OperatingSystemImpl
4672:             1             24  sun.management.RuntimeImpl
4673:             1             24  sun.management.ThreadImpl
4674:             1             24  sun.management.VMManagementImpl
4675:             1             24  sun.misc.JarIndex
4676:             1             24  sun.net.ProgressMonitor
4677:             1             24  sun.net.sdp.SdpProvider
4678:             1             24  sun.nio.cs.ISO_8859_1
4679:             1             24  sun.nio.cs.ThreadLocalCoders$1
4680:             1             24  sun.nio.cs.ThreadLocalCoders$2
4681:             1             24  sun.nio.cs.US_ASCII
4682:             1             24  sun.nio.cs.UTF_16
4683:             1             24  sun.nio.cs.UTF_16BE
4684:             1             24  sun.nio.cs.UTF_16LE
4685:             1             24  sun.nio.cs.UTF_8
4686:             1             24  sun.nio.fs.NativeBuffer$Deallocator
4687:             1             24  sun.reflect.annotation.TypeAnnotation$LocationInfo
4688:             1             24  sun.security.validator.EndEntityChecker
4689:             1             24  sun.security.x509.AccessDescription
4690:             1             24  sun.security.x509.CertificatePolicyMap
4691:             1             24  sun.util.locale.BaseLocale$Cache
4692:             1             24  sun.util.locale.provider.CalendarDataProviderImpl
4693:             1             24  sun.util.locale.provider.CalendarProviderImpl
4694:             1             24  sun.util.locale.provider.CurrencyNameProviderImpl
4695:             1             24  sun.util.locale.provider.DateFormatSymbolsProviderImpl
4696:             1             24  sun.util.locale.provider.DecimalFormatSymbolsProviderImpl
4697:             1             24  sun.util.locale.provider.NumberFormatProviderImpl
4698:             1             24  sun.util.locale.provider.TimeZoneNameProviderImpl
4699:             1             24  sun.util.logging.PlatformLogger
4700:             1             24  sun.util.logging.PlatformLogger$JavaLoggerProxy
4701:             1             24  zipkin2.CheckResult
4702:             1             24  zipkin2.codec.Encoding$1
4703:             1             24  zipkin2.codec.Encoding$2
4704:             1             24  zipkin2.codec.Encoding$3
4705:             1             24  zipkin2.codec.SpanBytesEncoder$1
4706:             1             24  zipkin2.codec.SpanBytesEncoder$2
4707:             1             24  zipkin2.codec.SpanBytesEncoder$3
4708:             1             24  zipkin2.codec.SpanBytesEncoder$4
4709:             1             24  zipkin2.reporter.AsyncReporter$Flusher
4710:             1             24  zipkin2.reporter.BytesMessageEncoder$1
4711:             1             24  zipkin2.reporter.BytesMessageEncoder$2
4712:             1             24  zipkin2.reporter.BytesMessageEncoder$3
4713:             1             24  zipkin2.reporter.brave.ConvertingSpanReporter
4714:             1             24  zipkin2.reporter.brave.ConvertingSpanReporter$Consumer
4715:             1             24  zipkin2.reporter.brave.ConvertingZipkinSpanHandler
4716:             1             16  [Lcom.alibaba.fastjson.serializer.SerializeFilter;
4717:             1             16  [Lcom.fasterxml.classmate.members.RawConstructor;
4718:             1             16  [Lcom.fasterxml.classmate.members.RawField;
4719:             1             16  [Lcom.fasterxml.classmate.members.ResolvedConstructor;
4720:             1             16  [Lcom.fasterxml.classmate.members.ResolvedField;
4721:             1             16  [Lcom.fasterxml.classmate.members.ResolvedMethod;
4722:             1             16  [Lcom.fasterxml.jackson.databind.AbstractTypeResolver;
4723:             1             16  [Lcom.fasterxml.jackson.databind.deser.BeanDeserializerModifier;
4724:             1             16  [Lcom.fasterxml.jackson.databind.ser.BeanSerializerModifier;
4725:             1             16  [Lcom.netflix.hystrix.contrib.javanica.annotation.HystrixException;
4726:             1             16  [Lio.micrometer.core.instrument.distribution.ValueAtPercentile;
4727:             1             16  [Ljava.beans.EventSetDescriptor;
4728:             1             16  [Ljava.lang.Double;
4729:             1             16  [Ljava.lang.Float;
4730:             1             16  [Ljava.lang.Throwable;
4731:             1             16  [Ljava.lang.management.LockInfo;
4732:             1             16  [Ljava.lang.management.MonitorInfo;
4733:             1             16  [Ljava.lang.reflect.AnnotatedType;
4734:             1             16  [Ljava.nio.file.attribute.FileAttribute;
4735:             1             16  [Ljava.security.Provider;
4736:             1             16  [Ljava.text.FieldPosition;
4737:             1             16  [Ljava.time.zone.ZoneOffsetTransitionRule;
4738:             1             16  [Ljava.util.Map$Entry;
4739:             1             16  [Ljava.util.logging.Handler;
4740:             1             16  [Lorg.apache.catalina.core.DefaultInstanceManager$AnnotationCacheEntry;
4741:             1             16  [Lorg.apache.catalina.servlets.DefaultServlet$CompressionFormat;
4742:             1             16  [Lorg.apache.logging.log4j.core.appender.rolling.action.Action;
4743:             1             16  [Lorg.apache.logging.log4j.core.impl.ThrowableProxy;
4744:             1             16  [Lorg.apache.tomcat.util.descriptor.web.ApplicationParameter;
4745:             1             16  [Lorg.apache.tomcat.util.descriptor.web.SecurityConstraint;
4746:             1             16  [Lorg.apache.tomcat.util.modeler.NotificationInfo;
4747:             1             16  [Lorg.aspectj.apache.bcel.classfile.CodeException;
4748:             1             16  [Lorg.aspectj.apache.bcel.classfile.annotation.AnnotationGen;
4749:             1             16  [Lorg.aspectj.apache.bcel.classfile.annotation.ElementValue;
4750:             1             16  [Lorg.aspectj.bridge.IMessage;
4751:             1             16  [Lorg.aspectj.weaver.JoinPointSignature;
4752:             1             16  [Lorg.aspectj.weaver.Member;
4753:             1             16  [Lorg.aspectj.weaver.ReferenceType;
4754:             1             16  [Lorg.aspectj.weaver.ResolvedPointcutDefinition;
4755:             1             16  [Lorg.aspectj.weaver.ast.Expr;
4756:             1             16  [Lorg.aspectj.weaver.ast.Var;
4757:             1             16  [Lorg.aspectj.weaver.patterns.AnnotationTypePattern;
4758:             1             16  [Lorg.aspectj.weaver.patterns.BindingPattern;
4759:             1             16  [Lorg.springframework.cloud.loadbalancer.annotation.LoadBalancerClient;
4760:             1             16  [Lorg.springframework.cloud.netflix.ribbon.RibbonClient;
4761:             1             16  [Lorg.springframework.web.context.request.async.CallableProcessingInterceptor;
4762:             1             16  [Lorg.springframework.web.context.request.async.DeferredResultProcessingInterceptor;
4763:             1             16  [Lrx.internal.util.ExceptionsUtils;
4764:             1             16  [Lrx.internal.util.InternalObservableUtils;
4765:             1             16  [Lrx.subjects.SubjectSubscriptionManager$SubjectObserver;
4766:             1             16  [Lsun.reflect.annotation.TypeAnnotation$LocationInfo$Location;
4767:             1             16  [[Lorg.aspectj.apache.bcel.classfile.annotation.AnnotationGen;
4768:             1             16  [[Lorg.aspectj.weaver.AnnotationAJ;
4769:             1             16  brave.CurrentSpanCustomizer
4770:             1             16  brave.ErrorParser
4771:             1             16  brave.ErrorParser$1
4772:             1             16  brave.Tags$1
4773:             1             16  brave.Tags$2
4774:             1             16  brave.baggage.BaggageFields$ParentId
4775:             1             16  brave.baggage.BaggageFields$Sampled
4776:             1             16  brave.baggage.BaggageFields$SpanId
4777:             1             16  brave.baggage.BaggageFields$TraceId
4778:             1             16  brave.handler.FinishedSpanHandler$1
4779:             1             16  brave.handler.MutableSpanBytesEncoder$ZipkinJsonV2
4780:             1             16  brave.handler.SpanHandler$1
4781:             1             16  brave.http.HttpClientRequest$1
4782:             1             16  brave.http.HttpRequestParser$Default
4783:             1             16  brave.http.HttpResponseParser$Default
4784:             1             16  brave.http.HttpSampler$1
4785:             1             16  brave.http.HttpSampler$2
4786:             1             16  brave.http.HttpServerRequest$1
4787:             1             16  brave.http.HttpTags$1
4788:             1             16  brave.http.HttpTags$2
4789:             1             16  brave.http.HttpTags$3
4790:             1             16  brave.http.HttpTags$4
4791:             1             16  brave.http.HttpTags$5
4792:             1             16  brave.internal.Platform$1
4793:             1             16  brave.internal.Platform$Jre7
4794:             1             16  brave.internal.codec.ZipkinV2JsonWriter
4795:             1             16  brave.internal.propagation.InjectorFactory$InjectorFunction$1
4796:             1             16  brave.propagation.CurrentTraceContext$Scope$1
4797:             1             16  brave.propagation.CurrentTraceContext$ScopeDecorator$1
4798:             1             16  brave.propagation.SamplingFlags$1
4799:             1             16  brave.propagation.ThreadLocalCurrentTraceContext$RevertToNullScope
4800:             1             16  brave.rpc.RpcRequestParser$Default
4801:             1             16  brave.rpc.RpcResponseParser$Default
4802:             1             16  brave.sampler.RateLimitingSampler$AtLeast10
4803:             1             16  brave.sampler.Sampler$1
4804:             1             16  brave.sampler.Sampler$2
4805:             1             16  brave.servlet.internal.ServletRuntime$Servlet3
4806:             1             16  brave.spring.webmvc.HandlerParser
4807:             1             16  brave.spring.webmvc.HandlerParser$1
4808:             1             16  brave.spring.webmvc.SpanCustomizingAsyncHandlerInterceptor
4809:             1             16  brave.spring.webmvc.WebMvcRuntime$WebMvc31
4810:             1             16  com.alibaba.fastjson.parser.deserializer.JavaObjectDeserializer
4811:             1             16  com.alibaba.fastjson.parser.deserializer.MapDeserializer
4812:             1             16  com.alibaba.fastjson.parser.deserializer.NumberDeserializer
4813:             1             16  com.alibaba.fastjson.parser.deserializer.StackTraceElementDeserializer
4814:             1             16  com.alibaba.fastjson.parser.deserializer.TimeDeserializer
4815:             1             16  com.alibaba.fastjson.serializer.AppendableSerializer
4816:             1             16  com.alibaba.fastjson.serializer.AtomicCodec
4817:             1             16  com.alibaba.fastjson.serializer.BigDecimalCodec
4818:             1             16  com.alibaba.fastjson.serializer.BigIntegerCodec
4819:             1             16  com.alibaba.fastjson.serializer.BooleanCodec
4820:             1             16  com.alibaba.fastjson.serializer.CalendarCodec
4821:             1             16  com.alibaba.fastjson.serializer.CharArrayCodec
4822:             1             16  com.alibaba.fastjson.serializer.CharacterCodec
4823:             1             16  com.alibaba.fastjson.serializer.CollectionCodec
4824:             1             16  com.alibaba.fastjson.serializer.DateCodec
4825:             1             16  com.alibaba.fastjson.serializer.DoubleSerializer
4826:             1             16  com.alibaba.fastjson.serializer.FloatCodec
4827:             1             16  com.alibaba.fastjson.serializer.IntegerCodec
4828:             1             16  com.alibaba.fastjson.serializer.ListSerializer
4829:             1             16  com.alibaba.fastjson.serializer.LongCodec
4830:             1             16  com.alibaba.fastjson.serializer.ObjectArrayCodec
4831:             1             16  com.alibaba.fastjson.serializer.PrimitiveArraySerializer
4832:             1             16  com.alibaba.fastjson.serializer.ReferenceCodec
4833:             1             16  com.alibaba.fastjson.serializer.StringCodec
4834:             1             16  com.alibaba.fastjson.serializer.ToStringSerializer
4835:             1             16  com.ctg.itrdc.cache.monitor.MonitorWorker$1
4836:             1             16  com.ecwid.consul.transport.DefaultHttpTransport
4837:             1             16  com.ecwid.consul.v1.acl.AclConsulClient
4838:             1             16  com.ecwid.consul.v1.agent.AgentConsulClient
4839:             1             16  com.ecwid.consul.v1.catalog.CatalogConsulClient
4840:             1             16  com.ecwid.consul.v1.coordinate.CoordinateConsulClient
4841:             1             16  com.ecwid.consul.v1.event.EventConsulClient
4842:             1             16  com.ecwid.consul.v1.health.HealthConsulClient
4843:             1             16  com.ecwid.consul.v1.kv.KeyValueConsulClient
4844:             1             16  com.ecwid.consul.v1.query.QueryConsulClient
4845:             1             16  com.ecwid.consul.v1.session.SessionConsulClient
4846:             1             16  com.ecwid.consul.v1.status.StatusConsulClient
4847:             1             16  com.fasterxml.jackson.core.io.JsonStringEncoder
4848:             1             16  com.fasterxml.jackson.core.util.DefaultPrettyPrinter$FixedSpaceIndenter
4849:             1             16  com.fasterxml.jackson.core.util.DefaultPrettyPrinter$NopIndenter
4850:             1             16  com.fasterxml.jackson.databind.deser.impl.JDKValueInstantiators$ArrayListInstantiator
4851:             1             16  com.fasterxml.jackson.databind.deser.impl.JDKValueInstantiators$LinkedHashMapInstantiator
4852:             1             16  com.fasterxml.jackson.databind.deser.std.StdKeyDeserializers
4853:             1             16  com.fasterxml.jackson.databind.ext.Java7HandlersImpl
4854:             1             16  com.fasterxml.jackson.databind.ext.Java7SupportImpl
4855:             1             16  com.fasterxml.jackson.databind.ext.OptionalHandlerFactory
4856:             1             16  com.fasterxml.jackson.databind.introspect.AnnotationCollector$EmptyCollector
4857:             1             16  com.fasterxml.jackson.databind.introspect.AnnotationCollector$NoAnnotations
4858:             1             16  com.fasterxml.jackson.databind.introspect.NopAnnotationIntrospector$1
4859:             1             16  com.fasterxml.jackson.databind.jsontype.impl.LaissezFaireSubTypeValidator
4860:             1             16  com.fasterxml.jackson.databind.jsontype.impl.SubTypeValidator
4861:             1             16  com.fasterxml.jackson.databind.ser.impl.UnknownSerializer
4862:             1             16  com.fasterxml.jackson.databind.ser.std.NullSerializer
4863:             1             16  com.fasterxml.jackson.databind.ser.std.StdKeySerializer
4864:             1             16  com.fasterxml.jackson.databind.ser.std.StdKeySerializers$StringKeySerializer
4865:             1             16  com.fasterxml.jackson.databind.ser.std.StringSerializer
4866:             1             16  com.fasterxml.jackson.databind.ser.std.UUIDSerializer
4867:             1             16  com.fasterxml.jackson.databind.util.NameTransformer$NopTransformer
4868:             1             16  com.fasterxml.jackson.databind.util.ViewMatcher
4869:             1             16  com.fasterxml.jackson.datatype.jsr310.deser.InstantDeserializer$$Lambda$106/612361894
4870:             1             16  com.fasterxml.jackson.datatype.jsr310.deser.InstantDeserializer$$Lambda$107/536232532
4871:             1             16  com.fasterxml.jackson.datatype.jsr310.deser.InstantDeserializer$$Lambda$108/1828422590
4872:             1             16  com.fasterxml.jackson.datatype.jsr310.deser.InstantDeserializer$$Lambda$109/1503983072
4873:             1             16  com.fasterxml.jackson.datatype.jsr310.deser.InstantDeserializer$$Lambda$110/1769110297
4874:             1             16  com.fasterxml.jackson.datatype.jsr310.deser.InstantDeserializer$$Lambda$111/343952189
4875:             1             16  com.fasterxml.jackson.datatype.jsr310.deser.InstantDeserializer$$Lambda$112/216349053
4876:             1             16  com.fasterxml.jackson.datatype.jsr310.deser.InstantDeserializer$$Lambda$113/1913706228
4877:             1             16  com.fasterxml.jackson.datatype.jsr310.deser.InstantDeserializer$$Lambda$114/146850076
4878:             1             16  com.fasterxml.jackson.datatype.jsr310.deser.InstantDeserializer$$Lambda$115/504347290
4879:             1             16  com.fasterxml.jackson.datatype.jsr310.deser.InstantDeserializer$$Lambda$116/998524663
4880:             1             16  com.fasterxml.jackson.datatype.jsr310.deser.InstantDeserializer$$Lambda$117/1339523077
4881:             1             16  com.fasterxml.jackson.datatype.jsr310.deser.key.DurationKeyDeserializer
4882:             1             16  com.fasterxml.jackson.datatype.jsr310.deser.key.InstantKeyDeserializer
4883:             1             16  com.fasterxml.jackson.datatype.jsr310.deser.key.LocalDateKeyDeserializer
4884:             1             16  com.fasterxml.jackson.datatype.jsr310.deser.key.LocalDateTimeKeyDeserializer
4885:             1             16  com.fasterxml.jackson.datatype.jsr310.deser.key.LocalTimeKeyDeserializer
4886:             1             16  com.fasterxml.jackson.datatype.jsr310.deser.key.MonthDayKeyDeserializer
4887:             1             16  com.fasterxml.jackson.datatype.jsr310.deser.key.OffsetDateTimeKeyDeserializer
4888:             1             16  com.fasterxml.jackson.datatype.jsr310.deser.key.OffsetTimeKeyDeserializer
4889:             1             16  com.fasterxml.jackson.datatype.jsr310.deser.key.PeriodKeyDeserializer
4890:             1             16  com.fasterxml.jackson.datatype.jsr310.deser.key.YearKeyDeserializer
4891:             1             16  com.fasterxml.jackson.datatype.jsr310.deser.key.YearMonthKeyDeserializer
4892:             1             16  com.fasterxml.jackson.datatype.jsr310.deser.key.ZoneIdKeyDeserializer
4893:             1             16  com.fasterxml.jackson.datatype.jsr310.deser.key.ZoneOffsetKeyDeserializer
4894:             1             16  com.fasterxml.jackson.datatype.jsr310.deser.key.ZonedDateTimeKeyDeserializer
4895:             1             16  com.fasterxml.jackson.datatype.jsr310.ser.InstantSerializer$$Lambda$118/998477900
4896:             1             16  com.fasterxml.jackson.datatype.jsr310.ser.InstantSerializer$$Lambda$119/1218967697
4897:             1             16  com.fasterxml.jackson.datatype.jsr310.ser.InstantSerializer$$Lambda$120/1853341233
4898:             1             16  com.fasterxml.jackson.datatype.jsr310.ser.OffsetDateTimeSerializer$$Lambda$121/1750641241
4899:             1             16  com.fasterxml.jackson.datatype.jsr310.ser.OffsetDateTimeSerializer$$Lambda$122/999102293
4900:             1             16  com.fasterxml.jackson.datatype.jsr310.ser.OffsetDateTimeSerializer$$Lambda$123/2014124333
4901:             1             16  com.fasterxml.jackson.datatype.jsr310.ser.ZonedDateTimeSerializer$$Lambda$124/1094679188
4902:             1             16  com.fasterxml.jackson.datatype.jsr310.ser.ZonedDateTimeSerializer$$Lambda$125/34557262
4903:             1             16  com.fasterxml.jackson.datatype.jsr310.ser.ZonedDateTimeSerializer$$Lambda$126/784487388
4904:             1             16  com.fasterxml.jackson.datatype.jsr310.ser.key.ZonedDateTimeKeySerializer
4905:             1             16  com.fasterxml.jackson.module.paramnames.ParameterExtractor
4906:             1             16  com.google.common.base.Absent
4907:             1             16  com.google.common.base.Equivalence$Equals
4908:             1             16  com.google.common.base.Equivalence$Identity
4909:             1             16  com.google.common.base.Platform$JdkPatternCompiler
4910:             1             16  com.google.common.base.Suppliers$SupplierOfInstance
4911:             1             16  com.google.common.base.Ticker$1
4912:             1             16  com.google.common.cache.CacheBuilder$1
4913:             1             16  com.google.common.cache.CacheBuilder$2
4914:             1             16  com.google.common.cache.CacheBuilder$3
4915:             1             16  com.google.common.cache.LocalCache$1
4916:             1             16  com.google.common.cache.LocalCache$2
4917:             1             16  com.google.common.collect.MapMakerInternalMap$1
4918:             1             16  com.google.common.collect.MapMakerInternalMap$WeakKeyDummyValueEntry$Helper
4919:             1             16  com.google.common.util.concurrent.AbstractFuture$UnsafeAtomicHelper
4920:             1             16  com.google.gson.internal.LinkedTreeMap$1
4921:             1             16  com.google.gson.internal.bind.ArrayTypeAdapter$1
4922:             1             16  com.google.gson.internal.bind.DateTypeAdapter$1
4923:             1             16  com.google.gson.internal.bind.ObjectTypeAdapter$1
4924:             1             16  com.google.gson.internal.bind.SqlDateTypeAdapter$1
4925:             1             16  com.google.gson.internal.bind.TimeTypeAdapter$1
4926:             1             16  com.google.gson.internal.bind.TypeAdapters$1
4927:             1             16  com.google.gson.internal.bind.TypeAdapters$10
4928:             1             16  com.google.gson.internal.bind.TypeAdapters$11
4929:             1             16  com.google.gson.internal.bind.TypeAdapters$12
4930:             1             16  com.google.gson.internal.bind.TypeAdapters$13
4931:             1             16  com.google.gson.internal.bind.TypeAdapters$14
4932:             1             16  com.google.gson.internal.bind.TypeAdapters$15
4933:             1             16  com.google.gson.internal.bind.TypeAdapters$16
4934:             1             16  com.google.gson.internal.bind.TypeAdapters$17
4935:             1             16  com.google.gson.internal.bind.TypeAdapters$18
4936:             1             16  com.google.gson.internal.bind.TypeAdapters$19
4937:             1             16  com.google.gson.internal.bind.TypeAdapters$2
4938:             1             16  com.google.gson.internal.bind.TypeAdapters$20
4939:             1             16  com.google.gson.internal.bind.TypeAdapters$21
4940:             1             16  com.google.gson.internal.bind.TypeAdapters$22
4941:             1             16  com.google.gson.internal.bind.TypeAdapters$23
4942:             1             16  com.google.gson.internal.bind.TypeAdapters$24
4943:             1             16  com.google.gson.internal.bind.TypeAdapters$25
4944:             1             16  com.google.gson.internal.bind.TypeAdapters$26
4945:             1             16  com.google.gson.internal.bind.TypeAdapters$27
4946:             1             16  com.google.gson.internal.bind.TypeAdapters$28
4947:             1             16  com.google.gson.internal.bind.TypeAdapters$29
4948:             1             16  com.google.gson.internal.bind.TypeAdapters$3
4949:             1             16  com.google.gson.internal.bind.TypeAdapters$30
4950:             1             16  com.google.gson.internal.bind.TypeAdapters$4
4951:             1             16  com.google.gson.internal.bind.TypeAdapters$5
4952:             1             16  com.google.gson.internal.bind.TypeAdapters$6
4953:             1             16  com.google.gson.internal.bind.TypeAdapters$7
4954:             1             16  com.google.gson.internal.bind.TypeAdapters$8
4955:             1             16  com.google.gson.internal.bind.TypeAdapters$9
4956:             1             16  com.google.gson.internal.reflect.PreJava9ReflectionAccessor
4957:             1             16  com.google.gson.stream.JsonReader$1
4958:             1             16  com.java.yxt.config.EnvConfig
4959:             1             16  com.java.yxt.controller.CallbackController
4960:             1             16  com.java.yxt.controller.ComplianceController
4961:             1             16  com.java.yxt.controller.DebuggingToolController
4962:             1             16  com.java.yxt.controller.IndustryMessageController
4963:             1             16  com.java.yxt.controller.PositionController
4964:             1             16  com.java.yxt.controller.ServiceController
4965:             1             16  com.java.yxt.controller.ShortDataAbilityController
4966:             1             16  com.java.yxt.controller.ShortMessageController
4967:             1             16  com.java.yxt.controller.TelminalStatusController
4968:             1             16  com.java.yxt.exception.GatewayGlobalxceptionHandler
4969:             1             16  com.java.yxt.feign.fallback.ComplianceFeignServiceFallback
4970:             1             16  com.java.yxt.feign.fallback.IndustryMessageFeignServiceFallback
4971:             1             16  com.java.yxt.feign.fallback.OperationManagementFeignServiceFallback
4972:             1             16  com.java.yxt.feign.fallback.PositionFeignServiceFallback
4973:             1             16  com.java.yxt.feign.fallback.ShortDataFeignServiceFallback
4974:             1             16  com.java.yxt.feign.fallback.ShortMessageFeignServiceFallback
4975:             1             16  com.java.yxt.service.impl.CallbackServiceImpl
4976:             1             16  com.java.yxt.service.impl.CommonServiceImpl
4977:             1             16  com.java.yxt.service.impl.ServiceServiceImpl
4978:             1             16  com.java.yxt.service.impl.ValidateServiceImpl
4979:             1             16  com.java.yxt.util.EnvContext
4980:             1             16  com.java.yxt.util.SpringBeanUtil
4981:             1             16  com.java.yxt.util.qps.ExpiredCache$CleanExpireCacheTask
4982:             1             16  com.netflix.config.ConfigurationBackedDynamicPropertySupportImpl
4983:             1             16  com.netflix.config.ConfigurationBasedDeploymentContext$1
4984:             1             16  com.netflix.config.DynamicProperty$DynamicPropertyListener
4985:             1             16  com.netflix.config.DynamicPropertyFactory
4986:             1             16  com.netflix.config.ExpandedConfigurationListenerAdapter
4987:             1             16  com.netflix.hystrix.AbstractCommand$TryableSemaphoreNoOp
4988:             1             16  com.netflix.hystrix.Hystrix$1
4989:             1             16  com.netflix.hystrix.HystrixCommandGroupKey$Factory$1
4990:             1             16  com.netflix.hystrix.HystrixCommandKey$Factory$1
4991:             1             16  com.netflix.hystrix.HystrixCommandMetrics$1
4992:             1             16  com.netflix.hystrix.HystrixCommandMetrics$2
4993:             1             16  com.netflix.hystrix.HystrixRequestCache$1
4994:             1             16  com.netflix.hystrix.HystrixRequestLog$1
4995:             1             16  com.netflix.hystrix.HystrixThreadPoolKey$Factory$1
4996:             1             16  com.netflix.hystrix.HystrixThreadPoolMetrics$1
4997:             1             16  com.netflix.hystrix.HystrixThreadPoolMetrics$2
4998:             1             16  com.netflix.hystrix.contrib.javanica.aop.aspectj.HystrixCommandAspect
4999:             1             16  com.netflix.hystrix.contrib.javanica.aop.aspectj.HystrixCommandAspect$CollapserMetaHolderFactory
5000:             1             16  com.netflix.hystrix.contrib.javanica.aop.aspectj.HystrixCommandAspect$CommandMetaHolderFactory
5001:             1             16  com.netflix.hystrix.metric.HystrixCommandEvent$1
5002:             1             16  com.netflix.hystrix.metric.HystrixCommandEvent$2
5003:             1             16  com.netflix.hystrix.metric.HystrixThreadEventStream$1
5004:             1             16  com.netflix.hystrix.metric.HystrixThreadEventStream$2
5005:             1             16  com.netflix.hystrix.metric.HystrixThreadEventStream$3
5006:             1             16  com.netflix.hystrix.metric.HystrixThreadEventStream$4
5007:             1             16  com.netflix.hystrix.metric.consumer.HealthCountsStream$1
5008:             1             16  com.netflix.hystrix.metric.consumer.RollingCommandLatencyDistributionStream$1
5009:             1             16  com.netflix.hystrix.metric.consumer.RollingCommandUserLatencyDistributionStream$1
5010:             1             16  com.netflix.hystrix.metric.consumer.RollingConcurrencyStream$1
5011:             1             16  com.netflix.hystrix.metric.consumer.RollingConcurrencyStream$2
5012:             1             16  com.netflix.hystrix.metric.consumer.RollingConcurrencyStream$3
5013:             1             16  com.netflix.hystrix.metric.consumer.RollingDistributionStream$1
5014:             1             16  com.netflix.hystrix.metric.consumer.RollingDistributionStream$2
5015:             1             16  com.netflix.hystrix.metric.consumer.RollingDistributionStream$3
5016:             1             16  com.netflix.hystrix.metric.consumer.RollingDistributionStream$4
5017:             1             16  com.netflix.hystrix.strategy.concurrency.HystrixConcurrencyStrategyDefault
5018:             1             16  com.netflix.hystrix.strategy.concurrency.HystrixLifecycleForwardingRequestVariable
5019:             1             16  com.netflix.hystrix.strategy.eventnotifier.HystrixEventNotifierDefault
5020:             1             16  com.netflix.hystrix.strategy.executionhook.HystrixCommandExecutionHookDefault
5021:             1             16  com.netflix.hystrix.strategy.metrics.HystrixMetricsPublisherDefault
5022:             1             16  com.netflix.hystrix.strategy.properties.HystrixDynamicPropertiesSystemProperties
5023:             1             16  com.netflix.hystrix.strategy.properties.HystrixPropertiesStrategyDefault
5024:             1             16  com.netflix.hystrix.strategy.properties.archaius.HystrixDynamicPropertiesArchaius
5025:             1             16  com.netflix.hystrix.util.HystrixTimer
5026:             1             16  com.netflix.hystrix.util.PlatformSpecific
5027:             1             16  com.netflix.loadbalancer.BaseLoadBalancer$SerialPingStrategy
5028:             1             16  com.netflix.loadbalancer.LoadBalancerStats$3
5029:             1             16  com.netflix.loadbalancer.PollingServerListUpdater$LazyHolder$1
5030:             1             16  com.netflix.loadbalancer.PollingServerListUpdater$LazyHolder$2
5031:             1             16  com.netflix.servo.DefaultMonitorRegistry
5032:             1             16  com.netflix.servo.jmx.DefaultObjectNameMapper
5033:             1             16  com.netflix.servo.jmx.JmxMonitorRegistry$$Lambda$1380/288090754
5034:             1             16  com.netflix.servo.monitor.DefaultPublishingPolicy
5035:             1             16  com.netflix.servo.monitor.Monitors$CounterFactory
5036:             1             16  com.netflix.servo.tag.SmallTagMap$Builder$$Lambda$1379/245971078
5037:             1             16  com.netflix.stats.distribution.DataPublisher$PublishThreadFactory
5038:             1             16  com.sun.jmx.interceptor.DefaultMBeanServerInterceptor$ResourceContext$1
5039:             1             16  com.sun.jmx.mbeanserver.DefaultMXBeanMappingFactory
5040:             1             16  com.sun.jmx.mbeanserver.DescriptorCache
5041:             1             16  com.sun.jmx.mbeanserver.MBeanAnalyzer$MethodOrder
5042:             1             16  com.sun.jmx.mbeanserver.MBeanInstantiator
5043:             1             16  com.sun.jmx.mbeanserver.MXBeanIntrospector
5044:             1             16  com.sun.jmx.mbeanserver.SecureClassLoaderRepository
5045:             1             16  com.sun.jmx.mbeanserver.StandardMBeanIntrospector
5046:             1             16  com.sun.naming.internal.VersionHelper12
5047:             1             16  com.sun.org.apache.xalan.internal.utils.SecuritySupport
5048:             1             16  com.sun.org.apache.xerces.internal.dom.CharacterDataImpl$1
5049:             1             16  com.sun.org.apache.xerces.internal.impl.dv.dtd.IDDatatypeValidator
5050:             1             16  com.sun.org.apache.xerces.internal.impl.dv.dtd.IDREFDatatypeValidator
5051:             1             16  com.sun.org.apache.xerces.internal.impl.dv.dtd.NMTOKENDatatypeValidator
5052:             1             16  com.sun.org.apache.xerces.internal.impl.dv.dtd.NOTATIONDatatypeValidator
5053:             1             16  com.sun.org.apache.xerces.internal.impl.dv.dtd.StringDatatypeValidator
5054:             1             16  com.sun.org.apache.xerces.internal.utils.SecuritySupport
5055:             1             16  com.sun.proxy.$Proxy101
5056:             1             16  com.sun.proxy.$Proxy105
5057:             1             16  com.sun.proxy.$Proxy113
5058:             1             16  com.sun.proxy.$Proxy114
5059:             1             16  com.sun.proxy.$Proxy119
5060:             1             16  com.sun.proxy.$Proxy120
5061:             1             16  com.sun.proxy.$Proxy123
5062:             1             16  com.sun.proxy.$Proxy131
5063:             1             16  com.sun.proxy.$Proxy142
5064:             1             16  com.sun.proxy.$Proxy154
5065:             1             16  com.sun.proxy.$Proxy16
5066:             1             16  com.sun.proxy.$Proxy169
5067:             1             16  com.sun.proxy.$Proxy170
5068:             1             16  com.sun.proxy.$Proxy171
5069:             1             16  com.sun.proxy.$Proxy173
5070:             1             16  com.sun.proxy.$Proxy174
5071:             1             16  com.sun.proxy.$Proxy175
5072:             1             16  com.sun.proxy.$Proxy201
5073:             1             16  com.sun.proxy.$Proxy25
5074:             1             16  com.sun.proxy.$Proxy26
5075:             1             16  com.sun.proxy.$Proxy27
5076:             1             16  com.sun.proxy.$Proxy4
5077:             1             16  com.sun.proxy.$Proxy63
5078:             1             16  com.sun.proxy.$Proxy64
5079:             1             16  com.sun.proxy.$Proxy65
5080:             1             16  com.sun.proxy.$Proxy68
5081:             1             16  com.sun.proxy.$Proxy69
5082:             1             16  com.sun.proxy.$Proxy70
5083:             1             16  com.sun.proxy.$Proxy71
5084:             1             16  com.sun.proxy.$Proxy72
5085:             1             16  com.sun.proxy.$Proxy76
5086:             1             16  com.sun.proxy.$Proxy80
5087:             1             16  com.sun.proxy.$Proxy91
5088:             1             16  com.sun.proxy.$Proxy93
5089:             1             16  com.sun.proxy.$Proxy95
5090:             1             16  com.ulisesbocchio.jasyptspringboot.EncryptablePropertySourceConverter$$Lambda$262/22805895
5091:             1             16  com.ulisesbocchio.jasyptspringboot.configuration.EnableEncryptablePropertiesConfiguration$$Lambda$249/388043093
5092:             1             16  com.ulisesbocchio.jasyptspringboot.encryptor.DefaultLazyEncryptor$$Lambda$534/1340644388
5093:             1             16  feign.Capability$$Lambda$521/830863979
5094:             1             16  feign.Capability$$Lambda$522/1832283291
5095:             1             16  feign.Contract$Default$$Lambda$502/1731763384
5096:             1             16  feign.Contract$Default$$Lambda$504/285074186
5097:             1             16  feign.Contract$Default$$Lambda$506/879311295
5098:             1             16  feign.Contract$Default$$Lambda$507/1274247563
5099:             1             16  feign.Contract$Default$$Lambda$509/258737099
5100:             1             16  feign.Contract$Default$$Lambda$510/407997647
5101:             1             16  feign.Retryer$1
5102:             1             16  feign.Util$$Lambda$511/1988939205
5103:             1             16  feign.Util$$Lambda$512/80141040
5104:             1             16  feign.Util$$Lambda$513/275056979
5105:             1             16  feign.Util$$Lambda$514/106557175
5106:             1             16  feign.Util$$Lambda$515/371976476
5107:             1             16  feign.Util$$Lambda$516/612937843
5108:             1             16  feign.Util$$Lambda$517/480184864
5109:             1             16  feign.Util$$Lambda$518/1433956626
5110:             1             16  feign.Util$$Lambda$519/483525032
5111:             1             16  feign.Util$$Lambda$520/2109219177
5112:             1             16  feign.template.HeaderTemplate$$Lambda$1372/324018125
5113:             1             16  feign.template.HeaderTemplate$$Lambda$1373/418471900
5114:             1             16  feign.template.HeaderTemplate$$Lambda$1375/1614951728
5115:             1             16  feign.template.HeaderTemplate$$Lambda$1376/1937760386
5116:             1             16  feign.template.QueryTemplate$$Lambda$725/2115087165
5117:             1             16  feign.template.Template$$Lambda$524/703555670
5118:             1             16  io.micrometer.core.instrument.AbstractTimer$$Lambda$717/1165697051
5119:             1             16  io.micrometer.core.instrument.Clock$1
5120:             1             16  io.micrometer.core.instrument.Gauge$$Lambda$1353/1506434119
5121:             1             16  io.micrometer.core.instrument.MeterRegistry$$Lambda$1344/70893517
5122:             1             16  io.micrometer.core.instrument.MeterRegistry$$Lambda$581/1058650291
5123:             1             16  io.micrometer.core.instrument.MeterRegistry$$Lambda$597/424732838
5124:             1             16  io.micrometer.core.instrument.MeterRegistry$$Lambda$716/1585383626
5125:             1             16  io.micrometer.core.instrument.MeterRegistry$More$$Lambda$622/569138567
5126:             1             16  io.micrometer.core.instrument.MeterRegistry$More$$Lambda$629/431164562
5127:             1             16  io.micrometer.core.instrument.Metrics$More
5128:             1             16  io.micrometer.core.instrument.binder.hystrix.HystrixMetricsBinder
5129:             1             16  io.micrometer.core.instrument.binder.hystrix.MicrometerMetricsPublisherCommand$$Lambda$1365/310582505
5130:             1             16  io.micrometer.core.instrument.binder.hystrix.MicrometerMetricsPublisherCommand$$Lambda$1368/713524094
5131:             1             16  io.micrometer.core.instrument.binder.hystrix.MicrometerMetricsPublisherCommand$$Lambda$1369/1141250939
5132:             1             16  io.micrometer.core.instrument.binder.hystrix.MicrometerMetricsPublisherThreadPool$$Lambda$1354/1965531018
5133:             1             16  io.micrometer.core.instrument.binder.hystrix.MicrometerMetricsPublisherThreadPool$$Lambda$1355/1676332131
5134:             1             16  io.micrometer.core.instrument.binder.hystrix.MicrometerMetricsPublisherThreadPool$$Lambda$1360/664233838
5135:             1             16  io.micrometer.core.instrument.binder.hystrix.MicrometerMetricsPublisherThreadPool$$Lambda$1361/1787363824
5136:             1             16  io.micrometer.core.instrument.binder.jvm.ClassLoaderMetrics
5137:             1             16  io.micrometer.core.instrument.binder.jvm.ClassLoaderMetrics$$Lambda$619/74885833
5138:             1             16  io.micrometer.core.instrument.binder.jvm.ClassLoaderMetrics$$Lambda$620/1004009692
5139:             1             16  io.micrometer.core.instrument.binder.jvm.JvmGcMetrics$$Lambda$577/176041373
5140:             1             16  io.micrometer.core.instrument.binder.jvm.JvmGcMetrics$$Lambda$578/726843606
5141:             1             16  io.micrometer.core.instrument.binder.jvm.JvmGcMetrics$$Lambda$579/925803196
5142:             1             16  io.micrometer.core.instrument.binder.jvm.JvmGcMetrics$$Lambda$595/1251788491
5143:             1             16  io.micrometer.core.instrument.binder.jvm.JvmMemory$$Lambda$575/832432849
5144:             1             16  io.micrometer.core.instrument.binder.jvm.JvmMemory$$Lambda$576/2031927175
5145:             1             16  io.micrometer.core.instrument.binder.jvm.JvmMemoryMetrics
5146:             1             16  io.micrometer.core.instrument.binder.jvm.JvmMemoryMetrics$$Lambda$602/105751207
5147:             1             16  io.micrometer.core.instrument.binder.jvm.JvmMemoryMetrics$$Lambda$603/14124949
5148:             1             16  io.micrometer.core.instrument.binder.jvm.JvmMemoryMetrics$$Lambda$604/1195542839
5149:             1             16  io.micrometer.core.instrument.binder.jvm.JvmMemoryMetrics$$Lambda$606/1924227192
5150:             1             16  io.micrometer.core.instrument.binder.jvm.JvmMemoryMetrics$$Lambda$607/583559449
5151:             1             16  io.micrometer.core.instrument.binder.jvm.JvmMemoryMetrics$$Lambda$608/453671855
5152:             1             16  io.micrometer.core.instrument.binder.jvm.JvmMemoryMetrics$$Lambda$609/1648458262
5153:             1             16  io.micrometer.core.instrument.binder.jvm.JvmMemoryMetrics$$Lambda$610/650013863
5154:             1             16  io.micrometer.core.instrument.binder.jvm.JvmMemoryMetrics$$Lambda$611/1856093404
5155:             1             16  io.micrometer.core.instrument.binder.jvm.JvmThreadMetrics
5156:             1             16  io.micrometer.core.instrument.binder.jvm.JvmThreadMetrics$$Lambda$612/105321150
5157:             1             16  io.micrometer.core.instrument.binder.jvm.JvmThreadMetrics$$Lambda$613/820878444
5158:             1             16  io.micrometer.core.instrument.binder.jvm.JvmThreadMetrics$$Lambda$614/1187410086
5159:             1             16  io.micrometer.core.instrument.binder.logging.Log4j2Metrics$$Lambda$625/910123336
5160:             1             16  io.micrometer.core.instrument.binder.system.FileDescriptorMetrics$$Lambda$636/1151512955
5161:             1             16  io.micrometer.core.instrument.binder.system.FileDescriptorMetrics$$Lambda$637/712423434
5162:             1             16  io.micrometer.core.instrument.binder.system.ProcessorMetrics$$Lambda$632/82825098
5163:             1             16  io.micrometer.core.instrument.binder.system.ProcessorMetrics$$Lambda$633/813131188
5164:             1             16  io.micrometer.core.instrument.binder.system.ProcessorMetrics$$Lambda$634/1313799195
5165:             1             16  io.micrometer.core.instrument.binder.system.ProcessorMetrics$$Lambda$635/2093319848
5166:             1             16  io.micrometer.core.instrument.binder.system.UptimeMetrics$$Lambda$627/455668354
5167:             1             16  io.micrometer.core.instrument.binder.system.UptimeMetrics$$Lambda$631/1228963996
5168:             1             16  io.micrometer.core.instrument.binder.tomcat.TomcatMetrics$$Lambda$1325/73351708
5169:             1             16  io.micrometer.core.instrument.binder.tomcat.TomcatMetrics$$Lambda$1326/1765865093
5170:             1             16  io.micrometer.core.instrument.binder.tomcat.TomcatMetrics$$Lambda$1327/956337311
5171:             1             16  io.micrometer.core.instrument.binder.tomcat.TomcatMetrics$$Lambda$1328/2016482777
5172:             1             16  io.micrometer.core.instrument.binder.tomcat.TomcatMetrics$$Lambda$1329/157004450
5173:             1             16  io.micrometer.core.instrument.binder.tomcat.TomcatMetrics$$Lambda$1330/909786389
5174:             1             16  io.micrometer.core.instrument.composite.CompositeMeterRegistry$$Lambda$638/1572442646
5175:             1             16  io.micrometer.core.instrument.composite.CompositeMeterRegistry$$Lambda$639/1052842393
5176:             1             16  io.micrometer.core.instrument.composite.CompositeMeterRegistry$$Lambda$643/743219449
5177:             1             16  io.micrometer.core.instrument.config.MeterRegistryConfigValidator$$Lambda$552/2019157894
5178:             1             16  io.micrometer.core.instrument.config.MeterRegistryConfigValidator$$Lambda$555/1716164115
5179:             1             16  io.micrometer.core.instrument.config.MeterRegistryConfigValidator$$Lambda$556/1360541835
5180:             1             16  io.micrometer.core.instrument.config.NamingConvention$$Lambda$549/1721045976
5181:             1             16  io.micrometer.core.instrument.config.NamingConvention$1
5182:             1             16  io.micrometer.core.instrument.config.NamingConvention$1$$Lambda$584/215759534
5183:             1             16  io.micrometer.core.instrument.config.NamingConvention$2
5184:             1             16  io.micrometer.core.instrument.config.NamingConvention$3
5185:             1             16  io.micrometer.core.instrument.config.NamingConvention$4
5186:             1             16  io.micrometer.core.instrument.config.validate.Validated$$Lambda$559/1245593227
5187:             1             16  io.micrometer.core.instrument.config.validate.Validated$$Lambda$565/841166421
5188:             1             16  io.micrometer.core.instrument.config.validate.Validated$$Lambda$566/938199512
5189:             1             16  io.micrometer.core.instrument.config.validate.Validated$Either$$Lambda$563/1419125235
5190:             1             16  io.micrometer.core.instrument.config.validate.Validated$Either$$Lambda$564/88301993
5191:             1             16  io.micrometer.core.instrument.config.validate.Validated$Either$$Lambda$567/691779749
5192:             1             16  io.micrometer.core.instrument.config.validate.Validated$Either$$Lambda$568/37841489
5193:             1             16  io.micrometer.core.instrument.distribution.NoopHistogram
5194:             1             16  io.micrometer.core.util.internal.logging.Slf4JLoggerFactory
5195:             1             16  io.micrometer.prometheus.MicrometerCollector$$Lambda$587/1278616846
5196:             1             16  io.micrometer.prometheus.PrometheusConfig$$Lambda$548/1228798862
5197:             1             16  io.micrometer.prometheus.PrometheusConfig$$Lambda$550/975001918
5198:             1             16  io.micrometer.prometheus.PrometheusConfig$$Lambda$553/677217562
5199:             1             16  io.micrometer.prometheus.PrometheusMeterRegistry$$Lambda$569/115945887
5200:             1             16  io.micrometer.prometheus.PrometheusMeterRegistry$$Lambda$588/559050604
5201:             1             16  io.micrometer.prometheus.PrometheusMeterRegistry$$Lambda$605/130721104
5202:             1             16  io.micrometer.prometheus.PrometheusNamingConvention
5203:             1             16  java.io.Console$1
5204:             1             16  java.io.Console$2
5205:             1             16  java.io.DeleteOnExitHook$1
5206:             1             16  java.io.FileDescriptor$1
5207:             1             16  java.lang.ApplicationShutdownHooks$1
5208:             1             16  java.lang.CharacterData00
5209:             1             16  java.lang.CharacterDataLatin1
5210:             1             16  java.lang.ClassValue$Identity
5211:             1             16  java.lang.ProcessEnvironment$StringEntrySet
5212:             1             16  java.lang.ProcessEnvironment$StringKeySet
5213:             1             16  java.lang.Runtime
5214:             1             16  java.lang.String$CaseInsensitiveComparator
5215:             1             16  java.lang.System$2
5216:             1             16  java.lang.Terminator$1
5217:             1             16  java.lang.invoke.MemberName$Factory
5218:             1             16  java.lang.invoke.MethodHandleImpl$2
5219:             1             16  java.lang.invoke.MethodHandleImpl$3
5220:             1             16  java.lang.management.PlatformComponent$1
5221:             1             16  java.lang.management.PlatformComponent$10
5222:             1             16  java.lang.management.PlatformComponent$11
5223:             1             16  java.lang.management.PlatformComponent$12
5224:             1             16  java.lang.management.PlatformComponent$13
5225:             1             16  java.lang.management.PlatformComponent$14
5226:             1             16  java.lang.management.PlatformComponent$15
5227:             1             16  java.lang.management.PlatformComponent$2
5228:             1             16  java.lang.management.PlatformComponent$3
5229:             1             16  java.lang.management.PlatformComponent$4
5230:             1             16  java.lang.management.PlatformComponent$5
5231:             1             16  java.lang.management.PlatformComponent$6
5232:             1             16  java.lang.management.PlatformComponent$7
5233:             1             16  java.lang.management.PlatformComponent$8
5234:             1             16  java.lang.management.PlatformComponent$9
5235:             1             16  java.lang.ref.Reference$1
5236:             1             16  java.lang.ref.Reference$Lock
5237:             1             16  java.lang.reflect.Proxy$KeyFactory
5238:             1             16  java.lang.reflect.Proxy$ProxyClassFactory
5239:             1             16  java.lang.reflect.ReflectAccess
5240:             1             16  java.math.BigDecimal$1
5241:             1             16  java.net.InetAddress$2
5242:             1             16  java.net.URLClassLoader$7
5243:             1             16  java.nio.Bits$1
5244:             1             16  java.nio.Bits$1$1
5245:             1             16  java.nio.charset.CoderResult$1
5246:             1             16  java.nio.charset.CoderResult$2
5247:             1             16  java.nio.file.Files$AcceptAllFilter
5248:             1             16  java.security.AllPermission
5249:             1             16  java.security.ProtectionDomain$2
5250:             1             16  java.security.ProtectionDomain$JavaSecurityAccessImpl
5251:             1             16  java.text.DontCareFieldPosition$1
5252:             1             16  java.time.chrono.AbstractChronology$$Lambda$7/1066516207
5253:             1             16  java.time.chrono.AbstractChronology$$Lambda$8/935044096
5254:             1             16  java.time.chrono.AbstractChronology$$Lambda$9/625576447
5255:             1             16  java.time.chrono.IsoChronology
5256:             1             16  java.time.format.DateTimeFormatter$$Lambda$44/1587233234
5257:             1             16  java.time.format.DateTimeFormatter$$Lambda$45/527405366
5258:             1             16  java.time.format.DateTimeFormatterBuilder$$Lambda$43/891737886
5259:             1             16  java.time.format.DateTimeFormatterBuilder$2
5260:             1             16  java.time.format.DateTimeFormatterBuilder$InstantPrinterParser
5261:             1             16  java.time.format.DateTimeTextProvider$1
5262:             1             16  java.time.temporal.TemporalQueries$$Lambda$658/1900204223
5263:             1             16  java.time.temporal.TemporalQueries$$Lambda$659/813685380
5264:             1             16  java.time.temporal.TemporalQueries$$Lambda$660/17164862
5265:             1             16  java.time.temporal.TemporalQueries$$Lambda$661/1347429835
5266:             1             16  java.time.temporal.TemporalQueries$$Lambda$662/519086157
5267:             1             16  java.time.temporal.TemporalQueries$$Lambda$663/806022583
5268:             1             16  java.time.temporal.TemporalQueries$$Lambda$664/87136810
5269:             1             16  java.util.Collections$EmptyEnumeration
5270:             1             16  java.util.Collections$EmptyIterator
5271:             1             16  java.util.Collections$EmptyList
5272:             1             16  java.util.Collections$EmptySet
5273:             1             16  java.util.Collections$ReverseComparator
5274:             1             16  java.util.Collections$ReverseComparator2
5275:             1             16  java.util.Currency$CurrencyNameGetter
5276:             1             16  java.util.EnumMap$1
5277:             1             16  java.util.IdentityHashMap$EntrySet
5278:             1             16  java.util.IdentityHashMap$Values
5279:             1             16  java.util.Map$Entry$$Lambda$158/1122134344
5280:             1             16  java.util.ResourceBundle$Control
5281:             1             16  java.util.Spliterators$EmptySpliterator$OfDouble
5282:             1             16  java.util.Spliterators$EmptySpliterator$OfInt
5283:             1             16  java.util.Spliterators$EmptySpliterator$OfLong
5284:             1             16  java.util.Spliterators$EmptySpliterator$OfRef
5285:             1             16  java.util.WeakHashMap$KeySet
5286:             1             16  java.util.concurrent.CompletableFuture$AltResult
5287:             1             16  java.util.concurrent.ConcurrentSkipListSet
5288:             1             16  java.util.concurrent.Executors$FinalizableDelegatedExecutorService
5289:             1             16  java.util.concurrent.ForkJoinPool$DefaultForkJoinWorkerThreadFactory
5290:             1             16  java.util.function.Function$$Lambda$102/218800507
5291:             1             16  java.util.jar.JavaUtilJarAccessImpl
5292:             1             16  java.util.logging.ErrorManager
5293:             1             16  java.util.logging.LoggingProxyImpl
5294:             1             16  java.util.regex.Pattern$4
5295:             1             16  java.util.regex.Pattern$CharPropertyNames$10
5296:             1             16  java.util.regex.Pattern$CharPropertyNames$11
5297:             1             16  java.util.regex.Pattern$CharPropertyNames$12
5298:             1             16  java.util.regex.Pattern$CharPropertyNames$13
5299:             1             16  java.util.regex.Pattern$CharPropertyNames$14
5300:             1             16  java.util.regex.Pattern$CharPropertyNames$15
5301:             1             16  java.util.regex.Pattern$CharPropertyNames$16
5302:             1             16  java.util.regex.Pattern$CharPropertyNames$17
5303:             1             16  java.util.regex.Pattern$CharPropertyNames$18
5304:             1             16  java.util.regex.Pattern$CharPropertyNames$19
5305:             1             16  java.util.regex.Pattern$CharPropertyNames$20
5306:             1             16  java.util.regex.Pattern$CharPropertyNames$21
5307:             1             16  java.util.regex.Pattern$CharPropertyNames$22
5308:             1             16  java.util.regex.Pattern$CharPropertyNames$23
5309:             1             16  java.util.regex.Pattern$CharPropertyNames$5
5310:             1             16  java.util.regex.Pattern$CharPropertyNames$6
5311:             1             16  java.util.regex.Pattern$CharPropertyNames$7
5312:             1             16  java.util.regex.Pattern$CharPropertyNames$8
5313:             1             16  java.util.regex.Pattern$CharPropertyNames$9
5314:             1             16  java.util.regex.Pattern$LastNode
5315:             1             16  java.util.regex.Pattern$Node
5316:             1             16  java.util.stream.Collectors$$Lambda$103/1551776020
5317:             1             16  java.util.stream.Collectors$$Lambda$104/126567343
5318:             1             16  java.util.stream.Collectors$$Lambda$192/861842890
5319:             1             16  java.util.stream.Collectors$$Lambda$193/553871028
5320:             1             16  java.util.stream.Collectors$$Lambda$303/1371006431
5321:             1             16  java.util.stream.Collectors$$Lambda$480/1978504976
5322:             1             16  java.util.stream.Collectors$$Lambda$481/1338368149
5323:             1             16  java.util.stream.Collectors$$Lambda$482/1129869771
5324:             1             16  java.util.stream.Collectors$$Lambda$483/1620459733
5325:             1             16  java.util.stream.Collectors$$Lambda$526/73698537
5326:             1             16  java.util.stream.Collectors$$Lambda$527/1453062635
5327:             1             16  java.util.stream.Collectors$$Lambda$528/1632789609
5328:             1             16  java.util.stream.Collectors$$Lambda$78/1682107000
5329:             1             16  java.util.stream.Collectors$$Lambda$79/1359084684
5330:             1             16  java.util.stream.Collectors$$Lambda$80/943377510
5331:             1             16  java.util.stream.Collectors$$Lambda$81/1719775857
5332:             1             16  java.util.stream.Collectors$$Lambda$84/476667153
5333:             1             16  java.util.stream.Collectors$$Lambda$85/503025550
5334:             1             16  java.util.stream.Collectors$$Lambda$86/862251542
5335:             1             16  java.util.stream.Collectors$$Lambda$87/571686195
5336:             1             16  java.util.stream.FindOps$$Lambda$36/128526626
5337:             1             16  java.util.stream.FindOps$$Lambda$37/1265210847
5338:             1             16  java.util.stream.LongPipeline$$Lambda$618/1410367298
5339:             1             16  java.util.stream.Nodes$EmptyNode$OfDouble
5340:             1             16  java.util.stream.Nodes$EmptyNode$OfInt
5341:             1             16  java.util.stream.Nodes$EmptyNode$OfLong
5342:             1             16  java.util.stream.Nodes$EmptyNode$OfRef
5343:             1             16  java.util.stream.ReferencePipeline$$Lambda$617/808447015
5344:             1             16  java.util.stream.ReferencePipeline$$Lambda$929/858324954
5345:             1             16  java.util.zip.ZipFile$1
5346:             1             16  javax.crypto.JceSecurityManager
5347:             1             16  javax.crypto.spec.IvParameterSpec
5348:             1             16  javax.el.ELUtil$1
5349:             1             16  javax.management.JMX
5350:             1             16  javax.management.MBeanServerBuilder
5351:             1             16  javax.management.NotificationBroadcasterSupport$1
5352:             1             16  javax.validation.Validation$GetValidationProviderListAction
5353:             1             16  javax.xml.parsers.SecuritySupport
5354:             1             16  javax.xml.transform.SecuritySupport
5355:             1             16  org.apache.catalina.connector.CoyoteAdapter
5356:             1             16  org.apache.catalina.connector.CoyoteAdapter$1
5357:             1             16  org.apache.catalina.connector.Request$1
5358:             1             16  org.apache.catalina.connector.Request$2
5359:             1             16  org.apache.catalina.connector.Request$3
5360:             1             16  org.apache.catalina.connector.Request$4
5361:             1             16  org.apache.catalina.connector.Request$5
5362:             1             16  org.apache.catalina.connector.Request$6
5363:             1             16  org.apache.catalina.connector.Request$7
5364:             1             16  org.apache.catalina.connector.Request$8
5365:             1             16  org.apache.catalina.connector.Request$9
5366:             1             16  org.apache.catalina.core.ContainerBase$ContainerBackgroundProcessor
5367:             1             16  org.apache.catalina.core.ContainerBase$ContainerBackgroundProcessorMonitor
5368:             1             16  org.apache.catalina.core.StandardContext$1
5369:             1             16  org.apache.catalina.core.StandardHost$MemoryLeakTrackingListener
5370:             1             16  org.apache.catalina.core.StandardServer$1
5371:             1             16  org.apache.catalina.core.StandardServer$2
5372:             1             16  org.apache.catalina.realm.X509SubjectDnRetriever
5373:             1             16  org.apache.catalina.startup.Tomcat$FixContextListener
5374:             1             16  org.apache.catalina.util.CharsetMapper
5375:             1             16  org.apache.commons.collections.collection.UnmodifiableCollection
5376:             1             16  org.apache.commons.configuration.AbstractConfiguration$1
5377:             1             16  org.apache.commons.configuration.interpol.ConstantLookup
5378:             1             16  org.apache.commons.configuration.interpol.EnvironmentLookup
5379:             1             16  org.apache.commons.lang.text.StrMatcher$NoMatcher
5380:             1             16  org.apache.commons.lang.text.StrMatcher$TrimMatcher
5381:             1             16  org.apache.commons.pool2.impl.EvictionTimer$EvictorThreadFactory
5382:             1             16  org.apache.commons.pool2.impl.NoOpCallStack
5383:             1             16  org.apache.coyote.AbstractProtocol$1
5384:             1             16  org.apache.coyote.AbstractProtocol$2
5385:             1             16  org.apache.http.client.entity.DeflateInputStreamFactory
5386:             1             16  org.apache.http.client.entity.GZIPInputStreamFactory
5387:             1             16  org.apache.http.client.protocol.RequestAcceptEncoding
5388:             1             16  org.apache.http.client.protocol.RequestAddCookies
5389:             1             16  org.apache.http.client.protocol.ResponseProcessCookies
5390:             1             16  org.apache.http.conn.socket.PlainConnectionSocketFactory
5391:             1             16  org.apache.http.conn.ssl.AllowAllHostnameVerifier
5392:             1             16  org.apache.http.conn.ssl.BrowserCompatHostnameVerifier
5393:             1             16  org.apache.http.conn.ssl.StrictHostnameVerifier
5394:             1             16  org.apache.http.impl.DefaultConnectionReuseStrategy
5395:             1             16  org.apache.http.impl.DefaultHttpResponseFactory
5396:             1             16  org.apache.http.impl.EnglishReasonPhraseCatalog
5397:             1             16  org.apache.http.impl.client.DefaultClientConnectionReuseStrategy
5398:             1             16  org.apache.http.impl.client.DefaultConnectionKeepAliveStrategy
5399:             1             16  org.apache.http.impl.client.DefaultUserTokenHandler
5400:             1             16  org.apache.http.impl.conn.DefaultSchemePortResolver
5401:             1             16  org.apache.http.impl.conn.SystemDefaultDnsResolver
5402:             1             16  org.apache.http.impl.cookie.BasicDomainHandler
5403:             1             16  org.apache.http.impl.cookie.BasicExpiresHandler
5404:             1             16  org.apache.http.impl.cookie.NetscapeDraftSpec
5405:             1             16  org.apache.http.impl.cookie.RFC2109DomainHandler
5406:             1             16  org.apache.http.impl.cookie.RFC2109VersionHandler
5407:             1             16  org.apache.http.impl.cookie.RFC2965CommentUrlAttributeHandler
5408:             1             16  org.apache.http.impl.cookie.RFC2965DiscardAttributeHandler
5409:             1             16  org.apache.http.impl.cookie.RFC2965DomainAttributeHandler
5410:             1             16  org.apache.http.impl.cookie.RFC2965PortAttributeHandler
5411:             1             16  org.apache.http.impl.cookie.RFC2965VersionAttributeHandler
5412:             1             16  org.apache.http.impl.entity.LaxContentLengthStrategy
5413:             1             16  org.apache.http.impl.entity.StrictContentLengthStrategy
5414:             1             16  org.apache.http.impl.io.DefaultHttpRequestWriterFactory
5415:             1             16  org.apache.http.impl.io.EmptyInputStream
5416:             1             16  org.apache.http.message.TokenParser
5417:             1             16  org.apache.juli.logging.LogFactory
5418:             1             16  org.apache.logging.log4j.ThreadContext$EmptyIterator
5419:             1             16  org.apache.logging.log4j.ThreadContext$EmptyThreadContextStack
5420:             1             16  org.apache.logging.log4j.core.appender.ConsoleAppender$ConsoleManagerFactory
5421:             1             16  org.apache.logging.log4j.core.appender.FileManager$FileManagerFactory
5422:             1             16  org.apache.logging.log4j.core.appender.rolling.RollingFileManager$RollingFileManagerFactory
5423:             1             16  org.apache.logging.log4j.core.appender.rolling.RollingRandomAccessFileManager$RollingRandomAccessFileManagerFactory
5424:             1             16  org.apache.logging.log4j.core.config.ConfigurationFactory$Factory
5425:             1             16  org.apache.logging.log4j.core.config.DefaultReliabilityStrategy
5426:             1             16  org.apache.logging.log4j.core.config.OrderComparator
5427:             1             16  org.apache.logging.log4j.core.config.plugins.convert.TypeConverterRegistry
5428:             1             16  org.apache.logging.log4j.core.config.plugins.convert.TypeConverters$BigDecimalConverter
5429:             1             16  org.apache.logging.log4j.core.config.plugins.convert.TypeConverters$BigIntegerConverter
5430:             1             16  org.apache.logging.log4j.core.config.plugins.convert.TypeConverters$BooleanConverter
5431:             1             16  org.apache.logging.log4j.core.config.plugins.convert.TypeConverters$ByteArrayConverter
5432:             1             16  org.apache.logging.log4j.core.config.plugins.convert.TypeConverters$ByteConverter
5433:             1             16  org.apache.logging.log4j.core.config.plugins.convert.TypeConverters$CharArrayConverter
5434:             1             16  org.apache.logging.log4j.core.config.plugins.convert.TypeConverters$CharacterConverter
5435:             1             16  org.apache.logging.log4j.core.config.plugins.convert.TypeConverters$CharsetConverter
5436:             1             16  org.apache.logging.log4j.core.config.plugins.convert.TypeConverters$ClassConverter
5437:             1             16  org.apache.logging.log4j.core.config.plugins.convert.TypeConverters$CronExpressionConverter
5438:             1             16  org.apache.logging.log4j.core.config.plugins.convert.TypeConverters$DoubleConverter
5439:             1             16  org.apache.logging.log4j.core.config.plugins.convert.TypeConverters$DurationConverter
5440:             1             16  org.apache.logging.log4j.core.config.plugins.convert.TypeConverters$FileConverter
5441:             1             16  org.apache.logging.log4j.core.config.plugins.convert.TypeConverters$FloatConverter
5442:             1             16  org.apache.logging.log4j.core.config.plugins.convert.TypeConverters$InetAddressConverter
5443:             1             16  org.apache.logging.log4j.core.config.plugins.convert.TypeConverters$IntegerConverter
5444:             1             16  org.apache.logging.log4j.core.config.plugins.convert.TypeConverters$LevelConverter
5445:             1             16  org.apache.logging.log4j.core.config.plugins.convert.TypeConverters$LongConverter
5446:             1             16  org.apache.logging.log4j.core.config.plugins.convert.TypeConverters$PathConverter
5447:             1             16  org.apache.logging.log4j.core.config.plugins.convert.TypeConverters$PatternConverter
5448:             1             16  org.apache.logging.log4j.core.config.plugins.convert.TypeConverters$SecurityProviderConverter
5449:             1             16  org.apache.logging.log4j.core.config.plugins.convert.TypeConverters$ShortConverter
5450:             1             16  org.apache.logging.log4j.core.config.plugins.convert.TypeConverters$StringConverter
5451:             1             16  org.apache.logging.log4j.core.config.plugins.convert.TypeConverters$UriConverter
5452:             1             16  org.apache.logging.log4j.core.config.plugins.convert.TypeConverters$UrlConverter
5453:             1             16  org.apache.logging.log4j.core.config.plugins.convert.TypeConverters$UuidConverter
5454:             1             16  org.apache.logging.log4j.core.config.plugins.processor.PluginCache$$Lambda$14/1144748369
5455:             1             16  org.apache.logging.log4j.core.config.properties.PropertiesConfigurationFactory
5456:             1             16  org.apache.logging.log4j.core.config.xml.XmlConfigurationFactory
5457:             1             16  org.apache.logging.log4j.core.impl.JdkMapAdapterStringMap$1
5458:             1             16  org.apache.logging.log4j.core.impl.JdkMapAdapterStringMap$2
5459:             1             16  org.apache.logging.log4j.core.lookup.StrMatcher$NoMatcher
5460:             1             16  org.apache.logging.log4j.core.lookup.StrMatcher$TrimMatcher
5461:             1             16  org.apache.logging.log4j.core.pattern.MdcPatternConverter$1
5462:             1             16  org.apache.logging.log4j.core.pattern.NameAbbreviator$NOPAbbreviator
5463:             1             16  org.apache.logging.log4j.core.pattern.PlainTextRenderer
5464:             1             16  org.apache.logging.log4j.core.selector.ClassLoaderContextSelector
5465:             1             16  org.apache.logging.log4j.core.util.BasicAuthorizationProvider
5466:             1             16  org.apache.logging.log4j.core.util.CloseShieldOutputStream
5467:             1             16  org.apache.logging.log4j.core.util.NullOutputStream
5468:             1             16  org.apache.logging.log4j.core.util.datetime.FastDateFormat$1
5469:             1             16  org.apache.logging.log4j.core.util.datetime.FastDateParser$1
5470:             1             16  org.apache.logging.log4j.core.util.datetime.FastDateParser$2
5471:             1             16  org.apache.logging.log4j.core.util.datetime.FastDateParser$3
5472:             1             16  org.apache.logging.log4j.core.util.datetime.FastDateParser$4
5473:             1             16  org.apache.logging.log4j.core.util.datetime.FastDateParser$5
5474:             1             16  org.apache.logging.log4j.core.util.datetime.FastDateParser$6
5475:             1             16  org.apache.logging.log4j.core.util.datetime.FastDatePrinter$TwoDigitMonthField
5476:             1             16  org.apache.logging.log4j.message.ParameterizedNoReferenceMessageFactory
5477:             1             16  org.apache.logging.log4j.message.ReusableMessageFactory
5478:             1             16  org.apache.logging.log4j.spi.DefaultThreadContextStack
5479:             1             16  org.apache.logging.log4j.spi.LoggerRegistry$ConcurrentMapFactory
5480:             1             16  org.apache.logging.log4j.util.LoaderUtil$ThreadContextClassLoaderGetter
5481:             1             16  org.apache.logging.log4j.util.PrivateSecurityManagerStackTraceUtil$PrivateSecurityManager
5482:             1             16  org.apache.logging.log4j.util.ProviderUtil
5483:             1             16  org.apache.logging.log4j.util.SortedArrayStringMap$1
5484:             1             16  org.apache.logging.log4j.util.StackLocator
5485:             1             16  org.apache.logging.slf4j.Log4jMDCAdapter
5486:             1             16  org.apache.logging.slf4j.Log4jMarkerFactory
5487:             1             16  org.apache.tomcat.util.buf.CharsetCache
5488:             1             16  org.apache.tomcat.util.buf.MessageBytes$MessageBytesFactory
5489:             1             16  org.apache.tomcat.util.compat.JreCompat
5490:             1             16  org.apache.tomcat.util.http.CookieProcessorBase$1
5491:             1             16  org.apache.tomcat.util.http.Rfc6265CookieProcessor
5492:             1             16  org.apache.tomcat.util.http.parser.MediaTypeCache
5493:             1             16  org.apache.tomcat.util.modeler.NoDescriptorRegistry$NoJmxMBeanServer
5494:             1             16  org.apache.tomcat.util.net.SocketWrapperBase$1
5495:             1             16  org.apache.tomcat.util.net.SocketWrapperBase$2
5496:             1             16  org.apache.tomcat.util.net.SocketWrapperBase$3
5497:             1             16  org.apache.tomcat.util.threads.ScheduledThreadPoolExecutor
5498:             1             16  org.apache.tomcat.util.threads.ThreadPoolExecutor$RejectHandler
5499:             1             16  org.apache.tomcat.websocket.server.WsContextListener
5500:             1             16  org.apache.tomcat.websocket.server.WsSessionListener
5501:             1             16  org.apache.tomcat.websocket.server.WsWriteTimeout$EndpointComparator
5502:             1             16  org.aspectj.bridge.IMessage$Kind$1
5503:             1             16  org.aspectj.bridge.IMessageHandler$1
5504:             1             16  org.aspectj.util.FuzzyBoolean$MaybeFuzzyBoolean
5505:             1             16  org.aspectj.util.FuzzyBoolean$NeverFuzzyBoolean
5506:             1             16  org.aspectj.util.FuzzyBoolean$NoFuzzyBoolean
5507:             1             16  org.aspectj.util.FuzzyBoolean$YesFuzzyBoolean
5508:             1             16  org.aspectj.weaver.ResolvedType$FieldGetter
5509:             1             16  org.aspectj.weaver.ResolvedType$MethodGetter
5510:             1             16  org.aspectj.weaver.ResolvedType$MethodGetterIncludingItds
5511:             1             16  org.aspectj.weaver.ResolvedType$PointcutGetter
5512:             1             16  org.aspectj.weaver.SourceContextImpl$1
5513:             1             16  org.aspectj.weaver.patterns.Bindings
5514:             1             16  org.aspectj.weaver.tools.Jdk14TraceFactory
5515:             1             16  org.hibernate.validator.HibernateValidator
5516:             1             16  org.hibernate.validator.internal.constraintvalidators.bv.NotBlankValidator
5517:             1             16  org.hibernate.validator.internal.engine.AbstractConfigurationImpl$$Lambda$77/1814132390
5518:             1             16  org.hibernate.validator.internal.engine.DefaultClockProvider
5519:             1             16  org.hibernate.validator.internal.engine.constraintvalidation.ConstraintValidatorManagerImpl$1
5520:             1             16  org.hibernate.validator.internal.engine.groups.Group
5521:             1             16  org.hibernate.validator.internal.engine.groups.GroupWithInheritance
5522:             1             16  org.hibernate.validator.internal.engine.groups.ValidationOrder$DefaultGroupValidationOrder
5523:             1             16  org.hibernate.validator.internal.engine.groups.ValidationOrder$DefaultSequenceValidationOrder
5524:             1             16  org.hibernate.validator.internal.engine.valueextraction.AnnotatedObject
5525:             1             16  org.hibernate.validator.internal.engine.valueextraction.BooleanArrayValueExtractor
5526:             1             16  org.hibernate.validator.internal.engine.valueextraction.ByteArrayValueExtractor
5527:             1             16  org.hibernate.validator.internal.engine.valueextraction.CharArrayValueExtractor
5528:             1             16  org.hibernate.validator.internal.engine.valueextraction.DoubleArrayValueExtractor
5529:             1             16  org.hibernate.validator.internal.engine.valueextraction.FloatArrayValueExtractor
5530:             1             16  org.hibernate.validator.internal.engine.valueextraction.IntArrayValueExtractor
5531:             1             16  org.hibernate.validator.internal.engine.valueextraction.IterableValueExtractor
5532:             1             16  org.hibernate.validator.internal.engine.valueextraction.ListPropertyValueExtractor
5533:             1             16  org.hibernate.validator.internal.engine.valueextraction.ListValueExtractor
5534:             1             16  org.hibernate.validator.internal.engine.valueextraction.LongArrayValueExtractor
5535:             1             16  org.hibernate.validator.internal.engine.valueextraction.MapKeyExtractor
5536:             1             16  org.hibernate.validator.internal.engine.valueextraction.MapPropertyKeyExtractor
5537:             1             16  org.hibernate.validator.internal.engine.valueextraction.MapPropertyValueExtractor
5538:             1             16  org.hibernate.validator.internal.engine.valueextraction.MapValueExtractor
5539:             1             16  org.hibernate.validator.internal.engine.valueextraction.ObjectArrayValueExtractor
5540:             1             16  org.hibernate.validator.internal.engine.valueextraction.ObservableValueValueExtractor
5541:             1             16  org.hibernate.validator.internal.engine.valueextraction.OptionalDoubleValueExtractor
5542:             1             16  org.hibernate.validator.internal.engine.valueextraction.OptionalIntValueExtractor
5543:             1             16  org.hibernate.validator.internal.engine.valueextraction.OptionalLongValueExtractor
5544:             1             16  org.hibernate.validator.internal.engine.valueextraction.OptionalValueExtractor
5545:             1             16  org.hibernate.validator.internal.engine.valueextraction.ReadOnlyListPropertyValueExtractor
5546:             1             16  org.hibernate.validator.internal.engine.valueextraction.ReadOnlyMapPropertyKeyExtractor
5547:             1             16  org.hibernate.validator.internal.engine.valueextraction.ReadOnlyMapPropertyValueExtractor
5548:             1             16  org.hibernate.validator.internal.engine.valueextraction.ReadOnlySetPropertyValueExtractor
5549:             1             16  org.hibernate.validator.internal.engine.valueextraction.SetPropertyValueExtractor
5550:             1             16  org.hibernate.validator.internal.engine.valueextraction.ShortArrayValueExtractor
5551:             1             16  org.hibernate.validator.internal.metadata.aggregated.AbstractConstraintMetaData$$Lambda$304/1652149987
5552:             1             16  org.hibernate.validator.internal.metadata.aggregated.CascadingMetaDataBuilder$$Lambda$300/1368594774
5553:             1             16  org.hibernate.validator.internal.metadata.aggregated.CascadingMetaDataBuilder$$Lambda$301/726281927
5554:             1             16  org.hibernate.validator.internal.metadata.aggregated.CascadingMetaDataBuilder$$Lambda$302/1447499999
5555:             1             16  org.hibernate.validator.internal.metadata.aggregated.GroupConversionHelper
5556:             1             16  org.hibernate.validator.internal.metadata.aggregated.PropertyMetaData$Builder$$Lambda$307/2011791487
5557:             1             16  org.hibernate.validator.internal.metadata.aggregated.ValidatableParametersMetaData$$Lambda$306/2075495587
5558:             1             16  org.hibernate.validator.internal.metadata.core.MetaConstraints$$Lambda$314/360067785
5559:             1             16  org.hibernate.validator.internal.metadata.descriptor.ConstraintDescriptorImpl$$Lambda$310/48914743
5560:             1             16  org.hibernate.validator.internal.metadata.descriptor.ConstraintDescriptorImpl$$Lambda$311/1106131243
5561:             1             16  org.hibernate.validator.internal.metadata.provider.AnnotationMetaDataProvider$$Lambda$83/1544443888
5562:             1             16  org.hibernate.validator.internal.util.classhierarchy.Filters$InterfacesFilter
5563:             1             16  org.hibernate.validator.internal.util.classhierarchy.Filters$WeldProxyFilter
5564:             1             16  org.hibernate.validator.internal.util.logging.Messages_$bundle
5565:             1             16  org.hibernate.validator.internal.util.privilegedactions.GetClassLoader
5566:             1             16  org.hibernate.validator.resourceloading.PlatformResourceBundleLocator$AggregateResourceBundleControl
5567:             1             16  org.jasypt.contrib.org.apache.commons.codec_1_3.binary.Base64
5568:             1             16  org.jasypt.iv.RandomIvGenerator
5569:             1             16  org.jasypt.salt.RandomSaltGenerator
5570:             1             16  org.jboss.logging.Log4j2LoggerProvider
5571:             1             16  org.slf4j.helpers.NOPLoggerFactory
5572:             1             16  org.slf4j.impl.StaticLoggerBinder
5573:             1             16  org.slf4j.impl.StaticMDCBinder
5574:             1             16  org.slf4j.impl.StaticMarkerBinder
5575:             1             16  org.springframework.aop.Advisor$1
5576:             1             16  org.springframework.aop.TrueClassFilter
5577:             1             16  org.springframework.aop.TrueMethodMatcher
5578:             1             16  org.springframework.aop.TruePointcut
5579:             1             16  org.springframework.aop.aspectj.annotation.AbstractAspectJAdvisorFactory$AspectJAnnotationParameterNameDiscoverer
5580:             1             16  org.springframework.aop.aspectj.annotation.InstantiationModelAwarePointcutAdvisorImpl$1
5581:             1             16  org.springframework.aop.aspectj.annotation.ReflectiveAspectJAdvisorFactory$$Lambda$379/183155105
5582:             1             16  org.springframework.aop.aspectj.annotation.ReflectiveAspectJAdvisorFactory$$Lambda$380/1089930529
5583:             1             16  org.springframework.aop.aspectj.autoproxy.AspectJPrecedenceComparator
5584:             1             16  org.springframework.aop.framework.CglibAopProxy$DynamicUnadvisedInterceptor
5585:             1             16  org.springframework.aop.framework.adapter.AfterReturningAdviceAdapter
5586:             1             16  org.springframework.aop.framework.adapter.DefaultAdvisorAdapterRegistry
5587:             1             16  org.springframework.aop.framework.adapter.MethodBeforeAdviceAdapter
5588:             1             16  org.springframework.aop.framework.adapter.ThrowsAdviceAdapter
5589:             1             16  org.springframework.aop.interceptor.ExposeInvocationInterceptor
5590:             1             16  org.springframework.beans.ExtendedBeanInfoFactory
5591:             1             16  org.springframework.beans.factory.BeanFactoryUtils$$Lambda$201/1132547352
5592:             1             16  org.springframework.beans.factory.annotation.AutowiredAnnotationBeanPostProcessor$$Lambda$275/302155142
5593:             1             16  org.springframework.beans.factory.config.AutowiredPropertyMarker
5594:             1             16  org.springframework.beans.factory.support.AbstractAutowireCapableBeanFactory$$Lambda$239/1780132728
5595:             1             16  org.springframework.beans.factory.support.AutowireUtils$$Lambda$256/1159114532
5596:             1             16  org.springframework.beans.factory.support.BeanDefinitionResource
5597:             1             16  org.springframework.beans.factory.support.DefaultBeanNameGenerator
5598:             1             16  org.springframework.beans.factory.support.DefaultListableBeanFactory$$Lambda$386/1302725372
5599:             1             16  org.springframework.beans.factory.support.DefaultListableBeanFactory$$Lambda$646/1057569470
5600:             1             16  org.springframework.beans.factory.support.DefaultSingletonBeanRegistry$$Lambda$204/215145189
5601:             1             16  org.springframework.beans.factory.support.DefaultSingletonBeanRegistry$$Lambda$205/982007015
5602:             1             16  org.springframework.beans.factory.support.SimpleAutowireCandidateResolver
5603:             1             16  org.springframework.boot.SpringBootBanner
5604:             1             16  org.springframework.boot.actuate.autoconfigure.availability.AvailabilityProbesAutoConfiguration$ProbesCondition
5605:             1             16  org.springframework.boot.actuate.autoconfigure.endpoint.EndpointAutoConfiguration
5606:             1             16  org.springframework.boot.actuate.autoconfigure.endpoint.EndpointIdTimeToLivePropertyFunction
5607:             1             16  org.springframework.boot.actuate.autoconfigure.endpoint.EndpointIdTimeToLivePropertyFunction$$Lambda$700/854989361
5608:             1             16  org.springframework.boot.actuate.autoconfigure.endpoint.expose.IncludeExcludeEndpointFilter$$Lambda$243/1858609436
5609:             1             16  org.springframework.boot.actuate.autoconfigure.endpoint.web.MappingWebEndpointPathMapper
5610:             1             16  org.springframework.boot.actuate.autoconfigure.endpoint.web.ServletEndpointManagementContextConfiguration
5611:             1             16  org.springframework.boot.actuate.autoconfigure.endpoint.web.ServletEndpointManagementContextConfiguration$WebMvcServletEndpointManagementContextConfiguration
5612:             1             16  org.springframework.boot.actuate.autoconfigure.endpoint.web.WebEndpointAutoConfiguration$$Lambda$745/1773336805
5613:             1             16  org.springframework.boot.actuate.autoconfigure.endpoint.web.WebEndpointAutoConfiguration$WebEndpointServletConfiguration
5614:             1             16  org.springframework.boot.actuate.autoconfigure.endpoint.web.servlet.WebMvcEndpointManagementContextConfiguration
5615:             1             16  org.springframework.boot.actuate.autoconfigure.health.AutoConfiguredHealthEndpointGroups$$Lambda$683/537265886
5616:             1             16  org.springframework.boot.actuate.autoconfigure.health.HealthContributorAutoConfiguration
5617:             1             16  org.springframework.boot.actuate.autoconfigure.health.HealthContributorRegistryHealthIndicatorRegistryAdapter
5618:             1             16  org.springframework.boot.actuate.autoconfigure.health.HealthEndpointAutoConfiguration
5619:             1             16  org.springframework.boot.actuate.autoconfigure.health.HealthEndpointConfiguration
5620:             1             16  org.springframework.boot.actuate.autoconfigure.health.HealthEndpointConfiguration$HealthEndpointGroupsBeanPostProcessor
5621:             1             16  org.springframework.boot.actuate.autoconfigure.health.HealthEndpointConfiguration$HealthEndpointGroupsBeanPostProcessor$$Lambda$687/137123763
5622:             1             16  org.springframework.boot.actuate.autoconfigure.health.HealthEndpointWebExtensionConfiguration
5623:             1             16  org.springframework.boot.actuate.autoconfigure.health.LegacyHealthEndpointAdaptersConfiguration
5624:             1             16  org.springframework.boot.actuate.autoconfigure.health.LegacyHealthEndpointCompatibilityConfiguration
5625:             1             16  org.springframework.boot.actuate.autoconfigure.health.LegacyHealthEndpointCompatibilityConfiguration$LegacyReactiveHealthEndpointCompatibilityConfiguration
5626:             1             16  org.springframework.boot.actuate.autoconfigure.health.ReactiveHealthContributorRegistryReactiveHealthIndicatorRegistryAdapter
5627:             1             16  org.springframework.boot.actuate.autoconfigure.health.ReactiveHealthEndpointConfiguration
5628:             1             16  org.springframework.boot.actuate.autoconfigure.info.InfoContributorAutoConfiguration
5629:             1             16  org.springframework.boot.actuate.autoconfigure.info.InfoContributorProperties
5630:             1             16  org.springframework.boot.actuate.autoconfigure.info.InfoContributorProperties$Git
5631:             1             16  org.springframework.boot.actuate.autoconfigure.info.InfoEndpointAutoConfiguration
5632:             1             16  org.springframework.boot.actuate.autoconfigure.metrics.CompositeMeterRegistryAutoConfiguration
5633:             1             16  org.springframework.boot.actuate.autoconfigure.metrics.JvmMetricsAutoConfiguration
5634:             1             16  org.springframework.boot.actuate.autoconfigure.metrics.Log4J2MetricsAutoConfiguration
5635:             1             16  org.springframework.boot.actuate.autoconfigure.metrics.Log4J2MetricsAutoConfiguration$Log4JCoreLoggerContextCondition
5636:             1             16  org.springframework.boot.actuate.autoconfigure.metrics.MetricsAutoConfiguration
5637:             1             16  org.springframework.boot.actuate.autoconfigure.metrics.PropertiesMeterFilter$1
5638:             1             16  org.springframework.boot.actuate.autoconfigure.metrics.SystemMetricsAutoConfiguration
5639:             1             16  org.springframework.boot.actuate.autoconfigure.metrics.export.prometheus.PrometheusMetricsExportAutoConfiguration
5640:             1             16  org.springframework.boot.actuate.autoconfigure.metrics.export.prometheus.PrometheusMetricsExportAutoConfiguration$PrometheusScrapeEndpointConfiguration
5641:             1             16  org.springframework.boot.actuate.autoconfigure.metrics.export.prometheus.PrometheusPropertiesConfigAdapter
5642:             1             16  org.springframework.boot.actuate.autoconfigure.metrics.export.prometheus.PrometheusPropertiesConfigAdapter$$Lambda$557/363397863
5643:             1             16  org.springframework.boot.actuate.autoconfigure.metrics.export.prometheus.PrometheusPropertiesConfigAdapter$$Lambda$561/1928621590
5644:             1             16  org.springframework.boot.actuate.autoconfigure.metrics.export.prometheus.PrometheusPropertiesConfigAdapter$$Lambda$590/1416706187
5645:             1             16  org.springframework.boot.actuate.autoconfigure.metrics.web.client.HttpClientMetricsAutoConfiguration
5646:             1             16  org.springframework.boot.actuate.autoconfigure.metrics.web.client.HttpClientMetricsAutoConfiguration$$Lambda$571/1990733619
5647:             1             16  org.springframework.boot.actuate.autoconfigure.metrics.web.client.RestTemplateMetricsConfiguration
5648:             1             16  org.springframework.boot.actuate.autoconfigure.metrics.web.servlet.WebMvcMetricsAutoConfiguration
5649:             1             16  org.springframework.boot.actuate.autoconfigure.metrics.web.servlet.WebMvcMetricsAutoConfiguration$$Lambda$572/1958592872
5650:             1             16  org.springframework.boot.actuate.autoconfigure.metrics.web.tomcat.TomcatMetricsAutoConfiguration
5651:             1             16  org.springframework.boot.actuate.autoconfigure.system.DiskSpaceHealthContributorAutoConfiguration
5652:             1             16  org.springframework.boot.actuate.autoconfigure.web.mappings.MappingsEndpointAutoConfiguration
5653:             1             16  org.springframework.boot.actuate.autoconfigure.web.mappings.MappingsEndpointAutoConfiguration$ServletWebConfiguration
5654:             1             16  org.springframework.boot.actuate.autoconfigure.web.mappings.MappingsEndpointAutoConfiguration$ServletWebConfiguration$SpringMvcConfiguration
5655:             1             16  org.springframework.boot.actuate.autoconfigure.web.server.$Proxy130
5656:             1             16  org.springframework.boot.actuate.autoconfigure.web.server.ManagementContextAutoConfiguration
5657:             1             16  org.springframework.boot.actuate.autoconfigure.web.server.ManagementContextAutoConfiguration$SameManagementContextConfiguration
5658:             1             16  org.springframework.boot.actuate.autoconfigure.web.server.ManagementContextAutoConfiguration$SameManagementContextConfiguration$EnableSameManagementContextConfiguration
5659:             1             16  org.springframework.boot.actuate.autoconfigure.web.server.ManagementServerProperties$Servlet
5660:             1             16  org.springframework.boot.actuate.autoconfigure.web.servlet.ServletManagementContextAutoConfiguration
5661:             1             16  org.springframework.boot.actuate.autoconfigure.web.servlet.ServletManagementContextAutoConfiguration$$Lambda$866/2027837674
5662:             1             16  org.springframework.boot.actuate.autoconfigure.web.servlet.ServletManagementContextFactory
5663:             1             16  org.springframework.boot.actuate.endpoint.annotation.DiscoveredOperationsFactory$$Lambda$698/214313531
5664:             1             16  org.springframework.boot.actuate.endpoint.annotation.EndpointDiscoverer$$Lambda$650/156711739
5665:             1             16  org.springframework.boot.actuate.endpoint.annotation.EndpointDiscoverer$$Lambda$706/2015261478
5666:             1             16  org.springframework.boot.actuate.endpoint.annotation.EndpointDiscoverer$$Lambda$707/577245010
5667:             1             16  org.springframework.boot.actuate.endpoint.annotation.EndpointDiscoverer$$Lambda$709/968957548
5668:             1             16  org.springframework.boot.actuate.endpoint.annotation.EndpointDiscoverer$$Lambda$710/843959601
5669:             1             16  org.springframework.boot.actuate.endpoint.invoke.ParameterValueMapper$$Lambda$645/1764291958
5670:             1             16  org.springframework.boot.actuate.endpoint.invoke.convert.ConversionServiceParameterValueMapper
5671:             1             16  org.springframework.boot.actuate.endpoint.invoker.cache.CachingOperationInvokerAdvisor
5672:             1             16  org.springframework.boot.actuate.endpoint.web.EndpointLinksResolver
5673:             1             16  org.springframework.boot.actuate.endpoint.web.annotation.RequestPredicateFactory
5674:             1             16  org.springframework.boot.actuate.endpoint.web.annotation.RequestPredicateFactory$$Lambda$702/1037942373
5675:             1             16  org.springframework.boot.actuate.endpoint.web.servlet.WebMvcEndpointHandlerMapping$WebMvcLinksHandler
5676:             1             16  org.springframework.boot.actuate.health.CompositeHealthContributorReactiveAdapter
5677:             1             16  org.springframework.boot.actuate.health.HealthContributorNameFactory
5678:             1             16  org.springframework.boot.actuate.health.OrderedHealthAggregator
5679:             1             16  org.springframework.boot.actuate.health.SimpleHttpCodeStatusMapper
5680:             1             16  org.springframework.boot.actuate.health.SimpleStatusAggregator$$Lambda$685/788048067
5681:             1             16  org.springframework.boot.actuate.info.EnvironmentInfoContributor
5682:             1             16  org.springframework.boot.actuate.info.InfoEndpoint
5683:             1             16  org.springframework.boot.actuate.metrics.AutoTimer$$Lambda$547/1674403916
5684:             1             16  org.springframework.boot.actuate.metrics.AutoTimer$1
5685:             1             16  org.springframework.boot.actuate.metrics.export.prometheus.PrometheusScrapeEndpoint
5686:             1             16  org.springframework.boot.actuate.metrics.web.client.DefaultRestTemplateExchangeTagsProvider
5687:             1             16  org.springframework.boot.actuate.metrics.web.client.MetricsRestTemplateCustomizer
5688:             1             16  org.springframework.boot.actuate.metrics.web.servlet.LongTaskTimingHandlerInterceptor$$Lambda$1340/24421690
5689:             1             16  org.springframework.boot.actuate.web.mappings.servlet.DispatcherServletsMappingDescriptionProvider
5690:             1             16  org.springframework.boot.actuate.web.mappings.servlet.DispatcherServletsMappingDescriptionProvider$RequestMappingInfoHandlerMappingDescriptionProvider
5691:             1             16  org.springframework.boot.actuate.web.mappings.servlet.DispatcherServletsMappingDescriptionProvider$UrlHandlerMappingDescriptionProvider
5692:             1             16  org.springframework.boot.actuate.web.mappings.servlet.FiltersMappingDescriptionProvider
5693:             1             16  org.springframework.boot.actuate.web.mappings.servlet.ServletsMappingDescriptionProvider
5694:             1             16  org.springframework.boot.autoconfigure.AutoConfigurationImportSelector$$Lambda$349/198099809
5695:             1             16  org.springframework.boot.autoconfigure.AutoConfigurationImportSelector$AutoConfigurationGroup$$Lambda$351/606508809
5696:             1             16  org.springframework.boot.autoconfigure.AutoConfigurationImportSelector$AutoConfigurationGroup$$Lambda$352/718187988
5697:             1             16  org.springframework.boot.autoconfigure.AutoConfigurationImportSelector$AutoConfigurationGroup$$Lambda$353/615438348
5698:             1             16  org.springframework.boot.autoconfigure.AutoConfigurationImportSelector$AutoConfigurationGroup$$Lambda$354/978508707
5699:             1             16  org.springframework.boot.autoconfigure.AutoConfigurationImportSelector$AutoConfigurationGroup$$Lambda$355/710708543
5700:             1             16  org.springframework.boot.autoconfigure.SharedMetadataReaderFactoryContextInitializer
5701:             1             16  org.springframework.boot.autoconfigure.SharedMetadataReaderFactoryContextInitializer$CachingMetadataReaderFactoryPostProcessor$$Lambda$200/1535634836
5702:             1             16  org.springframework.boot.autoconfigure.aop.AopAutoConfiguration
5703:             1             16  org.springframework.boot.autoconfigure.aop.AopAutoConfiguration$AspectJAutoProxyingConfiguration
5704:             1             16  org.springframework.boot.autoconfigure.aop.AopAutoConfiguration$AspectJAutoProxyingConfiguration$CglibAutoProxyConfiguration
5705:             1             16  org.springframework.boot.autoconfigure.availability.ApplicationAvailabilityAutoConfiguration
5706:             1             16  org.springframework.boot.autoconfigure.condition.ConditionEvaluationReport$AncestorsMatchedCondition
5707:             1             16  org.springframework.boot.autoconfigure.condition.OnBeanCondition$Spec$$Lambda$238/292917034
5708:             1             16  org.springframework.boot.autoconfigure.condition.OnCloudPlatformCondition
5709:             1             16  org.springframework.boot.autoconfigure.context.ConfigurationPropertiesAutoConfiguration
5710:             1             16  org.springframework.boot.autoconfigure.context.LifecycleAutoConfiguration
5711:             1             16  org.springframework.boot.autoconfigure.context.LifecycleProperties
5712:             1             16  org.springframework.boot.autoconfigure.context.MessageSourceAutoConfiguration$ResourceBundleCondition
5713:             1             16  org.springframework.boot.autoconfigure.dao.PersistenceExceptionTranslationAutoConfiguration
5714:             1             16  org.springframework.boot.autoconfigure.gson.GsonAutoConfiguration
5715:             1             16  org.springframework.boot.autoconfigure.gson.GsonAutoConfiguration$StandardGsonBuilderCustomizer
5716:             1             16  org.springframework.boot.autoconfigure.http.GsonHttpMessageConvertersConfiguration
5717:             1             16  org.springframework.boot.autoconfigure.http.HttpMessageConverters
5718:             1             16  org.springframework.boot.autoconfigure.http.HttpMessageConvertersAutoConfiguration
5719:             1             16  org.springframework.boot.autoconfigure.http.HttpMessageConvertersAutoConfiguration$StringHttpMessageConverterConfiguration
5720:             1             16  org.springframework.boot.autoconfigure.http.JacksonHttpMessageConvertersConfiguration
5721:             1             16  org.springframework.boot.autoconfigure.http.JacksonHttpMessageConvertersConfiguration$MappingJackson2HttpMessageConverterConfiguration
5722:             1             16  org.springframework.boot.autoconfigure.info.ProjectInfoAutoConfiguration
5723:             1             16  org.springframework.boot.autoconfigure.info.ProjectInfoAutoConfiguration$GitResourceAvailableCondition
5724:             1             16  org.springframework.boot.autoconfigure.jackson.JacksonAutoConfiguration
5725:             1             16  org.springframework.boot.autoconfigure.jackson.JacksonAutoConfiguration$Jackson2ObjectMapperBuilderCustomizerConfiguration
5726:             1             16  org.springframework.boot.autoconfigure.jackson.JacksonAutoConfiguration$JacksonObjectMapperBuilderConfiguration
5727:             1             16  org.springframework.boot.autoconfigure.jackson.JacksonAutoConfiguration$JacksonObjectMapperConfiguration
5728:             1             16  org.springframework.boot.autoconfigure.jackson.JacksonAutoConfiguration$ParameterNamesModuleConfiguration
5729:             1             16  org.springframework.boot.autoconfigure.jdbc.DataSourceTransactionManagerAutoConfiguration
5730:             1             16  org.springframework.boot.autoconfigure.mustache.MustacheTemplateAvailabilityProvider
5731:             1             16  org.springframework.boot.autoconfigure.security.oauth2.resource.servlet.OAuth2ResourceServerAutoConfiguration
5732:             1             16  org.springframework.boot.autoconfigure.task.TaskExecutionAutoConfiguration
5733:             1             16  org.springframework.boot.autoconfigure.task.TaskSchedulingAutoConfiguration
5734:             1             16  org.springframework.boot.autoconfigure.task.TaskSchedulingProperties$Pool
5735:             1             16  org.springframework.boot.autoconfigure.template.TemplateAvailabilityProviders$NoTemplateAvailabilityProvider
5736:             1             16  org.springframework.boot.autoconfigure.thymeleaf.ThymeleafTemplateAvailabilityProvider
5737:             1             16  org.springframework.boot.autoconfigure.transaction.TransactionAutoConfiguration
5738:             1             16  org.springframework.boot.autoconfigure.transaction.TransactionManagerCustomizers
5739:             1             16  org.springframework.boot.autoconfigure.validation.ValidationAutoConfiguration
5740:             1             16  org.springframework.boot.autoconfigure.web.ErrorProperties$Whitelabel
5741:             1             16  org.springframework.boot.autoconfigure.web.OnEnabledResourceChainCondition
5742:             1             16  org.springframework.boot.autoconfigure.web.ServerProperties$Netty
5743:             1             16  org.springframework.boot.autoconfigure.web.ServerProperties$Tomcat$Mbeanregistry
5744:             1             16  org.springframework.boot.autoconfigure.web.client.RestTemplateAutoConfiguration
5745:             1             16  org.springframework.boot.autoconfigure.web.embedded.EmbeddedWebServerFactoryCustomizerAutoConfiguration
5746:             1             16  org.springframework.boot.autoconfigure.web.embedded.EmbeddedWebServerFactoryCustomizerAutoConfiguration$TomcatWebServerFactoryCustomizerConfiguration
5747:             1             16  org.springframework.boot.autoconfigure.web.embedded.TomcatWebServerFactoryCustomizer$$Lambda$428/1978209605
5748:             1             16  org.springframework.boot.autoconfigure.web.embedded.TomcatWebServerFactoryCustomizer$$Lambda$432/533415944
5749:             1             16  org.springframework.boot.autoconfigure.web.embedded.TomcatWebServerFactoryCustomizer$$Lambda$438/2083217543
5750:             1             16  org.springframework.boot.autoconfigure.web.embedded.TomcatWebServerFactoryCustomizer$$Lambda$442/2066892165
5751:             1             16  org.springframework.boot.autoconfigure.web.embedded.TomcatWebServerFactoryCustomizer$$Lambda$443/1625090026
5752:             1             16  org.springframework.boot.autoconfigure.web.embedded.TomcatWebServerFactoryCustomizer$$Lambda$447/41092582
5753:             1             16  org.springframework.boot.autoconfigure.web.embedded.TomcatWebServerFactoryCustomizer$$Lambda$449/1871680329
5754:             1             16  org.springframework.boot.autoconfigure.web.embedded.TomcatWebServerFactoryCustomizer$$Lambda$451/1950800085
5755:             1             16  org.springframework.boot.autoconfigure.web.embedded.TomcatWebServerFactoryCustomizer$$Lambda$453/1979055448
5756:             1             16  org.springframework.boot.autoconfigure.web.embedded.TomcatWebServerFactoryCustomizer$$Lambda$454/934740803
5757:             1             16  org.springframework.boot.autoconfigure.web.embedded.TomcatWebServerFactoryCustomizer$$Lambda$456/314364096
5758:             1             16  org.springframework.boot.autoconfigure.web.embedded.TomcatWebServerFactoryCustomizer$$Lambda$458/894421232
5759:             1             16  org.springframework.boot.autoconfigure.web.embedded.TomcatWebServerFactoryCustomizer$$Lambda$467/231725600
5760:             1             16  org.springframework.boot.autoconfigure.web.embedded.TomcatWebServerFactoryCustomizer$$Lambda$471/1078566479
5761:             1             16  org.springframework.boot.autoconfigure.web.embedded.TomcatWebServerFactoryCustomizer$$Lambda$474/1089584667
5762:             1             16  org.springframework.boot.autoconfigure.web.embedded.TomcatWebServerFactoryCustomizer$$Lambda$479/1636322481
5763:             1             16  org.springframework.boot.autoconfigure.web.embedded.TomcatWebServerFactoryCustomizer$$Lambda$487/1273958371
5764:             1             16  org.springframework.boot.autoconfigure.web.embedded.TomcatWebServerFactoryCustomizer$$Lambda$488/664091267
5765:             1             16  org.springframework.boot.autoconfigure.web.servlet.DispatcherServletAutoConfiguration
5766:             1             16  org.springframework.boot.autoconfigure.web.servlet.DispatcherServletAutoConfiguration$DefaultDispatcherServletCondition
5767:             1             16  org.springframework.boot.autoconfigure.web.servlet.DispatcherServletAutoConfiguration$DispatcherServletConfiguration
5768:             1             16  org.springframework.boot.autoconfigure.web.servlet.DispatcherServletAutoConfiguration$DispatcherServletRegistrationCondition
5769:             1             16  org.springframework.boot.autoconfigure.web.servlet.DispatcherServletAutoConfiguration$DispatcherServletRegistrationConfiguration
5770:             1             16  org.springframework.boot.autoconfigure.web.servlet.HttpEncodingAutoConfiguration
5771:             1             16  org.springframework.boot.autoconfigure.web.servlet.HttpEncodingAutoConfiguration$LocaleCharsetMappingsCustomizer
5772:             1             16  org.springframework.boot.autoconfigure.web.servlet.JspTemplateAvailabilityProvider
5773:             1             16  org.springframework.boot.autoconfigure.web.servlet.MultipartAutoConfiguration
5774:             1             16  org.springframework.boot.autoconfigure.web.servlet.ServletWebServerFactoryAutoConfiguration
5775:             1             16  org.springframework.boot.autoconfigure.web.servlet.ServletWebServerFactoryConfiguration$EmbeddedTomcat
5776:             1             16  org.springframework.boot.autoconfigure.web.servlet.ServletWebServerFactoryCustomizer
5777:             1             16  org.springframework.boot.autoconfigure.web.servlet.TomcatServletWebServerFactoryCustomizer
5778:             1             16  org.springframework.boot.autoconfigure.web.servlet.TomcatServletWebServerFactoryCustomizer$$Lambda$423/347091104
5779:             1             16  org.springframework.boot.autoconfigure.web.servlet.TomcatServletWebServerFactoryCustomizer$$Lambda$424/1110195322
5780:             1             16  org.springframework.boot.autoconfigure.web.servlet.WebMvcAutoConfiguration
5781:             1             16  org.springframework.boot.autoconfigure.web.servlet.WebMvcProperties$Async
5782:             1             16  org.springframework.boot.autoconfigure.web.servlet.WebMvcProperties$Pathmatch
5783:             1             16  org.springframework.boot.autoconfigure.web.servlet.error.ErrorMvcAutoConfiguration
5784:             1             16  org.springframework.boot.autoconfigure.web.servlet.error.ErrorMvcAutoConfiguration$ErrorTemplateMissingCondition
5785:             1             16  org.springframework.boot.autoconfigure.web.servlet.error.ErrorMvcAutoConfiguration$PreserveErrorControllerTargetClassPostProcessor
5786:             1             16  org.springframework.boot.autoconfigure.web.servlet.error.ErrorMvcAutoConfiguration$StaticView
5787:             1             16  org.springframework.boot.autoconfigure.web.servlet.error.ErrorMvcAutoConfiguration$WhitelabelErrorViewConfiguration
5788:             1             16  org.springframework.boot.autoconfigure.websocket.servlet.TomcatWebSocketServletWebServerCustomizer
5789:             1             16  org.springframework.boot.autoconfigure.websocket.servlet.TomcatWebSocketServletWebServerCustomizer$$Lambda$393/1672598778
5790:             1             16  org.springframework.boot.autoconfigure.websocket.servlet.WebSocketServletAutoConfiguration
5791:             1             16  org.springframework.boot.autoconfigure.websocket.servlet.WebSocketServletAutoConfiguration$TomcatWebSocketConfiguration
5792:             1             16  org.springframework.boot.availability.ApplicationAvailabilityBean
5793:             1             16  org.springframework.boot.builder.ParentContextApplicationContextInitializer$EventPublisher
5794:             1             16  org.springframework.boot.builder.ParentContextCloserApplicationListener$ContextCloserListener
5795:             1             16  org.springframework.boot.context.ConfigurationWarningsApplicationContextInitializer
5796:             1             16  org.springframework.boot.context.ContextIdApplicationContextInitializer
5797:             1             16  org.springframework.boot.context.config.AnsiOutputApplicationListener$$Lambda$169/258754732
5798:             1             16  org.springframework.boot.context.config.ConfigFileApplicationListener$$Lambda$25/1151020327
5799:             1             16  org.springframework.boot.context.config.ConfigFileApplicationListener$Loader$$Lambda$142/1651945012
5800:             1             16  org.springframework.boot.context.config.ConfigFileApplicationListener$Loader$$Lambda$144/1007251739
5801:             1             16  org.springframework.boot.context.config.ConfigFileApplicationListener$Loader$$Lambda$146/1347870667
5802:             1             16  org.springframework.boot.context.config.ConfigFileApplicationListener$Loader$$Lambda$153/1076835071
5803:             1             16  org.springframework.boot.context.config.ConfigFileApplicationListener$Loader$$Lambda$162/1418621776
5804:             1             16  org.springframework.boot.context.config.ConfigFileApplicationListener$Loader$$Lambda$164/1181199958
5805:             1             16  org.springframework.boot.context.config.ConfigFileApplicationListener$Loader$$Lambda$167/237351678
5806:             1             16  org.springframework.boot.context.config.DelegatingApplicationContextInitializer
5807:             1             16  org.springframework.boot.context.logging.LoggingApplicationListener$$Lambda$174/1076496284
5808:             1             16  org.springframework.boot.context.properties.ConfigurationPropertiesBindConstructorProvider
5809:             1             16  org.springframework.boot.context.properties.EnableConfigurationPropertiesRegistrar$$Lambda$234/988458918
5810:             1             16  org.springframework.boot.context.properties.EnableConfigurationPropertiesRegistrar$$Lambda$235/1990451863
5811:             1             16  org.springframework.boot.context.properties.PropertyMapper$$Lambda$394/1967496309
5812:             1             16  org.springframework.boot.context.properties.PropertyMapper$Source$$Lambda$397/192456457
5813:             1             16  org.springframework.boot.context.properties.PropertyMapper$Source$$Lambda$444/1714378342
5814:             1             16  org.springframework.boot.context.properties.PropertyMapper$Source$$Lambda$477/1493988307
5815:             1             16  org.springframework.boot.context.properties.bind.ArrayBinder$$Lambda$133/1225373914
5816:             1             16  org.springframework.boot.context.properties.bind.BindConverter
5817:             1             16  org.springframework.boot.context.properties.bind.BindConverter$CompositeConversionService
5818:             1             16  org.springframework.boot.context.properties.bind.BindConverter$TypeConverterConverter
5819:             1             16  org.springframework.boot.context.properties.bind.BindHandler$1
5820:             1             16  org.springframework.boot.context.properties.bind.BindResult
5821:             1             16  org.springframework.boot.context.properties.bind.DefaultBindConstructorProvider
5822:             1             16  org.springframework.boot.context.properties.bind.JavaBeanBinder
5823:             1             16  org.springframework.boot.context.properties.bind.JavaBeanBinder$Bean$$Lambda$68/998351292
5824:             1             16  org.springframework.boot.context.properties.bind.JavaBeanBinder$Bean$$Lambda$69/1684106402
5825:             1             16  org.springframework.boot.context.properties.bind.JavaBeanBinder$Bean$$Lambda$71/2017354584
5826:             1             16  org.springframework.boot.context.properties.source.ConfigurationPropertyName$$Lambda$60/2047526627
5827:             1             16  org.springframework.boot.context.properties.source.PropertyMapper$$Lambda$49/488970385
5828:             1             16  org.springframework.boot.context.properties.source.SpringIterableConfigurationPropertySource$$Lambda$135/759156157
5829:             1             16  org.springframework.boot.context.properties.source.SpringIterableConfigurationPropertySource$Mappings$$Lambda$53/1784662007
5830:             1             16  org.springframework.boot.context.properties.source.SystemEnvironmentPropertyMapper
5831:             1             16  org.springframework.boot.context.properties.source.SystemEnvironmentPropertyMapper$$Lambda$58/968514068
5832:             1             16  org.springframework.boot.convert.CharArrayFormatter
5833:             1             16  org.springframework.boot.convert.DelimitedStringToCollectionConverter$$Lambda$360/888473870
5834:             1             16  org.springframework.boot.convert.DurationToNumberConverter
5835:             1             16  org.springframework.boot.convert.DurationToStringConverter
5836:             1             16  org.springframework.boot.convert.InetAddressFormatter
5837:             1             16  org.springframework.boot.convert.InputStreamSourceToByteArrayConverter
5838:             1             16  org.springframework.boot.convert.IsoOffsetFormatter
5839:             1             16  org.springframework.boot.convert.LenientBooleanToEnumConverterFactory
5840:             1             16  org.springframework.boot.convert.LenientObjectToEnumConverterFactory$LenientToEnumConverter$$Lambda$177/1072601481
5841:             1             16  org.springframework.boot.convert.LenientObjectToEnumConverterFactory$LenientToEnumConverter$$Lambda$178/1887813102
5842:             1             16  org.springframework.boot.convert.LenientStringToEnumConverterFactory
5843:             1             16  org.springframework.boot.convert.NumberToDataSizeConverter
5844:             1             16  org.springframework.boot.convert.NumberToDurationConverter
5845:             1             16  org.springframework.boot.convert.NumberToPeriodConverter
5846:             1             16  org.springframework.boot.convert.PeriodToStringConverter
5847:             1             16  org.springframework.boot.convert.StringToFileConverter
5848:             1             16  org.springframework.boot.env.OriginTrackedYamlLoader$OriginTrackingConstructor$$Lambda$155/1159785389
5849:             1             16  org.springframework.boot.env.SpringApplicationJsonEnvironmentPostProcessor$$Lambda$61/586617651
5850:             1             16  org.springframework.boot.env.SpringApplicationJsonEnvironmentPostProcessor$$Lambda$62/1789550256
5851:             1             16  org.springframework.boot.loader.JarLauncher$$Lambda$1/1149319664
5852:             1             16  org.springframework.boot.loader.jar.JarFile$$Lambda$10/835648992
5853:             1             16  org.springframework.boot.loader.jar.JarFileEntries$$Lambda$2/664223387
5854:             1             16  org.springframework.boot.loader.jar.JarURLConnection$1
5855:             1             16  org.springframework.boot.logging.LoggerConfigurationComparator
5856:             1             16  org.springframework.boot.logging.LoggingSystem$$Lambda$39/1631862159
5857:             1             16  org.springframework.boot.logging.log4j2.SpringBootConfigurationFactory
5858:             1             16  org.springframework.boot.rsocket.context.RSocketPortInfoApplicationContextInitializer
5859:             1             16  org.springframework.boot.task.TaskExecutorBuilder$$Lambda$825/1728057672
5860:             1             16  org.springframework.boot.task.TaskExecutorBuilder$$Lambda$829/1677921169
5861:             1             16  org.springframework.boot.util.LambdaSafe$InvocationResult
5862:             1             16  org.springframework.boot.web.embedded.tomcat.TomcatEmbeddedContext$$Lambda$911/214055354
5863:             1             16  org.springframework.boot.web.embedded.tomcat.TomcatEmbeddedContext$$Lambda$912/131301148
5864:             1             16  org.springframework.boot.web.embedded.tomcat.TomcatServletWebServerFactory$DisablePersistSessionListener
5865:             1             16  org.springframework.boot.web.embedded.tomcat.TomcatWebServer$$Lambda$916/1863103905
5866:             1             16  org.springframework.boot.web.server.Http2
5867:             1             16  org.springframework.boot.web.servlet.ServletContextInitializerBeans$$Lambda$654/1489322191
5868:             1             16  org.springframework.boot.web.servlet.ServletContextInitializerBeans$$Lambda$712/1829966070
5869:             1             16  org.springframework.boot.web.servlet.context.ServletWebServerApplicationContext$$Lambda$495/515273883
5870:             1             16  org.springframework.boot.web.servlet.error.DefaultErrorAttributes
5871:             1             16  org.springframework.boot.web.servlet.server.AbstractServletWebServerFactory$$Lambda$498/628392976
5872:             1             16  org.springframework.boot.web.servlet.server.AbstractServletWebServerFactory$SessionConfiguringInitializer
5873:             1             16  org.springframework.boot.web.servlet.server.SessionStoreDirectory
5874:             1             16  org.springframework.boot.web.servlet.server.StaticResourceJars
5875:             1             16  org.springframework.cglib.core.AbstractClassGenerator$ClassLoaderData$1
5876:             1             16  org.springframework.cglib.core.AbstractClassGenerator$ClassLoaderData$2
5877:             1             16  org.springframework.cglib.core.AbstractClassGenerator$ClassLoaderData$3
5878:             1             16  org.springframework.cglib.core.DefaultGeneratorStrategy
5879:             1             16  org.springframework.cglib.core.DefaultNamingPolicy
5880:             1             16  org.springframework.cglib.core.KeyFactory$1
5881:             1             16  org.springframework.cglib.core.KeyFactory$2
5882:             1             16  org.springframework.cglib.core.KeyFactory$3
5883:             1             16  org.springframework.cglib.core.KeyFactory$4
5884:             1             16  org.springframework.cglib.core.MethodInfoTransformer
5885:             1             16  org.springframework.cglib.core.SpringNamingPolicy
5886:             1             16  org.springframework.cglib.core.internal.LoadingCache$1
5887:             1             16  org.springframework.cglib.empty.Object$$BeanCopierByCGLIB$$ce3e55bb
5888:             1             16  org.springframework.cglib.proxy.Enhancer$1
5889:             1             16  org.springframework.cglib.proxy.FixedValueGenerator
5890:             1             16  org.springframework.cglib.proxy.InvocationHandlerGenerator
5891:             1             16  org.springframework.cglib.proxy.LazyLoaderGenerator
5892:             1             16  org.springframework.cglib.proxy.MethodInterceptorGenerator
5893:             1             16  org.springframework.cglib.proxy.MethodInterceptorGenerator$1
5894:             1             16  org.springframework.cglib.proxy.NoOp$1
5895:             1             16  org.springframework.cglib.proxy.NoOpGenerator
5896:             1             16  org.springframework.cloud.autoconfigure.LifecycleMvcEndpointAutoConfiguration
5897:             1             16  org.springframework.cloud.autoconfigure.PauseResumeEndpointsConfiguration
5898:             1             16  org.springframework.cloud.autoconfigure.RefreshAutoConfiguration
5899:             1             16  org.springframework.cloud.autoconfigure.RefreshEndpointAutoConfiguration
5900:             1             16  org.springframework.cloud.autoconfigure.RefreshEndpointAutoConfiguration$RefreshEndpointConfiguration
5901:             1             16  org.springframework.cloud.autoconfigure.RestartEndpointWithoutIntegrationConfiguration
5902:             1             16  org.springframework.cloud.bootstrap.BootstrapApplicationListener$AncestorInitializer
5903:             1             16  org.springframework.cloud.bootstrap.BootstrapApplicationListener$BootstrapMarkerConfiguration
5904:             1             16  org.springframework.cloud.bootstrap.BootstrapApplicationListener$CloseContextOnFailureApplicationListener
5905:             1             16  org.springframework.cloud.bootstrap.BootstrapApplicationListener$DelegatingEnvironmentDecryptApplicationInitializer
5906:             1             16  org.springframework.cloud.bootstrap.BootstrapImportSelector$$Lambda$219/459857341
5907:             1             16  org.springframework.cloud.bootstrap.BootstrapImportSelector$$Lambda$220/94264799
5908:             1             16  org.springframework.cloud.bootstrap.BootstrapImportSelectorConfiguration
5909:             1             16  org.springframework.cloud.bootstrap.config.PropertySourceBootstrapConfiguration$$Lambda$336/1847008471
5910:             1             16  org.springframework.cloud.bootstrap.config.PropertySourceBootstrapProperties
5911:             1             16  org.springframework.cloud.bootstrap.encrypt.EncryptionBootstrapConfiguration$FailsafeTextEncryptor
5912:             1             16  org.springframework.cloud.bootstrap.encrypt.EncryptionBootstrapConfiguration$KeyCondition
5913:             1             16  org.springframework.cloud.client.CommonsClientAutoConfiguration
5914:             1             16  org.springframework.cloud.client.CommonsClientAutoConfiguration$ActuatorConfiguration
5915:             1             16  org.springframework.cloud.client.CommonsClientAutoConfiguration$DiscoveryLoadBalancerConfiguration
5916:             1             16  org.springframework.cloud.client.ReactiveCommonsClientAutoConfiguration
5917:             1             16  org.springframework.cloud.client.discovery.composite.CompositeDiscoveryClient
5918:             1             16  org.springframework.cloud.client.discovery.composite.CompositeDiscoveryClientAutoConfiguration
5919:             1             16  org.springframework.cloud.client.discovery.health.DiscoveryClientHealthIndicatorProperties
5920:             1             16  org.springframework.cloud.client.discovery.health.DiscoveryCompositeHealthContributor
5921:             1             16  org.springframework.cloud.client.discovery.health.DiscoveryCompositeHealthContributor$$Lambda$688/1094199074
5922:             1             16  org.springframework.cloud.client.discovery.simple.SimpleDiscoveryClient
5923:             1             16  org.springframework.cloud.client.loadbalancer.AsyncLoadBalancerAutoConfiguration
5924:             1             16  org.springframework.cloud.client.loadbalancer.AsyncLoadBalancerAutoConfiguration$AsyncRestTemplateCustomizerConfig
5925:             1             16  org.springframework.cloud.client.loadbalancer.AsyncLoadBalancerAutoConfiguration$LoadBalancerInterceptorConfig
5926:             1             16  org.springframework.cloud.client.loadbalancer.AsyncLoadBalancerInterceptor
5927:             1             16  org.springframework.cloud.client.loadbalancer.LoadBalancerAutoConfiguration$LoadBalancerInterceptorConfig
5928:             1             16  org.springframework.cloud.client.loadbalancer.LoadBalancerAutoConfiguration$LoadBalancerInterceptorConfig$$Lambda$898/1206180304
5929:             1             16  org.springframework.cloud.client.loadbalancer.LoadBalancerRetryProperties
5930:             1             16  org.springframework.cloud.client.loadbalancer.reactive.LoadBalancerProperties
5931:             1             16  org.springframework.cloud.client.serviceregistry.AutoServiceRegistrationConfiguration
5932:             1             16  org.springframework.cloud.client.serviceregistry.AutoServiceRegistrationProperties
5933:             1             16  org.springframework.cloud.client.serviceregistry.ServiceRegistryAutoConfiguration
5934:             1             16  org.springframework.cloud.commons.httpclient.DefaultApacheHttpClientConnectionManagerFactory
5935:             1             16  org.springframework.cloud.commons.httpclient.DefaultApacheHttpClientFactory
5936:             1             16  org.springframework.cloud.commons.util.InetUtils$$Lambda$75/1874154700
5937:             1             16  org.springframework.cloud.commons.util.UtilAutoConfiguration
5938:             1             16  org.springframework.cloud.configuration.CompatibilityVerifierAutoConfiguration
5939:             1             16  org.springframework.cloud.configuration.CompositeCompatibilityVerifier
5940:             1             16  org.springframework.cloud.configuration.SpringBootVersionVerifier$2
5941:             1             16  org.springframework.cloud.configuration.SpringBootVersionVerifier$3
5942:             1             16  org.springframework.cloud.configuration.SpringBootVersionVerifier$4
5943:             1             16  org.springframework.cloud.configuration.SpringBootVersionVerifier$5
5944:             1             16  org.springframework.cloud.configuration.SpringBootVersionVerifier$6
5945:             1             16  org.springframework.cloud.consul.config.ConfigWatch$$Lambda$906/592088871
5946:             1             16  org.springframework.cloud.consul.config.ConsulConfigAutoConfiguration
5947:             1             16  org.springframework.cloud.consul.config.ConsulConfigAutoConfiguration$ConsulRefreshConfiguration
5948:             1             16  org.springframework.cloud.consul.config.ConsulConfigBootstrapConfiguration
5949:             1             16  org.springframework.cloud.consul.config.ConsulConfigBootstrapConfiguration$ConsulPropertySourceConfiguration
5950:             1             16  org.springframework.cloud.consul.discovery.ConsulCatalogWatch$$Lambda$907/1778801068
5951:             1             16  org.springframework.cloud.consul.discovery.ConsulCatalogWatchAutoConfiguration
5952:             1             16  org.springframework.cloud.consul.discovery.ConsulDiscoveryClientConfiguration
5953:             1             16  org.springframework.cloud.consul.discovery.ConsulDiscoveryProperties$Lifecycle
5954:             1             16  org.springframework.cloud.consul.discovery.HeartbeatProperties$$EnhancerBySpringCGLIB$$eb429931$$FastClassBySpringCGLIB$$b16c0c87
5955:             1             16  org.springframework.cloud.consul.discovery.HeartbeatProperties$$FastClassBySpringCGLIB$$e6bdcceb
5956:             1             16  org.springframework.cloud.consul.discovery.RibbonConsulAutoConfiguration
5957:             1             16  org.springframework.cloud.consul.serviceregistry.ConsulAutoServiceRegistrationAutoConfiguration
5958:             1             16  org.springframework.cloud.consul.serviceregistry.ConsulAutoServiceRegistrationAutoConfiguration$ConsulServletConfiguration
5959:             1             16  org.springframework.cloud.consul.serviceregistry.ConsulAutoServiceRegistrationListener
5960:             1             16  org.springframework.cloud.consul.serviceregistry.ConsulServiceRegistryAutoConfiguration
5961:             1             16  org.springframework.cloud.consul.serviceregistry.ConsulServletRegistrationCustomizer
5962:             1             16  org.springframework.cloud.context.scope.GenericScope$BeanLifecycleWrapperCache
5963:             1             16  org.springframework.cloud.context.scope.StandardScopeCache
5964:             1             16  org.springframework.cloud.loadbalancer.config.BlockingLoadBalancerClientAutoConfiguration
5965:             1             16  org.springframework.cloud.loadbalancer.config.BlockingLoadBalancerClientAutoConfiguration$BlockingLoadBalancerClientRibbonWarnLogger
5966:             1             16  org.springframework.cloud.loadbalancer.config.LoadBalancerAutoConfiguration
5967:             1             16  org.springframework.cloud.loadbalancer.config.LoadBalancerAutoConfiguration$$Lambda$897/708350323
5968:             1             16  org.springframework.cloud.loadbalancer.config.LoadBalancerZoneConfig
5969:             1             16  org.springframework.cloud.logging.LoggingRebinder$$Lambda$337/1302227152
5970:             1             16  org.springframework.cloud.netflix.archaius.ArchaiusAutoConfiguration$ArchaiusEndpointConfiguration
5971:             1             16  org.springframework.cloud.netflix.archaius.ArchaiusAutoConfiguration$PropagateEventsConfiguration
5972:             1             16  org.springframework.cloud.netflix.hystrix.HystrixAutoConfiguration
5973:             1             16  org.springframework.cloud.netflix.hystrix.HystrixAutoConfiguration$HystrixMetricsConfiguration
5974:             1             16  org.springframework.cloud.netflix.hystrix.HystrixAutoConfiguration$HystrixServletAutoConfiguration
5975:             1             16  org.springframework.cloud.netflix.hystrix.HystrixCircuitBreakerAutoConfiguration
5976:             1             16  org.springframework.cloud.netflix.hystrix.HystrixCircuitBreakerConfiguration
5977:             1             16  org.springframework.cloud.netflix.hystrix.HystrixCircuitBreakerConfiguration$HystrixShutdownHook
5978:             1             16  org.springframework.cloud.netflix.hystrix.HystrixCircuitBreakerFactory$$Lambda$901/255041198
5979:             1             16  org.springframework.cloud.netflix.hystrix.HystrixProperties
5980:             1             16  org.springframework.cloud.netflix.hystrix.ReactiveHystrixCircuitBreakerAutoConfiguration
5981:             1             16  org.springframework.cloud.netflix.hystrix.ReactiveHystrixCircuitBreakerFactory$$Lambda$903/1198158701
5982:             1             16  org.springframework.cloud.netflix.ribbon.$Proxy203
5983:             1             16  org.springframework.cloud.netflix.ribbon.RibbonLoadBalancerClient
5984:             1             16  org.springframework.cloud.netflix.ribbon.ServerIntrospectorProperties
5985:             1             16  org.springframework.cloud.openfeign.FeignAutoConfiguration
5986:             1             16  org.springframework.cloud.openfeign.FeignAutoConfiguration$HystrixFeignTargeterConfiguration
5987:             1             16  org.springframework.cloud.openfeign.HystrixTargeter
5988:             1             16  org.springframework.cloud.openfeign.ribbon.DefaultFeignLoadBalancedConfiguration
5989:             1             16  org.springframework.cloud.openfeign.ribbon.FeignRibbonClientAutoConfiguration
5990:             1             16  org.springframework.cloud.openfeign.ribbon.LoadBalancerFeignClient$$EnhancerBySpringCGLIB$$d6e023b4$$FastClassBySpringCGLIB$$85518dfa
5991:             1             16  org.springframework.cloud.openfeign.ribbon.LoadBalancerFeignClient$$FastClassBySpringCGLIB$$fb8167ef
5992:             1             16  org.springframework.cloud.openfeign.support.FeignUtils$$Lambda$723/1911168986
5993:             1             16  org.springframework.cloud.sleuth.DefaultSpanNamer
5994:             1             16  org.springframework.cloud.sleuth.annotation.DefaultSpanCreator
5995:             1             16  org.springframework.cloud.sleuth.annotation.NoOpTagValueResolver
5996:             1             16  org.springframework.cloud.sleuth.annotation.SleuthAdvisorConfig$AnnotationClassOrMethodOrArgsPointcut
5997:             1             16  org.springframework.cloud.sleuth.annotation.SleuthAnnotationAutoConfiguration
5998:             1             16  org.springframework.cloud.sleuth.annotation.SpelTagValueExpressionResolver
5999:             1             16  org.springframework.cloud.sleuth.autoconfig.TraceAutoConfiguration
6000:             1             16  org.springframework.cloud.sleuth.autoconfig.TraceAutoConfiguration$$Lambda$655/1469907228
6001:             1             16  org.springframework.cloud.sleuth.autoconfig.TraceAutoConfiguration$TraceMetricsMicrometerConfiguration
6002:             1             16  org.springframework.cloud.sleuth.autoconfig.TraceAutoConfiguration$TraceMetricsMicrometerConfiguration$NoReporterMetricsBeanConfiguration
6003:             1             16  org.springframework.cloud.sleuth.autoconfig.TraceBaggageConfiguration
6004:             1             16  org.springframework.cloud.sleuth.instrument.async.AsyncAutoConfiguration
6005:             1             16  org.springframework.cloud.sleuth.instrument.async.AsyncDefaultAutoConfiguration
6006:             1             16  org.springframework.cloud.sleuth.instrument.async.AsyncDefaultAutoConfiguration$DefaultAsyncConfigurerSupport
6007:             1             16  org.springframework.cloud.sleuth.instrument.async.SleuthAsyncProperties
6008:             1             16  org.springframework.cloud.sleuth.instrument.circuitbreaker.SleuthCircuitBreakerAutoConfiguration
6009:             1             16  org.springframework.cloud.sleuth.instrument.circuitbreaker.SleuthCircuitBreakerProperties
6010:             1             16  org.springframework.cloud.sleuth.instrument.circuitbreaker.TraceCircuitBreakerFactoryAspect
6011:             1             16  org.springframework.cloud.sleuth.instrument.hystrix.SleuthHystrixAutoConfiguration
6012:             1             16  org.springframework.cloud.sleuth.instrument.hystrix.SleuthHystrixConcurrencyStrategyProperties
6013:             1             16  org.springframework.cloud.sleuth.instrument.messaging.$Proxy127
6014:             1             16  org.springframework.cloud.sleuth.instrument.messaging.TraceMessagingAutoConfiguration
6015:             1             16  org.springframework.cloud.sleuth.instrument.reactor.HookRegisteringBeanDefinitionRegistryPostProcessor
6016:             1             16  org.springframework.cloud.sleuth.instrument.reactor.HookRegisteringBeanDefinitionRegistryPostProcessor$$Lambda$369/790094605
6017:             1             16  org.springframework.cloud.sleuth.instrument.reactor.SleuthReactorProperties
6018:             1             16  org.springframework.cloud.sleuth.instrument.reactor.TraceReactorAutoConfiguration
6019:             1             16  org.springframework.cloud.sleuth.instrument.reactor.TraceReactorAutoConfiguration$TraceReactorConfiguration
6020:             1             16  org.springframework.cloud.sleuth.instrument.rpc.TraceRpcAutoConfiguration
6021:             1             16  org.springframework.cloud.sleuth.instrument.rxjava.RxJavaAutoConfiguration
6022:             1             16  org.springframework.cloud.sleuth.instrument.rxjava.SleuthRxJavaSchedulersProperties$Hook
6023:             1             16  org.springframework.cloud.sleuth.instrument.scheduling.TraceSchedulingAutoConfiguration
6024:             1             16  org.springframework.cloud.sleuth.instrument.web.TraceHttpAutoConfiguration
6025:             1             16  org.springframework.cloud.sleuth.instrument.web.TraceKeys
6026:             1             16  org.springframework.cloud.sleuth.instrument.web.TraceWebAutoConfiguration
6027:             1             16  org.springframework.cloud.sleuth.instrument.web.TraceWebAutoConfiguration$$Lambda$680/605705199
6028:             1             16  org.springframework.cloud.sleuth.instrument.web.TraceWebAutoConfiguration$$Lambda$681/876823802
6029:             1             16  org.springframework.cloud.sleuth.instrument.web.TraceWebAutoConfiguration$$Lambda$682/47918293
6030:             1             16  org.springframework.cloud.sleuth.instrument.web.TraceWebAutoConfiguration$$Lambda$711/726051009
6031:             1             16  org.springframework.cloud.sleuth.instrument.web.TraceWebAutoConfiguration$ActuatorSkipPatternProviderConfig
6032:             1             16  org.springframework.cloud.sleuth.instrument.web.TraceWebAutoConfiguration$DefaultSkipPatternConfig
6033:             1             16  org.springframework.cloud.sleuth.instrument.web.TraceWebAutoConfiguration$DefaultSkipPatternConfig$$Lambda$678/608817143
6034:             1             16  org.springframework.cloud.sleuth.instrument.web.TraceWebAutoConfiguration$ManagementSkipPatternProviderConfig
6035:             1             16  org.springframework.cloud.sleuth.instrument.web.TraceWebMvcConfigurer
6036:             1             16  org.springframework.cloud.sleuth.instrument.web.TraceWebServletAutoConfiguration
6037:             1             16  org.springframework.cloud.sleuth.instrument.web.TraceWebServletAutoConfiguration$TraceWebMvcAutoConfiguration
6038:             1             16  org.springframework.cloud.sleuth.instrument.web.client.TraceRestTemplateBeanPostProcessor
6039:             1             16  org.springframework.cloud.sleuth.instrument.web.client.TraceRestTemplateCustomizer
6040:             1             16  org.springframework.cloud.sleuth.instrument.web.client.TraceWebAsyncClientAutoConfiguration
6041:             1             16  org.springframework.cloud.sleuth.instrument.web.client.TraceWebClientAutoConfiguration
6042:             1             16  org.springframework.cloud.sleuth.instrument.web.client.TraceWebClientAutoConfiguration$HttpClientBuilderConfig
6043:             1             16  org.springframework.cloud.sleuth.instrument.web.client.TraceWebClientAutoConfiguration$RestTemplateConfig
6044:             1             16  org.springframework.cloud.sleuth.instrument.web.client.TraceWebClientAutoConfiguration$RestTemplateConfig$TraceInterceptorConfiguration
6045:             1             16  org.springframework.cloud.sleuth.instrument.web.client.feign.FeignContextBeanPostProcessor
6046:             1             16  org.springframework.cloud.sleuth.instrument.web.client.feign.TraceFeignAspect
6047:             1             16  org.springframework.cloud.sleuth.instrument.web.client.feign.TraceFeignClientAutoConfiguration
6048:             1             16  org.springframework.cloud.sleuth.instrument.web.client.feign.TraceFeignClientAutoConfiguration$FeignBeanPostProcessorConfiguration
6049:             1             16  org.springframework.cloud.sleuth.log.SleuthLogAutoConfiguration
6050:             1             16  org.springframework.cloud.sleuth.log.SleuthLogAutoConfiguration$Slf4jConfiguration
6051:             1             16  org.springframework.cloud.sleuth.log.Slf4jScopeDecorator
6052:             1             16  org.springframework.cloud.sleuth.propagation.SleuthTagPropagationAutoConfiguration
6053:             1             16  org.springframework.cloud.sleuth.propagation.SleuthTagPropagationAutoConfiguration$TagPropagationConfiguration
6054:             1             16  org.springframework.cloud.sleuth.sampler.RateLimitingSampler
6055:             1             16  org.springframework.cloud.sleuth.sampler.SamplerAutoConfiguration
6056:             1             16  org.springframework.cloud.sleuth.sampler.SamplerAutoConfiguration$RefreshScopedSamplerConfiguration
6057:             1             16  org.springframework.cloud.sleuth.zipkin2.DefaultZipkinRestTemplateCustomizer
6058:             1             16  org.springframework.cloud.sleuth.zipkin2.ZipkinAutoConfiguration
6059:             1             16  org.springframework.cloud.sleuth.zipkin2.ZipkinBackwardsCompatibilityAutoConfiguration
6060:             1             16  org.springframework.cloud.sleuth.zipkin2.ZipkinBackwardsCompatibilityAutoConfiguration$BackwardsCompatibilityCondition
6061:             1             16  org.springframework.cloud.sleuth.zipkin2.ZipkinProperties$Compression
6062:             1             16  org.springframework.cloud.sleuth.zipkin2.ZipkinProperties$Locator
6063:             1             16  org.springframework.cloud.sleuth.zipkin2.ZipkinProperties$Service
6064:             1             16  org.springframework.cloud.sleuth.zipkin2.sender.ZipkinRestTemplateSenderConfiguration
6065:             1             16  org.springframework.cloud.sleuth.zipkin2.sender.ZipkinRestTemplateSenderConfiguration$DiscoveryClientZipkinUrlExtractorConfiguration
6066:             1             16  org.springframework.cloud.sleuth.zipkin2.sender.ZipkinRestTemplateSenderConfiguration$DiscoveryClientZipkinUrlExtractorConfiguration$ZipkinClientLoadBalancedConfiguration
6067:             1             16  org.springframework.cloud.sleuth.zipkin2.sender.ZipkinSenderCondition
6068:             1             16  org.springframework.cloud.sleuth.zipkin2.sender.ZipkinSenderProperties
6069:             1             16  org.springframework.cloud.util.random.CachedRandomPropertySourceAutoConfiguration
6070:             1             16  org.springframework.context.annotation.AnnotationBeanNameGenerator
6071:             1             16  org.springframework.context.annotation.ConfigurationClassEnhancer$BeanFactoryAwareMethodInterceptor
6072:             1             16  org.springframework.context.annotation.ConfigurationClassEnhancer$BeanMethodInterceptor
6073:             1             16  org.springframework.context.annotation.ConfigurationClassParser$$Lambda$207/11003494
6074:             1             16  org.springframework.context.annotation.ConfigurationClassParser$$Lambda$208/817406040
6075:             1             16  org.springframework.context.annotation.ConfigurationClassPostProcessor$$Lambda$206/1731722639
6076:             1             16  org.springframework.context.annotation.FullyQualifiedAnnotationBeanNameGenerator
6077:             1             16  org.springframework.context.event.EventListenerMethodProcessor$$Lambda$323/1543148593
6078:             1             16  org.springframework.context.index.CandidateComponentsIndexLoader$$Lambda$183/1459794865
6079:             1             16  org.springframework.core.$Proxy137
6080:             1             16  org.springframework.core.$Proxy92
6081:             1             16  org.springframework.core.OrderComparator
6082:             1             16  org.springframework.core.ReactiveAdapterRegistry$ReactorRegistrar$$Lambda$782/173059685
6083:             1             16  org.springframework.core.ReactiveAdapterRegistry$ReactorRegistrar$$Lambda$783/1585711807
6084:             1             16  org.springframework.core.ReactiveAdapterRegistry$ReactorRegistrar$$Lambda$784/1457417579
6085:             1             16  org.springframework.core.ReactiveAdapterRegistry$ReactorRegistrar$$Lambda$785/1338770454
6086:             1             16  org.springframework.core.ReactiveAdapterRegistry$ReactorRegistrar$$Lambda$786/836972194
6087:             1             16  org.springframework.core.ReactiveAdapterRegistry$ReactorRegistrar$$Lambda$787/343128256
6088:             1             16  org.springframework.core.ReactiveAdapterRegistry$ReactorRegistrar$$Lambda$788/1532756055
6089:             1             16  org.springframework.core.ReactiveAdapterRegistry$ReactorRegistrar$$Lambda$789/1956598686
6090:             1             16  org.springframework.core.ReactiveAdapterRegistry$ReactorRegistrar$$Lambda$790/1554118033
6091:             1             16  org.springframework.core.ReactiveAdapterRegistry$ReactorRegistrar$$Lambda$791/1861754673
6092:             1             16  org.springframework.core.ReactiveAdapterRegistry$ReactorRegistrar$$Lambda$792/1618326227
6093:             1             16  org.springframework.core.ReactiveAdapterRegistry$ReactorRegistrar$$Lambda$793/866901553
6094:             1             16  org.springframework.core.ReactiveAdapterRegistry$RxJava1Registrar$$Lambda$794/1788256184
6095:             1             16  org.springframework.core.ReactiveAdapterRegistry$RxJava1Registrar$$Lambda$795/807986446
6096:             1             16  org.springframework.core.ReactiveAdapterRegistry$RxJava1Registrar$$Lambda$796/190153364
6097:             1             16  org.springframework.core.ReactiveAdapterRegistry$RxJava1Registrar$$Lambda$797/766101
6098:             1             16  org.springframework.core.ReactiveAdapterRegistry$RxJava1Registrar$$Lambda$798/665512315
6099:             1             16  org.springframework.core.ReactiveAdapterRegistry$RxJava1Registrar$$Lambda$799/1562249660
6100:             1             16  org.springframework.core.ReactiveAdapterRegistry$RxJava1Registrar$$Lambda$800/1272744797
6101:             1             16  org.springframework.core.ReactiveAdapterRegistry$RxJava1Registrar$$Lambda$801/1003307628
6102:             1             16  org.springframework.core.ReactiveAdapterRegistry$RxJava2Registrar$$Lambda$802/1573125303
6103:             1             16  org.springframework.core.ReactiveAdapterRegistry$RxJava2Registrar$$Lambda$803/1989219205
6104:             1             16  org.springframework.core.ReactiveAdapterRegistry$RxJava2Registrar$$Lambda$804/1416097444
6105:             1             16  org.springframework.core.ReactiveAdapterRegistry$RxJava2Registrar$$Lambda$805/2054787417
6106:             1             16  org.springframework.core.ReactiveAdapterRegistry$RxJava2Registrar$$Lambda$806/67811496
6107:             1             16  org.springframework.core.ReactiveAdapterRegistry$RxJava2Registrar$$Lambda$807/1878225987
6108:             1             16  org.springframework.core.ReactiveAdapterRegistry$RxJava2Registrar$$Lambda$808/1707901480
6109:             1             16  org.springframework.core.ReactiveAdapterRegistry$RxJava2Registrar$$Lambda$809/1393112209
6110:             1             16  org.springframework.core.ReactiveAdapterRegistry$RxJava2Registrar$$Lambda$810/1991386317
6111:             1             16  org.springframework.core.ReactiveAdapterRegistry$RxJava2Registrar$$Lambda$811/2012095985
6112:             1             16  org.springframework.core.ReactiveAdapterRegistry$RxJava2Registrar$$Lambda$812/1842952737
6113:             1             16  org.springframework.core.ReactiveAdapterRegistry$RxJava2Registrar$$Lambda$813/810169941
6114:             1             16  org.springframework.core.ReactiveAdapterRegistry$RxJava2Registrar$$Lambda$814/915233792
6115:             1             16  org.springframework.core.ReactiveAdapterRegistry$RxJava2Registrar$$Lambda$815/312565954
6116:             1             16  org.springframework.core.ResolvableType$EmptyType
6117:             1             16  org.springframework.core.SortedProperties$$Lambda$157/395629617
6118:             1             16  org.springframework.core.annotation.AbstractMergedAnnotation$$Lambda$195/1519280649
6119:             1             16  org.springframework.core.annotation.AnnotatedElementUtils$$Lambda$325/932285561
6120:             1             16  org.springframework.core.annotation.AnnotationFilter$1
6121:             1             16  org.springframework.core.annotation.AnnotationFilter$2
6122:             1             16  org.springframework.core.annotation.AnnotationTypeMapping$$Lambda$186/1795799895
6123:             1             16  org.springframework.core.annotation.AnnotationTypeMapping$$Lambda$187/1376400422
6124:             1             16  org.springframework.core.annotation.AnnotationTypeMappings$$Lambda$32/519569038
6125:             1             16  org.springframework.core.annotation.AnnotationUtils$$Lambda$250/266437232
6126:             1             16  org.springframework.core.annotation.AnnotationUtils$$Lambda$251/1361289747
6127:             1             16  org.springframework.core.annotation.AnnotationUtils$$Lambda$253/999609945
6128:             1             16  org.springframework.core.annotation.AnnotationUtils$$Lambda$286/1500608548
6129:             1             16  org.springframework.core.annotation.AnnotationUtils$$Lambda$383/203149502
6130:             1             16  org.springframework.core.annotation.AnnotationUtils$$Lambda$999/1876259196
6131:             1             16  org.springframework.core.annotation.AttributeMethods$$Lambda$27/654582261
6132:             1             16  org.springframework.core.annotation.AttributeMethods$$Lambda$28/1389647288
6133:             1             16  org.springframework.core.annotation.MergedAnnotationCollectors$$Lambda$1336/1509022468
6134:             1             16  org.springframework.core.annotation.MergedAnnotationCollectors$$Lambda$1337/1554164951
6135:             1             16  org.springframework.core.annotation.MergedAnnotationCollectors$$Lambda$1338/2091340410
6136:             1             16  org.springframework.core.annotation.MergedAnnotationCollectors$$Lambda$1339/1509229553
6137:             1             16  org.springframework.core.annotation.MergedAnnotationCollectors$$Lambda$225/733957003
6138:             1             16  org.springframework.core.annotation.MergedAnnotationCollectors$$Lambda$227/1392425346
6139:             1             16  org.springframework.core.annotation.MergedAnnotationSelectors$FirstDirectlyDeclared
6140:             1             16  org.springframework.core.annotation.MergedAnnotationSelectors$Nearest
6141:             1             16  org.springframework.core.annotation.MissingMergedAnnotation
6142:             1             16  org.springframework.core.annotation.RepeatableContainers$NoRepeatableContainers
6143:             1             16  org.springframework.core.annotation.RepeatableContainers$StandardRepeatableContainers
6144:             1             16  org.springframework.core.annotation.RepeatableContainers$StandardRepeatableContainers$$Lambda$29/1634198
6145:             1             16  org.springframework.core.annotation.TypeMappedAnnotation$$Lambda$213/1325808650
6146:             1             16  org.springframework.core.annotation.TypeMappedAnnotation$$Lambda$228/2054574951
6147:             1             16  org.springframework.core.annotation.TypeMappedAnnotation$$Lambda$252/1381128261
6148:             1             16  org.springframework.core.annotation.TypeMappedAnnotation$$Lambda$33/1729199940
6149:             1             16  org.springframework.core.annotation.TypeMappedAnnotation$$Lambda$339/1287934450
6150:             1             16  org.springframework.core.convert.support.GenericConversionService$Converters$$Lambda$40/1950914050
6151:             1             16  org.springframework.core.io.DefaultResourceLoader$$Lambda$182/1164371389
6152:             1             16  org.springframework.core.io.support.DefaultPropertySourceFactory
6153:             1             16  org.springframework.core.log.CompositeLog$$Lambda$92/2076371460
6154:             1             16  org.springframework.core.log.CompositeLog$$Lambda$93/509990212
6155:             1             16  org.springframework.core.log.CompositeLog$$Lambda$94/1582497271
6156:             1             16  org.springframework.core.log.CompositeLog$$Lambda$95/2129749557
6157:             1             16  org.springframework.core.log.CompositeLog$$Lambda$96/302981413
6158:             1             16  org.springframework.core.log.CompositeLog$$Lambda$97/586156501
6159:             1             16  org.springframework.core.type.AnnotatedTypeMetadata$$Lambda$222/2048834776
6160:             1             16  org.springframework.core.type.AnnotatedTypeMetadata$$Lambda$223/1605283233
6161:             1             16  org.springframework.core.type.AnnotatedTypeMetadata$$Lambda$224/245475541
6162:             1             16  org.springframework.core.type.AnnotationMetadata$$Lambda$189/1815546035
6163:             1             16  org.springframework.core.type.AnnotationMetadata$$Lambda$190/25548982
6164:             1             16  org.springframework.core.type.AnnotationMetadata$$Lambda$191/1735934726
6165:             1             16  org.springframework.core.type.AnnotationMetadata$$Lambda$197/916419490
6166:             1             16  org.springframework.core.type.AnnotationMetadata$$Lambda$198/522764626
6167:             1             16  org.springframework.core.type.AnnotationMetadata$$Lambda$199/2106620844
6168:             1             16  org.springframework.core.type.AnnotationMetadata$$Lambda$340/1803669141
6169:             1             16  org.springframework.expression.spel.support.ReflectiveMethodResolver$$Lambda$342/953742666
6170:             1             16  org.springframework.http.HttpHeaders$$Lambda$1350/730473033
6171:             1             16  org.springframework.http.MediaType$$Lambda$91/1904871106
6172:             1             16  org.springframework.http.MediaType$1
6173:             1             16  org.springframework.http.ReadOnlyHttpHeaders$$Lambda$674/1098463041
6174:             1             16  org.springframework.http.ReadOnlyHttpHeaders$$Lambda$675/1935319337
6175:             1             16  org.springframework.http.ReadOnlyHttpHeaders$$Lambda$676/1165589150
6176:             1             16  org.springframework.http.converter.json.AbstractJackson2HttpMessageConverter$$Lambda$101/505831038
6177:             1             16  org.springframework.http.converter.json.SpringHandlerInstantiator
6178:             1             16  org.springframework.http.converter.xml.Jaxb2RootElementHttpMessageConverter$$Lambda$100/1690745954
6179:             1             16  org.springframework.http.converter.xml.SourceHttpMessageConverter$$Lambda$98/463565163
6180:             1             16  org.springframework.http.converter.xml.SourceHttpMessageConverter$$Lambda$99/1214576958
6181:             1             16  org.springframework.plugin.core.PluginRegistrySupport$$Lambda$769/1767532961
6182:             1             16  org.springframework.scheduling.support.TaskUtils$LoggingErrorHandler
6183:             1             16  org.springframework.scheduling.support.TaskUtils$PropagatingErrorHandler
6184:             1             16  org.springframework.util.ClassUtils$$Lambda$343/891093184
6185:             1             16  org.springframework.util.ConcurrentReferenceHashMap$EntrySet
6186:             1             16  org.springframework.util.MimeType$SpecificityComparator
6187:             1             16  org.springframework.util.MimeTypeUtils$$Lambda$672/1557992434
6188:             1             16  org.springframework.util.MultiValueMapAdapter$$Lambda$1349/1332198936
6189:             1             16  org.springframework.util.MultiValueMapAdapter$$Lambda$21/1451043227
6190:             1             16  org.springframework.util.ReflectionUtils$$Lambda$23/1359044626
6191:             1             16  org.springframework.util.ReflectionUtils$$Lambda$24/353842779
6192:             1             16  org.springframework.util.comparator.ComparableComparator
6193:             1             16  org.springframework.util.comparator.InstanceComparator
6194:             1             16  org.springframework.validation.beanvalidation.MethodValidationInterceptor
6195:             1             16  org.springframework.web.accept.ContentNegotiationManager$$Lambda$841/1095849663
6196:             1             16  org.springframework.web.accept.MappingMediaTypeFileExtensionResolver$$Lambda$738/1811880447
6197:             1             16  org.springframework.web.bind.support.DefaultSessionAttributeStore
6198:             1             16  org.springframework.web.client.RestTemplate$AcceptHeaderRequestCallback$$Lambda$671/1472862942
6199:             1             16  org.springframework.web.context.request.SessionScope
6200:             1             16  org.springframework.web.context.request.async.TimeoutCallableProcessingInterceptor
6201:             1             16  org.springframework.web.context.request.async.TimeoutDeferredResultProcessingInterceptor
6202:             1             16  org.springframework.web.context.support.WebApplicationContextUtils$RequestObjectFactory
6203:             1             16  org.springframework.web.context.support.WebApplicationContextUtils$ResponseObjectFactory
6204:             1             16  org.springframework.web.context.support.WebApplicationContextUtils$SessionObjectFactory
6205:             1             16  org.springframework.web.context.support.WebApplicationContextUtils$WebRequestObjectFactory
6206:             1             16  org.springframework.web.method.HandlerTypePredicate$Builder$$Lambda$837/482032955
6207:             1             16  org.springframework.web.method.annotation.ErrorsMethodArgumentResolver
6208:             1             16  org.springframework.web.method.annotation.ExceptionHandlerMethodResolver$$Lambda$864/142261320
6209:             1             16  org.springframework.web.method.annotation.RequestHeaderMapMethodArgumentResolver
6210:             1             16  org.springframework.web.method.annotation.SessionStatusMethodArgumentResolver
6211:             1             16  org.springframework.web.multipart.support.StandardServletMultipartResolver
6212:             1             16  org.springframework.web.servlet.config.annotation.InterceptorRegistry$$Lambda$739/1495257933
6213:             1             16  org.springframework.web.servlet.config.annotation.InterceptorRegistry$$Lambda$740/399149970
6214:             1             16  org.springframework.web.servlet.config.annotation.WebMvcConfigurerComposite
6215:             1             16  org.springframework.web.servlet.function.support.HandlerFunctionAdapter
6216:             1             16  org.springframework.web.servlet.function.support.RouterFunctionMapping$$Lambda$844/203936099
6217:             1             16  org.springframework.web.servlet.handler.AbstractHandlerMethodMapping$EmptyHandler
6218:             1             16  org.springframework.web.servlet.handler.ConversionServiceExposingInterceptor
6219:             1             16  org.springframework.web.servlet.mvc.HttpRequestHandlerAdapter
6220:             1             16  org.springframework.web.servlet.mvc.SimpleControllerHandlerAdapter
6221:             1             16  org.springframework.web.servlet.mvc.condition.ParamsRequestCondition
6222:             1             16  org.springframework.web.servlet.mvc.condition.RequestConditionHolder
6223:             1             16  org.springframework.web.servlet.mvc.method.annotation.AsyncTaskMethodReturnValueHandler
6224:             1             16  org.springframework.web.servlet.mvc.method.annotation.CallableMethodReturnValueHandler
6225:             1             16  org.springframework.web.servlet.mvc.method.annotation.DeferredResultMethodReturnValueHandler
6226:             1             16  org.springframework.web.servlet.mvc.method.annotation.HttpHeadersReturnValueHandler
6227:             1             16  org.springframework.web.servlet.mvc.method.annotation.JsonViewRequestBodyAdvice
6228:             1             16  org.springframework.web.servlet.mvc.method.annotation.RequestMappingHandlerAdapter$$Lambda$780/1797159635
6229:             1             16  org.springframework.web.servlet.mvc.method.annotation.RequestMappingHandlerAdapter$$Lambda$781/1676010932
6230:             1             16  org.springframework.web.servlet.mvc.method.annotation.StreamingResponseBodyReturnValueHandler
6231:             1             16  org.springframework.web.servlet.mvc.method.annotation.UriComponentsBuilderMethodArgumentResolver
6232:             1             16  org.springframework.web.servlet.resource.ResourceUrlProviderExposingInterceptor
6233:             1             16  org.springframework.web.servlet.theme.FixedThemeResolver
6234:             1             16  org.springframework.web.servlet.view.AbstractCachingViewResolver$$Lambda$865/1014824123
6235:             1             16  org.springframework.web.servlet.view.AbstractCachingViewResolver$1
6236:             1             16  org.springframework.web.servlet.view.ContentNegotiatingViewResolver$1
6237:             1             16  org.springframework.web.util.HierarchicalUriComponents$1
6238:             1             16  org.yaml.snakeyaml.constructor.SafeConstructor$ConstructUndefined
6239:             1             16  org.yaml.snakeyaml.external.com.google.gdata.util.common.base.UnicodeEscaper$2
6240:             1             16  reactor.core.publisher.Operators$1
6241:             1             16  reactor.core.scheduler.Schedulers$$Lambda$370/1048712791
6242:             1             16  reactor.core.scheduler.Schedulers$$Lambda$371/1632670136
6243:             1             16  reactor.core.scheduler.Schedulers$$Lambda$372/1338905451
6244:             1             16  reactor.core.scheduler.Schedulers$$Lambda$373/1252540239
6245:             1             16  reactor.core.scheduler.Schedulers$$Lambda$374/1136005694
6246:             1             16  reactor.core.scheduler.Schedulers$$Lambda$375/638486177
6247:             1             16  reactor.core.scheduler.Schedulers$$Lambda$376/426019904
6248:             1             16  reactor.core.scheduler.Schedulers$$Lambda$377/314411620
6249:             1             16  reactor.core.scheduler.Schedulers$$Lambda$378/1642679791
6250:             1             16  reactor.core.scheduler.Schedulers$1
6251:             1             16  reactor.util.Loggers$Slf4JLoggerFactory
6252:             1             16  rx.BackpressureOverflow$DropLatest
6253:             1             16  rx.BackpressureOverflow$DropOldest
6254:             1             16  rx.BackpressureOverflow$Error
6255:             1             16  rx.functions.Actions$EmptyAction
6256:             1             16  rx.internal.operators.NotificationLite$1
6257:             1             16  rx.internal.operators.NotificationLite$2
6258:             1             16  rx.internal.operators.OperatorOnBackpressureDrop
6259:             1             16  rx.internal.producers.ProducerArbiter$1
6260:             1             16  rx.internal.schedulers.CachedThreadScheduler$CachedWorkerPool$2
6261:             1             16  rx.internal.schedulers.NewThreadScheduler
6262:             1             16  rx.internal.util.InternalObservableUtils$ErrorNotImplementedAction
6263:             1             16  rx.internal.util.InternalObservableUtils$NotificationErrorExtractor
6264:             1             16  rx.internal.util.InternalObservableUtils$ObjectEqualsFunc2
6265:             1             16  rx.internal.util.InternalObservableUtils$PlusOneFunc2
6266:             1             16  rx.internal.util.InternalObservableUtils$PlusOneLongFunc2
6267:             1             16  rx.internal.util.InternalObservableUtils$ReturnsVoidFunc1
6268:             1             16  rx.internal.util.InternalObservableUtils$ToArrayFunc1
6269:             1             16  rx.internal.util.RxThreadFactory$1
6270:             1             16  rx.observers.Observers$1
6271:             1             16  rx.plugins.RxJavaHooks$1
6272:             1             16  rx.plugins.RxJavaHooks$10
6273:             1             16  rx.plugins.RxJavaHooks$11
6274:             1             16  rx.plugins.RxJavaHooks$12
6275:             1             16  rx.plugins.RxJavaHooks$13
6276:             1             16  rx.plugins.RxJavaHooks$14
6277:             1             16  rx.plugins.RxJavaHooks$15
6278:             1             16  rx.plugins.RxJavaHooks$16
6279:             1             16  rx.plugins.RxJavaHooks$2
6280:             1             16  rx.plugins.RxJavaHooks$3
6281:             1             16  rx.plugins.RxJavaHooks$4
6282:             1             16  rx.plugins.RxJavaHooks$5
6283:             1             16  rx.plugins.RxJavaHooks$6
6284:             1             16  rx.plugins.RxJavaHooks$7
6285:             1             16  rx.plugins.RxJavaHooks$8
6286:             1             16  rx.plugins.RxJavaHooks$9
6287:             1             16  rx.plugins.RxJavaObservableExecutionHookDefault
6288:             1             16  rx.plugins.RxJavaPlugins$1
6289:             1             16  rx.plugins.RxJavaSchedulersHook
6290:             1             16  rx.subscriptions.BooleanSubscription$1
6291:             1             16  rx.subscriptions.Subscriptions$Unsubscribed
6292:             1             16  springfox.bean.validators.plugins.Validators$$Lambda$1006/66972878
6293:             1             16  springfox.bean.validators.plugins.parameter.ExpandedParameterMinMaxAnnotationPlugin
6294:             1             16  springfox.bean.validators.plugins.parameter.ExpandedParameterNotBlankAnnotationPlugin
6295:             1             16  springfox.bean.validators.plugins.parameter.ExpandedParameterNotNullAnnotationPlugin
6296:             1             16  springfox.bean.validators.plugins.parameter.ExpandedParameterPatternAnnotationPlugin
6297:             1             16  springfox.bean.validators.plugins.parameter.ExpandedParameterSizeAnnotationPlugin
6298:             1             16  springfox.bean.validators.plugins.parameter.MinMaxAnnotationPlugin
6299:             1             16  springfox.bean.validators.plugins.parameter.NotBlankAnnotationPlugin
6300:             1             16  springfox.bean.validators.plugins.parameter.NotNullAnnotationPlugin
6301:             1             16  springfox.bean.validators.plugins.parameter.PatternAnnotationPlugin
6302:             1             16  springfox.bean.validators.plugins.parameter.SizeAnnotationPlugin
6303:             1             16  springfox.bean.validators.plugins.schema.DecimalMinMaxAnnotationPlugin
6304:             1             16  springfox.bean.validators.plugins.schema.IsNullAnnotationPlugin
6305:             1             16  springfox.bean.validators.plugins.schema.IsNullAnnotationPlugin$$Lambda$1010/1022251996
6306:             1             16  springfox.bean.validators.plugins.schema.MinMaxAnnotationPlugin
6307:             1             16  springfox.bean.validators.plugins.schema.MinMaxAnnotationPlugin$$Lambda$1000/2117043942
6308:             1             16  springfox.bean.validators.plugins.schema.MinMaxAnnotationPlugin$$Lambda$1002/397822273
6309:             1             16  springfox.bean.validators.plugins.schema.MinMaxAnnotationPlugin$$Lambda$1003/1403815002
6310:             1             16  springfox.bean.validators.plugins.schema.MinMaxAnnotationPlugin$$Lambda$1004/1362501759
6311:             1             16  springfox.bean.validators.plugins.schema.NotBlankAnnotationPlugin
6312:             1             16  springfox.bean.validators.plugins.schema.NotBlankAnnotationPlugin$$Lambda$1012/1940737740
6313:             1             16  springfox.bean.validators.plugins.schema.NotNullAnnotationPlugin
6314:             1             16  springfox.bean.validators.plugins.schema.NotNullAnnotationPlugin$$Lambda$1011/688581408
6315:             1             16  springfox.bean.validators.plugins.schema.PatternAnnotationPlugin
6316:             1             16  springfox.bean.validators.plugins.schema.SizeAnnotationPlugin
6317:             1             16  springfox.bean.validators.plugins.schema.SizeAnnotationPlugin$$Lambda$1008/1410456976
6318:             1             16  springfox.documentation.RequestHandler$$Lambda$944/1851241961
6319:             1             16  springfox.documentation.builders.ApiListingBuilder$$Lambda$1271/327986890
6320:             1             16  springfox.documentation.builders.ApiListingBuilder$$Lambda$1273/161938368
6321:             1             16  springfox.documentation.builders.ApiListingBuilder$$Lambda$1274/203401172
6322:             1             16  springfox.documentation.builders.ApiListingBuilder$$Lambda$1277/2055288499
6323:             1             16  springfox.documentation.builders.BodyParameterSpecificationProvider
6324:             1             16  springfox.documentation.builders.BodyParameterSpecificationProvider$$Lambda$1157/1609754699
6325:             1             16  springfox.documentation.builders.BodyParameterSpecificationProvider$$Lambda$1158/1688526221
6326:             1             16  springfox.documentation.builders.CompoundModelSpecificationBuilder$$Lambda$1091/1904620350
6327:             1             16  springfox.documentation.builders.CompoundModelSpecificationBuilder$$Lambda$1093/921764975
6328:             1             16  springfox.documentation.builders.CompoundModelSpecificationBuilder$$Lambda$1094/1457075858
6329:             1             16  springfox.documentation.builders.ContentSpecificationBuilder$$Lambda$1146/1910492961
6330:             1             16  springfox.documentation.builders.ContentSpecificationBuilder$$Lambda$1152/810557024
6331:             1             16  springfox.documentation.builders.CookieParameterSpecificationProvider
6332:             1             16  springfox.documentation.builders.DocumentationBuilder$$Lambda$1310/576261694
6333:             1             16  springfox.documentation.builders.DocumentationBuilder$$Lambda$1311/1406851189
6334:             1             16  springfox.documentation.builders.DocumentationBuilder$$Lambda$1312/1601702534
6335:             1             16  springfox.documentation.builders.DocumentationBuilder$$Lambda$1313/1147943200
6336:             1             16  springfox.documentation.builders.DocumentationBuilder$$Lambda$1314/783218541
6337:             1             16  springfox.documentation.builders.DocumentationBuilder$$Lambda$1319/889074285
6338:             1             16  springfox.documentation.builders.FormParameterSpecificationProvider
6339:             1             16  springfox.documentation.builders.HeaderParameterSpecificationProvider
6340:             1             16  springfox.documentation.builders.ModelFacetsBuilder$$Lambda$1076/2055019335
6341:             1             16  springfox.documentation.builders.ModelFacetsBuilder$$Lambda$1077/1250816994
6342:             1             16  springfox.documentation.builders.ModelFacetsBuilder$$Lambda$1078/1033425208
6343:             1             16  springfox.documentation.builders.ModelSpecificationBuilder$$Lambda$1073/2052814491
6344:             1             16  springfox.documentation.builders.ModelSpecificationBuilder$$Lambda$1112/313149846
6345:             1             16  springfox.documentation.builders.MultipartFormDataParameterSpecificationProvider
6346:             1             16  springfox.documentation.builders.NoopValidator$$Lambda$1074/887230059
6347:             1             16  springfox.documentation.builders.NoopValidator$$Lambda$1075/363616706
6348:             1             16  springfox.documentation.builders.OperationBuilder$$Lambda$1101/1642319693
6349:             1             16  springfox.documentation.builders.OperationBuilder$$Lambda$1220/313869647
6350:             1             16  springfox.documentation.builders.OperationBuilder$$Lambda$1234/169049466
6351:             1             16  springfox.documentation.builders.OperationBuilder$$Lambda$1239/577037372
6352:             1             16  springfox.documentation.builders.ParameterMerger$$Lambda$1121/87845070
6353:             1             16  springfox.documentation.builders.ParameterMerger$$Lambda$1122/1872417052
6354:             1             16  springfox.documentation.builders.PathParameterSpecificationProvider
6355:             1             16  springfox.documentation.builders.PathSelectors$$Lambda$766/922992444
6356:             1             16  springfox.documentation.builders.PropertySpecificationBuilder$$Lambda$1080/15912555
6357:             1             16  springfox.documentation.builders.PropertySpecificationBuilder$$Lambda$1081/633683828
6358:             1             16  springfox.documentation.builders.PropertySpecificationBuilder$$Lambda$1082/1580153829
6359:             1             16  springfox.documentation.builders.QueryParameterSpecificationProvider
6360:             1             16  springfox.documentation.builders.RepresentationBuilder$$Lambda$1118/1843459456
6361:             1             16  springfox.documentation.builders.RepresentationBuilder$$Lambda$1119/1850301256
6362:             1             16  springfox.documentation.builders.RequestHandlerSelectors$$Lambda$763/196025267
6363:             1             16  springfox.documentation.builders.RequestHandlerSelectors$$Lambda$765/635001030
6364:             1             16  springfox.documentation.builders.RequestHandlerSelectors$$Lambda$767/886004375
6365:             1             16  springfox.documentation.builders.RequestParameterMerger$$Lambda$1170/801284613
6366:             1             16  springfox.documentation.builders.RequestParameterMerger$$Lambda$1171/679587143
6367:             1             16  springfox.documentation.builders.ResponseBuilder$$Lambda$1107/2081952435
6368:             1             16  springfox.documentation.builders.ResponseBuilder$$Lambda$754/1869177530
6369:             1             16  springfox.documentation.builders.SimpleParameterSpecificationBuilder$$Lambda$1300/1898167916
6370:             1             16  springfox.documentation.builders.SimpleParameterSpecificationBuilder$$Lambda$1301/31366484
6371:             1             16  springfox.documentation.builders.SimpleParameterSpecificationBuilder$$Lambda$1302/2007149130
6372:             1             16  springfox.documentation.oas.mappers.ExamplesMapperImpl
6373:             1             16  springfox.documentation.oas.mappers.OasLicenceMapper
6374:             1             16  springfox.documentation.oas.mappers.OasSecurityMapperImpl
6375:             1             16  springfox.documentation.oas.mappers.OasVendorExtensionsMapperImpl
6376:             1             16  springfox.documentation.oas.mappers.SchemaMapperImpl
6377:             1             16  springfox.documentation.oas.mappers.SecuritySchemeMapperImpl
6378:             1             16  springfox.documentation.oas.mappers.StyleEnumMapperImpl
6379:             1             16  springfox.documentation.oas.web.WebMvcBasePathAndHostnameTransformationFilter
6380:             1             16  springfox.documentation.schema.Annotations$$Lambda$1014/660915526
6381:             1             16  springfox.documentation.schema.Annotations$$Lambda$1015/1497983329
6382:             1             16  springfox.documentation.schema.CachingModelDependencyProvider$$Lambda$732/1944815218
6383:             1             16  springfox.documentation.schema.CachingModelProvider$$Lambda$733/1848163207
6384:             1             16  springfox.documentation.schema.CachingModelProvider$$Lambda$734/435175610
6385:             1             16  springfox.documentation.schema.DefaultGenericTypeNamingStrategy
6386:             1             16  springfox.documentation.schema.DefaultModelProvider$$Lambda$1022/173197870
6387:             1             16  springfox.documentation.schema.DefaultModelSpecificationProvider$$Lambda$1084/231191650
6388:             1             16  springfox.documentation.schema.JacksonEnumTypeDeterminer
6389:             1             16  springfox.documentation.schema.JacksonJsonViewProvider
6390:             1             16  springfox.documentation.schema.ModelReferenceProvider$$Lambda$1020/1992630936
6391:             1             16  springfox.documentation.schema.ModelSpecification$$Lambda$1097/956365425
6392:             1             16  springfox.documentation.schema.ResolvedTypes$$Lambda$972/727119352
6393:             1             16  springfox.documentation.schema.Types$$Lambda$986/1188671176
6394:             1             16  springfox.documentation.schema.Types$$Lambda$987/339186291
6395:             1             16  springfox.documentation.schema.WildcardType$$Lambda$971/255839577
6396:             1             16  springfox.documentation.schema.plugins.JsonIgnorePropertiesModelPlugin
6397:             1             16  springfox.documentation.schema.plugins.SchemaPluginsManager$$Lambda$1028/827099978
6398:             1             16  springfox.documentation.schema.plugins.SchemaPluginsManager$$Lambda$990/197449185
6399:             1             16  springfox.documentation.schema.plugins.XmlModelPlugin
6400:             1             16  springfox.documentation.schema.property.FactoryMethodProvider
6401:             1             16  springfox.documentation.schema.property.ObjectMapperBeanPropertyNamingStrategy
6402:             1             16  springfox.documentation.schema.property.OptimizedModelPropertiesProvider$$Lambda$1021/196717412
6403:             1             16  springfox.documentation.schema.property.OptimizedModelPropertiesProvider$$Lambda$1065/1839182545
6404:             1             16  springfox.documentation.schema.property.OptimizedModelPropertiesProvider$$Lambda$1083/466661605
6405:             1             16  springfox.documentation.schema.property.OptimizedModelPropertiesProvider$$Lambda$991/1013620810
6406:             1             16  springfox.documentation.schema.property.XmlPropertyPlugin
6407:             1             16  springfox.documentation.schema.property.XmlPropertyPlugin$$Lambda$1018/2021601975
6408:             1             16  springfox.documentation.schema.property.XmlPropertyPlugin$$Lambda$1019/1794068152
6409:             1             16  springfox.documentation.schema.property.bean.AccessorsProvider
6410:             1             16  springfox.documentation.schema.property.bean.AccessorsProvider$$Lambda$993/813780803
6411:             1             16  springfox.documentation.schema.property.bean.AccessorsProvider$$Lambda$994/534662976
6412:             1             16  springfox.documentation.schema.property.field.FieldProvider
6413:             1             16  springfox.documentation.service.ApiListing$$Lambda$1280/386311625
6414:             1             16  springfox.documentation.service.ContentSpecification$$Lambda$1153/681015501
6415:             1             16  springfox.documentation.service.ContentSpecification$$Lambda$1154/1955948959
6416:             1             16  springfox.documentation.service.ContentSpecification$$Lambda$1155/2082673402
6417:             1             16  springfox.documentation.service.ContentSpecification$$Lambda$1156/1286643712
6418:             1             16  springfox.documentation.service.Operation$$Lambda$1241/836386144
6419:             1             16  springfox.documentation.service.Operation$$Lambda$1242/1621939721
6420:             1             16  springfox.documentation.service.Operation$$Lambda$1243/1710000932
6421:             1             16  springfox.documentation.service.Operation$$Lambda$1244/1061806694
6422:             1             16  springfox.documentation.service.Representation$$Lambda$1120/492947164
6423:             1             16  springfox.documentation.service.Response$$Lambda$1235/1791014677
6424:             1             16  springfox.documentation.service.Response$$Lambda$1236/1183572822
6425:             1             16  springfox.documentation.service.Tags$$Lambda$1223/209748487
6426:             1             16  springfox.documentation.service.Tags$$Lambda$1288/870019773
6427:             1             16  springfox.documentation.service.Tags$$Lambda$1306/372898106
6428:             1             16  springfox.documentation.service.Tags$$Lambda$1307/881977454
6429:             1             16  springfox.documentation.service.Tags$$Lambda$1308/1760763936
6430:             1             16  springfox.documentation.service.Tags$$Lambda$947/618696025
6431:             1             16  springfox.documentation.service.Tags$$Lambda$948/2009832657
6432:             1             16  springfox.documentation.spi.schema.AlternateTypeProvider
6433:             1             16  springfox.documentation.spi.service.contexts.DocumentationContext$$Lambda$1318/2113891589
6434:             1             16  springfox.documentation.spi.service.contexts.OperationContext$$Lambda$1126/653774328
6435:             1             16  springfox.documentation.spi.service.contexts.OperationModelContextsBuilder$$Lambda$1060/2139501486
6436:             1             16  springfox.documentation.spi.service.contexts.OperationModelContextsBuilder$$Lambda$1062/197195067
6437:             1             16  springfox.documentation.spi.service.contexts.OperationModelContextsBuilder$$Lambda$982/369573800
6438:             1             16  springfox.documentation.spi.service.contexts.OperationModelContextsBuilder$$Lambda$984/1005245720
6439:             1             16  springfox.documentation.spi.service.contexts.OperationModelContextsBuilder$$Lambda$985/348084146
6440:             1             16  springfox.documentation.spi.service.contexts.Orderings$$Lambda$1289/2140322192
6441:             1             16  springfox.documentation.spi.service.contexts.Orderings$$Lambda$755/1181567472
6442:             1             16  springfox.documentation.spi.service.contexts.Orderings$$Lambda$757/106113013
6443:             1             16  springfox.documentation.spi.service.contexts.Orderings$$Lambda$758/719182854
6444:             1             16  springfox.documentation.spi.service.contexts.Orderings$$Lambda$759/807239968
6445:             1             16  springfox.documentation.spi.service.contexts.Orderings$$Lambda$760/1832284192
6446:             1             16  springfox.documentation.spi.service.contexts.Orderings$$Lambda$934/529949842
6447:             1             16  springfox.documentation.spi.service.contexts.Orderings$$Lambda$935/1677590477
6448:             1             16  springfox.documentation.spi.service.contexts.Orderings$$Lambda$942/714850447
6449:             1             16  springfox.documentation.spi.service.contexts.Orderings$$Lambda$959/627746290
6450:             1             16  springfox.documentation.spi.service.contexts.Orderings$$Lambda$966/1041638599
6451:             1             16  springfox.documentation.spi.service.contexts.Orderings$$Lambda$967/1656318404
6452:             1             16  springfox.documentation.spi.service.contexts.Orderings$$Lambda$968/231498257
6453:             1             16  springfox.documentation.spi.service.contexts.RequestMappingContext$$Lambda$978/169916747
6454:             1             16  springfox.documentation.spring.web.DocumentationCache
6455:             1             16  springfox.documentation.spring.web.WebMvcNameValueExpressionWrapper$$Lambda$952/275150920
6456:             1             16  springfox.documentation.spring.web.WebMvcObjectMapperConfigurer
6457:             1             16  springfox.documentation.spring.web.json.JsonSerializer
6458:             1             16  springfox.documentation.spring.web.paths.DefaultPathProvider
6459:             1             16  springfox.documentation.spring.web.paths.OperationPathDecorator
6460:             1             16  springfox.documentation.spring.web.paths.PathMappingDecorator
6461:             1             16  springfox.documentation.spring.web.paths.PathSanitizer
6462:             1             16  springfox.documentation.spring.web.paths.PathSanitizer$$Lambda$1247/1488352537
6463:             1             16  springfox.documentation.spring.web.paths.QueryStringUriTemplateDecorator
6464:             1             16  springfox.documentation.spring.web.plugins.AbstractDocumentationPluginsBootstrapper$$Lambda$936/1948835427
6465:             1             16  springfox.documentation.spring.web.plugins.AbstractDocumentationPluginsBootstrapper$$Lambda$937/1727420902
6466:             1             16  springfox.documentation.spring.web.plugins.AbstractDocumentationPluginsBootstrapper$$Lambda$945/448569108
6467:             1             16  springfox.documentation.spring.web.plugins.AbstractDocumentationPluginsBootstrapper$$Lambda$946/1779090574
6468:             1             16  springfox.documentation.spring.web.plugins.ApiSelectorBuilder$$Lambda$768/232726781
6469:             1             16  springfox.documentation.spring.web.plugins.DefaultRequestHandlerCombiner$$Lambda$951/1846345504
6470:             1             16  springfox.documentation.spring.web.plugins.DefaultRequestHandlerCombiner$$Lambda$957/706604026
6471:             1             16  springfox.documentation.spring.web.plugins.DefaultResponseTypeReader
6472:             1             16  springfox.documentation.spring.web.plugins.DuplicateGroupsDetector$$Lambda$770/1060549703
6473:             1             16  springfox.documentation.spring.web.plugins.DuplicateGroupsDetector$$Lambda$771/1682157864
6474:             1             16  springfox.documentation.spring.web.plugins.DuplicateGroupsDetector$$Lambda$772/1592712032
6475:             1             16  springfox.documentation.spring.web.plugins.DuplicateGroupsDetector$$Lambda$773/1073878937
6476:             1             16  springfox.documentation.spring.web.plugins.PathAndParametersEquivalence
6477:             1             16  springfox.documentation.spring.web.plugins.ResolvedMethodParameterEquivalence
6478:             1             16  springfox.documentation.spring.web.plugins.WebMvcRequestHandlerProvider$$Lambda$748/1622863652
6479:             1             16  springfox.documentation.spring.web.plugins.WebMvcRequestHandlerProvider$$Lambda$938/1248334686
6480:             1             16  springfox.documentation.spring.web.plugins.WebMvcRequestHandlerProvider$$Lambda$939/1181191753
6481:             1             16  springfox.documentation.spring.web.plugins.WebMvcRequestHandlerProvider$$Lambda$940/1955502880
6482:             1             16  springfox.documentation.spring.web.readers.operation.CachingOperationNameGenerator
6483:             1             16  springfox.documentation.spring.web.readers.operation.ContentParameterAggregator
6484:             1             16  springfox.documentation.spring.web.readers.operation.ContentParameterAggregator$$Lambda$1179/270734602
6485:             1             16  springfox.documentation.spring.web.readers.operation.ContentParameterAggregator$$Lambda$1180/1053695609
6486:             1             16  springfox.documentation.spring.web.readers.operation.ContentParameterAggregator$$Lambda$1181/179441020
6487:             1             16  springfox.documentation.spring.web.readers.operation.ContentParameterAggregator$$Lambda$1183/1330411679
6488:             1             16  springfox.documentation.spring.web.readers.operation.ContentParameterAggregator$$Lambda$1185/461155951
6489:             1             16  springfox.documentation.spring.web.readers.operation.ContentParameterAggregator$$Lambda$1186/569959775
6490:             1             16  springfox.documentation.spring.web.readers.operation.ContentParameterAggregator$$Lambda$1187/224192895
6491:             1             16  springfox.documentation.spring.web.readers.operation.DefaultOperationReader
6492:             1             16  springfox.documentation.spring.web.readers.operation.HandlerMethodResolver$$Lambda$955/745465688
6493:             1             16  springfox.documentation.spring.web.readers.operation.OperationDeprecatedReader
6494:             1             16  springfox.documentation.spring.web.readers.operation.OperationModelsProvider
6495:             1             16  springfox.documentation.spring.web.readers.operation.OperationParameterHeadersConditionReader
6496:             1             16  springfox.documentation.spring.web.readers.operation.OperationParameterReader$$Lambda$1164/105393903
6497:             1             16  springfox.documentation.spring.web.readers.operation.OperationParameterReader$$Lambda$1165/533698361
6498:             1             16  springfox.documentation.spring.web.readers.operation.OperationParameterReader$$Lambda$1166/1531545666
6499:             1             16  springfox.documentation.spring.web.readers.operation.OperationParameterReader$$Lambda$1167/481525476
6500:             1             16  springfox.documentation.spring.web.readers.operation.OperationParameterReader$$Lambda$1168/1540031691
6501:             1             16  springfox.documentation.spring.web.readers.operation.OperationParameterReader$$Lambda$1176/1070740013
6502:             1             16  springfox.documentation.spring.web.readers.operation.OperationParameterReader$$Lambda$1177/1454136448
6503:             1             16  springfox.documentation.spring.web.readers.operation.OperationParameterReader$$Lambda$1178/1776589441
6504:             1             16  springfox.documentation.spring.web.readers.operation.OperationParameterRequestConditionReader
6505:             1             16  springfox.documentation.spring.web.readers.operation.OperationTagsReader
6506:             1             16  springfox.documentation.spring.web.readers.parameter.ParameterDefaultReader
6507:             1             16  springfox.documentation.spring.web.readers.parameter.ParameterMultiplesReader
6508:             1             16  springfox.documentation.spring.web.readers.parameter.ParameterNameReader
6509:             1             16  springfox.documentation.spring.web.readers.parameter.ParameterNameReader$$Lambda$1136/922871524
6510:             1             16  springfox.documentation.spring.web.readers.parameter.ParameterNameReader$$Lambda$1137/1710591086
6511:             1             16  springfox.documentation.spring.web.readers.parameter.ParameterNameReader$$Lambda$1138/1940749968
6512:             1             16  springfox.documentation.spring.web.readers.parameter.ParameterNameReader$$Lambda$1139/1269006535
6513:             1             16  springfox.documentation.spring.web.readers.parameter.ParameterNameReader$$Lambda$1140/2018270965
6514:             1             16  springfox.documentation.spring.web.readers.parameter.ParameterRequiredReader
6515:             1             16  springfox.documentation.spring.web.readers.parameter.ParameterTypeReader
6516:             1             16  springfox.documentation.spring.web.scanners.ApiDescriptionLookup
6517:             1             16  springfox.documentation.spring.web.scanners.ApiDocumentationScanner$$Lambda$1316/880908391
6518:             1             16  springfox.documentation.spring.web.scanners.ApiListingReader
6519:             1             16  springfox.documentation.spring.web.scanners.ApiListingReader$$Lambda$1272/81355344
6520:             1             16  springfox.documentation.spring.web.scanners.ApiListingReferenceScanner
6521:             1             16  springfox.documentation.spring.web.scanners.ApiListingScanner$$Lambda$1096/124540047
6522:             1             16  springfox.documentation.spring.web.scanners.ApiListingScanner$$Lambda$1256/1267110705
6523:             1             16  springfox.documentation.spring.web.scanners.ApiListingScanner$$Lambda$1257/939625314
6524:             1             16  springfox.documentation.spring.web.scanners.ApiListingScanner$$Lambda$1258/216644009
6525:             1             16  springfox.documentation.spring.web.scanners.ApiModelReader$$Lambda$1035/2097989776
6526:             1             16  springfox.documentation.spring.web.scanners.ApiModelReader$$Lambda$1039/1740095856
6527:             1             16  springfox.documentation.spring.web.scanners.ApiModelReader$$Lambda$1284/440926517
6528:             1             16  springfox.documentation.spring.web.scanners.ApiModelReader$$Lambda$1286/109175108
6529:             1             16  springfox.documentation.spring.web.scanners.ApiModelReader$$Lambda$1296/160696258
6530:             1             16  springfox.documentation.spring.web.scanners.CachingOperationReader$$Lambda$729/1795468466
6531:             1             16  springfox.documentation.spring.web.scanners.DefaultModelNamesRegistryFactory$DefaultModelNamesRegistry$$Lambda$1262/1061998933
6532:             1             16  springfox.documentation.spring.web.scanners.DefaultModelNamesRegistryFactory$DefaultModelNamesRegistry$$Lambda$1266/2086767061
6533:             1             16  springfox.documentation.spring.web.scanners.MediaTypeReader
6534:             1             16  springfox.documentation.spring.web.scanners.ResourceGroups$$Lambda$965/1145165159
6535:             1             16  springfox.documentation.spring.web.scanners.ResourcePathProvider$$Lambda$1254/454424866
6536:             1             16  springfox.documentation.spring.web.scanners.ResourcePathProvider$$Lambda$1255/936261188
6537:             1             16  springfox.documentation.swagger.annotations.Annotations$$Lambda$1231/1149508419
6538:             1             16  springfox.documentation.swagger.annotations.Annotations$$Lambda$1232/1253396693
6539:             1             16  springfox.documentation.swagger.readers.operation.OpenApiOperationAuthReader
6540:             1             16  springfox.documentation.swagger.readers.operation.OpenApiOperationTagsReader
6541:             1             16  springfox.documentation.swagger.readers.operation.OpenApiOperationTagsReader$$Lambda$1227/1871259950
6542:             1             16  springfox.documentation.swagger.readers.operation.OpenApiOperationTagsReader$$Lambda$1230/1650626168
6543:             1             16  springfox.documentation.swagger.readers.operation.OperationAuthReader
6544:             1             16  springfox.documentation.swagger.readers.operation.OperationAuthReader$$Lambda$1210/18601987
6545:             1             16  springfox.documentation.swagger.readers.operation.OperationAuthReader$$Lambda$1211/1970900227
6546:             1             16  springfox.documentation.swagger.readers.operation.OperationHiddenReader
6547:             1             16  springfox.documentation.swagger.readers.operation.OperationHttpMethodReader
6548:             1             16  springfox.documentation.swagger.readers.operation.OperationImplicitParameterReader
6549:             1             16  springfox.documentation.swagger.readers.operation.OperationImplicitParameterReader$$Lambda$1190/1745701482
6550:             1             16  springfox.documentation.swagger.readers.operation.OperationImplicitParameterReader$$Lambda$1191/49299717
6551:             1             16  springfox.documentation.swagger.readers.operation.OperationImplicitParameterReader$$Lambda$1192/814753967
6552:             1             16  springfox.documentation.swagger.readers.operation.OperationImplicitParameterReader$$Lambda$1193/1917607102
6553:             1             16  springfox.documentation.swagger.readers.operation.OperationImplicitParameterReader$$Lambda$1194/1880102535
6554:             1             16  springfox.documentation.swagger.readers.operation.OperationImplicitParameterReader$$Lambda$1195/1894287849
6555:             1             16  springfox.documentation.swagger.readers.operation.OperationImplicitParametersReader
6556:             1             16  springfox.documentation.swagger.readers.operation.OperationImplicitParametersReader$$Lambda$1202/1615535645
6557:             1             16  springfox.documentation.swagger.readers.operation.OperationImplicitParametersReader$$Lambda$1203/1649829954
6558:             1             16  springfox.documentation.swagger.readers.operation.OperationImplicitParametersReader$$Lambda$1204/790538253
6559:             1             16  springfox.documentation.swagger.readers.operation.OperationImplicitParametersReader$$Lambda$1205/924393200
6560:             1             16  springfox.documentation.swagger.readers.operation.OperationImplicitParametersReader$$Lambda$1206/253380088
6561:             1             16  springfox.documentation.swagger.readers.operation.OperationImplicitParametersReader$$Lambda$1207/1591683105
6562:             1             16  springfox.documentation.swagger.readers.operation.OperationNicknameIntoUniqueIdReader
6563:             1             16  springfox.documentation.swagger.readers.operation.OperationNotesReader
6564:             1             16  springfox.documentation.swagger.readers.operation.OperationPositionReader
6565:             1             16  springfox.documentation.swagger.readers.operation.OperationSummaryReader
6566:             1             16  springfox.documentation.swagger.readers.operation.ResponseHeaders$$Lambda$1215/48428832
6567:             1             16  springfox.documentation.swagger.readers.operation.SwaggerMediaTypeReader
6568:             1             16  springfox.documentation.swagger.readers.operation.SwaggerMediaTypeReader$$Lambda$1200/885991756
6569:             1             16  springfox.documentation.swagger.readers.operation.SwaggerMediaTypeReader$$Lambda$1201/1299885218
6570:             1             16  springfox.documentation.swagger.readers.operation.SwaggerOperationModelsProvider
6571:             1             16  springfox.documentation.swagger.readers.operation.SwaggerOperationTagsReader
6572:             1             16  springfox.documentation.swagger.readers.operation.SwaggerOperationTagsReader$$Lambda$1222/338765435
6573:             1             16  springfox.documentation.swagger.readers.operation.SwaggerOperationTagsReader$$Lambda$1224/1997753864
6574:             1             16  springfox.documentation.swagger.readers.operation.SwaggerOperationTagsReader$$Lambda$1225/1779219567
6575:             1             16  springfox.documentation.swagger.readers.operation.SwaggerOperationTagsReader$$Lambda$1294/323761934
6576:             1             16  springfox.documentation.swagger.readers.operation.SwaggerResponseMessageReader$$Lambda$1213/1143968486
6577:             1             16  springfox.documentation.swagger.readers.operation.SwaggerResponseMessageReader$$Lambda$1214/2097614581
6578:             1             16  springfox.documentation.swagger.readers.operation.SwaggerResponseMessageReader$$Lambda$1217/2136419383
6579:             1             16  springfox.documentation.swagger.readers.operation.VendorExtensionsReader
6580:             1             16  springfox.documentation.swagger.readers.operation.VendorExtensionsReader$$Lambda$1197/1362435880
6581:             1             16  springfox.documentation.swagger.readers.parameter.ApiParamParameterBuilder$$Lambda$1148/1643646293
6582:             1             16  springfox.documentation.swagger.readers.parameter.OpenApiParameterBuilder
6583:             1             16  springfox.documentation.swagger.readers.parameter.OpenApiParameterBuilder$$Lambda$1149/665317128
6584:             1             16  springfox.documentation.swagger.schema.ApiModelProperties$$Lambda$1048/1818592781
6585:             1             16  springfox.documentation.swagger.schema.ApiModelProperties$$Lambda$1051/1294605731
6586:             1             16  springfox.documentation.swagger.schema.ApiModelPropertyPropertyBuilder$$Lambda$1013/1775897362
6587:             1             16  springfox.documentation.swagger.schema.ApiModelPropertyPropertyBuilder$$Lambda$1044/2025066647
6588:             1             16  springfox.documentation.swagger.schema.ApiModelPropertyPropertyBuilder$$Lambda$1045/741191984
6589:             1             16  springfox.documentation.swagger.schema.ApiModelPropertyPropertyBuilder$$Lambda$1046/847018986
6590:             1             16  springfox.documentation.swagger.schema.ApiModelPropertyPropertyBuilder$$Lambda$1047/881662115
6591:             1             16  springfox.documentation.swagger.schema.ApiModelPropertyPropertyBuilder$$Lambda$1052/623862380
6592:             1             16  springfox.documentation.swagger.schema.ApiModelPropertyPropertyBuilder$$Lambda$1053/871989809
6593:             1             16  springfox.documentation.swagger.schema.ApiModelPropertyPropertyBuilder$$Lambda$1054/1210600718
6594:             1             16  springfox.documentation.swagger.schema.ApiModelPropertyPropertyBuilder$$Lambda$1056/185639533
6595:             1             16  springfox.documentation.swagger.schema.ApiModelTypeNameProvider
6596:             1             16  springfox.documentation.swagger.schema.OpenApiSchemaPropertyBuilder$$Lambda$1016/1082886058
6597:             1             16  springfox.documentation.swagger.schema.OpenApiSchemaPropertyBuilder$$Lambda$1017/2041611826
6598:             1             16  springfox.documentation.swagger.web.InMemorySwaggerResourcesProvider$$Lambda$774/1243350866
6599:             1             16  springfox.documentation.swagger.web.InMemorySwaggerResourcesProvider$$Lambda$775/858727880
6600:             1             16  springfox.documentation.swagger.web.SwaggerApiListingReader
6601:             1             16  springfox.documentation.swagger.web.SwaggerApiListingReader$$Lambda$1275/2056499811
6602:             1             16  springfox.documentation.swagger.web.SwaggerApiListingReader$$Lambda$1276/198250778
6603:             1             16  springfox.documentation.swagger.web.SwaggerApiListingReader$$Lambda$1287/1689723487
6604:             1             16  springfox.documentation.swagger.web.SwaggerApiListingReader$$Lambda$1295/1931008760
6605:             1             16  springfox.documentation.swagger2.mappers.ApiKeyAuthFactory
6606:             1             16  springfox.documentation.swagger2.mappers.BasicAuthFactory
6607:             1             16  springfox.documentation.swagger2.mappers.CompatibilityModelMapperImpl
6608:             1             16  springfox.documentation.swagger2.mappers.HttpAuthenticationSchemeFactory
6609:             1             16  springfox.documentation.swagger2.mappers.LicenseMapperImpl
6610:             1             16  springfox.documentation.swagger2.mappers.ModelMapperImpl
6611:             1             16  springfox.documentation.swagger2.mappers.ModelSpecificationMapperImpl
6612:             1             16  springfox.documentation.swagger2.mappers.OAuth2AuthFactory
6613:             1             16  springfox.documentation.swagger2.mappers.OpenIdConnectSchemeFactory
6614:             1             16  springfox.documentation.swagger2.mappers.ParameterMapperImpl
6615:             1             16  springfox.documentation.swagger2.mappers.PropertyMapper
6616:             1             16  springfox.documentation.swagger2.mappers.RequestParameterMapperImpl
6617:             1             16  springfox.documentation.swagger2.mappers.SecurityMapper$$Lambda$776/391827378
6618:             1             16  springfox.documentation.swagger2.mappers.SecurityMapper$$Lambda$777/1317441269
6619:             1             16  springfox.documentation.swagger2.mappers.SecurityMapperImpl
6620:             1             16  springfox.documentation.swagger2.mappers.VendorExtensionsMapperImpl
6621:             1             16  springfox.documentation.swagger2.web.WebMvcBasePathAndHostnameTransformationFilter
6622:             1             16  sun.management.ClassLoadingImpl
6623:             1             16  sun.management.GarbageCollectionNotifInfoCompositeData$1
6624:             1             16  sun.management.GcInfoCompositeData$1
6625:             1             16  sun.management.GcInfoCompositeData$2
6626:             1             16  sun.management.HotSpotDiagnostic
6627:             1             16  sun.management.ManagementFactoryHelper$PlatformLoggingImpl
6628:             1             16  sun.misc.ASCIICaseInsensitiveComparator
6629:             1             16  sun.misc.FloatingDecimal$1
6630:             1             16  sun.misc.Launcher
6631:             1             16  sun.misc.Launcher$Factory
6632:             1             16  sun.misc.Perf
6633:             1             16  sun.misc.Unsafe
6634:             1             16  sun.net.DefaultProgressMeteringPolicy
6635:             1             16  sun.net.ExtendedOptionsImpl$$Lambda$917/1873385536
6636:             1             16  sun.net.spi.DefaultProxySelector
6637:             1             16  sun.net.www.protocol.http.AuthCacheImpl
6638:             1             16  sun.net.www.protocol.jar.JarFileFactory
6639:             1             16  sun.nio.ch.EPollSelectorProvider
6640:             1             16  sun.nio.ch.ExtendedSocketOption$1
6641:             1             16  sun.nio.ch.FileChannelImpl$1
6642:             1             16  sun.nio.ch.FileDispatcherImpl
6643:             1             16  sun.nio.ch.Net$1
6644:             1             16  sun.nio.ch.Util$1
6645:             1             16  sun.nio.fs.LinuxFileSystemProvider
6646:             1             16  sun.reflect.GeneratedConstructorAccessor1
6647:             1             16  sun.reflect.GeneratedConstructorAccessor10
6648:             1             16  sun.reflect.GeneratedConstructorAccessor100
6649:             1             16  sun.reflect.GeneratedConstructorAccessor101
6650:             1             16  sun.reflect.GeneratedConstructorAccessor102
6651:             1             16  sun.reflect.GeneratedConstructorAccessor103
6652:             1             16  sun.reflect.GeneratedConstructorAccessor104
6653:             1             16  sun.reflect.GeneratedConstructorAccessor105
6654:             1             16  sun.reflect.GeneratedConstructorAccessor106
6655:             1             16  sun.reflect.GeneratedConstructorAccessor11
6656:             1             16  sun.reflect.GeneratedConstructorAccessor12
6657:             1             16  sun.reflect.GeneratedConstructorAccessor13
6658:             1             16  sun.reflect.GeneratedConstructorAccessor14
6659:             1             16  sun.reflect.GeneratedConstructorAccessor15
6660:             1             16  sun.reflect.GeneratedConstructorAccessor16
6661:             1             16  sun.reflect.GeneratedConstructorAccessor17
6662:             1             16  sun.reflect.GeneratedConstructorAccessor18
6663:             1             16  sun.reflect.GeneratedConstructorAccessor19
6664:             1             16  sun.reflect.GeneratedConstructorAccessor2
6665:             1             16  sun.reflect.GeneratedConstructorAccessor20
6666:             1             16  sun.reflect.GeneratedConstructorAccessor21
6667:             1             16  sun.reflect.GeneratedConstructorAccessor22
6668:             1             16  sun.reflect.GeneratedConstructorAccessor23
6669:             1             16  sun.reflect.GeneratedConstructorAccessor24
6670:             1             16  sun.reflect.GeneratedConstructorAccessor25
6671:             1             16  sun.reflect.GeneratedConstructorAccessor26
6672:             1             16  sun.reflect.GeneratedConstructorAccessor27
6673:             1             16  sun.reflect.GeneratedConstructorAccessor28
6674:             1             16  sun.reflect.GeneratedConstructorAccessor29
6675:             1             16  sun.reflect.GeneratedConstructorAccessor3
6676:             1             16  sun.reflect.GeneratedConstructorAccessor30
6677:             1             16  sun.reflect.GeneratedConstructorAccessor31
6678:             1             16  sun.reflect.GeneratedConstructorAccessor32
6679:             1             16  sun.reflect.GeneratedConstructorAccessor33
6680:             1             16  sun.reflect.GeneratedConstructorAccessor34
6681:             1             16  sun.reflect.GeneratedConstructorAccessor35
6682:             1             16  sun.reflect.GeneratedConstructorAccessor36
6683:             1             16  sun.reflect.GeneratedConstructorAccessor37
6684:             1             16  sun.reflect.GeneratedConstructorAccessor38
6685:             1             16  sun.reflect.GeneratedConstructorAccessor39
6686:             1             16  sun.reflect.GeneratedConstructorAccessor4
6687:             1             16  sun.reflect.GeneratedConstructorAccessor40
6688:             1             16  sun.reflect.GeneratedConstructorAccessor41
6689:             1             16  sun.reflect.GeneratedConstructorAccessor42
6690:             1             16  sun.reflect.GeneratedConstructorAccessor43
6691:             1             16  sun.reflect.GeneratedConstructorAccessor44
6692:             1             16  sun.reflect.GeneratedConstructorAccessor45
6693:             1             16  sun.reflect.GeneratedConstructorAccessor46
6694:             1             16  sun.reflect.GeneratedConstructorAccessor47
6695:             1             16  sun.reflect.GeneratedConstructorAccessor48
6696:             1             16  sun.reflect.GeneratedConstructorAccessor49
6697:             1             16  sun.reflect.GeneratedConstructorAccessor5
6698:             1             16  sun.reflect.GeneratedConstructorAccessor50
6699:             1             16  sun.reflect.GeneratedConstructorAccessor51
6700:             1             16  sun.reflect.GeneratedConstructorAccessor52
6701:             1             16  sun.reflect.GeneratedConstructorAccessor53
6702:             1             16  sun.reflect.GeneratedConstructorAccessor54
6703:             1             16  sun.reflect.GeneratedConstructorAccessor55
6704:             1             16  sun.reflect.GeneratedConstructorAccessor56
6705:             1             16  sun.reflect.GeneratedConstructorAccessor57
6706:             1             16  sun.reflect.GeneratedConstructorAccessor58
6707:             1             16  sun.reflect.GeneratedConstructorAccessor59
6708:             1             16  sun.reflect.GeneratedConstructorAccessor6
6709:             1             16  sun.reflect.GeneratedConstructorAccessor60
6710:             1             16  sun.reflect.GeneratedConstructorAccessor61
6711:             1             16  sun.reflect.GeneratedConstructorAccessor62
6712:             1             16  sun.reflect.GeneratedConstructorAccessor63
6713:             1             16  sun.reflect.GeneratedConstructorAccessor64
6714:             1             16  sun.reflect.GeneratedConstructorAccessor65
6715:             1             16  sun.reflect.GeneratedConstructorAccessor66
6716:             1             16  sun.reflect.GeneratedConstructorAccessor67
6717:             1             16  sun.reflect.GeneratedConstructorAccessor68
6718:             1             16  sun.reflect.GeneratedConstructorAccessor69
6719:             1             16  sun.reflect.GeneratedConstructorAccessor7
6720:             1             16  sun.reflect.GeneratedConstructorAccessor70
6721:             1             16  sun.reflect.GeneratedConstructorAccessor71
6722:             1             16  sun.reflect.GeneratedConstructorAccessor72
6723:             1             16  sun.reflect.GeneratedConstructorAccessor73
6724:             1             16  sun.reflect.GeneratedConstructorAccessor74
6725:             1             16  sun.reflect.GeneratedConstructorAccessor75
6726:             1             16  sun.reflect.GeneratedConstructorAccessor76
6727:             1             16  sun.reflect.GeneratedConstructorAccessor77
6728:             1             16  sun.reflect.GeneratedConstructorAccessor78
6729:             1             16  sun.reflect.GeneratedConstructorAccessor79
6730:             1             16  sun.reflect.GeneratedConstructorAccessor8
6731:             1             16  sun.reflect.GeneratedConstructorAccessor80
6732:             1             16  sun.reflect.GeneratedConstructorAccessor81
6733:             1             16  sun.reflect.GeneratedConstructorAccessor82
6734:             1             16  sun.reflect.GeneratedConstructorAccessor83
6735:             1             16  sun.reflect.GeneratedConstructorAccessor84
6736:             1             16  sun.reflect.GeneratedConstructorAccessor85
6737:             1             16  sun.reflect.GeneratedConstructorAccessor86
6738:             1             16  sun.reflect.GeneratedConstructorAccessor87
6739:             1             16  sun.reflect.GeneratedConstructorAccessor88
6740:             1             16  sun.reflect.GeneratedConstructorAccessor89
6741:             1             16  sun.reflect.GeneratedConstructorAccessor9
6742:             1             16  sun.reflect.GeneratedConstructorAccessor90
6743:             1             16  sun.reflect.GeneratedConstructorAccessor91
6744:             1             16  sun.reflect.GeneratedConstructorAccessor92
6745:             1             16  sun.reflect.GeneratedConstructorAccessor93
6746:             1             16  sun.reflect.GeneratedConstructorAccessor94
6747:             1             16  sun.reflect.GeneratedConstructorAccessor95
6748:             1             16  sun.reflect.GeneratedConstructorAccessor96
6749:             1             16  sun.reflect.GeneratedConstructorAccessor97
6750:             1             16  sun.reflect.GeneratedConstructorAccessor98
6751:             1             16  sun.reflect.GeneratedConstructorAccessor99
6752:             1             16  sun.reflect.GeneratedMethodAccessor1
6753:             1             16  sun.reflect.GeneratedMethodAccessor10
6754:             1             16  sun.reflect.GeneratedMethodAccessor100
6755:             1             16  sun.reflect.GeneratedMethodAccessor101
6756:             1             16  sun.reflect.GeneratedMethodAccessor102
6757:             1             16  sun.reflect.GeneratedMethodAccessor103
6758:             1             16  sun.reflect.GeneratedMethodAccessor104
6759:             1             16  sun.reflect.GeneratedMethodAccessor105
6760:             1             16  sun.reflect.GeneratedMethodAccessor106
6761:             1             16  sun.reflect.GeneratedMethodAccessor107
6762:             1             16  sun.reflect.GeneratedMethodAccessor108
6763:             1             16  sun.reflect.GeneratedMethodAccessor109
6764:             1             16  sun.reflect.GeneratedMethodAccessor11
6765:             1             16  sun.reflect.GeneratedMethodAccessor110
6766:             1             16  sun.reflect.GeneratedMethodAccessor111
6767:             1             16  sun.reflect.GeneratedMethodAccessor112
6768:             1             16  sun.reflect.GeneratedMethodAccessor113
6769:             1             16  sun.reflect.GeneratedMethodAccessor114
6770:             1             16  sun.reflect.GeneratedMethodAccessor115
6771:             1             16  sun.reflect.GeneratedMethodAccessor116
6772:             1             16  sun.reflect.GeneratedMethodAccessor117
6773:             1             16  sun.reflect.GeneratedMethodAccessor118
6774:             1             16  sun.reflect.GeneratedMethodAccessor119
6775:             1             16  sun.reflect.GeneratedMethodAccessor12
6776:             1             16  sun.reflect.GeneratedMethodAccessor120
6777:             1             16  sun.reflect.GeneratedMethodAccessor121
6778:             1             16  sun.reflect.GeneratedMethodAccessor122
6779:             1             16  sun.reflect.GeneratedMethodAccessor123
6780:             1             16  sun.reflect.GeneratedMethodAccessor124
6781:             1             16  sun.reflect.GeneratedMethodAccessor125
6782:             1             16  sun.reflect.GeneratedMethodAccessor126
6783:             1             16  sun.reflect.GeneratedMethodAccessor127
6784:             1             16  sun.reflect.GeneratedMethodAccessor128
6785:             1             16  sun.reflect.GeneratedMethodAccessor129
6786:             1             16  sun.reflect.GeneratedMethodAccessor13
6787:             1             16  sun.reflect.GeneratedMethodAccessor130
6788:             1             16  sun.reflect.GeneratedMethodAccessor131
6789:             1             16  sun.reflect.GeneratedMethodAccessor132
6790:             1             16  sun.reflect.GeneratedMethodAccessor133
6791:             1             16  sun.reflect.GeneratedMethodAccessor134
6792:             1             16  sun.reflect.GeneratedMethodAccessor135
6793:             1             16  sun.reflect.GeneratedMethodAccessor136
6794:             1             16  sun.reflect.GeneratedMethodAccessor137
6795:             1             16  sun.reflect.GeneratedMethodAccessor138
6796:             1             16  sun.reflect.GeneratedMethodAccessor139
6797:             1             16  sun.reflect.GeneratedMethodAccessor14
6798:             1             16  sun.reflect.GeneratedMethodAccessor140
6799:             1             16  sun.reflect.GeneratedMethodAccessor141
6800:             1             16  sun.reflect.GeneratedMethodAccessor142
6801:             1             16  sun.reflect.GeneratedMethodAccessor143
6802:             1             16  sun.reflect.GeneratedMethodAccessor144
6803:             1             16  sun.reflect.GeneratedMethodAccessor145
6804:             1             16  sun.reflect.GeneratedMethodAccessor146
6805:             1             16  sun.reflect.GeneratedMethodAccessor147
6806:             1             16  sun.reflect.GeneratedMethodAccessor148
6807:             1             16  sun.reflect.GeneratedMethodAccessor149
6808:             1             16  sun.reflect.GeneratedMethodAccessor15
6809:             1             16  sun.reflect.GeneratedMethodAccessor150
6810:             1             16  sun.reflect.GeneratedMethodAccessor151
6811:             1             16  sun.reflect.GeneratedMethodAccessor152
6812:             1             16  sun.reflect.GeneratedMethodAccessor153
6813:             1             16  sun.reflect.GeneratedMethodAccessor154
6814:             1             16  sun.reflect.GeneratedMethodAccessor155
6815:             1             16  sun.reflect.GeneratedMethodAccessor156
6816:             1             16  sun.reflect.GeneratedMethodAccessor157
6817:             1             16  sun.reflect.GeneratedMethodAccessor158
6818:             1             16  sun.reflect.GeneratedMethodAccessor159
6819:             1             16  sun.reflect.GeneratedMethodAccessor16
6820:             1             16  sun.reflect.GeneratedMethodAccessor160
6821:             1             16  sun.reflect.GeneratedMethodAccessor161
6822:             1             16  sun.reflect.GeneratedMethodAccessor162
6823:             1             16  sun.reflect.GeneratedMethodAccessor163
6824:             1             16  sun.reflect.GeneratedMethodAccessor164
6825:             1             16  sun.reflect.GeneratedMethodAccessor165
6826:             1             16  sun.reflect.GeneratedMethodAccessor166
6827:             1             16  sun.reflect.GeneratedMethodAccessor167
6828:             1             16  sun.reflect.GeneratedMethodAccessor168
6829:             1             16  sun.reflect.GeneratedMethodAccessor169
6830:             1             16  sun.reflect.GeneratedMethodAccessor17
6831:             1             16  sun.reflect.GeneratedMethodAccessor170
6832:             1             16  sun.reflect.GeneratedMethodAccessor171
6833:             1             16  sun.reflect.GeneratedMethodAccessor172
6834:             1             16  sun.reflect.GeneratedMethodAccessor173
6835:             1             16  sun.reflect.GeneratedMethodAccessor174
6836:             1             16  sun.reflect.GeneratedMethodAccessor175
6837:             1             16  sun.reflect.GeneratedMethodAccessor176
6838:             1             16  sun.reflect.GeneratedMethodAccessor177
6839:             1             16  sun.reflect.GeneratedMethodAccessor178
6840:             1             16  sun.reflect.GeneratedMethodAccessor179
6841:             1             16  sun.reflect.GeneratedMethodAccessor18
6842:             1             16  sun.reflect.GeneratedMethodAccessor180
6843:             1             16  sun.reflect.GeneratedMethodAccessor181
6844:             1             16  sun.reflect.GeneratedMethodAccessor182
6845:             1             16  sun.reflect.GeneratedMethodAccessor183
6846:             1             16  sun.reflect.GeneratedMethodAccessor184
6847:             1             16  sun.reflect.GeneratedMethodAccessor185
6848:             1             16  sun.reflect.GeneratedMethodAccessor186
6849:             1             16  sun.reflect.GeneratedMethodAccessor187
6850:             1             16  sun.reflect.GeneratedMethodAccessor188
6851:             1             16  sun.reflect.GeneratedMethodAccessor189
6852:             1             16  sun.reflect.GeneratedMethodAccessor19
6853:             1             16  sun.reflect.GeneratedMethodAccessor190
6854:             1             16  sun.reflect.GeneratedMethodAccessor191
6855:             1             16  sun.reflect.GeneratedMethodAccessor192
6856:             1             16  sun.reflect.GeneratedMethodAccessor193
6857:             1             16  sun.reflect.GeneratedMethodAccessor194
6858:             1             16  sun.reflect.GeneratedMethodAccessor195
6859:             1             16  sun.reflect.GeneratedMethodAccessor196
6860:             1             16  sun.reflect.GeneratedMethodAccessor197
6861:             1             16  sun.reflect.GeneratedMethodAccessor198
6862:             1             16  sun.reflect.GeneratedMethodAccessor199
6863:             1             16  sun.reflect.GeneratedMethodAccessor2
6864:             1             16  sun.reflect.GeneratedMethodAccessor20
6865:             1             16  sun.reflect.GeneratedMethodAccessor200
6866:             1             16  sun.reflect.GeneratedMethodAccessor201
6867:             1             16  sun.reflect.GeneratedMethodAccessor202
6868:             1             16  sun.reflect.GeneratedMethodAccessor203
6869:             1             16  sun.reflect.GeneratedMethodAccessor204
6870:             1             16  sun.reflect.GeneratedMethodAccessor205
6871:             1             16  sun.reflect.GeneratedMethodAccessor206
6872:             1             16  sun.reflect.GeneratedMethodAccessor207
6873:             1             16  sun.reflect.GeneratedMethodAccessor208
6874:             1             16  sun.reflect.GeneratedMethodAccessor209
6875:             1             16  sun.reflect.GeneratedMethodAccessor21
6876:             1             16  sun.reflect.GeneratedMethodAccessor210
6877:             1             16  sun.reflect.GeneratedMethodAccessor211
6878:             1             16  sun.reflect.GeneratedMethodAccessor212
6879:             1             16  sun.reflect.GeneratedMethodAccessor213
6880:             1             16  sun.reflect.GeneratedMethodAccessor214
6881:             1             16  sun.reflect.GeneratedMethodAccessor215
6882:             1             16  sun.reflect.GeneratedMethodAccessor216
6883:             1             16  sun.reflect.GeneratedMethodAccessor217
6884:             1             16  sun.reflect.GeneratedMethodAccessor218
6885:             1             16  sun.reflect.GeneratedMethodAccessor219
6886:             1             16  sun.reflect.GeneratedMethodAccessor22
6887:             1             16  sun.reflect.GeneratedMethodAccessor220
6888:             1             16  sun.reflect.GeneratedMethodAccessor221
6889:             1             16  sun.reflect.GeneratedMethodAccessor222
6890:             1             16  sun.reflect.GeneratedMethodAccessor223
6891:             1             16  sun.reflect.GeneratedMethodAccessor224
6892:             1             16  sun.reflect.GeneratedMethodAccessor225
6893:             1             16  sun.reflect.GeneratedMethodAccessor226
6894:             1             16  sun.reflect.GeneratedMethodAccessor227
6895:             1             16  sun.reflect.GeneratedMethodAccessor228
6896:             1             16  sun.reflect.GeneratedMethodAccessor229
6897:             1             16  sun.reflect.GeneratedMethodAccessor23
6898:             1             16  sun.reflect.GeneratedMethodAccessor230
6899:             1             16  sun.reflect.GeneratedMethodAccessor231
6900:             1             16  sun.reflect.GeneratedMethodAccessor232
6901:             1             16  sun.reflect.GeneratedMethodAccessor233
6902:             1             16  sun.reflect.GeneratedMethodAccessor234
6903:             1             16  sun.reflect.GeneratedMethodAccessor235
6904:             1             16  sun.reflect.GeneratedMethodAccessor236
6905:             1             16  sun.reflect.GeneratedMethodAccessor237
6906:             1             16  sun.reflect.GeneratedMethodAccessor238
6907:             1             16  sun.reflect.GeneratedMethodAccessor239
6908:             1             16  sun.reflect.GeneratedMethodAccessor24
6909:             1             16  sun.reflect.GeneratedMethodAccessor240
6910:             1             16  sun.reflect.GeneratedMethodAccessor241
6911:             1             16  sun.reflect.GeneratedMethodAccessor242
6912:             1             16  sun.reflect.GeneratedMethodAccessor243
6913:             1             16  sun.reflect.GeneratedMethodAccessor244
6914:             1             16  sun.reflect.GeneratedMethodAccessor245
6915:             1             16  sun.reflect.GeneratedMethodAccessor246
6916:             1             16  sun.reflect.GeneratedMethodAccessor247
6917:             1             16  sun.reflect.GeneratedMethodAccessor248
6918:             1             16  sun.reflect.GeneratedMethodAccessor249
6919:             1             16  sun.reflect.GeneratedMethodAccessor25
6920:             1             16  sun.reflect.GeneratedMethodAccessor250
6921:             1             16  sun.reflect.GeneratedMethodAccessor251
6922:             1             16  sun.reflect.GeneratedMethodAccessor252
6923:             1             16  sun.reflect.GeneratedMethodAccessor253
6924:             1             16  sun.reflect.GeneratedMethodAccessor254
6925:             1             16  sun.reflect.GeneratedMethodAccessor255
6926:             1             16  sun.reflect.GeneratedMethodAccessor256
6927:             1             16  sun.reflect.GeneratedMethodAccessor257
6928:             1             16  sun.reflect.GeneratedMethodAccessor258
6929:             1             16  sun.reflect.GeneratedMethodAccessor259
6930:             1             16  sun.reflect.GeneratedMethodAccessor26
6931:             1             16  sun.reflect.GeneratedMethodAccessor260
6932:             1             16  sun.reflect.GeneratedMethodAccessor261
6933:             1             16  sun.reflect.GeneratedMethodAccessor262
6934:             1             16  sun.reflect.GeneratedMethodAccessor263
6935:             1             16  sun.reflect.GeneratedMethodAccessor264
6936:             1             16  sun.reflect.GeneratedMethodAccessor265
6937:             1             16  sun.reflect.GeneratedMethodAccessor266
6938:             1             16  sun.reflect.GeneratedMethodAccessor267
6939:             1             16  sun.reflect.GeneratedMethodAccessor268
6940:             1             16  sun.reflect.GeneratedMethodAccessor269
6941:             1             16  sun.reflect.GeneratedMethodAccessor27
6942:             1             16  sun.reflect.GeneratedMethodAccessor270
6943:             1             16  sun.reflect.GeneratedMethodAccessor271
6944:             1             16  sun.reflect.GeneratedMethodAccessor272
6945:             1             16  sun.reflect.GeneratedMethodAccessor273
6946:             1             16  sun.reflect.GeneratedMethodAccessor274
6947:             1             16  sun.reflect.GeneratedMethodAccessor28
6948:             1             16  sun.reflect.GeneratedMethodAccessor29
6949:             1             16  sun.reflect.GeneratedMethodAccessor3
6950:             1             16  sun.reflect.GeneratedMethodAccessor30
6951:             1             16  sun.reflect.GeneratedMethodAccessor31
6952:             1             16  sun.reflect.GeneratedMethodAccessor32
6953:             1             16  sun.reflect.GeneratedMethodAccessor33
6954:             1             16  sun.reflect.GeneratedMethodAccessor34
6955:             1             16  sun.reflect.GeneratedMethodAccessor35
6956:             1             16  sun.reflect.GeneratedMethodAccessor36
6957:             1             16  sun.reflect.GeneratedMethodAccessor37
6958:             1             16  sun.reflect.GeneratedMethodAccessor38
6959:             1             16  sun.reflect.GeneratedMethodAccessor39
6960:             1             16  sun.reflect.GeneratedMethodAccessor4
6961:             1             16  sun.reflect.GeneratedMethodAccessor40
6962:             1             16  sun.reflect.GeneratedMethodAccessor41
6963:             1             16  sun.reflect.GeneratedMethodAccessor42
6964:             1             16  sun.reflect.GeneratedMethodAccessor43
6965:             1             16  sun.reflect.GeneratedMethodAccessor44
6966:             1             16  sun.reflect.GeneratedMethodAccessor45
6967:             1             16  sun.reflect.GeneratedMethodAccessor46
6968:             1             16  sun.reflect.GeneratedMethodAccessor47
6969:             1             16  sun.reflect.GeneratedMethodAccessor48
6970:             1             16  sun.reflect.GeneratedMethodAccessor49
6971:             1             16  sun.reflect.GeneratedMethodAccessor5
6972:             1             16  sun.reflect.GeneratedMethodAccessor50
6973:             1             16  sun.reflect.GeneratedMethodAccessor51
6974:             1             16  sun.reflect.GeneratedMethodAccessor52
6975:             1             16  sun.reflect.GeneratedMethodAccessor53
6976:             1             16  sun.reflect.GeneratedMethodAccessor54
6977:             1             16  sun.reflect.GeneratedMethodAccessor55
6978:             1             16  sun.reflect.GeneratedMethodAccessor56
6979:             1             16  sun.reflect.GeneratedMethodAccessor57
6980:             1             16  sun.reflect.GeneratedMethodAccessor58
6981:             1             16  sun.reflect.GeneratedMethodAccessor59
6982:             1             16  sun.reflect.GeneratedMethodAccessor6
6983:             1             16  sun.reflect.GeneratedMethodAccessor60
6984:             1             16  sun.reflect.GeneratedMethodAccessor61
6985:             1             16  sun.reflect.GeneratedMethodAccessor62
6986:             1             16  sun.reflect.GeneratedMethodAccessor63
6987:             1             16  sun.reflect.GeneratedMethodAccessor64
6988:             1             16  sun.reflect.GeneratedMethodAccessor65
6989:             1             16  sun.reflect.GeneratedMethodAccessor66
6990:             1             16  sun.reflect.GeneratedMethodAccessor67
6991:             1             16  sun.reflect.GeneratedMethodAccessor68
6992:             1             16  sun.reflect.GeneratedMethodAccessor69
6993:             1             16  sun.reflect.GeneratedMethodAccessor7
6994:             1             16  sun.reflect.GeneratedMethodAccessor70
6995:             1             16  sun.reflect.GeneratedMethodAccessor71
6996:             1             16  sun.reflect.GeneratedMethodAccessor72
6997:             1             16  sun.reflect.GeneratedMethodAccessor73
6998:             1             16  sun.reflect.GeneratedMethodAccessor74
6999:             1             16  sun.reflect.GeneratedMethodAccessor75
7000:             1             16  sun.reflect.GeneratedMethodAccessor76
7001:             1             16  sun.reflect.GeneratedMethodAccessor77
7002:             1             16  sun.reflect.GeneratedMethodAccessor78
7003:             1             16  sun.reflect.GeneratedMethodAccessor79
7004:             1             16  sun.reflect.GeneratedMethodAccessor8
7005:             1             16  sun.reflect.GeneratedMethodAccessor80
7006:             1             16  sun.reflect.GeneratedMethodAccessor81
7007:             1             16  sun.reflect.GeneratedMethodAccessor82
7008:             1             16  sun.reflect.GeneratedMethodAccessor83
7009:             1             16  sun.reflect.GeneratedMethodAccessor84
7010:             1             16  sun.reflect.GeneratedMethodAccessor85
7011:             1             16  sun.reflect.GeneratedMethodAccessor86
7012:             1             16  sun.reflect.GeneratedMethodAccessor87
7013:             1             16  sun.reflect.GeneratedMethodAccessor88
7014:             1             16  sun.reflect.GeneratedMethodAccessor89
7015:             1             16  sun.reflect.GeneratedMethodAccessor9
7016:             1             16  sun.reflect.GeneratedMethodAccessor90
7017:             1             16  sun.reflect.GeneratedMethodAccessor91
7018:             1             16  sun.reflect.GeneratedMethodAccessor92
7019:             1             16  sun.reflect.GeneratedMethodAccessor93
7020:             1             16  sun.reflect.GeneratedMethodAccessor94
7021:             1             16  sun.reflect.GeneratedMethodAccessor95
7022:             1             16  sun.reflect.GeneratedMethodAccessor96
7023:             1             16  sun.reflect.GeneratedMethodAccessor97
7024:             1             16  sun.reflect.GeneratedMethodAccessor98
7025:             1             16  sun.reflect.GeneratedMethodAccessor99
7026:             1             16  sun.reflect.GeneratedSerializationConstructorAccessor1
7027:             1             16  sun.reflect.GeneratedSerializationConstructorAccessor2
7028:             1             16  sun.reflect.GeneratedSerializationConstructorAccessor3
7029:             1             16  sun.reflect.GeneratedSerializationConstructorAccessor4
7030:             1             16  sun.reflect.GeneratedSerializationConstructorAccessor5
7031:             1             16  sun.reflect.GeneratedSerializationConstructorAccessor6
7032:             1             16  sun.reflect.GeneratedSerializationConstructorAccessor7
7033:             1             16  sun.reflect.GeneratedSerializationConstructorAccessor8
7034:             1             16  sun.reflect.GeneratedSerializationConstructorAccessor9
7035:             1             16  sun.reflect.ReflectionFactory
7036:             1             16  sun.reflect.generics.tree.BooleanSignature
7037:             1             16  sun.reflect.generics.tree.BottomSignature
7038:             1             16  sun.reflect.generics.tree.ByteSignature
7039:             1             16  sun.reflect.generics.tree.CharSignature
7040:             1             16  sun.reflect.generics.tree.DoubleSignature
7041:             1             16  sun.reflect.generics.tree.FloatSignature
7042:             1             16  sun.reflect.generics.tree.IntSignature
7043:             1             16  sun.reflect.generics.tree.LongSignature
7044:             1             16  sun.reflect.generics.tree.ShortSignature
7045:             1             16  sun.reflect.generics.tree.VoidDescriptor
7046:             1             16  sun.security.rsa.RSAKeyFactory
7047:             1             16  sun.security.ssl.DummyX509KeyManager
7048:             1             16  sun.security.util.ByteArrayLexOrder
7049:             1             16  sun.security.util.ByteArrayTagOrder
7050:             1             16  sun.text.normalizer.NormalizerBase$Mode
7051:             1             16  sun.text.normalizer.NormalizerBase$NFCMode
7052:             1             16  sun.text.normalizer.NormalizerBase$NFDMode
7053:             1             16  sun.text.normalizer.NormalizerBase$NFKCMode
7054:             1             16  sun.text.normalizer.NormalizerBase$NFKDMode
7055:             1             16  sun.util.calendar.Gregorian
7056:             1             16  sun.util.locale.provider.AuxLocaleProviderAdapter$NullProvider
7057:             1             16  sun.util.locale.provider.CalendarDataUtility$CalendarWeekParameterGetter
7058:             1             16  sun.util.locale.provider.SPILocaleProviderAdapter
7059:             1             16  sun.util.locale.provider.TimeZoneNameUtility$TimeZoneNameGetter
7060:             1             16  sun.util.resources.LocaleData
7061:             1             16  sun.util.resources.LocaleData$LocaleDataResourceBundleControl
7062:             1             16  zipkin2.internal.Proto3Codec
7063:             1             16  zipkin2.internal.Proto3SpanWriter
7064:             1             16  zipkin2.internal.V2SpanWriter
7065:             1             16  zipkin2.reporter.Reporter$1
7066:             1             16  zipkin2.reporter.Reporter$2
7067:             1             16  zipkin2.reporter.ReporterMetrics$1
7068:             1             16  zipkin2.reporter.Sender$1
7069:             1             16  zipkin2.reporter.metrics.micrometer.MicrometerReporterMetrics$$Lambda$656/2100771791
7070:             1             16  zipkin2.reporter.metrics.micrometer.MicrometerReporterMetrics$$Lambda$657/98412281
Total      10977866     1036314304
